[8m[?u]11;?\[>q[>4;?m[c[2K[0m[?2004h]0;◇  Ready (kanbanAgents)                                                         
[38;5;74m ███[38;5;110m            █████████  █████[38;5;104m█████[38;5;140m ██████   ██████[38;5;139m █████ ██████   [38;5;175m█████ ████[38;5;174m█[39m
[38;5;74m░░░█[38;5;110m██         ███░░░░░███░░███░[38;5;104m░░░░█[38;5;140m░░██████ ██████ [38;5;139m░░███ ░░██████ [38;5;175m░░███ ░░██[38;5;174m█[39m
[38;5;74m  ░░[38;5;110m░███      ███     ░░░  ░███ [38;5;104m █ ░ [38;5;140m ░███░█████░███ [38;5;139m ░███  ░███░███[38;5;175m ░███  ░██[38;5;174m█[39m
[38;5;74m    [38;5;110m░░░███   ░███          ░████[38;5;104m██   [38;5;140m ░███░░███ ░███ [38;5;139m ░███  ░███░░██[38;5;175m█░███  ░██[38;5;174m█[39m
[38;5;74m    [38;5;110m ███░    ░███    █████ ░███░[38;5;104m░█   [38;5;140m ░███ ░░░  ░███ [38;5;139m ░███  ░███ ░░█[38;5;175m█████  ░██[38;5;174m█[39m
[38;5;74m   █[38;5;110m██░      ░░███  ░░███  ░███ [38;5;104m░   █[38;5;140m ░███      ░███ [38;5;139m ░███  ░███  ░░[38;5;175m█████  ░██[38;5;174m█[39m
[38;5;74m ███[38;5;110m░         ░░█████████  █████[38;5;104m█████[38;5;140m █████     █████[38;5;139m █████ █████  ░░[38;5;175m█████ ████[38;5;174m█[39m
[38;5;74m░░░ [38;5;110m           ░░░░░░░░░  ░░░░░░[38;5;104m░░░░ [38;5;140m░░░░░     ░░░░░ [38;5;139m░░░░░ ░░░░░    [38;5;175m░░░░░ ░░░░[38;5;174m░[39m


[1mLogged in with Google:[22m jarek108@gmail.com[38;5;103m /auth[39m
[1mPlan:[22m Gemini Code Assist for individuals
Tips for getting started:
1. Ask questions, edit files, or run commands.
2. Be specific for the best results.
3. [1m[38;5;183m/help[39m[22m for more information.
[?25l[38;5;59m╭──────────────────────────────────────────────────────────────────────────────────────────────────────────────────────────────────────────────────────────╮[39m
[38;5;59m│[39m                                                                                                                                                          [38;5;59m│[39m
[38;5;59m│[39m ⠋ Waiting for auth... (Press ESC or CTRL+C to cancel)                                                                                                    [38;5;59m│[39m
[38;5;59m│[39m                                                                                                                                                          [38;5;59m│[39m
[38;5;59m╰──────────────────────────────────────────────────────────────────────────────────────────────────────────────────────────────────────────────────────────╯[39m
[?25l[?1004h]0;◇  Ready (kanbanAgents)                                                         [2K[1A[2K[1A[2K[1A[2K[1A[2K[1A[2K[G[38;5;59m╭──────────────────────────────────────────────────────────────────────────────────────────────────────────────────────────────────────────────────────────╮[39m
[38;5;59m│[39m                                                                                                                                                          [38;5;59m│[39m
[38;5;59m│[39m ⠙ Waiting for auth... (Press ESC or CTRL+C to cancel)                                                                                                    [38;5;59m│[39m
[38;5;59m│[39m                                                                                                                                                          [38;5;59m│[39m
[38;5;59m╰──────────────────────────────────────────────────────────────────────────────────────────────────────────────────────────────────────────────────────────╯[39m
[2K[1A[2K[1A[2K[1A[2K[1A[2K[1A[2K[G[38;5;59m╭──────────────────────────────────────────────────────────────────────────────────────────────────────────────────────────────────────────────────────────╮[39m
[38;5;59m│[39m                                                                                                                                                          [38;5;59m│[39m
[38;5;59m│[39m ⠹ Waiting for auth... (Press ESC or CTRL+C to cancel)                                                                                                    [38;5;59m│[39m
[38;5;59m│[39m                                                                                                                                                          [38;5;59m│[39m
[38;5;59m╰──────────────────────────────────────────────────────────────────────────────────────────────────────────────────────────────────────────────────────────╯[39m
[2K[1A[2K[1A[2K[1A[2K[1A[2K[1A[2K[G[38;5;59m╭──────────────────────────────────────────────────────────────────────────────────────────────────────────────────────────────────────────────────────────╮[39m
[38;5;59m│[39m                                                                                                                                                          [38;5;59m│[39m
[38;5;59m│[39m ⠸ Waiting for auth... (Press ESC or CTRL+C to cancel)                                                                                                    [38;5;59m│[39m
[38;5;59m│[39m                                                                                                                                                          [38;5;59m│[39m
[38;5;59m╰──────────────────────────────────────────────────────────────────────────────────────────────────────────────────────────────────────────────────────────╯[39m
[2K[1A[2K[1A[2K[1A[2K[1A[2K[1A[2K[G[38;5;59m╭──────────────────────────────────────────────────────────────────────────────────────────────────────────────────────────────────────────────────────────╮[39m
[38;5;59m│[39m                                                                                                                                                          [38;5;59m│[39m
[38;5;59m│[39m ⠼ Waiting for auth... (Press ESC or CTRL+C to cancel)                                                                                                    [38;5;59m│[39m
[38;5;59m│[39m                                                                                                                                                          [38;5;59m│[39m
[38;5;59m╰──────────────────────────────────────────────────────────────────────────────────────────────────────────────────────────────────────────────────────────╯[39m
[2K[1A[2K[1A[2K[1A[2K[1A[2K[1A[2K[G[38;5;59m╭──────────────────────────────────────────────────────────────────────────────────────────────────────────────────────────────────────────────────────────╮[39m
[38;5;59m│[39m                                                                                                                                                          [38;5;59m│[39m
[38;5;59m│[39m ⠴ Waiting for auth... (Press ESC or CTRL+C to cancel)                                                                                                    [38;5;59m│[39m
[38;5;59m│[39m                                                                                                                                                          [38;5;59m│[39m
[38;5;59m╰──────────────────────────────────────────────────────────────────────────────────────────────────────────────────────────────────────────────────────────╯[39m
[2K[1A[2K[1A[2K[1A[2K[1A[2K[1A[2K[G[38;5;59m╭──────────────────────────────────────────────────────────────────────────────────────────────────────────────────────────────────────────────────────────╮[39m
[38;5;59m│[39m                                                                                                                                                          [38;5;59m│[39m
[38;5;59m│[39m ⠦ Waiting for auth... (Press ESC or CTRL+C to cancel)                                                                                                    [38;5;59m│[39m
[38;5;59m│[39m                                                                                                                                                          [38;5;59m│[39m
[38;5;59m╰──────────────────────────────────────────────────────────────────────────────────────────────────────────────────────────────────────────────────────────╯[39m
[2K[1A[2K[1A[2K[1A[2K[1A[2K[1A[2K[G[38;5;59m╭──────────────────────────────────────────────────────────────────────────────────────────────────────────────────────────────────────────────────────────╮[39m
[38;5;59m│[39m                                                                                                                                                          [38;5;59m│[39m
[38;5;59m│[39m ⠧ Waiting for auth... (Press ESC or CTRL+C to cancel)                                                                                                    [38;5;59m│[39m
[38;5;59m│[39m                                                                                                                                                          [38;5;59m│[39m
[38;5;59m╰──────────────────────────────────────────────────────────────────────────────────────────────────────────────────────────────────────────────────────────╯[39m
[2K[1A[2K[1A[2K[1A[2K[1A[2K[1A[2K[G[38;5;59m╭──────────────────────────────────────────────────────────────────────────────────────────────────────────────────────────────────────────────────────────╮[39m
[38;5;59m│[39m                                                                                                                                                          [38;5;59m│[39m
[38;5;59m│[39m ⠇ Waiting for auth... (Press ESC or CTRL+C to cancel)                                                                                                    [38;5;59m│[39m
[38;5;59m│[39m                                                                                                                                                          [38;5;59m│[39m
[38;5;59m╰──────────────────────────────────────────────────────────────────────────────────────────────────────────────────────────────────────────────────────────╯[39m
[2K[1A[2K[1A[2K[1A[2K[1A[2K[1A[2K[G[38;5;59m╭──────────────────────────────────────────────────────────────────────────────────────────────────────────────────────────────────────────────────────────╮[39m
[38;5;59m│[39m                                                                                                                                                          [38;5;59m│[39m
[38;5;59m│[39m ⠏ Waiting for auth... (Press ESC or CTRL+C to cancel)                                                                                                    [38;5;59m│[39m
[38;5;59m│[39m                                                                                                                                                          [38;5;59m│[39m
[38;5;59m╰──────────────────────────────────────────────────────────────────────────────────────────────────────────────────────────────────────────────────────────╯[39m
[2K[1A[2K[1A[2K[1A[2K[1A[2K[1A[2K[G[38;5;59m╭──────────────────────────────────────────────────────────────────────────────────────────────────────────────────────────────────────────────────────────╮[39m
[38;5;59m│[39m                                                                                                                                                          [38;5;59m│[39m
[38;5;59m│[39m ⠋ Waiting for auth... (Press ESC or CTRL+C to cancel)                                                                                                    [38;5;59m│[39m
[38;5;59m│[39m                                                                                                                                                          [38;5;59m│[39m
[38;5;59m╰──────────────────────────────────────────────────────────────────────────────────────────────────────────────────────────────────────────────────────────╯[39m
[2K[1A[2K[1A[2K[1A[2K[1A[2K[1A[2K[G[38;5;59m╭──────────────────────────────────────────────────────────────────────────────────────────────────────────────────────────────────────────────────────────╮[39m
[38;5;59m│[39m                                                                                                                                                          [38;5;59m│[39m
[38;5;59m│[39m ⠙ Waiting for auth... (Press ESC or CTRL+C to cancel)                                                                                                    [38;5;59m│[39m
[38;5;59m│[39m                                                                                                                                                          [38;5;59m│[39m
[38;5;59m╰──────────────────────────────────────────────────────────────────────────────────────────────────────────────────────────────────────────────────────────╯[39m
[2K[1A[2K[1A[2K[1A[2K[1A[2K[1A[2K[G[38;5;59m╭──────────────────────────────────────────────────────────────────────────────────────────────────────────────────────────────────────────────────────────╮[39m
[38;5;59m│[39m                                                                                                                                                          [38;5;59m│[39m
[38;5;59m│[39m ⠹ Waiting for auth... (Press ESC or CTRL+C to cancel)                                                                                                    [38;5;59m│[39m
[38;5;59m│[39m                                                                                                                                                          [38;5;59m│[39m
[38;5;59m╰──────────────────────────────────────────────────────────────────────────────────────────────────────────────────────────────────────────────────────────╯[39m
[2K[1A[2K[1A[2K[1A[2K[1A[2K[1A[2K[G
                                                                                                                                           [38;5;103m ? for shortcuts [39m
[38;5;59m────────────────────────────────────────────────────────────────────────────────────────────────────────────────────────────────────────────────────────────[39m
 [38;5;217mYOLO[38;5;103m ctrl+y[39m                                                                                                                               [38;5;103m1 GEMINI.md file[39m
[38;5;217m────────────────────────────────────────────────────────────────────────────────────────────────────────────────────────────────────────────────────────────[39m
 [38;5;217m* [39m[7m [27m[38;5;103m Type your message or @path/to/file[39m
[38;5;217m────────────────────────────────────────────────────────────────────────────────────────────────────────────────────────────────────────────────────────────[39m
 /mnt/.../chojn/projects/kanbanAgents[38;5;103m (main*)[39m                                 [38;5;217mno sandbox[38;5;103m (see /docs)[39m                                 [38;5;103m/model [39mAuto (Gemini 3)
[3A[4G[3B[2K[1A[2K[1A[2K[1A[2K[1A[2K[1A[2K[1A[2K[1A[2K[1A[2K[G
                                                                                                                                           [38;5;103m ? for shortcuts [39m
[38;5;59m────────────────────────────────────────────────────────────────────────────────────────────────────────────────────────────────────────────────────────────[39m
 [38;5;217mYOLO[38;5;103m ctrl+y[39m                                                                                                                               [38;5;103m1 GEMINI.md file[39m
[38;5;59m────────────────────────────────────────────────────────────────────────────────────────────────────────────────────────────────────────────────────────────[39m
 [38;5;217m* [38;5;103m  Type your message or @path/to/file[39m
[38;5;59m────────────────────────────────────────────────────────────────────────────────────────────────────────────────────────────────────────────────────────────[39m
 /mnt/.../chojn/projects/kanbanAgents[38;5;103m (main*)[39m                                 [38;5;217mno sandbox[38;5;103m (see /docs)[39m                                 [38;5;103m/model [39mAuto (Gemini 3)
[2K[1A[2K[1A[2K[1A[2K[1A[2K[1A[2K[1A[2K[1A[2K[1A[2K[G
                                                                                                                                           [38;5;103m ? for shortcuts [39m
[38;5;59m────────────────────────────────────────────────────────────────────────────────────────────────────────────────────────────────────────────────────────────[39m
 [38;5;217mYOLO[38;5;103m ctrl+y[39m                                                                                                                               [38;5;103m1 GEMINI.md file[39m
[38;5;217m────────────────────────────────────────────────────────────────────────────────────────────────────────────────────────────────────────────────────────────[39m
 [38;5;217m* [39m[7m [27m[38;5;103m Type your message or @path/to/file[39m
[38;5;217m────────────────────────────────────────────────────────────────────────────────────────────────────────────────────────────────────────────────────────────[39m
 /mnt/.../chojn/projects/kanbanAgents[38;5;103m (main*)[39m                                 [38;5;217mno sandbox[38;5;103m (see /docs)[39m                                 [38;5;103m/model [39mAuto (Gemini 3)
[3A[4G[3B[2K[1A[2K[1A[2K[1A[2K[1A[2K[1A[2K[1A[2K[1A[2K[1A[2K[G
                                                                                                                                           [38;5;103m ? for shortcuts [39m
[38;5;59m────────────────────────────────────────────────────────────────────────────────────────────────────────────────────────────────────────────────────────────[39m
 [38;5;217mYOLO[38;5;103m ctrl+y[39m                                                                                                                               [38;5;103m1 GEMINI.md file[39m
[38;5;217m────────────────────────────────────────────────────────────────────────────────────────────────────────────────────────────────────────────────────────────[39m
 [38;5;217m* [39my[7m [27m
[38;5;217m────────────────────────────────────────────────────────────────────────────────────────────────────────────────────────────────────────────────────────────[39m
 /mnt/.../chojn/projects/kanbanAgents[38;5;103m (main*)[39m                                 [38;5;217mno sandbox[38;5;103m (see /docs)[39m                                 [38;5;103m/model [39mAuto (Gemini 3)
[3A[5G[3B[2K[1A[2K[1A[2K[1A[2K[1A[2K[1A[2K[1A[2K[1A[2K[1A[2K[G
                                                                                                                                           [38;5;103m ? for shortcuts [39m
[38;5;59m────────────────────────────────────────────────────────────────────────────────────────────────────────────────────────────────────────────────────────────[39m
 [38;5;217mYOLO[38;5;103m ctrl+y[39m                                                                                                                               [38;5;103m1 GEMINI.md file[39m
[38;5;217m────────────────────────────────────────────────────────────────────────────────────────────────────────────────────────────────────────────────────────────[39m
 [38;5;217m* [39myo[7m [27m
[38;5;217m────────────────────────────────────────────────────────────────────────────────────────────────────────────────────────────────────────────────────────────[39m
 /mnt/.../chojn/projects/kanbanAgents[38;5;103m (main*)[39m                                 [38;5;217mno sandbox[38;5;103m (see /docs)[39m                                 [38;5;103m/model [39mAuto (Gemini 3)
[3A[6G[3B[2K[1A[2K[1A[2K[1A[2K[1A[2K[1A[2K[1A[2K[1A[2K[1A[2K[G
                                                                                                                                           [38;5;103m ? for shortcuts [39m
[38;5;59m────────────────────────────────────────────────────────────────────────────────────────────────────────────────────────────────────────────────────────────[39m
 [38;5;217mYOLO[38;5;103m ctrl+y[39m                                                                                                                               [38;5;103m1 GEMINI.md file[39m
[38;5;217m────────────────────────────────────────────────────────────────────────────────────────────────────────────────────────────────────────────────────────────[39m
 [38;5;217m* [39myou[7m [27m
[38;5;217m────────────────────────────────────────────────────────────────────────────────────────────────────────────────────────────────────────────────────────────[39m
 /mnt/.../chojn/projects/kanbanAgents[38;5;103m (main*)[39m                                 [38;5;217mno sandbox[38;5;103m (see /docs)[39m                                 [38;5;103m/model [39mAuto (Gemini 3)
[3A[7G[3B[2K[1A[2K[1A[2K[1A[2K[1A[2K[1A[2K[1A[2K[1A[2K[1A[2K[G
                                                                                                                                           [38;5;103m ? for shortcuts [39m
[38;5;59m────────────────────────────────────────────────────────────────────────────────────────────────────────────────────────────────────────────────────────────[39m
 [38;5;217mYOLO[38;5;103m ctrl+y[39m                                                                                                                               [38;5;103m1 GEMINI.md file[39m
[38;5;217m────────────────────────────────────────────────────────────────────────────────────────────────────────────────────────────────────────────────────────────[39m
 [38;5;217m* [39myour[7m [27m
[38;5;217m────────────────────────────────────────────────────────────────────────────────────────────────────────────────────────────────────────────────────────────[39m
 /mnt/.../chojn/projects/kanbanAgents[38;5;103m (main*)[39m                                 [38;5;217mno sandbox[38;5;103m (see /docs)[39m                                 [38;5;103m/model [39mAuto (Gemini 3)
[3A[8G[3B[2K[1A[2K[1A[2K[1A[2K[1A[2K[1A[2K[1A[2K[1A[2K[1A[2K[G
                                                                                                                                           [38;5;103m ? for shortcuts [39m
[38;5;59m────────────────────────────────────────────────────────────────────────────────────────────────────────────────────────────────────────────────────────────[39m
 [38;5;217mYOLO[38;5;103m ctrl+y[39m                                                                                                                               [38;5;103m1 GEMINI.md file[39m
[38;5;217m────────────────────────────────────────────────────────────────────────────────────────────────────────────────────────────────────────────────────────────[39m
 [38;5;217m* [39myour [7m [27m
[38;5;217m────────────────────────────────────────────────────────────────────────────────────────────────────────────────────────────────────────────────────────────[39m
 /mnt/.../chojn/projects/kanbanAgents[38;5;103m (main*)[39m                                 [38;5;217mno sandbox[38;5;103m (see /docs)[39m                                 [38;5;103m/model [39mAuto (Gemini 3)
[3A[9G[3B[2K[1A[2K[1A[2K[1A[2K[1A[2K[1A[2K[1A[2K[1A[2K[1A[2K[G
                                                                                                                                           [38;5;103m ? for shortcuts [39m
[38;5;59m────────────────────────────────────────────────────────────────────────────────────────────────────────────────────────────────────────────────────────────[39m
 [38;5;217mYOLO[38;5;103m ctrl+y[39m                                                                                                                               [38;5;103m1 GEMINI.md file[39m
[38;5;217m────────────────────────────────────────────────────────────────────────────────────────────────────────────────────────────────────────────────────────────[39m
 [38;5;217m* [39myour t[7m [27m
[38;5;217m────────────────────────────────────────────────────────────────────────────────────────────────────────────────────────────────────────────────────────────[39m
 /mnt/.../chojn/projects/kanbanAgents[38;5;103m (main*)[39m                                 [38;5;217mno sandbox[38;5;103m (see /docs)[39m                                 [38;5;103m/model [39mAuto (Gemini 3)
[3A[10G[3B[2K[1A[2K[1A[2K[1A[2K[1A[2K[1A[2K[1A[2K[1A[2K[1A[2K[G
                                                                                                                                           [38;5;103m ? for shortcuts [39m
[38;5;59m────────────────────────────────────────────────────────────────────────────────────────────────────────────────────────────────────────────────────────────[39m
 [38;5;217mYOLO[38;5;103m ctrl+y[39m                                                                                                                               [38;5;103m1 GEMINI.md file[39m
[38;5;217m────────────────────────────────────────────────────────────────────────────────────────────────────────────────────────────────────────────────────────────[39m
 [38;5;217m* [39myour ta[7m [27m
[38;5;217m────────────────────────────────────────────────────────────────────────────────────────────────────────────────────────────────────────────────────────────[39m
 /mnt/.../chojn/projects/kanbanAgents[38;5;103m (main*)[39m                                 [38;5;217mno sandbox[38;5;103m (see /docs)[39m                                 [38;5;103m/model [39mAuto (Gemini 3)
[3A[11G[3B[2K[1A[2K[1A[2K[1A[2K[1A[2K[1A[2K[1A[2K[1A[2K[1A[2K[G
                                                                                                                                           [38;5;103m ? for shortcuts [39m
[38;5;59m────────────────────────────────────────────────────────────────────────────────────────────────────────────────────────────────────────────────────────────[39m
 [38;5;217mYOLO[38;5;103m ctrl+y[39m                                                                                                                               [38;5;103m1 GEMINI.md file[39m
[38;5;217m────────────────────────────────────────────────────────────────────────────────────────────────────────────────────────────────────────────────────────────[39m
 [38;5;217m* [39myour tas[7m [27m
[38;5;217m────────────────────────────────────────────────────────────────────────────────────────────────────────────────────────────────────────────────────────────[39m
 /mnt/.../chojn/projects/kanbanAgents[38;5;103m (main*)[39m                                 [38;5;217mno sandbox[38;5;103m (see /docs)[39m                                 [38;5;103m/model [39mAuto (Gemini 3)
[3A[12G[3B[2K[1A[2K[1A[2K[1A[2K[1A[2K[1A[2K[1A[2K[1A[2K[1A[2K[G
                                                                                                                                           [38;5;103m ? for shortcuts [39m
[38;5;59m────────────────────────────────────────────────────────────────────────────────────────────────────────────────────────────────────────────────────────────[39m
 [38;5;217mYOLO[38;5;103m ctrl+y[39m                                                                                                                               [38;5;103m1 GEMINI.md file[39m
[38;5;217m────────────────────────────────────────────────────────────────────────────────────────────────────────────────────────────────────────────────────────────[39m
 [38;5;217m* [39myour task[7m [27m
[38;5;217m────────────────────────────────────────────────────────────────────────────────────────────────────────────────────────────────────────────────────────────[39m
 /mnt/.../chojn/projects/kanbanAgents[38;5;103m (main*)[39m                                 [38;5;217mno sandbox[38;5;103m (see /docs)[39m                                 [38;5;103m/model [39mAuto (Gemini 3)
[3A[13G[3B[2K[1A[2K[1A[2K[1A[2K[1A[2K[1A[2K[1A[2K[1A[2K[1A[2K[G
                                                                                                                                           [38;5;103m ? for shortcuts [39m
[38;5;59m────────────────────────────────────────────────────────────────────────────────────────────────────────────────────────────────────────────────────────────[39m
 [38;5;217mYOLO[38;5;103m ctrl+y[39m                                                                                                                               [38;5;103m1 GEMINI.md file[39m
[38;5;217m────────────────────────────────────────────────────────────────────────────────────────────────────────────────────────────────────────────────────────────[39m
 [38;5;217m* [39myour task [7m [27m
[38;5;217m────────────────────────────────────────────────────────────────────────────────────────────────────────────────────────────────────────────────────────────[39m
 /mnt/.../chojn/projects/kanbanAgents[38;5;103m (main*)[39m                                 [38;5;217mno sandbox[38;5;103m (see /docs)[39m                                 [38;5;103m/model [39mAuto (Gemini 3)
[3A[14G[3B[2K[1A[2K[1A[2K[1A[2K[1A[2K[1A[2K[1A[2K[1A[2K[1A[2K[G
                                                                                                                                           [38;5;103m ? for shortcuts [39m
[38;5;59m────────────────────────────────────────────────────────────────────────────────────────────────────────────────────────────────────────────────────────────[39m
 [38;5;217mYOLO[38;5;103m ctrl+y[39m                                                                                                                               [38;5;103m1 GEMINI.md file[39m
[38;5;217m────────────────────────────────────────────────────────────────────────────────────────────────────────────────────────────────────────────────────────────[39m
 [38;5;217m* [39myour task i[7m [27m
[38;5;217m────────────────────────────────────────────────────────────────────────────────────────────────────────────────────────────────────────────────────────────[39m
 /mnt/.../chojn/projects/kanbanAgents[38;5;103m (main*)[39m                                 [38;5;217mno sandbox[38;5;103m (see /docs)[39m                                 [38;5;103m/model [39mAuto (Gemini 3)
[3A[15G[3B[2K[1A[2K[1A[2K[1A[2K[1A[2K[1A[2K[1A[2K[1A[2K[1A[2K[G
                                                                                                                                           [38;5;103m ? for shortcuts [39m
[38;5;59m────────────────────────────────────────────────────────────────────────────────────────────────────────────────────────────────────────────────────────────[39m
 [38;5;217mYOLO[38;5;103m ctrl+y[39m                                                                                                                               [38;5;103m1 GEMINI.md file[39m
[38;5;217m────────────────────────────────────────────────────────────────────────────────────────────────────────────────────────────────────────────────────────────[39m
 [38;5;217m* [39myour task is[7m [27m
[38;5;217m────────────────────────────────────────────────────────────────────────────────────────────────────────────────────────────────────────────────────────────[39m
 /mnt/.../chojn/projects/kanbanAgents[38;5;103m (main*)[39m                                 [38;5;217mno sandbox[38;5;103m (see /docs)[39m                                 [38;5;103m/model [39mAuto (Gemini 3)
[3A[16G[3B[2K[1A[2K[1A[2K[1A[2K[1A[2K[1A[2K[1A[2K[1A[2K[1A[2K[G
                                                                                                                                           [38;5;103m ? for shortcuts [39m
[38;5;59m────────────────────────────────────────────────────────────────────────────────────────────────────────────────────────────────────────────────────────────[39m
 [38;5;217mYOLO[38;5;103m ctrl+y[39m                                                                                                                               [38;5;103m1 GEMINI.md file[39m
[38;5;217m────────────────────────────────────────────────────────────────────────────────────────────────────────────────────────────────────────────────────────────[39m
 [38;5;217m* [39myour task is [7m [27m
[38;5;217m────────────────────────────────────────────────────────────────────────────────────────────────────────────────────────────────────────────────────────────[39m
 /mnt/.../chojn/projects/kanbanAgents[38;5;103m (main*)[39m                                 [38;5;217mno sandbox[38;5;103m (see /docs)[39m                                 [38;5;103m/model [39mAuto (Gemini 3)
[3A[17G[3B[2K[1A[2K[1A[2K[1A[2K[1A[2K[1A[2K[1A[2K[1A[2K[1A[2K[G
                                                                                                                                           [38;5;103m ? for shortcuts [39m
[38;5;59m────────────────────────────────────────────────────────────────────────────────────────────────────────────────────────────────────────────────────────────[39m
 [38;5;217mYOLO[38;5;103m ctrl+y[39m                                                                                                                               [38;5;103m1 GEMINI.md file[39m
[38;5;217m────────────────────────────────────────────────────────────────────────────────────────────────────────────────────────────────────────────────────────────[39m
 [38;5;217m* [39myour task is t[7m [27m
[38;5;217m────────────────────────────────────────────────────────────────────────────────────────────────────────────────────────────────────────────────────────────[39m
 /mnt/.../chojn/projects/kanbanAgents[38;5;103m (main*)[39m                                 [38;5;217mno sandbox[38;5;103m (see /docs)[39m                                 [38;5;103m/model [39mAuto (Gemini 3)
[3A[18G[3B[2K[1A[2K[1A[2K[1A[2K[1A[2K[1A[2K[1A[2K[1A[2K[1A[2K[G
                                                                                                                                           [38;5;103m ? for shortcuts [39m
[38;5;59m────────────────────────────────────────────────────────────────────────────────────────────────────────────────────────────────────────────────────────────[39m
 [38;5;217mYOLO[38;5;103m ctrl+y[39m                                                                                                                               [38;5;103m1 GEMINI.md file[39m
[38;5;217m────────────────────────────────────────────────────────────────────────────────────────────────────────────────────────────────────────────────────────────[39m
 [38;5;217m* [39myour task is to[7m [27m
[38;5;217m────────────────────────────────────────────────────────────────────────────────────────────────────────────────────────────────────────────────────────────[39m
 /mnt/.../chojn/projects/kanbanAgents[38;5;103m (main*)[39m                                 [38;5;217mno sandbox[38;5;103m (see /docs)[39m                                 [38;5;103m/model [39mAuto (Gemini 3)
[3A[19G[3B[2K[1A[2K[1A[2K[1A[2K[1A[2K[1A[2K[1A[2K[1A[2K[1A[2K[G
                                                                                                                                           [38;5;103m ? for shortcuts [39m
[38;5;59m────────────────────────────────────────────────────────────────────────────────────────────────────────────────────────────────────────────────────────────[39m
 [38;5;217mYOLO[38;5;103m ctrl+y[39m                                                                                                                               [38;5;103m1 GEMINI.md file[39m
[38;5;217m────────────────────────────────────────────────────────────────────────────────────────────────────────────────────────────────────────────────────────────[39m
 [38;5;217m* [39myour task is to [7m [27m
[38;5;217m────────────────────────────────────────────────────────────────────────────────────────────────────────────────────────────────────────────────────────────[39m
 /mnt/.../chojn/projects/kanbanAgents[38;5;103m (main*)[39m                                 [38;5;217mno sandbox[38;5;103m (see /docs)[39m                                 [38;5;103m/model [39mAuto (Gemini 3)
[3A[20G[3B[2K[1A[2K[1A[2K[1A[2K[1A[2K[1A[2K[1A[2K[1A[2K[1A[2K[G
                                                                                                                                           [38;5;103m ? for shortcuts [39m
[38;5;59m────────────────────────────────────────────────────────────────────────────────────────────────────────────────────────────────────────────────────────────[39m
 [38;5;217mYOLO[38;5;103m ctrl+y[39m                                                                                                                               [38;5;103m1 GEMINI.md file[39m
[38;5;217m────────────────────────────────────────────────────────────────────────────────────────────────────────────────────────────────────────────────────────────[39m
 [38;5;217m* [39myour task is to[7m [27m
[38;5;217m────────────────────────────────────────────────────────────────────────────────────────────────────────────────────────────────────────────────────────────[39m
 /mnt/.../chojn/projects/kanbanAgents[38;5;103m (main*)[39m                                 [38;5;217mno sandbox[38;5;103m (see /docs)[39m                                 [38;5;103m/model [39mAuto (Gemini 3)
[3A[19G[3B[2K[1A[2K[1A[2K[1A[2K[1A[2K[1A[2K[1A[2K[1A[2K[1A[2K[G
                                                                                                                                           [38;5;103m ? for shortcuts [39m
[38;5;59m────────────────────────────────────────────────────────────────────────────────────────────────────────────────────────────────────────────────────────────[39m
 [38;5;217mYOLO[38;5;103m ctrl+y[39m                                                                                                                               [38;5;103m1 GEMINI.md file[39m
[38;5;217m────────────────────────────────────────────────────────────────────────────────────────────────────────────────────────────────────────────────────────────[39m
 [38;5;217m* [39myour task is t[7m [27m
[38;5;217m────────────────────────────────────────────────────────────────────────────────────────────────────────────────────────────────────────────────────────────[39m
 /mnt/.../chojn/projects/kanbanAgents[38;5;103m (main*)[39m                                 [38;5;217mno sandbox[38;5;103m (see /docs)[39m                                 [38;5;103m/model [39mAuto (Gemini 3)
[3A[18G[3B[2K[1A[2K[1A[2K[1A[2K[1A[2K[1A[2K[1A[2K[1A[2K[1A[2K[G
                                                                                                                                           [38;5;103m ? for shortcuts [39m
[38;5;59m────────────────────────────────────────────────────────────────────────────────────────────────────────────────────────────────────────────────────────────[39m
 [38;5;217mYOLO[38;5;103m ctrl+y[39m                                                                                                                               [38;5;103m1 GEMINI.md file[39m
[38;5;217m────────────────────────────────────────────────────────────────────────────────────────────────────────────────────────────────────────────────────────────[39m
 [38;5;217m* [39myour task is [7m [27m
[38;5;217m────────────────────────────────────────────────────────────────────────────────────────────────────────────────────────────────────────────────────────────[39m
 /mnt/.../chojn/projects/kanbanAgents[38;5;103m (main*)[39m                                 [38;5;217mno sandbox[38;5;103m (see /docs)[39m                                 [38;5;103m/model [39mAuto (Gemini 3)
[3A[17G[3B[2K[1A[2K[1A[2K[1A[2K[1A[2K[1A[2K[1A[2K[1A[2K[1A[2K[G
                                                                                                                                           [38;5;103m ? for shortcuts [39m
[38;5;59m────────────────────────────────────────────────────────────────────────────────────────────────────────────────────────────────────────────────────────────[39m
 [38;5;217mYOLO[38;5;103m ctrl+y[39m                                                                                                                               [38;5;103m1 GEMINI.md file[39m
[38;5;217m────────────────────────────────────────────────────────────────────────────────────────────────────────────────────────────────────────────────────────────[39m
 [38;5;217m* [39myour task is[7m [27m
[38;5;217m────────────────────────────────────────────────────────────────────────────────────────────────────────────────────────────────────────────────────────────[39m
 /mnt/.../chojn/projects/kanbanAgents[38;5;103m (main*)[39m                                 [38;5;217mno sandbox[38;5;103m (see /docs)[39m                                 [38;5;103m/model [39mAuto (Gemini 3)
[3A[16G[3B[2K[1A[2K[1A[2K[1A[2K[1A[2K[1A[2K[1A[2K[1A[2K[1A[2K[G
                                                                                                                                           [38;5;103m ? for shortcuts [39m
[38;5;59m────────────────────────────────────────────────────────────────────────────────────────────────────────────────────────────────────────────────────────────[39m
 [38;5;217mYOLO[38;5;103m ctrl+y[39m                                                                                                                               [38;5;103m1 GEMINI.md file[39m
[38;5;217m────────────────────────────────────────────────────────────────────────────────────────────────────────────────────────────────────────────────────────────[39m
 [38;5;217m* [39myour task i[7m [27m
[38;5;217m────────────────────────────────────────────────────────────────────────────────────────────────────────────────────────────────────────────────────────────[39m
 /mnt/.../chojn/projects/kanbanAgents[38;5;103m (main*)[39m                                 [38;5;217mno sandbox[38;5;103m (see /docs)[39m                                 [38;5;103m/model [39mAuto (Gemini 3)
[3A[15G[3B[2K[1A[2K[1A[2K[1A[2K[1A[2K[1A[2K[1A[2K[1A[2K[1A[2K[G
                                                                                                                                           [38;5;103m ? for shortcuts [39m
[38;5;59m────────────────────────────────────────────────────────────────────────────────────────────────────────────────────────────────────────────────────────────[39m
 [38;5;217mYOLO[38;5;103m ctrl+y[39m                                                                                                                               [38;5;103m1 GEMINI.md file[39m
[38;5;217m────────────────────────────────────────────────────────────────────────────────────────────────────────────────────────────────────────────────────────────[39m
 [38;5;217m* [39myour task [7m [27m
[38;5;217m────────────────────────────────────────────────────────────────────────────────────────────────────────────────────────────────────────────────────────────[39m
 /mnt/.../chojn/projects/kanbanAgents[38;5;103m (main*)[39m                                 [38;5;217mno sandbox[38;5;103m (see /docs)[39m                                 [38;5;103m/model [39mAuto (Gemini 3)
[3A[14G[3B[2K[1A[2K[1A[2K[1A[2K[1A[2K[1A[2K[1A[2K[1A[2K[1A[2K[G
                                                                                                                                           [38;5;103m ? for shortcuts [39m
[38;5;59m────────────────────────────────────────────────────────────────────────────────────────────────────────────────────────────────────────────────────────────[39m
 [38;5;217mYOLO[38;5;103m ctrl+y[39m                                                                                                                               [38;5;103m1 GEMINI.md file[39m
[38;5;217m────────────────────────────────────────────────────────────────────────────────────────────────────────────────────────────────────────────────────────────[39m
 [38;5;217m* [39myour task[7m [27m
[38;5;217m────────────────────────────────────────────────────────────────────────────────────────────────────────────────────────────────────────────────────────────[39m
 /mnt/.../chojn/projects/kanbanAgents[38;5;103m (main*)[39m                                 [38;5;217mno sandbox[38;5;103m (see /docs)[39m                                 [38;5;103m/model [39mAuto (Gemini 3)
[3A[13G[3B[2K[1A[2K[1A[2K[1A[2K[1A[2K[1A[2K[1A[2K[1A[2K[1A[2K[G
                                                                                                                                           [38;5;103m ? for shortcuts [39m
[38;5;59m────────────────────────────────────────────────────────────────────────────────────────────────────────────────────────────────────────────────────────────[39m
 [38;5;217mYOLO[38;5;103m ctrl+y[39m                                                                                                                               [38;5;103m1 GEMINI.md file[39m
[38;5;217m────────────────────────────────────────────────────────────────────────────────────────────────────────────────────────────────────────────────────────────[39m
 [38;5;217m* [39myour tas[7m [27m
[38;5;217m────────────────────────────────────────────────────────────────────────────────────────────────────────────────────────────────────────────────────────────[39m
 /mnt/.../chojn/projects/kanbanAgents[38;5;103m (main*)[39m                                 [38;5;217mno sandbox[38;5;103m (see /docs)[39m                                 [38;5;103m/model [39mAuto (Gemini 3)
[3A[12G[3B[2K[1A[2K[1A[2K[1A[2K[1A[2K[1A[2K[1A[2K[1A[2K[1A[2K[G
                                                                                                                                           [38;5;103m ? for shortcuts [39m
[38;5;59m────────────────────────────────────────────────────────────────────────────────────────────────────────────────────────────────────────────────────────────[39m
 [38;5;217mYOLO[38;5;103m ctrl+y[39m                                                                                                                               [38;5;103m1 GEMINI.md file[39m
[38;5;217m────────────────────────────────────────────────────────────────────────────────────────────────────────────────────────────────────────────────────────────[39m
 [38;5;217m* [39myour ta[7m [27m
[38;5;217m────────────────────────────────────────────────────────────────────────────────────────────────────────────────────────────────────────────────────────────[39m
 /mnt/.../chojn/projects/kanbanAgents[38;5;103m (main*)[39m                                 [38;5;217mno sandbox[38;5;103m (see /docs)[39m                                 [38;5;103m/model [39mAuto (Gemini 3)
[3A[11G[3B[2K[1A[2K[1A[2K[1A[2K[1A[2K[1A[2K[1A[2K[1A[2K[1A[2K[G
                                                                                                                                           [38;5;103m ? for shortcuts [39m
[38;5;59m────────────────────────────────────────────────────────────────────────────────────────────────────────────────────────────────────────────────────────────[39m
 [38;5;217mYOLO[38;5;103m ctrl+y[39m                                                                                                                               [38;5;103m1 GEMINI.md file[39m
[38;5;217m────────────────────────────────────────────────────────────────────────────────────────────────────────────────────────────────────────────────────────────[39m
 [38;5;217m* [39myour t[7m [27m
[38;5;217m────────────────────────────────────────────────────────────────────────────────────────────────────────────────────────────────────────────────────────────[39m
 /mnt/.../chojn/projects/kanbanAgents[38;5;103m (main*)[39m                                 [38;5;217mno sandbox[38;5;103m (see /docs)[39m                                 [38;5;103m/model [39mAuto (Gemini 3)
[3A[10G[3B[2K[1A[2K[1A[2K[1A[2K[1A[2K[1A[2K[1A[2K[1A[2K[1A[2K[G
                                                                                                                                           [38;5;103m ? for shortcuts [39m
[38;5;59m────────────────────────────────────────────────────────────────────────────────────────────────────────────────────────────────────────────────────────────[39m
 [38;5;217mYOLO[38;5;103m ctrl+y[39m                                                                                                                               [38;5;103m1 GEMINI.md file[39m
[38;5;217m────────────────────────────────────────────────────────────────────────────────────────────────────────────────────────────────────────────────────────────[39m
 [38;5;217m* [39myour [7m [27m
[38;5;217m────────────────────────────────────────────────────────────────────────────────────────────────────────────────────────────────────────────────────────────[39m
 /mnt/.../chojn/projects/kanbanAgents[38;5;103m (main*)[39m                                 [38;5;217mno sandbox[38;5;103m (see /docs)[39m                                 [38;5;103m/model [39mAuto (Gemini 3)
[3A[9G[3B[2K[1A[2K[1A[2K[1A[2K[1A[2K[1A[2K[1A[2K[1A[2K[1A[2K[G
                                                                                                                                           [38;5;103m ? for shortcuts [39m
[38;5;59m────────────────────────────────────────────────────────────────────────────────────────────────────────────────────────────────────────────────────────────[39m
 [38;5;217mYOLO[38;5;103m ctrl+y[39m                                                                                                                               [38;5;103m1 GEMINI.md file[39m
[38;5;217m────────────────────────────────────────────────────────────────────────────────────────────────────────────────────────────────────────────────────────────[39m
 [38;5;217m* [39myour[7m [27m
[38;5;217m────────────────────────────────────────────────────────────────────────────────────────────────────────────────────────────────────────────────────────────[39m
 /mnt/.../chojn/projects/kanbanAgents[38;5;103m (main*)[39m                                 [38;5;217mno sandbox[38;5;103m (see /docs)[39m                                 [38;5;103m/model [39mAuto (Gemini 3)
[3A[8G[3B[2K[1A[2K[1A[2K[1A[2K[1A[2K[1A[2K[1A[2K[1A[2K[1A[2K[G
                                                                                                                                           [38;5;103m ? for shortcuts [39m
[38;5;59m────────────────────────────────────────────────────────────────────────────────────────────────────────────────────────────────────────────────────────────[39m
 [38;5;217mYOLO[38;5;103m ctrl+y[39m                                                                                                                               [38;5;103m1 GEMINI.md file[39m
[38;5;217m────────────────────────────────────────────────────────────────────────────────────────────────────────────────────────────────────────────────────────────[39m
 [38;5;217m* [39myou[7m [27m
[38;5;217m────────────────────────────────────────────────────────────────────────────────────────────────────────────────────────────────────────────────────────────[39m
 /mnt/.../chojn/projects/kanbanAgents[38;5;103m (main*)[39m                                 [38;5;217mno sandbox[38;5;103m (see /docs)[39m                                 [38;5;103m/model [39mAuto (Gemini 3)
[3A[7G[3B[2K[1A[2K[1A[2K[1A[2K[1A[2K[1A[2K[1A[2K[1A[2K[1A[2K[G
                                                                                                                                           [38;5;103m ? for shortcuts [39m
[38;5;59m────────────────────────────────────────────────────────────────────────────────────────────────────────────────────────────────────────────────────────────[39m
 [38;5;217mYOLO[38;5;103m ctrl+y[39m                                                                                                                               [38;5;103m1 GEMINI.md file[39m
[38;5;217m────────────────────────────────────────────────────────────────────────────────────────────────────────────────────────────────────────────────────────────[39m
 [38;5;217m* [39myo[7m [27m
[38;5;217m────────────────────────────────────────────────────────────────────────────────────────────────────────────────────────────────────────────────────────────[39m
 /mnt/.../chojn/projects/kanbanAgents[38;5;103m (main*)[39m                                 [38;5;217mno sandbox[38;5;103m (see /docs)[39m                                 [38;5;103m/model [39mAuto (Gemini 3)
[3A[6G[3B[2K[1A[2K[1A[2K[1A[2K[1A[2K[1A[2K[1A[2K[1A[2K[1A[2K[G
                                                                                                                                           [38;5;103m ? for shortcuts [39m
[38;5;59m────────────────────────────────────────────────────────────────────────────────────────────────────────────────────────────────────────────────────────────[39m
 [38;5;217mYOLO[38;5;103m ctrl+y[39m                                                                                                                               [38;5;103m1 GEMINI.md file[39m
[38;5;217m────────────────────────────────────────────────────────────────────────────────────────────────────────────────────────────────────────────────────────────[39m
 [38;5;217m* [39my[7m [27m
[38;5;217m────────────────────────────────────────────────────────────────────────────────────────────────────────────────────────────────────────────────────────────[39m
 /mnt/.../chojn/projects/kanbanAgents[38;5;103m (main*)[39m                                 [38;5;217mno sandbox[38;5;103m (see /docs)[39m                                 [38;5;103m/model [39mAuto (Gemini 3)
[3A[5G[3B[2K[1A[2K[1A[2K[1A[2K[1A[2K[1A[2K[1A[2K[1A[2K[1A[2K[G
                                                                                                                                           [38;5;103m ? for shortcuts [39m
[38;5;59m────────────────────────────────────────────────────────────────────────────────────────────────────────────────────────────────────────────────────────────[39m
 [38;5;217mYOLO[38;5;103m ctrl+y[39m                                                                                                                               [38;5;103m1 GEMINI.md file[39m
[38;5;217m────────────────────────────────────────────────────────────────────────────────────────────────────────────────────────────────────────────────────────────[39m
 [38;5;217m* [39m[7m [27m[38;5;103m Type your message or @path/to/file[39m
[38;5;217m────────────────────────────────────────────────────────────────────────────────────────────────────────────────────────────────────────────────────────────[39m
 /mnt/.../chojn/projects/kanbanAgents[38;5;103m (main*)[39m                                 [38;5;217mno sandbox[38;5;103m (see /docs)[39m                                 [38;5;103m/model [39mAuto (Gemini 3)
[3A[4G[3B[2K[1A[2K[1A[2K[1A[2K[1A[2K[1A[2K[1A[2K[1A[2K[1A[2K[G
                                                                                                                                           [38;5;103m ? for shortcuts [39m
[38;5;59m────────────────────────────────────────────────────────────────────────────────────────────────────────────────────────────────────────────────────────────[39m
 [38;5;217mYOLO[38;5;103m ctrl+y[39m                                                                                                                               [38;5;103m1 GEMINI.md file[39m
[38;5;217m────────────────────────────────────────────────────────────────────────────────────────────────────────────────────────────────────────────────────────────[39m
 [38;5;217m* [39md[7m [27m
[38;5;217m────────────────────────────────────────────────────────────────────────────────────────────────────────────────────────────────────────────────────────────[39m
 /mnt/.../chojn/projects/kanbanAgents[38;5;103m (main*)[39m                                 [38;5;217mno sandbox[38;5;103m (see /docs)[39m                                 [38;5;103m/model [39mAuto (Gemini 3)
[3A[5G[3B[2K[1A[2K[1A[2K[1A[2K[1A[2K[1A[2K[1A[2K[1A[2K[1A[2K[G
                                                                                                                                           [38;5;103m ? for shortcuts [39m
[38;5;59m────────────────────────────────────────────────────────────────────────────────────────────────────────────────────────────────────────────────────────────[39m
 [38;5;217mYOLO[38;5;103m ctrl+y[39m                                                                                                                               [38;5;103m1 GEMINI.md file[39m
[38;5;217m────────────────────────────────────────────────────────────────────────────────────────────────────────────────────────────────────────────────────────────[39m
 [38;5;217m* [39mde[7m [27m
[38;5;217m────────────────────────────────────────────────────────────────────────────────────────────────────────────────────────────────────────────────────────────[39m
 /mnt/.../chojn/projects/kanbanAgents[38;5;103m (main*)[39m                                 [38;5;217mno sandbox[38;5;103m (see /docs)[39m                                 [38;5;103m/model [39mAuto (Gemini 3)
[3A[6G[3B[2K[1A[2K[1A[2K[1A[2K[1A[2K[1A[2K[1A[2K[1A[2K[1A[2K[G
                                                                                                                                           [38;5;103m ? for shortcuts [39m
[38;5;59m────────────────────────────────────────────────────────────────────────────────────────────────────────────────────────────────────────────────────────────[39m
 [38;5;217mYOLO[38;5;103m ctrl+y[39m                                                                                                                               [38;5;103m1 GEMINI.md file[39m
[38;5;217m────────────────────────────────────────────────────────────────────────────────────────────────────────────────────────────────────────────────────────────[39m
 [38;5;217m* [39mdee[7m [27m
[38;5;217m────────────────────────────────────────────────────────────────────────────────────────────────────────────────────────────────────────────────────────────[39m
 /mnt/.../chojn/projects/kanbanAgents[38;5;103m (main*)[39m                                 [38;5;217mno sandbox[38;5;103m (see /docs)[39m                                 [38;5;103m/model [39mAuto (Gemini 3)
[3A[7G[3B[2K[1A[2K[1A[2K[1A[2K[1A[2K[1A[2K[1A[2K[1A[2K[1A[2K[G
                                                                                                                                           [38;5;103m ? for shortcuts [39m
[38;5;59m────────────────────────────────────────────────────────────────────────────────────────────────────────────────────────────────────────────────────────────[39m
 [38;5;217mYOLO[38;5;103m ctrl+y[39m                                                                                                                               [38;5;103m1 GEMINI.md file[39m
[38;5;217m────────────────────────────────────────────────────────────────────────────────────────────────────────────────────────────────────────────────────────────[39m
 [38;5;217m* [39mdeep[7m [27m
[38;5;217m────────────────────────────────────────────────────────────────────────────────────────────────────────────────────────────────────────────────────────────[39m
 /mnt/.../chojn/projects/kanbanAgents[38;5;103m (main*)[39m                                 [38;5;217mno sandbox[38;5;103m (see /docs)[39m                                 [38;5;103m/model [39mAuto (Gemini 3)
[3A[8G[3B[2K[1A[2K[1A[2K[1A[2K[1A[2K[1A[2K[1A[2K[1A[2K[1A[2K[G
                                                                                                                                           [38;5;103m ? for shortcuts [39m
[38;5;59m────────────────────────────────────────────────────────────────────────────────────────────────────────────────────────────────────────────────────────────[39m
 [38;5;217mYOLO[38;5;103m ctrl+y[39m                                                                                                                               [38;5;103m1 GEMINI.md file[39m
[38;5;217m────────────────────────────────────────────────────────────────────────────────────────────────────────────────────────────────────────────────────────────[39m
 [38;5;217m* [39mdeep [7m [27m
[38;5;217m────────────────────────────────────────────────────────────────────────────────────────────────────────────────────────────────────────────────────────────[39m
 /mnt/.../chojn/projects/kanbanAgents[38;5;103m (main*)[39m                                 [38;5;217mno sandbox[38;5;103m (see /docs)[39m                                 [38;5;103m/model [39mAuto (Gemini 3)
[3A[9G[3B[2K[1A[2K[1A[2K[1A[2K[1A[2K[1A[2K[1A[2K[1A[2K[1A[2K[G
                                                                                                                                           [38;5;103m ? for shortcuts [39m
[38;5;59m────────────────────────────────────────────────────────────────────────────────────────────────────────────────────────────────────────────────────────────[39m
 [38;5;217mYOLO[38;5;103m ctrl+y[39m                                                                                                                               [38;5;103m1 GEMINI.md file[39m
[38;5;217m────────────────────────────────────────────────────────────────────────────────────────────────────────────────────────────────────────────────────────────[39m
 [38;5;217m* [39mdeep t[7m [27m
[38;5;217m────────────────────────────────────────────────────────────────────────────────────────────────────────────────────────────────────────────────────────────[39m
 /mnt/.../chojn/projects/kanbanAgents[38;5;103m (main*)[39m                                 [38;5;217mno sandbox[38;5;103m (see /docs)[39m                                 [38;5;103m/model [39mAuto (Gemini 3)
[3A[10G[3B[2K[1A[2K[1A[2K[1A[2K[1A[2K[1A[2K[1A[2K[1A[2K[1A[2K[G
                                                                                                                                           [38;5;103m ? for shortcuts [39m
[38;5;59m────────────────────────────────────────────────────────────────────────────────────────────────────────────────────────────────────────────────────────────[39m
 [38;5;217mYOLO[38;5;103m ctrl+y[39m                                                                                                                               [38;5;103m1 GEMINI.md file[39m
[38;5;217m────────────────────────────────────────────────────────────────────────────────────────────────────────────────────────────────────────────────────────────[39m
 [38;5;217m* [39mdeep [7m [27m
[38;5;217m────────────────────────────────────────────────────────────────────────────────────────────────────────────────────────────────────────────────────────────[39m
 /mnt/.../chojn/projects/kanbanAgents[38;5;103m (main*)[39m                                 [38;5;217mno sandbox[38;5;103m (see /docs)[39m                                 [38;5;103m/model [39mAuto (Gemini 3)
[3A[9G[3B[2K[1A[2K[1A[2K[1A[2K[1A[2K[1A[2K[1A[2K[1A[2K[1A[2K[G
                                                                                                                                           [38;5;103m ? for shortcuts [39m
[38;5;59m────────────────────────────────────────────────────────────────────────────────────────────────────────────────────────────────────────────────────────────[39m
 [38;5;217mYOLO[38;5;103m ctrl+y[39m                                                                                                                               [38;5;103m1 GEMINI.md file[39m
[38;5;217m────────────────────────────────────────────────────────────────────────────────────────────────────────────────────────────────────────────────────────────[39m
 [38;5;217m* [39mdeep[7m [27m
[38;5;217m────────────────────────────────────────────────────────────────────────────────────────────────────────────────────────────────────────────────────────────[39m
 /mnt/.../chojn/projects/kanbanAgents[38;5;103m (main*)[39m                                 [38;5;217mno sandbox[38;5;103m (see /docs)[39m                                 [38;5;103m/model [39mAuto (Gemini 3)
[3A[8G[3B[2K[1A[2K[1A[2K[1A[2K[1A[2K[1A[2K[1A[2K[1A[2K[1A[2K[G
                                                                                                                                           [38;5;103m ? for shortcuts [39m
[38;5;59m────────────────────────────────────────────────────────────────────────────────────────────────────────────────────────────────────────────────────────────[39m
 [38;5;217mYOLO[38;5;103m ctrl+y[39m                                                                                                                               [38;5;103m1 GEMINI.md file[39m
[38;5;217m────────────────────────────────────────────────────────────────────────────────────────────────────────────────────────────────────────────────────────────[39m
 [38;5;217m* [39mdee[7m [27m
[38;5;217m────────────────────────────────────────────────────────────────────────────────────────────────────────────────────────────────────────────────────────────[39m
 /mnt/.../chojn/projects/kanbanAgents[38;5;103m (main*)[39m                                 [38;5;217mno sandbox[38;5;103m (see /docs)[39m                                 [38;5;103m/model [39mAuto (Gemini 3)
[3A[7G[3B[2K[1A[2K[1A[2K[1A[2K[1A[2K[1A[2K[1A[2K[1A[2K[1A[2K[G
                                                                                                                                           [38;5;103m ? for shortcuts [39m
[38;5;59m────────────────────────────────────────────────────────────────────────────────────────────────────────────────────────────────────────────────────────────[39m
 [38;5;217mYOLO[38;5;103m ctrl+y[39m                                                                                                                               [38;5;103m1 GEMINI.md file[39m
[38;5;217m────────────────────────────────────────────────────────────────────────────────────────────────────────────────────────────────────────────────────────────[39m
 [38;5;217m* [39mde[7m [27m
[38;5;217m────────────────────────────────────────────────────────────────────────────────────────────────────────────────────────────────────────────────────────────[39m
 /mnt/.../chojn/projects/kanbanAgents[38;5;103m (main*)[39m                                 [38;5;217mno sandbox[38;5;103m (see /docs)[39m                                 [38;5;103m/model [39mAuto (Gemini 3)
[3A[6G[3B[2K[1A[2K[1A[2K[1A[2K[1A[2K[1A[2K[1A[2K[1A[2K[1A[2K[G
                                                                                                                                           [38;5;103m ? for shortcuts [39m
[38;5;59m────────────────────────────────────────────────────────────────────────────────────────────────────────────────────────────────────────────────────────────[39m
 [38;5;217mYOLO[38;5;103m ctrl+y[39m                                                                                                                               [38;5;103m1 GEMINI.md file[39m
[38;5;217m────────────────────────────────────────────────────────────────────────────────────────────────────────────────────────────────────────────────────────────[39m
 [38;5;217m* [39md[7m [27m
[38;5;217m────────────────────────────────────────────────────────────────────────────────────────────────────────────────────────────────────────────────────────────[39m
 /mnt/.../chojn/projects/kanbanAgents[38;5;103m (main*)[39m                                 [38;5;217mno sandbox[38;5;103m (see /docs)[39m                                 [38;5;103m/model [39mAuto (Gemini 3)
[3A[5G[3B[2K[1A[2K[1A[2K[1A[2K[1A[2K[1A[2K[1A[2K[1A[2K[1A[2K[G
                                                                                                                                           [38;5;103m ? for shortcuts [39m
[38;5;59m────────────────────────────────────────────────────────────────────────────────────────────────────────────────────────────────────────────────────────────[39m
 [38;5;217mYOLO[38;5;103m ctrl+y[39m                                                                                                                               [38;5;103m1 GEMINI.md file[39m
[38;5;217m────────────────────────────────────────────────────────────────────────────────────────────────────────────────────────────────────────────────────────────[39m
 [38;5;217m* [39m[7m [27m[38;5;103m Type your message or @path/to/file[39m
[38;5;217m────────────────────────────────────────────────────────────────────────────────────────────────────────────────────────────────────────────────────────────[39m
 /mnt/.../chojn/projects/kanbanAgents[38;5;103m (main*)[39m                                 [38;5;217mno sandbox[38;5;103m (see /docs)[39m                                 [38;5;103m/model [39mAuto (Gemini 3)
[3A[4G[3B[2K[1A[2K[1A[2K[1A[2K[1A[2K[1A[2K[1A[2K[1A[2K[1A[2K[G
                                                                                                                                           [38;5;103m ? for shortcuts [39m
[38;5;59m────────────────────────────────────────────────────────────────────────────────────────────────────────────────────────────────────────────────────────────[39m
 [38;5;217mYOLO[38;5;103m ctrl+y[39m                                                                                                                               [38;5;103m1 GEMINI.md file[39m
[38;5;217m────────────────────────────────────────────────────────────────────────────────────────────────────────────────────────────────────────────────────────────[39m
 [38;5;217m* [39m/[7m [27m
[38;5;217m────────────────────────────────────────────────────────────────────────────────────────────────────────────────────────────────────────────────────────────[39m
 /mnt/.../chojn/projects/kanbanAgents[38;5;103m (main*)[39m                                 [38;5;217mno sandbox[38;5;103m (see /docs)[39m                                 [38;5;103m/model [39mAuto (Gemini 3)
[3A[5G[3B[2K[1A[2K[1A[2K[1A[2K[1A[2K[1A[2K[1A[2K[1A[2K[1A[2K[G
                                                                                                                                           [38;5;103m ? for shortcuts [39m
[38;5;59m────────────────────────────────────────────────────────────────────────────────────────────────────────────────────────────────────────────────────────────[39m
 [38;5;217mYOLO[38;5;103m ctrl+y[39m                                                                                                                               [38;5;103m1 GEMINI.md file[39m
[38;5;217m────────────────────────────────────────────────────────────────────────────────────────────────────────────────────────────────────────────────────────────[39m
 [38;5;217m* [39m/[7m [27m
[38;5;217m────────────────────────────────────────────────────────────────────────────────────────────────────────────────────────────────────────────────────────────[39m
 [38;5;103mabout[39m            [38;5;103mShow version info[39m
 [38;5;103mauth[39m             [38;5;103mManage authentication[39m
 [38;5;103mbug[39m              [38;5;103mSubmit a bug report[39m
 [38;5;103mchat[39m             [38;5;103mManage conversation history[39m
 [38;5;103mclear[39m            [38;5;103mClear the screen and conversation history[39m
 [38;5;103mcommands[39m         [38;5;103mManage custom slash commands. Usage: /commands [reload][39m
 [38;5;103mcompress[39m         [38;5;103mCompresses the context by replacing it with a summary[39m
 [38;5;103mcopy[39m             [38;5;103mCopy the last result or code snippet to clipboard[39m
 [90m▼[39m
 [90m(0/38)[39m
 /mnt/.../chojn/projects/kanbanAgents[38;5;103m (main*)[39m                                 [38;5;217mno sandbox[38;5;103m (see /docs)[39m                                 [38;5;103m/model [39mAuto (Gemini 3)
[13A[5G[13B[2K[1A[2K[1A[2K[1A[2K[1A[2K[1A[2K[1A[2K[1A[2K[1A[2K[1A[2K[1A[2K[1A[2K[1A[2K[1A[2K[1A[2K[1A[2K[1A[2K[1A[2K[1A[2K[G
                                                                                                                                           [38;5;103m ? for shortcuts [39m
[38;5;59m────────────────────────────────────────────────────────────────────────────────────────────────────────────────────────────────────────────────────────────[39m
 [38;5;217mYOLO[38;5;103m ctrl+y[39m                                                                                                                               [38;5;103m1 GEMINI.md file[39m
[38;5;217m────────────────────────────────────────────────────────────────────────────────────────────────────────────────────────────────────────────────────────────[39m
 [38;5;217m* [39m/[7m [27m
[38;5;217m────────────────────────────────────────────────────────────────────────────────────────────────────────────────────────────────────────────────────────────[39m
 [38;5;183mabout[39m            [38;5;183mShow version info[39m
 [38;5;103mauth[39m             [38;5;103mManage authentication[39m
 [38;5;103mbug[39m              [38;5;103mSubmit a bug report[39m
 [38;5;103mchat[39m             [38;5;103mManage conversation history[39m
 [38;5;103mclear[39m            [38;5;103mClear the screen and conversation history[39m
 [38;5;103mcommands[39m         [38;5;103mManage custom slash commands. Usage: /commands [reload][39m
 [38;5;103mcompress[39m         [38;5;103mCompresses the context by replacing it with a summary[39m
 [38;5;103mcopy[39m             [38;5;103mCopy the last result or code snippet to clipboard[39m
 [90m▼[39m
 [90m(1/38)[39m
 /mnt/.../chojn/projects/kanbanAgents[38;5;103m (main*)[39m                                 [38;5;217mno sandbox[38;5;103m (see /docs)[39m                                 [38;5;103m/model [39mAuto (Gemini 3)
[13A[5G[13B[2K[1A[2K[1A[2K[1A[2K[1A[2K[1A[2K[1A[2K[1A[2K[1A[2K[1A[2K[1A[2K[1A[2K[1A[2K[1A[2K[1A[2K[1A[2K[1A[2K[1A[2K[1A[2K[G
                                                                                                                                           [38;5;103m ? for shortcuts [39m
[38;5;59m────────────────────────────────────────────────────────────────────────────────────────────────────────────────────────────────────────────────────────────[39m
 [38;5;217mYOLO[38;5;103m ctrl+y[39m                                                                                                                               [38;5;103m1 GEMINI.md file[39m
[38;5;217m────────────────────────────────────────────────────────────────────────────────────────────────────────────────────────────────────────────────────────────[39m
 [38;5;217m* [38;5;183m/m[39m[7m [27m
[38;5;217m────────────────────────────────────────────────────────────────────────────────────────────────────────────────────────────────────────────────────────────[39m
 [38;5;183mabout[39m            [38;5;183mShow version info[39m
 [38;5;103mauth[39m             [38;5;103mManage authentication[39m
 [38;5;103mbug[39m              [38;5;103mSubmit a bug report[39m
 [38;5;103mchat[39m             [38;5;103mManage conversation history[39m
 [38;5;103mclear[39m            [38;5;103mClear the screen and conversation history[39m
 [38;5;103mcommands[39m         [38;5;103mManage custom slash commands. Usage: /commands [reload][39m
 [38;5;103mcompress[39m         [38;5;103mCompresses the context by replacing it with a summary[39m
 [38;5;103mcopy[39m             [38;5;103mCopy the last result or code snippet to clipboard[39m
 [90m▼[39m
 [90m(1/38)[39m
 /mnt/.../chojn/projects/kanbanAgents[38;5;103m (main*)[39m                                 [38;5;217mno sandbox[38;5;103m (see /docs)[39m                                 [38;5;103m/model [39mAuto (Gemini 3)
[13A[6G[13B[2K[1A[2K[1A[2K[1A[2K[1A[2K[1A[2K[1A[2K[1A[2K[1A[2K[1A[2K[1A[2K[1A[2K[1A[2K[1A[2K[1A[2K[1A[2K[1A[2K[1A[2K[1A[2K[G
                                                                                                                                           [38;5;103m ? for shortcuts [39m
[38;5;59m────────────────────────────────────────────────────────────────────────────────────────────────────────────────────────────────────────────────────────────[39m
 [38;5;217mYOLO[38;5;103m ctrl+y[39m                                                                                                                               [38;5;103m1 GEMINI.md file[39m
[38;5;217m────────────────────────────────────────────────────────────────────────────────────────────────────────────────────────────────────────────────────────────[39m
 [38;5;217m* [38;5;183m/m[39m[7m [27m
[38;5;217m────────────────────────────────────────────────────────────────────────────────────────────────────────────────────────────────────────────────────────────[39m
 [38;5;183mmcp[39m              [38;5;183mManage configured Model Context Protocol (MCP) servers[39m
 [38;5;103mmemory[39m           [38;5;103mCommands for interacting with memory[39m
 [38;5;103mmodel[39m            [38;5;103mManage model configuration[39m
 [38;5;103mcommands[39m         [38;5;103mManage custom slash commands. Usage: /commands [reload][39m
 [38;5;103mcompress[39m         [38;5;103mCompresses the context by replacing it with a summary[39m
 [38;5;103mpermissions[39m      [38;5;103mManage folder trust settings and other permissions[39m
 [38;5;103mresume[39m           [38;5;103mBrowse and resume auto-saved conversations[39m
 [38;5;103mtheme[39m            [38;5;103mChange the theme[39m
 [90m▼[39m
 [90m(1/11)[39m
 /mnt/.../chojn/projects/kanbanAgents[38;5;103m (main*)[39m                                 [38;5;217mno sandbox[38;5;103m (see /docs)[39m                                 [38;5;103m/model [39mAuto (Gemini 3)
[13A[6G[13B[2K[1A[2K[1A[2K[1A[2K[1A[2K[1A[2K[1A[2K[1A[2K[1A[2K[1A[2K[1A[2K[1A[2K[1A[2K[1A[2K[1A[2K[1A[2K[1A[2K[1A[2K[1A[2K[G
                                                                                                                                           [38;5;103m ? for shortcuts [39m
[38;5;59m────────────────────────────────────────────────────────────────────────────────────────────────────────────────────────────────────────────────────────────[39m
 [38;5;217mYOLO[38;5;103m ctrl+y[39m                                                                                                                               [38;5;103m1 GEMINI.md file[39m
[38;5;217m────────────────────────────────────────────────────────────────────────────────────────────────────────────────────────────────────────────────────────────[39m
 [38;5;217m* [38;5;183m/mo[39m[7m [27m
[38;5;217m────────────────────────────────────────────────────────────────────────────────────────────────────────────────────────────────────────────────────────────[39m
 [38;5;183mmcp[39m              [38;5;183mManage configured Model Context Protocol (MCP) servers[39m
 [38;5;103mmemory[39m           [38;5;103mCommands for interacting with memory[39m
 [38;5;103mmodel[39m            [38;5;103mManage model configuration[39m
 [38;5;103mcommands[39m         [38;5;103mManage custom slash commands. Usage: /commands [reload][39m
 [38;5;103mcompress[39m         [38;5;103mCompresses the context by replacing it with a summary[39m
 [38;5;103mpermissions[39m      [38;5;103mManage folder trust settings and other permissions[39m
 [38;5;103mresume[39m           [38;5;103mBrowse and resume auto-saved conversations[39m
 [38;5;103mtheme[39m            [38;5;103mChange the theme[39m
 [90m▼[39m
 [90m(1/11)[39m
 /mnt/.../chojn/projects/kanbanAgents[38;5;103m (main*)[39m                                 [38;5;217mno sandbox[38;5;103m (see /docs)[39m                                 [38;5;103m/model [39mAuto (Gemini 3)
[13A[7G[13B[2K[1A[2K[1A[2K[1A[2K[1A[2K[1A[2K[1A[2K[1A[2K[1A[2K[1A[2K[1A[2K[1A[2K[1A[2K[1A[2K[1A[2K[1A[2K[1A[2K[1A[2K[1A[2K[G
                                                                                                                                           [38;5;103m ? for shortcuts [39m
[38;5;59m────────────────────────────────────────────────────────────────────────────────────────────────────────────────────────────────────────────────────────────[39m
 [38;5;217mYOLO[38;5;103m ctrl+y[39m                                                                                                                               [38;5;103m1 GEMINI.md file[39m
[38;5;217m────────────────────────────────────────────────────────────────────────────────────────────────────────────────────────────────────────────────────────────[39m
 [38;5;217m* [38;5;183m/mo[39m[7m [27m
[38;5;217m────────────────────────────────────────────────────────────────────────────────────────────────────────────────────────────────────────────────────────────[39m
 [38;5;183mmodel[39m         [38;5;183mManage model configuration[39m
 [38;5;103mmemory[39m        [38;5;103mCommands for interacting with memory[39m
 [38;5;103mpermissions[39m   [38;5;103mManage folder trust settings and other permissions[39m
 /mnt/.../chojn/projects/kanbanAgents[38;5;103m (main*)[39m                                 [38;5;217mno sandbox[38;5;103m (see /docs)[39m                                 [38;5;103m/model [39mAuto (Gemini 3)
[6A[7G[6B[2K[1A[2K[1A[2K[1A[2K[1A[2K[1A[2K[1A[2K[1A[2K[1A[2K[1A[2K[1A[2K[1A[2K[G
                                                                                                                                           [38;5;103m ? for shortcuts [39m
[38;5;59m────────────────────────────────────────────────────────────────────────────────────────────────────────────────────────────────────────────────────────────[39m
 [38;5;217mYOLO[38;5;103m ctrl+y[39m                                                                                                                               [38;5;103m1 GEMINI.md file[39m
[38;5;217m────────────────────────────────────────────────────────────────────────────────────────────────────────────────────────────────────────────────────────────[39m
 [38;5;217m* [38;5;183m/mod[39m[7m [27m
[38;5;217m────────────────────────────────────────────────────────────────────────────────────────────────────────────────────────────────────────────────────────────[39m
 [38;5;183mmodel[39m         [38;5;183mManage model configuration[39m
 [38;5;103mmemory[39m        [38;5;103mCommands for interacting with memory[39m
 [38;5;103mpermissions[39m   [38;5;103mManage folder trust settings and other permissions[39m
 /mnt/.../chojn/projects/kanbanAgents[38;5;103m (main*)[39m                                 [38;5;217mno sandbox[38;5;103m (see /docs)[39m                                 [38;5;103m/model [39mAuto (Gemini 3)
[6A[8G[6B[2K[1A[2K[1A[2K[1A[2K[1A[2K[1A[2K[1A[2K[1A[2K[1A[2K[1A[2K[1A[2K[1A[2K[G
                                                                                                                                           [38;5;103m ? for shortcuts [39m
[38;5;59m────────────────────────────────────────────────────────────────────────────────────────────────────────────────────────────────────────────────────────────[39m
 [38;5;217mYOLO[38;5;103m ctrl+y[39m                                                                                                                               [38;5;103m1 GEMINI.md file[39m
[38;5;217m────────────────────────────────────────────────────────────────────────────────────────────────────────────────────────────────────────────────────────────[39m
 [38;5;217m* [38;5;183m/mod[39m[7m [27m
[38;5;217m────────────────────────────────────────────────────────────────────────────────────────────────────────────────────────────────────────────────────────────[39m
 [38;5;183mmodel[39m   [38;5;183mManage model configuration[39m
 /mnt/.../chojn/projects/kanbanAgents[38;5;103m (main*)[39m                                 [38;5;217mno sandbox[38;5;103m (see /docs)[39m                                 [38;5;103m/model [39mAuto (Gemini 3)
[4A[8G[4B[2K[1A[2K[1A[2K[1A[2K[1A[2K[1A[2K[1A[2K[1A[2K[1A[2K[1A[2K[G
                                                                                                                                           [38;5;103m ? for shortcuts [39m
[38;5;59m────────────────────────────────────────────────────────────────────────────────────────────────────────────────────────────────────────────────────────────[39m
 [38;5;217mYOLO[38;5;103m ctrl+y[39m                                                                                                                               [38;5;103m1 GEMINI.md file[39m
[38;5;217m────────────────────────────────────────────────────────────────────────────────────────────────────────────────────────────────────────────────────────────[39m
 [38;5;217m* [38;5;183m/mode[39m[7m [27m
[38;5;217m────────────────────────────────────────────────────────────────────────────────────────────────────────────────────────────────────────────────────────────[39m
 [38;5;183mmodel[39m   [38;5;183mManage model configuration[39m
 /mnt/.../chojn/projects/kanbanAgents[38;5;103m (main*)[39m                                 [38;5;217mno sandbox[38;5;103m (see /docs)[39m                                 [38;5;103m/model [39mAuto (Gemini 3)
[4A[9G[4B[2K[1A[2K[1A[2K[1A[2K[1A[2K[1A[2K[1A[2K[1A[2K[1A[2K[1A[2K[G
                                                                                                                                           [38;5;103m ? for shortcuts [39m
[38;5;59m────────────────────────────────────────────────────────────────────────────────────────────────────────────────────────────────────────────────────────────[39m
 [38;5;217mYOLO[38;5;103m ctrl+y[39m                                                                                                                               [38;5;103m1 GEMINI.md file[39m
[38;5;217m────────────────────────────────────────────────────────────────────────────────────────────────────────────────────────────────────────────────────────────[39m
 [38;5;217m* [38;5;183m/model[39m[7m [27m
[38;5;217m────────────────────────────────────────────────────────────────────────────────────────────────────────────────────────────────────────────────────────────[39m
 [38;5;183mmodel[39m   [38;5;183mManage model configuration[39m
 /mnt/.../chojn/projects/kanbanAgents[38;5;103m (main*)[39m                                 [38;5;217mno sandbox[38;5;103m (see /docs)[39m                                 [38;5;103m/model [39mAuto (Gemini 3)
[4A[10G[4B[2K[1A[2K[1A[2K[1A[2K[1A[2K[1A[2K[1A[2K[1A[2K[1A[2K[1A[2K[G
                                                                                                                                           [38;5;103m ? for shortcuts [39m
[38;5;59m────────────────────────────────────────────────────────────────────────────────────────────────────────────────────────────────────────────────────────────[39m
 [38;5;217mYOLO[38;5;103m ctrl+y[39m                                                                                                                               [38;5;103m1 GEMINI.md file[39m
[38;5;217m────────────────────────────────────────────────────────────────────────────────────────────────────────────────────────────────────────────────────────────[39m
 [38;5;217m* [38;5;183m/model[39m[7m [27m
[38;5;217m────────────────────────────────────────────────────────────────────────────────────────────────────────────────────────────────────────────────────────────[39m
 [38;5;183mmanage[39m   [38;5;183mOpens a dialog to configure the model[39m
 [38;5;103mset[39m      [38;5;103mSet the model to use. Usage: /model set <model-name> [--persist][39m
 /mnt/.../chojn/projects/kanbanAgents[38;5;103m (main*)[39m                                 [38;5;217mno sandbox[38;5;103m (see /docs)[39m                                 [38;5;103m/model [39mAuto (Gemini 3)
[5A[10G[5B[2K[1A[2K[1A[2K[1A[2K[1A[2K[1A[2K[1A[2K[1A[2K[1A[2K[1A[2K[1A[2K[G
                                                                                                                                           [38;5;103m ? for shortcuts [39m
[38;5;59m────────────────────────────────────────────────────────────────────────────────────────────────────────────────────────────────────────────────────────────[39m
 [38;5;217mYOLO[38;5;103m ctrl+y[39m                                                                                                                               [38;5;103m1 GEMINI.md file[39m
[38;5;217m────────────────────────────────────────────────────────────────────────────────────────────────────────────────────────────────────────────────────────────[39m
 [38;5;217m* [39m[7m [27m[38;5;103m Type your message or @path/to/file[39m
[38;5;217m────────────────────────────────────────────────────────────────────────────────────────────────────────────────────────────────────────────────────────────[39m
 /mnt/.../chojn/projects/kanbanAgents[38;5;103m (main*)[39m                                 [38;5;217mno sandbox[38;5;103m (see /docs)[39m                                 [38;5;103m/model [39mAuto (Gemini 3)
[3A[4G[3B[2K[1A[2K[1A[2K[1A[2K[1A[2K[1A[2K[1A[2K[1A[2K[1A[2K[G [38;5;183m> /model[39m
[?25l
                                                                                                                                           [38;5;103m ? for shortcuts [39m
[38;5;59m────────────────────────────────────────────────────────────────────────────────────────────────────────────────────────────────────────────────────────────[39m
 [38;5;217mYOLO[38;5;103m ctrl+y[39m                                                                                                                               [38;5;103m1 GEMINI.md file[39m
 /mnt/.../chojn/projects/kanbanAgents[38;5;103m (main*)[39m                                 [38;5;217mno sandbox[38;5;103m (see /docs)[39m                                 [38;5;103m/model [39mAuto (Gemini 3)
[2K[1A[2K[1A[2K[1A[2K[1A[2K[1A[2K[G[38;5;59m╭──────────────────────────────────────────────────────────────────────────────────────────────────────────────────────────────────────────────────────────╮[39m
[38;5;59m│[39m                                                                                                                                                          [38;5;59m│[39m
[38;5;59m│[39m [1mSelect Model[22m                                                                                                                                             [38;5;59m│[39m
[38;5;59m│[39m                                                                                                                                                          [38;5;59m│[39m
[38;5;59m│[39m [38;5;151m●[39m [38;5;151m1.[39m [38;5;151mAuto (Gemini 3)[39m                                                                                                                                     [38;5;59m│[39m
[38;5;59m│[39m      [38;5;103mLet Gemini CLI decide the best model for the task: gemini-3-pro, gemini-3-flash[39m                                                                     [38;5;59m│[39m
[38;5;59m│[39m   2. Auto (Gemini 2.5)                                                                                                                                   [38;5;59m│[39m
[38;5;59m│[39m      [38;5;103mLet Gemini CLI decide the best model for the task: gemini-2.5-pro, gemini-2.5-flash[39m                                                                 [38;5;59m│[39m
[38;5;59m│[39m   3. Manual                                                                                                                                              [38;5;59m│[39m
[38;5;59m│[39m      [38;5;103mManually select a model[39m                                                                                                                             [38;5;59m│[39m
[38;5;59m│[39m                                                                                                                                                          [38;5;59m│[39m
[38;5;59m│[39m Remember model for future sessions: [38;5;151mfalse[39m                                                                                                                [38;5;59m│[39m
[38;5;59m│[39m [38;5;103m(Press Tab to toggle)[39m                                                                                                                                    [38;5;59m│[39m
[38;5;59m│[39m                                                                                                                                                          [38;5;59m│[39m
[38;5;59m│[39m [38;5;103m> To use a specific Gemini model on startup, use the --model flag.[39m                                                                                       [38;5;59m│[39m
[38;5;59m│[39m                                                                                                                                                          [38;5;59m│[39m
[38;5;59m│[39m [38;5;103m(Press Esc to close)[39m                                                                                                                                     [38;5;59m│[39m
[38;5;59m│[39m                                                                                                                                                          [38;5;59m│[39m
[38;5;59m╰──────────────────────────────────────────────────────────────────────────────────────────────────────────────────────────────────────────────────────────╯[39m
[2K[1A[2K[1A[2K[1A[2K[1A[2K[1A[2K[1A[2K[1A[2K[1A[2K[1A[2K[1A[2K[1A[2K[1A[2K[1A[2K[1A[2K[1A[2K[1A[2K[1A[2K[1A[2K[1A[2K[G[38;5;59m╭──────────────────────────────────────────────────────────────────────────────────────────────────────────────────────────────────────────────────────────╮[39m
[38;5;59m│[39m                                                                                                                                                          [38;5;59m│[39m
[38;5;59m│[39m [1mSelect Model[22m                                                                                                                                             [38;5;59m│[39m
[38;5;59m│[39m                                                                                                                                                          [38;5;59m│[39m
[38;5;59m│[39m   1. Auto (Gemini 3)                                                                                                                                     [38;5;59m│[39m
[38;5;59m│[39m      [38;5;103mLet Gemini CLI decide the best model for the task: gemini-3-pro, gemini-3-flash[39m                                                                     [38;5;59m│[39m
[38;5;59m│[39m [38;5;151m●[39m [38;5;151m2.[39m [38;5;151mAuto (Gemini 2.5)[39m                                                                                                                                   [38;5;59m│[39m
[38;5;59m│[39m      [38;5;103mLet Gemini CLI decide the best model for the task: gemini-2.5-pro, gemini-2.5-flash[39m                                                                 [38;5;59m│[39m
[38;5;59m│[39m   3. Manual                                                                                                                                              [38;5;59m│[39m
[38;5;59m│[39m      [38;5;103mManually select a model[39m                                                                                                                             [38;5;59m│[39m
[38;5;59m│[39m                                                                                                                                                          [38;5;59m│[39m
[38;5;59m│[39m Remember model for future sessions: [38;5;151mfalse[39m                                                                                                                [38;5;59m│[39m
[38;5;59m│[39m [38;5;103m(Press Tab to toggle)[39m                                                                                                                                    [38;5;59m│[39m
[38;5;59m│[39m                                                                                                                                                          [38;5;59m│[39m
[38;5;59m│[39m [38;5;103m> To use a specific Gemini model on startup, use the --model flag.[39m                                                                                       [38;5;59m│[39m
[38;5;59m│[39m                                                                                                                                                          [38;5;59m│[39m
[38;5;59m│[39m [38;5;103m(Press Esc to close)[39m                                                                                                                                     [38;5;59m│[39m
[38;5;59m│[39m                                                                                                                                                          [38;5;59m│[39m
[38;5;59m╰──────────────────────────────────────────────────────────────────────────────────────────────────────────────────────────────────────────────────────────╯[39m
[2K[1A[2K[1A[2K[1A[2K[1A[2K[1A[2K[1A[2K[1A[2K[1A[2K[1A[2K[1A[2K[1A[2K[1A[2K[1A[2K[1A[2K[1A[2K[1A[2K[1A[2K[1A[2K[1A[2K[G[38;5;59m╭──────────────────────────────────────────────────────────────────────────────────────────────────────────────────────────────────────────────────────────╮[39m
[38;5;59m│[39m                                                                                                                                                          [38;5;59m│[39m
[38;5;59m│[39m [1mSelect Model[22m                                                                                                                                             [38;5;59m│[39m
[38;5;59m│[39m                                                                                                                                                          [38;5;59m│[39m
[38;5;59m│[39m   1. Auto (Gemini 3)                                                                                                                                     [38;5;59m│[39m
[38;5;59m│[39m      [38;5;103mLet Gemini CLI decide the best model for the task: gemini-3-pro, gemini-3-flash[39m                                                                     [38;5;59m│[39m
[38;5;59m│[39m   2. Auto (Gemini 2.5)                                                                                                                                   [38;5;59m│[39m
[38;5;59m│[39m      [38;5;103mLet Gemini CLI decide the best model for the task: gemini-2.5-pro, gemini-2.5-flash[39m                                                                 [38;5;59m│[39m
[38;5;59m│[39m [38;5;151m●[39m [38;5;151m3.[39m [38;5;151mManual[39m                                                                                                                                              [38;5;59m│[39m
[38;5;59m│[39m      [38;5;103mManually select a model[39m                                                                                                                             [38;5;59m│[39m
[38;5;59m│[39m                                                                                                                                                          [38;5;59m│[39m
[38;5;59m│[39m Remember model for future sessions: [38;5;151mfalse[39m                                                                                                                [38;5;59m│[39m
[38;5;59m│[39m [38;5;103m(Press Tab to toggle)[39m                                                                                                                                    [38;5;59m│[39m
[38;5;59m│[39m                                                                                                                                                          [38;5;59m│[39m
[38;5;59m│[39m [38;5;103m> To use a specific Gemini model on startup, use the --model flag.[39m                                                                                       [38;5;59m│[39m
[38;5;59m│[39m                                                                                                                                                          [38;5;59m│[39m
[38;5;59m│[39m [38;5;103m(Press Esc to close)[39m                                                                                                                                     [38;5;59m│[39m
[38;5;59m│[39m                                                                                                                                                          [38;5;59m│[39m
[38;5;59m╰──────────────────────────────────────────────────────────────────────────────────────────────────────────────────────────────────────────────────────────╯[39m
[2K[1A[2K[1A[2K[1A[2K[1A[2K[1A[2K[1A[2K[1A[2K[1A[2K[1A[2K[1A[2K[1A[2K[1A[2K[1A[2K[1A[2K[1A[2K[1A[2K[1A[2K[1A[2K[1A[2K[G[38;5;59m╭──────────────────────────────────────────────────────────────────────────────────────────────────────────────────────────────────────────────────────────╮[39m
[38;5;59m│[39m                                                                                                                                                          [38;5;59m│[39m
[38;5;59m│[39m [1mSelect Model[22m                                                                                                                                             [38;5;59m│[39m
[38;5;59m│[39m                                                                                                                                                          [38;5;59m│[39m
[38;5;59m│[39m [38;5;151m●[39m [38;5;151m1.[39m [38;5;151mgemini-3-pro-preview[39m                                                                                                                                [38;5;59m│[39m
[38;5;59m│[39m   2. gemini-3-flash-preview                                                                                                                              [38;5;59m│[39m
[38;5;59m│[39m   3. gemini-2.5-pro                                                                                                                                      [38;5;59m│[39m
[38;5;59m│[39m   4. gemini-2.5-flash                                                                                                                                    [38;5;59m│[39m
[38;5;59m│[39m   5. gemini-2.5-flash-lite                                                                                                                               [38;5;59m│[39m
[38;5;59m│[39m                                                                                                                                                          [38;5;59m│[39m
[38;5;59m│[39m Remember model for future sessions: [38;5;151mfalse[39m                                                                                                                [38;5;59m│[39m
[38;5;59m│[39m [38;5;103m(Press Tab to toggle)[39m                                                                                                                                    [38;5;59m│[39m
[38;5;59m│[39m                                                                                                                                                          [38;5;59m│[39m
[38;5;59m│[39m [38;5;103m> To use a specific Gemini model on startup, use the --model flag.[39m                                                                                       [38;5;59m│[39m
[38;5;59m│[39m                                                                                                                                                          [38;5;59m│[39m
[38;5;59m│[39m [38;5;103m(Press Esc to close)[39m                                                                                                                                     [38;5;59m│[39m
[38;5;59m│[39m                                                                                                                                                          [38;5;59m│[39m
[38;5;59m╰──────────────────────────────────────────────────────────────────────────────────────────────────────────────────────────────────────────────────────────╯[39m
[2K[1A[2K[1A[2K[1A[2K[1A[2K[1A[2K[1A[2K[1A[2K[1A[2K[1A[2K[1A[2K[1A[2K[1A[2K[1A[2K[1A[2K[1A[2K[1A[2K[1A[2K[1A[2K[G[38;5;59m╭──────────────────────────────────────────────────────────────────────────────────────────────────────────────────────────────────────────────────────────╮[39m
[38;5;59m│[39m                                                                                                                                                          [38;5;59m│[39m
[38;5;59m│[39m [1mSelect Model[22m                                                                                                                                             [38;5;59m│[39m
[38;5;59m│[39m                                                                                                                                                          [38;5;59m│[39m
[38;5;59m│[39m   1. gemini-3-pro-preview                                                                                                                                [38;5;59m│[39m
[38;5;59m│[39m [38;5;151m●[39m [38;5;151m2.[39m [38;5;151mgemini-3-flash-preview[39m                                                                                                                              [38;5;59m│[39m
[38;5;59m│[39m   3. gemini-2.5-pro                                                                                                                                      [38;5;59m│[39m
[38;5;59m│[39m   4. gemini-2.5-flash                                                                                                                                    [38;5;59m│[39m
[38;5;59m│[39m   5. gemini-2.5-flash-lite                                                                                                                               [38;5;59m│[39m
[38;5;59m│[39m                                                                                                                                                          [38;5;59m│[39m
[38;5;59m│[39m Remember model for future sessions: [38;5;151mfalse[39m                                                                                                                [38;5;59m│[39m
[38;5;59m│[39m [38;5;103m(Press Tab to toggle)[39m                                                                                                                                    [38;5;59m│[39m
[38;5;59m│[39m                                                                                                                                                          [38;5;59m│[39m
[38;5;59m│[39m [38;5;103m> To use a specific Gemini model on startup, use the --model flag.[39m                                                                                       [38;5;59m│[39m
[38;5;59m│[39m                                                                                                                                                          [38;5;59m│[39m
[38;5;59m│[39m [38;5;103m(Press Esc to close)[39m                                                                                                                                     [38;5;59m│[39m
[38;5;59m│[39m                                                                                                                                                          [38;5;59m│[39m
[38;5;59m╰──────────────────────────────────────────────────────────────────────────────────────────────────────────────────────────────────────────────────────────╯[39m
[2K[1A[2K[1A[2K[1A[2K[1A[2K[1A[2K[1A[2K[1A[2K[1A[2K[1A[2K[1A[2K[1A[2K[1A[2K[1A[2K[1A[2K[1A[2K[1A[2K[1A[2K[1A[2K[G
                                                                                                                                           [38;5;103m ? for shortcuts [39m
[38;5;59m────────────────────────────────────────────────────────────────────────────────────────────────────────────────────────────────────────────────────────────[39m
 [38;5;217mYOLO[38;5;103m ctrl+y[39m                                                                                                                               [38;5;103m1 GEMINI.md file[39m
[38;5;217m────────────────────────────────────────────────────────────────────────────────────────────────────────────────────────────────────────────────────────────[39m
 [38;5;217m* [39m[7m [27m[38;5;103m Type your message or @path/to/file[39m
[38;5;217m────────────────────────────────────────────────────────────────────────────────────────────────────────────────────────────────────────────────────────────[39m
 /mnt/.../chojn/projects/kanbanAgents[38;5;103m (main*)[39m                             [38;5;217mno sandbox[38;5;103m (see /docs)[39m                              [38;5;103m/model [39mgemini-3-flash-preview
[3A[4G[3B[2K[1A[2K[1A[2K[1A[2K[1A[2K[1A[2K[1A[2K[1A[2K[1A[2K[G
                                                                                                                                           [38;5;103m ? for shortcuts [39m
[38;5;59m────────────────────────────────────────────────────────────────────────────────────────────────────────────────────────────────────────────────────────────[39m
 [38;5;217mYOLO[38;5;103m ctrl+y[39m                                                                                                                               [38;5;103m1 GEMINI.md file[39m
[38;5;217m────────────────────────────────────────────────────────────────────────────────────────────────────────────────────────────────────────────────────────────[39m
 [38;5;217m* [39my[7m [27m
[38;5;217m────────────────────────────────────────────────────────────────────────────────────────────────────────────────────────────────────────────────────────────[39m
 /mnt/.../chojn/projects/kanbanAgents[38;5;103m (main*)[39m                             [38;5;217mno sandbox[38;5;103m (see /docs)[39m                              [38;5;103m/model [39mgemini-3-flash-preview
[3A[5G[3B[2K[1A[2K[1A[2K[1A[2K[1A[2K[1A[2K[1A[2K[1A[2K[1A[2K[G
                                                                                                                                           [38;5;103m ? for shortcuts [39m
[38;5;59m────────────────────────────────────────────────────────────────────────────────────────────────────────────────────────────────────────────────────────────[39m
 [38;5;217mYOLO[38;5;103m ctrl+y[39m                                                                                                                               [38;5;103m1 GEMINI.md file[39m
[38;5;217m────────────────────────────────────────────────────────────────────────────────────────────────────────────────────────────────────────────────────────────[39m
 [38;5;217m* [39myo[7m [27m
[38;5;217m────────────────────────────────────────────────────────────────────────────────────────────────────────────────────────────────────────────────────────────[39m
 /mnt/.../chojn/projects/kanbanAgents[38;5;103m (main*)[39m                             [38;5;217mno sandbox[38;5;103m (see /docs)[39m                              [38;5;103m/model [39mgemini-3-flash-preview
[3A[6G[3B[2K[1A[2K[1A[2K[1A[2K[1A[2K[1A[2K[1A[2K[1A[2K[1A[2K[G
                                                                                                                                           [38;5;103m ? for shortcuts [39m
[38;5;59m────────────────────────────────────────────────────────────────────────────────────────────────────────────────────────────────────────────────────────────[39m
 [38;5;217mYOLO[38;5;103m ctrl+y[39m                                                                                                                               [38;5;103m1 GEMINI.md file[39m
[38;5;217m────────────────────────────────────────────────────────────────────────────────────────────────────────────────────────────────────────────────────────────[39m
 [38;5;217m* [39myou[7m [27m
[38;5;217m────────────────────────────────────────────────────────────────────────────────────────────────────────────────────────────────────────────────────────────[39m
 /mnt/.../chojn/projects/kanbanAgents[38;5;103m (main*)[39m                             [38;5;217mno sandbox[38;5;103m (see /docs)[39m                              [38;5;103m/model [39mgemini-3-flash-preview
[3A[7G[3B[2K[1A[2K[1A[2K[1A[2K[1A[2K[1A[2K[1A[2K[1A[2K[1A[2K[G
                                                                                                                                           [38;5;103m ? for shortcuts [39m
[38;5;59m────────────────────────────────────────────────────────────────────────────────────────────────────────────────────────────────────────────────────────────[39m
 [38;5;217mYOLO[38;5;103m ctrl+y[39m                                                                                                                               [38;5;103m1 GEMINI.md file[39m
[38;5;217m────────────────────────────────────────────────────────────────────────────────────────────────────────────────────────────────────────────────────────────[39m
 [38;5;217m* [39myour[7m [27m
[38;5;217m────────────────────────────────────────────────────────────────────────────────────────────────────────────────────────────────────────────────────────────[39m
 /mnt/.../chojn/projects/kanbanAgents[38;5;103m (main*)[39m                             [38;5;217mno sandbox[38;5;103m (see /docs)[39m                              [38;5;103m/model [39mgemini-3-flash-preview
[3A[8G[3B[2K[1A[2K[1A[2K[1A[2K[1A[2K[1A[2K[1A[2K[1A[2K[1A[2K[G
                                                                                                                                           [38;5;103m ? for shortcuts [39m
[38;5;59m────────────────────────────────────────────────────────────────────────────────────────────────────────────────────────────────────────────────────────────[39m
 [38;5;217mYOLO[38;5;103m ctrl+y[39m                                                                                                                               [38;5;103m1 GEMINI.md file[39m
[38;5;217m────────────────────────────────────────────────────────────────────────────────────────────────────────────────────────────────────────────────────────────[39m
 [38;5;217m* [39myour [7m [27m
[38;5;217m────────────────────────────────────────────────────────────────────────────────────────────────────────────────────────────────────────────────────────────[39m
 /mnt/.../chojn/projects/kanbanAgents[38;5;103m (main*)[39m                             [38;5;217mno sandbox[38;5;103m (see /docs)[39m                              [38;5;103m/model [39mgemini-3-flash-preview
[3A[9G[3B[2K[1A[2K[1A[2K[1A[2K[1A[2K[1A[2K[1A[2K[1A[2K[1A[2K[G
                                                                                                                                           [38;5;103m ? for shortcuts [39m
[38;5;59m────────────────────────────────────────────────────────────────────────────────────────────────────────────────────────────────────────────────────────────[39m
 [38;5;217mYOLO[38;5;103m ctrl+y[39m                                                                                                                               [38;5;103m1 GEMINI.md file[39m
[38;5;217m────────────────────────────────────────────────────────────────────────────────────────────────────────────────────────────────────────────────────────────[39m
 [38;5;217m* [39myour t[7m [27m
[38;5;217m────────────────────────────────────────────────────────────────────────────────────────────────────────────────────────────────────────────────────────────[39m
 /mnt/.../chojn/projects/kanbanAgents[38;5;103m (main*)[39m                             [38;5;217mno sandbox[38;5;103m (see /docs)[39m                              [38;5;103m/model [39mgemini-3-flash-preview
[3A[10G[3B[2K[1A[2K[1A[2K[1A[2K[1A[2K[1A[2K[1A[2K[1A[2K[1A[2K[G
                                                                                                                                           [38;5;103m ? for shortcuts [39m
[38;5;59m────────────────────────────────────────────────────────────────────────────────────────────────────────────────────────────────────────────────────────────[39m
 [38;5;217mYOLO[38;5;103m ctrl+y[39m                                                                                                                               [38;5;103m1 GEMINI.md file[39m
[38;5;217m────────────────────────────────────────────────────────────────────────────────────────────────────────────────────────────────────────────────────────────[39m
 [38;5;217m* [39myour ta[7m [27m
[38;5;217m────────────────────────────────────────────────────────────────────────────────────────────────────────────────────────────────────────────────────────────[39m
 /mnt/.../chojn/projects/kanbanAgents[38;5;103m (main*)[39m                             [38;5;217mno sandbox[38;5;103m (see /docs)[39m                              [38;5;103m/model [39mgemini-3-flash-preview
[3A[11G[3B[2K[1A[2K[1A[2K[1A[2K[1A[2K[1A[2K[1A[2K[1A[2K[1A[2K[G
                                                                                                                                           [38;5;103m ? for shortcuts [39m
[38;5;59m────────────────────────────────────────────────────────────────────────────────────────────────────────────────────────────────────────────────────────────[39m
 [38;5;217mYOLO[38;5;103m ctrl+y[39m                                                                                                                               [38;5;103m1 GEMINI.md file[39m
[38;5;217m────────────────────────────────────────────────────────────────────────────────────────────────────────────────────────────────────────────────────────────[39m
 [38;5;217m* [39myour tas[7m [27m
[38;5;217m────────────────────────────────────────────────────────────────────────────────────────────────────────────────────────────────────────────────────────────[39m
 /mnt/.../chojn/projects/kanbanAgents[38;5;103m (main*)[39m                             [38;5;217mno sandbox[38;5;103m (see /docs)[39m                              [38;5;103m/model [39mgemini-3-flash-preview
[3A[12G[3B[2K[1A[2K[1A[2K[1A[2K[1A[2K[1A[2K[1A[2K[1A[2K[1A[2K[G
                                                                                                                                           [38;5;103m ? for shortcuts [39m
[38;5;59m────────────────────────────────────────────────────────────────────────────────────────────────────────────────────────────────────────────────────────────[39m
 [38;5;217mYOLO[38;5;103m ctrl+y[39m                                                                                                                               [38;5;103m1 GEMINI.md file[39m
[38;5;217m────────────────────────────────────────────────────────────────────────────────────────────────────────────────────────────────────────────────────────────[39m
 [38;5;217m* [39myour task[7m [27m
[38;5;217m────────────────────────────────────────────────────────────────────────────────────────────────────────────────────────────────────────────────────────────[39m
 /mnt/.../chojn/projects/kanbanAgents[38;5;103m (main*)[39m                             [38;5;217mno sandbox[38;5;103m (see /docs)[39m                              [38;5;103m/model [39mgemini-3-flash-preview
[3A[13G[3B[2K[1A[2K[1A[2K[1A[2K[1A[2K[1A[2K[1A[2K[1A[2K[1A[2K[G
                                                                                                                                           [38;5;103m ? for shortcuts [39m
[38;5;59m────────────────────────────────────────────────────────────────────────────────────────────────────────────────────────────────────────────────────────────[39m
 [38;5;217mYOLO[38;5;103m ctrl+y[39m                                                                                                                               [38;5;103m1 GEMINI.md file[39m
[38;5;217m────────────────────────────────────────────────────────────────────────────────────────────────────────────────────────────────────────────────────────────[39m
 [38;5;217m* [39myour task [7m [27m
[38;5;217m────────────────────────────────────────────────────────────────────────────────────────────────────────────────────────────────────────────────────────────[39m
 /mnt/.../chojn/projects/kanbanAgents[38;5;103m (main*)[39m                             [38;5;217mno sandbox[38;5;103m (see /docs)[39m                              [38;5;103m/model [39mgemini-3-flash-preview
[3A[14G[3B[2K[1A[2K[1A[2K[1A[2K[1A[2K[1A[2K[1A[2K[1A[2K[1A[2K[G
                                                                                                                                           [38;5;103m ? for shortcuts [39m
[38;5;59m────────────────────────────────────────────────────────────────────────────────────────────────────────────────────────────────────────────────────────────[39m
 [38;5;217mYOLO[38;5;103m ctrl+y[39m                                                                                                                               [38;5;103m1 GEMINI.md file[39m
[38;5;217m────────────────────────────────────────────────────────────────────────────────────────────────────────────────────────────────────────────────────────────[39m
 [38;5;217m* [39myour task i[7m [27m
[38;5;217m────────────────────────────────────────────────────────────────────────────────────────────────────────────────────────────────────────────────────────────[39m
 /mnt/.../chojn/projects/kanbanAgents[38;5;103m (main*)[39m                             [38;5;217mno sandbox[38;5;103m (see /docs)[39m                              [38;5;103m/model [39mgemini-3-flash-preview
[3A[15G[3B[2K[1A[2K[1A[2K[1A[2K[1A[2K[1A[2K[1A[2K[1A[2K[1A[2K[G
                                                                                                                                           [38;5;103m ? for shortcuts [39m
[38;5;59m────────────────────────────────────────────────────────────────────────────────────────────────────────────────────────────────────────────────────────────[39m
 [38;5;217mYOLO[38;5;103m ctrl+y[39m                                                                                                                               [38;5;103m1 GEMINI.md file[39m
[38;5;217m────────────────────────────────────────────────────────────────────────────────────────────────────────────────────────────────────────────────────────────[39m
 [38;5;217m* [39myour task is[7m [27m
[38;5;217m────────────────────────────────────────────────────────────────────────────────────────────────────────────────────────────────────────────────────────────[39m
 /mnt/.../chojn/projects/kanbanAgents[38;5;103m (main*)[39m                             [38;5;217mno sandbox[38;5;103m (see /docs)[39m                              [38;5;103m/model [39mgemini-3-flash-preview
[3A[16G[3B[2K[1A[2K[1A[2K[1A[2K[1A[2K[1A[2K[1A[2K[1A[2K[1A[2K[G
                                                                                                                                           [38;5;103m ? for shortcuts [39m
[38;5;59m────────────────────────────────────────────────────────────────────────────────────────────────────────────────────────────────────────────────────────────[39m
 [38;5;217mYOLO[38;5;103m ctrl+y[39m                                                                                                                               [38;5;103m1 GEMINI.md file[39m
[38;5;217m────────────────────────────────────────────────────────────────────────────────────────────────────────────────────────────────────────────────────────────[39m
 [38;5;217m* [39myour task is [7m [27m
[38;5;217m────────────────────────────────────────────────────────────────────────────────────────────────────────────────────────────────────────────────────────────[39m
 /mnt/.../chojn/projects/kanbanAgents[38;5;103m (main*)[39m                             [38;5;217mno sandbox[38;5;103m (see /docs)[39m                              [38;5;103m/model [39mgemini-3-flash-preview
[3A[17G[3B[2K[1A[2K[1A[2K[1A[2K[1A[2K[1A[2K[1A[2K[1A[2K[1A[2K[G
                                                                                                                                           [38;5;103m ? for shortcuts [39m
[38;5;59m────────────────────────────────────────────────────────────────────────────────────────────────────────────────────────────────────────────────────────────[39m
 [38;5;217mYOLO[38;5;103m ctrl+y[39m                                                                                                                               [38;5;103m1 GEMINI.md file[39m
[38;5;217m────────────────────────────────────────────────────────────────────────────────────────────────────────────────────────────────────────────────────────────[39m
 [38;5;217m* [39myour task is t[7m [27m
[38;5;217m────────────────────────────────────────────────────────────────────────────────────────────────────────────────────────────────────────────────────────────[39m
 /mnt/.../chojn/projects/kanbanAgents[38;5;103m (main*)[39m                             [38;5;217mno sandbox[38;5;103m (see /docs)[39m                              [38;5;103m/model [39mgemini-3-flash-preview
[3A[18G[3B[2K[1A[2K[1A[2K[1A[2K[1A[2K[1A[2K[1A[2K[1A[2K[1A[2K[G
                                                                                                                                           [38;5;103m ? for shortcuts [39m
[38;5;59m────────────────────────────────────────────────────────────────────────────────────────────────────────────────────────────────────────────────────────────[39m
 [38;5;217mYOLO[38;5;103m ctrl+y[39m                                                                                                                               [38;5;103m1 GEMINI.md file[39m
[38;5;217m────────────────────────────────────────────────────────────────────────────────────────────────────────────────────────────────────────────────────────────[39m
 [38;5;217m* [39myour task is to[7m [27m
[38;5;217m────────────────────────────────────────────────────────────────────────────────────────────────────────────────────────────────────────────────────────────[39m
 /mnt/.../chojn/projects/kanbanAgents[38;5;103m (main*)[39m                             [38;5;217mno sandbox[38;5;103m (see /docs)[39m                              [38;5;103m/model [39mgemini-3-flash-preview
[3A[19G[3B[2K[1A[2K[1A[2K[1A[2K[1A[2K[1A[2K[1A[2K[1A[2K[1A[2K[G
                                                                                                                                           [38;5;103m ? for shortcuts [39m
[38;5;59m────────────────────────────────────────────────────────────────────────────────────────────────────────────────────────────────────────────────────────────[39m
 [38;5;217mYOLO[38;5;103m ctrl+y[39m                                                                                                                               [38;5;103m1 GEMINI.md file[39m
[38;5;217m────────────────────────────────────────────────────────────────────────────────────────────────────────────────────────────────────────────────────────────[39m
 [38;5;217m* [39myour task is to [7m [27m
[38;5;217m────────────────────────────────────────────────────────────────────────────────────────────────────────────────────────────────────────────────────────────[39m
 /mnt/.../chojn/projects/kanbanAgents[38;5;103m (main*)[39m                             [38;5;217mno sandbox[38;5;103m (see /docs)[39m                              [38;5;103m/model [39mgemini-3-flash-preview
[3A[20G[3B[2K[1A[2K[1A[2K[1A[2K[1A[2K[1A[2K[1A[2K[1A[2K[1A[2K[G
                                                                                                                                           [38;5;103m ? for shortcuts [39m
[38;5;59m────────────────────────────────────────────────────────────────────────────────────────────────────────────────────────────────────────────────────────────[39m
 [38;5;217mYOLO[38;5;103m ctrl+y[39m                                                                                                                               [38;5;103m1 GEMINI.md file[39m
[38;5;217m────────────────────────────────────────────────────────────────────────────────────────────────────────────────────────────────────────────────────────────[39m
 [38;5;217m* [39myour task is to d[7m [27m
[38;5;217m────────────────────────────────────────────────────────────────────────────────────────────────────────────────────────────────────────────────────────────[39m
 /mnt/.../chojn/projects/kanbanAgents[38;5;103m (main*)[39m                             [38;5;217mno sandbox[38;5;103m (see /docs)[39m                              [38;5;103m/model [39mgemini-3-flash-preview
[3A[21G[3B[2K[1A[2K[1A[2K[1A[2K[1A[2K[1A[2K[1A[2K[1A[2K[1A[2K[G
                                                                                                                                           [38;5;103m ? for shortcuts [39m
[38;5;59m────────────────────────────────────────────────────────────────────────────────────────────────────────────────────────────────────────────────────────────[39m
 [38;5;217mYOLO[38;5;103m ctrl+y[39m                                                                                                                               [38;5;103m1 GEMINI.md file[39m
[38;5;217m────────────────────────────────────────────────────────────────────────────────────────────────────────────────────────────────────────────────────────────[39m
 [38;5;217m* [39myour task is to de[7m [27m
[38;5;217m────────────────────────────────────────────────────────────────────────────────────────────────────────────────────────────────────────────────────────────[39m
 /mnt/.../chojn/projects/kanbanAgents[38;5;103m (main*)[39m                             [38;5;217mno sandbox[38;5;103m (see /docs)[39m                              [38;5;103m/model [39mgemini-3-flash-preview
[3A[22G[3B[2K[1A[2K[1A[2K[1A[2K[1A[2K[1A[2K[1A[2K[1A[2K[1A[2K[G
                                                                                                                                           [38;5;103m ? for shortcuts [39m
[38;5;59m────────────────────────────────────────────────────────────────────────────────────────────────────────────────────────────────────────────────────────────[39m
 [38;5;217mYOLO[38;5;103m ctrl+y[39m                                                                                                                               [38;5;103m1 GEMINI.md file[39m
[38;5;217m────────────────────────────────────────────────────────────────────────────────────────────────────────────────────────────────────────────────────────────[39m
 [38;5;217m* [39myour task is to dee[7m [27m
[38;5;217m────────────────────────────────────────────────────────────────────────────────────────────────────────────────────────────────────────────────────────────[39m
 /mnt/.../chojn/projects/kanbanAgents[38;5;103m (main*)[39m                             [38;5;217mno sandbox[38;5;103m (see /docs)[39m                              [38;5;103m/model [39mgemini-3-flash-preview
[3A[23G[3B[2K[1A[2K[1A[2K[1A[2K[1A[2K[1A[2K[1A[2K[1A[2K[1A[2K[G
                                                                                                                                           [38;5;103m ? for shortcuts [39m
[38;5;59m────────────────────────────────────────────────────────────────────────────────────────────────────────────────────────────────────────────────────────────[39m
 [38;5;217mYOLO[38;5;103m ctrl+y[39m                                                                                                                               [38;5;103m1 GEMINI.md file[39m
[38;5;217m────────────────────────────────────────────────────────────────────────────────────────────────────────────────────────────────────────────────────────────[39m
 [38;5;217m* [39myour task is to deep[7m [27m
[38;5;217m────────────────────────────────────────────────────────────────────────────────────────────────────────────────────────────────────────────────────────────[39m
 /mnt/.../chojn/projects/kanbanAgents[38;5;103m (main*)[39m                             [38;5;217mno sandbox[38;5;103m (see /docs)[39m                              [38;5;103m/model [39mgemini-3-flash-preview
[3A[24G[3B[2K[1A[2K[1A[2K[1A[2K[1A[2K[1A[2K[1A[2K[1A[2K[1A[2K[G
                                                                                                                                           [38;5;103m ? for shortcuts [39m
[38;5;59m────────────────────────────────────────────────────────────────────────────────────────────────────────────────────────────────────────────────────────────[39m
 [38;5;217mYOLO[38;5;103m ctrl+y[39m                                                                                                                               [38;5;103m1 GEMINI.md file[39m
[38;5;217m────────────────────────────────────────────────────────────────────────────────────────────────────────────────────────────────────────────────────────────[39m
 [38;5;217m* [39myour task is to deep [7m [27m
[38;5;217m────────────────────────────────────────────────────────────────────────────────────────────────────────────────────────────────────────────────────────────[39m
 /mnt/.../chojn/projects/kanbanAgents[38;5;103m (main*)[39m                             [38;5;217mno sandbox[38;5;103m (see /docs)[39m                              [38;5;103m/model [39mgemini-3-flash-preview
[3A[25G[3B[2K[1A[2K[1A[2K[1A[2K[1A[2K[1A[2K[1A[2K[1A[2K[1A[2K[G
                                                                                                                                           [38;5;103m ? for shortcuts [39m
[38;5;59m────────────────────────────────────────────────────────────────────────────────────────────────────────────────────────────────────────────────────────────[39m
 [38;5;217mYOLO[38;5;103m ctrl+y[39m                                                                                                                               [38;5;103m1 GEMINI.md file[39m
[38;5;217m────────────────────────────────────────────────────────────────────────────────────────────────────────────────────────────────────────────────────────────[39m
 [38;5;217m* [39myour task is to deep t[7m [27m
[38;5;217m────────────────────────────────────────────────────────────────────────────────────────────────────────────────────────────────────────────────────────────[39m
 /mnt/.../chojn/projects/kanbanAgents[38;5;103m (main*)[39m                             [38;5;217mno sandbox[38;5;103m (see /docs)[39m                              [38;5;103m/model [39mgemini-3-flash-preview
[3A[26G[3B[2K[1A[2K[1A[2K[1A[2K[1A[2K[1A[2K[1A[2K[1A[2K[1A[2K[G
                                                                                                                                           [38;5;103m ? for shortcuts [39m
[38;5;59m────────────────────────────────────────────────────────────────────────────────────────────────────────────────────────────────────────────────────────────[39m
 [38;5;217mYOLO[38;5;103m ctrl+y[39m                                                                                                                               [38;5;103m1 GEMINI.md file[39m
[38;5;217m────────────────────────────────────────────────────────────────────────────────────────────────────────────────────────────────────────────────────────────[39m
 [38;5;217m* [39myour task is to deep th[7m [27m
[38;5;217m────────────────────────────────────────────────────────────────────────────────────────────────────────────────────────────────────────────────────────────[39m
 /mnt/.../chojn/projects/kanbanAgents[38;5;103m (main*)[39m                             [38;5;217mno sandbox[38;5;103m (see /docs)[39m                              [38;5;103m/model [39mgemini-3-flash-preview
[3A[27G[3B[2K[1A[2K[1A[2K[1A[2K[1A[2K[1A[2K[1A[2K[1A[2K[1A[2K[G
                                                                                                                                           [38;5;103m ? for shortcuts [39m
[38;5;59m────────────────────────────────────────────────────────────────────────────────────────────────────────────────────────────────────────────────────────────[39m
 [38;5;217mYOLO[38;5;103m ctrl+y[39m                                                                                                                               [38;5;103m1 GEMINI.md file[39m
[38;5;217m────────────────────────────────────────────────────────────────────────────────────────────────────────────────────────────────────────────────────────────[39m
 [38;5;217m* [39myour task is to deep thi[7m [27m
[38;5;217m────────────────────────────────────────────────────────────────────────────────────────────────────────────────────────────────────────────────────────────[39m
 /mnt/.../chojn/projects/kanbanAgents[38;5;103m (main*)[39m                             [38;5;217mno sandbox[38;5;103m (see /docs)[39m                              [38;5;103m/model [39mgemini-3-flash-preview
[3A[28G[3B[2K[1A[2K[1A[2K[1A[2K[1A[2K[1A[2K[1A[2K[1A[2K[1A[2K[G
                                                                                                                                           [38;5;103m ? for shortcuts [39m
[38;5;59m────────────────────────────────────────────────────────────────────────────────────────────────────────────────────────────────────────────────────────────[39m
 [38;5;217mYOLO[38;5;103m ctrl+y[39m                                                                                                                               [38;5;103m1 GEMINI.md file[39m
[38;5;217m────────────────────────────────────────────────────────────────────────────────────────────────────────────────────────────────────────────────────────────[39m
 [38;5;217m* [39myour task is to deep thin[7m [27m
[38;5;217m────────────────────────────────────────────────────────────────────────────────────────────────────────────────────────────────────────────────────────────[39m
 /mnt/.../chojn/projects/kanbanAgents[38;5;103m (main*)[39m                             [38;5;217mno sandbox[38;5;103m (see /docs)[39m                              [38;5;103m/model [39mgemini-3-flash-preview
[3A[29G[3B[2K[1A[2K[1A[2K[1A[2K[1A[2K[1A[2K[1A[2K[1A[2K[1A[2K[G
                                                                                                                                           [38;5;103m ? for shortcuts [39m
[38;5;59m────────────────────────────────────────────────────────────────────────────────────────────────────────────────────────────────────────────────────────────[39m
 [38;5;217mYOLO[38;5;103m ctrl+y[39m                                                                                                                               [38;5;103m1 GEMINI.md file[39m
[38;5;217m────────────────────────────────────────────────────────────────────────────────────────────────────────────────────────────────────────────────────────────[39m
 [38;5;217m* [39myour task is to deep think[7m [27m
[38;5;217m────────────────────────────────────────────────────────────────────────────────────────────────────────────────────────────────────────────────────────────[39m
 /mnt/.../chojn/projects/kanbanAgents[38;5;103m (main*)[39m                             [38;5;217mno sandbox[38;5;103m (see /docs)[39m                              [38;5;103m/model [39mgemini-3-flash-preview
[3A[30G[3B[2K[1A[2K[1A[2K[1A[2K[1A[2K[1A[2K[1A[2K[1A[2K[1A[2K[G
                                                                                                                                           [38;5;103m ? for shortcuts [39m
[38;5;59m────────────────────────────────────────────────────────────────────────────────────────────────────────────────────────────────────────────────────────────[39m
 [38;5;217mYOLO[38;5;103m ctrl+y[39m                                                                                                                               [38;5;103m1 GEMINI.md file[39m
[38;5;217m────────────────────────────────────────────────────────────────────────────────────────────────────────────────────────────────────────────────────────────[39m
 [38;5;217m* [39myour task is to deep think [7m [27m
[38;5;217m────────────────────────────────────────────────────────────────────────────────────────────────────────────────────────────────────────────────────────────[39m
 /mnt/.../chojn/projects/kanbanAgents[38;5;103m (main*)[39m                             [38;5;217mno sandbox[38;5;103m (see /docs)[39m                              [38;5;103m/model [39mgemini-3-flash-preview
[3A[31G[3B[2K[1A[2K[1A[2K[1A[2K[1A[2K[1A[2K[1A[2K[1A[2K[1A[2K[G
                                                                                                                                           [38;5;103m ? for shortcuts [39m
[38;5;59m────────────────────────────────────────────────────────────────────────────────────────────────────────────────────────────────────────────────────────────[39m
 [38;5;217mYOLO[38;5;103m ctrl+y[39m                                                                                                                               [38;5;103m1 GEMINI.md file[39m
[38;5;217m────────────────────────────────────────────────────────────────────────────────────────────────────────────────────────────────────────────────────────────[39m
 [38;5;217m* [39myour task is to deep think a[7m [27m
[38;5;217m────────────────────────────────────────────────────────────────────────────────────────────────────────────────────────────────────────────────────────────[39m
 /mnt/.../chojn/projects/kanbanAgents[38;5;103m (main*)[39m                             [38;5;217mno sandbox[38;5;103m (see /docs)[39m                              [38;5;103m/model [39mgemini-3-flash-preview
[3A[32G[3B[2K[1A[2K[1A[2K[1A[2K[1A[2K[1A[2K[1A[2K[1A[2K[1A[2K[G
                                                                                                                                           [38;5;103m ? for shortcuts [39m
[38;5;59m────────────────────────────────────────────────────────────────────────────────────────────────────────────────────────────────────────────────────────────[39m
 [38;5;217mYOLO[38;5;103m ctrl+y[39m                                                                                                                               [38;5;103m1 GEMINI.md file[39m
[38;5;217m────────────────────────────────────────────────────────────────────────────────────────────────────────────────────────────────────────────────────────────[39m
 [38;5;217m* [39myour task is to deep think an[7m [27m
[38;5;217m────────────────────────────────────────────────────────────────────────────────────────────────────────────────────────────────────────────────────────────[39m
 /mnt/.../chojn/projects/kanbanAgents[38;5;103m (main*)[39m                             [38;5;217mno sandbox[38;5;103m (see /docs)[39m                              [38;5;103m/model [39mgemini-3-flash-preview
[3A[33G[3B[2K[1A[2K[1A[2K[1A[2K[1A[2K[1A[2K[1A[2K[1A[2K[1A[2K[G
                                                                                                                                           [38;5;103m ? for shortcuts [39m
[38;5;59m────────────────────────────────────────────────────────────────────────────────────────────────────────────────────────────────────────────────────────────[39m
 [38;5;217mYOLO[38;5;103m ctrl+y[39m                                                                                                                               [38;5;103m1 GEMINI.md file[39m
[38;5;217m────────────────────────────────────────────────────────────────────────────────────────────────────────────────────────────────────────────────────────────[39m
 [38;5;217m* [39myour task is to deep think and[7m [27m
[38;5;217m────────────────────────────────────────────────────────────────────────────────────────────────────────────────────────────────────────────────────────────[39m
 /mnt/.../chojn/projects/kanbanAgents[38;5;103m (main*)[39m                             [38;5;217mno sandbox[38;5;103m (see /docs)[39m                              [38;5;103m/model [39mgemini-3-flash-preview
[3A[34G[3B[2K[1A[2K[1A[2K[1A[2K[1A[2K[1A[2K[1A[2K[1A[2K[1A[2K[G
                                                                                                                                           [38;5;103m ? for shortcuts [39m
[38;5;59m────────────────────────────────────────────────────────────────────────────────────────────────────────────────────────────────────────────────────────────[39m
 [38;5;217mYOLO[38;5;103m ctrl+y[39m                                                                                                                               [38;5;103m1 GEMINI.md file[39m
[38;5;217m────────────────────────────────────────────────────────────────────────────────────────────────────────────────────────────────────────────────────────────[39m
 [38;5;217m* [39myour task is to deep think and [7m [27m
[38;5;217m────────────────────────────────────────────────────────────────────────────────────────────────────────────────────────────────────────────────────────────[39m
 /mnt/.../chojn/projects/kanbanAgents[38;5;103m (main*)[39m                             [38;5;217mno sandbox[38;5;103m (see /docs)[39m                              [38;5;103m/model [39mgemini-3-flash-preview
[3A[35G[3B[2K[1A[2K[1A[2K[1A[2K[1A[2K[1A[2K[1A[2K[1A[2K[1A[2K[G
                                                                                                                                           [38;5;103m ? for shortcuts [39m
[38;5;59m────────────────────────────────────────────────────────────────────────────────────────────────────────────────────────────────────────────────────────────[39m
 [38;5;217mYOLO[38;5;103m ctrl+y[39m                                                                                                                               [38;5;103m1 GEMINI.md file[39m
[38;5;217m────────────────────────────────────────────────────────────────────────────────────────────────────────────────────────────────────────────────────────────[39m
 [38;5;217m* [39myour task is to deep think and p[7m [27m
[38;5;217m────────────────────────────────────────────────────────────────────────────────────────────────────────────────────────────────────────────────────────────[39m
 /mnt/.../chojn/projects/kanbanAgents[38;5;103m (main*)[39m                             [38;5;217mno sandbox[38;5;103m (see /docs)[39m                              [38;5;103m/model [39mgemini-3-flash-preview
[3A[36G[3B[2K[1A[2K[1A[2K[1A[2K[1A[2K[1A[2K[1A[2K[1A[2K[1A[2K[G
                                                                                                                                           [38;5;103m ? for shortcuts [39m
[38;5;59m────────────────────────────────────────────────────────────────────────────────────────────────────────────────────────────────────────────────────────────[39m
 [38;5;217mYOLO[38;5;103m ctrl+y[39m                                                                                                                               [38;5;103m1 GEMINI.md file[39m
[38;5;217m────────────────────────────────────────────────────────────────────────────────────────────────────────────────────────────────────────────────────────────[39m
 [38;5;217m* [39myour task is to deep think and pr[7m [27m
[38;5;217m────────────────────────────────────────────────────────────────────────────────────────────────────────────────────────────────────────────────────────────[39m
 /mnt/.../chojn/projects/kanbanAgents[38;5;103m (main*)[39m                             [38;5;217mno sandbox[38;5;103m (see /docs)[39m                              [38;5;103m/model [39mgemini-3-flash-preview
[3A[37G[3B[2K[1A[2K[1A[2K[1A[2K[1A[2K[1A[2K[1A[2K[1A[2K[1A[2K[G
                                                                                                                                           [38;5;103m ? for shortcuts [39m
[38;5;59m────────────────────────────────────────────────────────────────────────────────────────────────────────────────────────────────────────────────────────────[39m
 [38;5;217mYOLO[38;5;103m ctrl+y[39m                                                                                                                               [38;5;103m1 GEMINI.md file[39m
[38;5;217m────────────────────────────────────────────────────────────────────────────────────────────────────────────────────────────────────────────────────────────[39m
 [38;5;217m* [39myour task is to deep think and pre[7m [27m
[38;5;217m────────────────────────────────────────────────────────────────────────────────────────────────────────────────────────────────────────────────────────────[39m
 /mnt/.../chojn/projects/kanbanAgents[38;5;103m (main*)[39m                             [38;5;217mno sandbox[38;5;103m (see /docs)[39m                              [38;5;103m/model [39mgemini-3-flash-preview
[3A[38G[3B[2K[1A[2K[1A[2K[1A[2K[1A[2K[1A[2K[1A[2K[1A[2K[1A[2K[G
                                                                                                                                           [38;5;103m ? for shortcuts [39m
[38;5;59m────────────────────────────────────────────────────────────────────────────────────────────────────────────────────────────────────────────────────────────[39m
 [38;5;217mYOLO[38;5;103m ctrl+y[39m                                                                                                                               [38;5;103m1 GEMINI.md file[39m
[38;5;217m────────────────────────────────────────────────────────────────────────────────────────────────────────────────────────────────────────────────────────────[39m
 [38;5;217m* [39myour task is to deep think and prep[7m [27m
[38;5;217m────────────────────────────────────────────────────────────────────────────────────────────────────────────────────────────────────────────────────────────[39m
 /mnt/.../chojn/projects/kanbanAgents[38;5;103m (main*)[39m                             [38;5;217mno sandbox[38;5;103m (see /docs)[39m                              [38;5;103m/model [39mgemini-3-flash-preview
[3A[39G[3B[2K[1A[2K[1A[2K[1A[2K[1A[2K[1A[2K[1A[2K[1A[2K[1A[2K[G
                                                                                                                                           [38;5;103m ? for shortcuts [39m
[38;5;59m────────────────────────────────────────────────────────────────────────────────────────────────────────────────────────────────────────────────────────────[39m
 [38;5;217mYOLO[38;5;103m ctrl+y[39m                                                                                                                               [38;5;103m1 GEMINI.md file[39m
[38;5;217m────────────────────────────────────────────────────────────────────────────────────────────────────────────────────────────────────────────────────────────[39m
 [38;5;217m* [39myour task is to deep think and prepa[7m [27m
[38;5;217m────────────────────────────────────────────────────────────────────────────────────────────────────────────────────────────────────────────────────────────[39m
 /mnt/.../chojn/projects/kanbanAgents[38;5;103m (main*)[39m                             [38;5;217mno sandbox[38;5;103m (see /docs)[39m                              [38;5;103m/model [39mgemini-3-flash-preview
[3A[40G[3B[2K[1A[2K[1A[2K[1A[2K[1A[2K[1A[2K[1A[2K[1A[2K[1A[2K[G
                                                                                                                                           [38;5;103m ? for shortcuts [39m
[38;5;59m────────────────────────────────────────────────────────────────────────────────────────────────────────────────────────────────────────────────────────────[39m
 [38;5;217mYOLO[38;5;103m ctrl+y[39m                                                                                                                               [38;5;103m1 GEMINI.md file[39m
[38;5;217m────────────────────────────────────────────────────────────────────────────────────────────────────────────────────────────────────────────────────────────[39m
 [38;5;217m* [39myour task is to deep think and prepar[7m [27m
[38;5;217m────────────────────────────────────────────────────────────────────────────────────────────────────────────────────────────────────────────────────────────[39m
 /mnt/.../chojn/projects/kanbanAgents[38;5;103m (main*)[39m                             [38;5;217mno sandbox[38;5;103m (see /docs)[39m                              [38;5;103m/model [39mgemini-3-flash-preview
[3A[41G[3B[2K[1A[2K[1A[2K[1A[2K[1A[2K[1A[2K[1A[2K[1A[2K[1A[2K[G
                                                                                                                                           [38;5;103m ? for shortcuts [39m
[38;5;59m────────────────────────────────────────────────────────────────────────────────────────────────────────────────────────────────────────────────────────────[39m
 [38;5;217mYOLO[38;5;103m ctrl+y[39m                                                                                                                               [38;5;103m1 GEMINI.md file[39m
[38;5;217m────────────────────────────────────────────────────────────────────────────────────────────────────────────────────────────────────────────────────────────[39m
 [38;5;217m* [39myour task is to deep think and prepare[7m [27m
[38;5;217m────────────────────────────────────────────────────────────────────────────────────────────────────────────────────────────────────────────────────────────[39m
 /mnt/.../chojn/projects/kanbanAgents[38;5;103m (main*)[39m                             [38;5;217mno sandbox[38;5;103m (see /docs)[39m                              [38;5;103m/model [39mgemini-3-flash-preview
[3A[42G[3B[2K[1A[2K[1A[2K[1A[2K[1A[2K[1A[2K[1A[2K[1A[2K[1A[2K[G
                                                                                                                                           [38;5;103m ? for shortcuts [39m
[38;5;59m────────────────────────────────────────────────────────────────────────────────────────────────────────────────────────────────────────────────────────────[39m
 [38;5;217mYOLO[38;5;103m ctrl+y[39m                                                                                                                               [38;5;103m1 GEMINI.md file[39m
[38;5;217m────────────────────────────────────────────────────────────────────────────────────────────────────────────────────────────────────────────────────────────[39m
 [38;5;217m* [39myour task is to deep think and prepare [7m [27m
[38;5;217m────────────────────────────────────────────────────────────────────────────────────────────────────────────────────────────────────────────────────────────[39m
 /mnt/.../chojn/projects/kanbanAgents[38;5;103m (main*)[39m                             [38;5;217mno sandbox[38;5;103m (see /docs)[39m                              [38;5;103m/model [39mgemini-3-flash-preview
[3A[43G[3B[2K[1A[2K[1A[2K[1A[2K[1A[2K[1A[2K[1A[2K[1A[2K[1A[2K[G
                                                                                                                                           [38;5;103m ? for shortcuts [39m
[38;5;59m────────────────────────────────────────────────────────────────────────────────────────────────────────────────────────────────────────────────────────────[39m
 [38;5;217mYOLO[38;5;103m ctrl+y[39m                                                                                                                               [38;5;103m1 GEMINI.md file[39m
[38;5;217m────────────────────────────────────────────────────────────────────────────────────────────────────────────────────────────────────────────────────────────[39m
 [38;5;217m* [39myour task is to deep think and prepare a[7m [27m
[38;5;217m────────────────────────────────────────────────────────────────────────────────────────────────────────────────────────────────────────────────────────────[39m
 /mnt/.../chojn/projects/kanbanAgents[38;5;103m (main*)[39m                             [38;5;217mno sandbox[38;5;103m (see /docs)[39m                              [38;5;103m/model [39mgemini-3-flash-preview
[3A[44G[3B[2K[1A[2K[1A[2K[1A[2K[1A[2K[1A[2K[1A[2K[1A[2K[1A[2K[G
                                                                                                                                           [38;5;103m ? for shortcuts [39m
[38;5;59m────────────────────────────────────────────────────────────────────────────────────────────────────────────────────────────────────────────────────────────[39m
 [38;5;217mYOLO[38;5;103m ctrl+y[39m                                                                                                                               [38;5;103m1 GEMINI.md file[39m
[38;5;217m────────────────────────────────────────────────────────────────────────────────────────────────────────────────────────────────────────────────────────────[39m
 [38;5;217m* [39myour task is to deep think and prepare [7m [27m
[38;5;217m────────────────────────────────────────────────────────────────────────────────────────────────────────────────────────────────────────────────────────────[39m
 /mnt/.../chojn/projects/kanbanAgents[38;5;103m (main*)[39m                             [38;5;217mno sandbox[38;5;103m (see /docs)[39m                              [38;5;103m/model [39mgemini-3-flash-preview
[3A[43G[3B[2K[1A[2K[1A[2K[1A[2K[1A[2K[1A[2K[1A[2K[1A[2K[1A[2K[G
                                                                                                                                           [38;5;103m ? for shortcuts [39m
[38;5;59m────────────────────────────────────────────────────────────────────────────────────────────────────────────────────────────────────────────────────────────[39m
 [38;5;217mYOLO[38;5;103m ctrl+y[39m                                                                                                                               [38;5;103m1 GEMINI.md file[39m
[38;5;217m────────────────────────────────────────────────────────────────────────────────────────────────────────────────────────────────────────────────────────────[39m
 [38;5;217m* [39myour task is to deep think and prepare[7m [27m
[38;5;217m────────────────────────────────────────────────────────────────────────────────────────────────────────────────────────────────────────────────────────────[39m
 /mnt/.../chojn/projects/kanbanAgents[38;5;103m (main*)[39m                             [38;5;217mno sandbox[38;5;103m (see /docs)[39m                              [38;5;103m/model [39mgemini-3-flash-preview
[3A[42G[3B[2K[1A[2K[1A[2K[1A[2K[1A[2K[1A[2K[1A[2K[1A[2K[1A[2K[G
                                                                                                                                           [38;5;103m ? for shortcuts [39m
[38;5;59m────────────────────────────────────────────────────────────────────────────────────────────────────────────────────────────────────────────────────────────[39m
 [38;5;217mYOLO[38;5;103m ctrl+y[39m                                                                                                                               [38;5;103m1 GEMINI.md file[39m
[38;5;217m────────────────────────────────────────────────────────────────────────────────────────────────────────────────────────────────────────────────────────────[39m
 [38;5;217m* [39myour task is to deep think and prepar[7m [27m
[38;5;217m────────────────────────────────────────────────────────────────────────────────────────────────────────────────────────────────────────────────────────────[39m
 /mnt/.../chojn/projects/kanbanAgents[38;5;103m (main*)[39m                             [38;5;217mno sandbox[38;5;103m (see /docs)[39m                              [38;5;103m/model [39mgemini-3-flash-preview
[3A[41G[3B[2K[1A[2K[1A[2K[1A[2K[1A[2K[1A[2K[1A[2K[1A[2K[1A[2K[G
                                                                                                                                           [38;5;103m ? for shortcuts [39m
[38;5;59m────────────────────────────────────────────────────────────────────────────────────────────────────────────────────────────────────────────────────────────[39m
 [38;5;217mYOLO[38;5;103m ctrl+y[39m                                                                                                                               [38;5;103m1 GEMINI.md file[39m
[38;5;217m────────────────────────────────────────────────────────────────────────────────────────────────────────────────────────────────────────────────────────────[39m
 [38;5;217m* [39myour task is to deep think and prepa[7m [27m
[38;5;217m────────────────────────────────────────────────────────────────────────────────────────────────────────────────────────────────────────────────────────────[39m
 /mnt/.../chojn/projects/kanbanAgents[38;5;103m (main*)[39m                             [38;5;217mno sandbox[38;5;103m (see /docs)[39m                              [38;5;103m/model [39mgemini-3-flash-preview
[3A[40G[3B[2K[1A[2K[1A[2K[1A[2K[1A[2K[1A[2K[1A[2K[1A[2K[1A[2K[G
                                                                                                                                           [38;5;103m ? for shortcuts [39m
[38;5;59m────────────────────────────────────────────────────────────────────────────────────────────────────────────────────────────────────────────────────────────[39m
 [38;5;217mYOLO[38;5;103m ctrl+y[39m                                                                                                                               [38;5;103m1 GEMINI.md file[39m
[38;5;217m────────────────────────────────────────────────────────────────────────────────────────────────────────────────────────────────────────────────────────────[39m
 [38;5;217m* [39myour task is to deep think and prep[7m [27m
[38;5;217m────────────────────────────────────────────────────────────────────────────────────────────────────────────────────────────────────────────────────────────[39m
 /mnt/.../chojn/projects/kanbanAgents[38;5;103m (main*)[39m                             [38;5;217mno sandbox[38;5;103m (see /docs)[39m                              [38;5;103m/model [39mgemini-3-flash-preview
[3A[39G[3B[2K[1A[2K[1A[2K[1A[2K[1A[2K[1A[2K[1A[2K[1A[2K[1A[2K[G
                                                                                                                                           [38;5;103m ? for shortcuts [39m
[38;5;59m────────────────────────────────────────────────────────────────────────────────────────────────────────────────────────────────────────────────────────────[39m
 [38;5;217mYOLO[38;5;103m ctrl+y[39m                                                                                                                               [38;5;103m1 GEMINI.md file[39m
[38;5;217m────────────────────────────────────────────────────────────────────────────────────────────────────────────────────────────────────────────────────────────[39m
 [38;5;217m* [39myour task is to deep think and pre[7m [27m
[38;5;217m────────────────────────────────────────────────────────────────────────────────────────────────────────────────────────────────────────────────────────────[39m
 /mnt/.../chojn/projects/kanbanAgents[38;5;103m (main*)[39m                             [38;5;217mno sandbox[38;5;103m (see /docs)[39m                              [38;5;103m/model [39mgemini-3-flash-preview
[3A[38G[3B[2K[1A[2K[1A[2K[1A[2K[1A[2K[1A[2K[1A[2K[1A[2K[1A[2K[G
                                                                                                                                           [38;5;103m ? for shortcuts [39m
[38;5;59m────────────────────────────────────────────────────────────────────────────────────────────────────────────────────────────────────────────────────────────[39m
 [38;5;217mYOLO[38;5;103m ctrl+y[39m                                                                                                                               [38;5;103m1 GEMINI.md file[39m
[38;5;217m────────────────────────────────────────────────────────────────────────────────────────────────────────────────────────────────────────────────────────────[39m
 [38;5;217m* [39myour task is to deep think and pr[7m [27m
[38;5;217m────────────────────────────────────────────────────────────────────────────────────────────────────────────────────────────────────────────────────────────[39m
 /mnt/.../chojn/projects/kanbanAgents[38;5;103m (main*)[39m                             [38;5;217mno sandbox[38;5;103m (see /docs)[39m                              [38;5;103m/model [39mgemini-3-flash-preview
[3A[37G[3B[2K[1A[2K[1A[2K[1A[2K[1A[2K[1A[2K[1A[2K[1A[2K[1A[2K[G
                                                                                                                                           [38;5;103m ? for shortcuts [39m
[38;5;59m────────────────────────────────────────────────────────────────────────────────────────────────────────────────────────────────────────────────────────────[39m
 [38;5;217mYOLO[38;5;103m ctrl+y[39m                                                                                                                               [38;5;103m1 GEMINI.md file[39m
[38;5;217m────────────────────────────────────────────────────────────────────────────────────────────────────────────────────────────────────────────────────────────[39m
 [38;5;217m* [39myour task is to deep think and p[7m [27m
[38;5;217m────────────────────────────────────────────────────────────────────────────────────────────────────────────────────────────────────────────────────────────[39m
 /mnt/.../chojn/projects/kanbanAgents[38;5;103m (main*)[39m                             [38;5;217mno sandbox[38;5;103m (see /docs)[39m                              [38;5;103m/model [39mgemini-3-flash-preview
[3A[36G[3B[2K[1A[2K[1A[2K[1A[2K[1A[2K[1A[2K[1A[2K[1A[2K[1A[2K[G
                                                                                                                                           [38;5;103m ? for shortcuts [39m
[38;5;59m────────────────────────────────────────────────────────────────────────────────────────────────────────────────────────────────────────────────────────────[39m
 [38;5;217mYOLO[38;5;103m ctrl+y[39m                                                                                                                               [38;5;103m1 GEMINI.md file[39m
[38;5;217m────────────────────────────────────────────────────────────────────────────────────────────────────────────────────────────────────────────────────────────[39m
 [38;5;217m* [39myour task is to deep think and [7m [27m
[38;5;217m────────────────────────────────────────────────────────────────────────────────────────────────────────────────────────────────────────────────────────────[39m
 /mnt/.../chojn/projects/kanbanAgents[38;5;103m (main*)[39m                             [38;5;217mno sandbox[38;5;103m (see /docs)[39m                              [38;5;103m/model [39mgemini-3-flash-preview
[3A[35G[3B[2K[1A[2K[1A[2K[1A[2K[1A[2K[1A[2K[1A[2K[1A[2K[1A[2K[G
                                                                                                                                           [38;5;103m ? for shortcuts [39m
[38;5;59m────────────────────────────────────────────────────────────────────────────────────────────────────────────────────────────────────────────────────────────[39m
 [38;5;217mYOLO[38;5;103m ctrl+y[39m                                                                                                                               [38;5;103m1 GEMINI.md file[39m
[38;5;217m────────────────────────────────────────────────────────────────────────────────────────────────────────────────────────────────────────────────────────────[39m
 [38;5;217m* [39myour task is to deep think and e[7m [27m
[38;5;217m────────────────────────────────────────────────────────────────────────────────────────────────────────────────────────────────────────────────────────────[39m
 /mnt/.../chojn/projects/kanbanAgents[38;5;103m (main*)[39m                             [38;5;217mno sandbox[38;5;103m (see /docs)[39m                              [38;5;103m/model [39mgemini-3-flash-preview
[3A[36G[3B[2K[1A[2K[1A[2K[1A[2K[1A[2K[1A[2K[1A[2K[1A[2K[1A[2K[G
                                                                                                                                           [38;5;103m ? for shortcuts [39m
[38;5;59m────────────────────────────────────────────────────────────────────────────────────────────────────────────────────────────────────────────────────────────[39m
 [38;5;217mYOLO[38;5;103m ctrl+y[39m                                                                                                                               [38;5;103m1 GEMINI.md file[39m
[38;5;217m────────────────────────────────────────────────────────────────────────────────────────────────────────────────────────────────────────────────────────────[39m
 [38;5;217m* [39myour task is to deep think and ex[7m [27m
[38;5;217m────────────────────────────────────────────────────────────────────────────────────────────────────────────────────────────────────────────────────────────[39m
 /mnt/.../chojn/projects/kanbanAgents[38;5;103m (main*)[39m                             [38;5;217mno sandbox[38;5;103m (see /docs)[39m                              [38;5;103m/model [39mgemini-3-flash-preview
[3A[37G[3B[2K[1A[2K[1A[2K[1A[2K[1A[2K[1A[2K[1A[2K[1A[2K[1A[2K[G
                                                                                                                                           [38;5;103m ? for shortcuts [39m
[38;5;59m────────────────────────────────────────────────────────────────────────────────────────────────────────────────────────────────────────────────────────────[39m
 [38;5;217mYOLO[38;5;103m ctrl+y[39m                                                                                                                               [38;5;103m1 GEMINI.md file[39m
[38;5;217m────────────────────────────────────────────────────────────────────────────────────────────────────────────────────────────────────────────────────────────[39m
 [38;5;217m* [39myour task is to deep think and exp[7m [27m
[38;5;217m────────────────────────────────────────────────────────────────────────────────────────────────────────────────────────────────────────────────────────────[39m
 /mnt/.../chojn/projects/kanbanAgents[38;5;103m (main*)[39m                             [38;5;217mno sandbox[38;5;103m (see /docs)[39m                              [38;5;103m/model [39mgemini-3-flash-preview
[3A[38G[3B[2K[1A[2K[1A[2K[1A[2K[1A[2K[1A[2K[1A[2K[1A[2K[1A[2K[G
                                                                                                                                           [38;5;103m ? for shortcuts [39m
[38;5;59m────────────────────────────────────────────────────────────────────────────────────────────────────────────────────────────────────────────────────────────[39m
 [38;5;217mYOLO[38;5;103m ctrl+y[39m                                                                                                                               [38;5;103m1 GEMINI.md file[39m
[38;5;217m────────────────────────────────────────────────────────────────────────────────────────────────────────────────────────────────────────────────────────────[39m
 [38;5;217m* [39myour task is to deep think and expl[7m [27m
[38;5;217m────────────────────────────────────────────────────────────────────────────────────────────────────────────────────────────────────────────────────────────[39m
 /mnt/.../chojn/projects/kanbanAgents[38;5;103m (main*)[39m                             [38;5;217mno sandbox[38;5;103m (see /docs)[39m                              [38;5;103m/model [39mgemini-3-flash-preview
[3A[39G[3B[2K[1A[2K[1A[2K[1A[2K[1A[2K[1A[2K[1A[2K[1A[2K[1A[2K[G
                                                                                                                                           [38;5;103m ? for shortcuts [39m
[38;5;59m────────────────────────────────────────────────────────────────────────────────────────────────────────────────────────────────────────────────────────────[39m
 [38;5;217mYOLO[38;5;103m ctrl+y[39m                                                                                                                               [38;5;103m1 GEMINI.md file[39m
[38;5;217m────────────────────────────────────────────────────────────────────────────────────────────────────────────────────────────────────────────────────────────[39m
 [38;5;217m* [39myour task is to deep think and expla[7m [27m
[38;5;217m────────────────────────────────────────────────────────────────────────────────────────────────────────────────────────────────────────────────────────────[39m
 /mnt/.../chojn/projects/kanbanAgents[38;5;103m (main*)[39m                             [38;5;217mno sandbox[38;5;103m (see /docs)[39m                              [38;5;103m/model [39mgemini-3-flash-preview
[3A[40G[3B[2K[1A[2K[1A[2K[1A[2K[1A[2K[1A[2K[1A[2K[1A[2K[1A[2K[G
                                                                                                                                           [38;5;103m ? for shortcuts [39m
[38;5;59m────────────────────────────────────────────────────────────────────────────────────────────────────────────────────────────────────────────────────────────[39m
 [38;5;217mYOLO[38;5;103m ctrl+y[39m                                                                                                                               [38;5;103m1 GEMINI.md file[39m
[38;5;217m────────────────────────────────────────────────────────────────────────────────────────────────────────────────────────────────────────────────────────────[39m
 [38;5;217m* [39myour task is to deep think and explai[7m [27m
[38;5;217m────────────────────────────────────────────────────────────────────────────────────────────────────────────────────────────────────────────────────────────[39m
 /mnt/.../chojn/projects/kanbanAgents[38;5;103m (main*)[39m                             [38;5;217mno sandbox[38;5;103m (see /docs)[39m                              [38;5;103m/model [39mgemini-3-flash-preview
[3A[41G[3B[2K[1A[2K[1A[2K[1A[2K[1A[2K[1A[2K[1A[2K[1A[2K[1A[2K[G
                                                                                                                                           [38;5;103m ? for shortcuts [39m
[38;5;59m────────────────────────────────────────────────────────────────────────────────────────────────────────────────────────────────────────────────────────────[39m
 [38;5;217mYOLO[38;5;103m ctrl+y[39m                                                                                                                               [38;5;103m1 GEMINI.md file[39m
[38;5;217m────────────────────────────────────────────────────────────────────────────────────────────────────────────────────────────────────────────────────────────[39m
 [38;5;217m* [39myour task is to deep think and explain[7m [27m
[38;5;217m────────────────────────────────────────────────────────────────────────────────────────────────────────────────────────────────────────────────────────────[39m
 /mnt/.../chojn/projects/kanbanAgents[38;5;103m (main*)[39m                             [38;5;217mno sandbox[38;5;103m (see /docs)[39m                              [38;5;103m/model [39mgemini-3-flash-preview
[3A[42G[3B[2K[1A[2K[1A[2K[1A[2K[1A[2K[1A[2K[1A[2K[1A[2K[1A[2K[G
                                                                                                                                           [38;5;103m ? for shortcuts [39m
[38;5;59m────────────────────────────────────────────────────────────────────────────────────────────────────────────────────────────────────────────────────────────[39m
 [38;5;217mYOLO[38;5;103m ctrl+y[39m                                                                                                                               [38;5;103m1 GEMINI.md file[39m
[38;5;217m────────────────────────────────────────────────────────────────────────────────────────────────────────────────────────────────────────────────────────────[39m
 [38;5;217m* [39myour task is to deep think and explain [7m [27m
[38;5;217m────────────────────────────────────────────────────────────────────────────────────────────────────────────────────────────────────────────────────────────[39m
 /mnt/.../chojn/projects/kanbanAgents[38;5;103m (main*)[39m                             [38;5;217mno sandbox[38;5;103m (see /docs)[39m                              [38;5;103m/model [39mgemini-3-flash-preview
[3A[43G[3B[2K[1A[2K[1A[2K[1A[2K[1A[2K[1A[2K[1A[2K[1A[2K[1A[2K[G
                                                                                                                                           [38;5;103m ? for shortcuts [39m
[38;5;59m────────────────────────────────────────────────────────────────────────────────────────────────────────────────────────────────────────────────────────────[39m
 [38;5;217mYOLO[38;5;103m ctrl+y[39m                                                                                                                               [38;5;103m1 GEMINI.md file[39m
[38;5;217m────────────────────────────────────────────────────────────────────────────────────────────────────────────────────────────────────────────────────────────[39m
 [38;5;217m* [39myour task is to deep think and explain t[7m [27m
[38;5;217m────────────────────────────────────────────────────────────────────────────────────────────────────────────────────────────────────────────────────────────[39m
 /mnt/.../chojn/projects/kanbanAgents[38;5;103m (main*)[39m                             [38;5;217mno sandbox[38;5;103m (see /docs)[39m                              [38;5;103m/model [39mgemini-3-flash-preview
[3A[44G[3B[2K[1A[2K[1A[2K[1A[2K[1A[2K[1A[2K[1A[2K[1A[2K[1A[2K[G
                                                                                                                                           [38;5;103m ? for shortcuts [39m
[38;5;59m────────────────────────────────────────────────────────────────────────────────────────────────────────────────────────────────────────────────────────────[39m
 [38;5;217mYOLO[38;5;103m ctrl+y[39m                                                                                                                               [38;5;103m1 GEMINI.md file[39m
[38;5;217m────────────────────────────────────────────────────────────────────────────────────────────────────────────────────────────────────────────────────────────[39m
 [38;5;217m* [39myour task is to deep think and explain to[7m [27m
[38;5;217m────────────────────────────────────────────────────────────────────────────────────────────────────────────────────────────────────────────────────────────[39m
 /mnt/.../chojn/projects/kanbanAgents[38;5;103m (main*)[39m                             [38;5;217mno sandbox[38;5;103m (see /docs)[39m                              [38;5;103m/model [39mgemini-3-flash-preview
[3A[45G[3B[2K[1A[2K[1A[2K[1A[2K[1A[2K[1A[2K[1A[2K[1A[2K[1A[2K[G
                                                                                                                                           [38;5;103m ? for shortcuts [39m
[38;5;59m────────────────────────────────────────────────────────────────────────────────────────────────────────────────────────────────────────────────────────────[39m
 [38;5;217mYOLO[38;5;103m ctrl+y[39m                                                                                                                               [38;5;103m1 GEMINI.md file[39m
[38;5;217m────────────────────────────────────────────────────────────────────────────────────────────────────────────────────────────────────────────────────────────[39m
 [38;5;217m* [39myour task is to deep think and explain to [7m [27m
[38;5;217m────────────────────────────────────────────────────────────────────────────────────────────────────────────────────────────────────────────────────────────[39m
 /mnt/.../chojn/projects/kanbanAgents[38;5;103m (main*)[39m                             [38;5;217mno sandbox[38;5;103m (see /docs)[39m                              [38;5;103m/model [39mgemini-3-flash-preview
[3A[46G[3B[2K[1A[2K[1A[2K[1A[2K[1A[2K[1A[2K[1A[2K[1A[2K[1A[2K[G
                                                                                                                                           [38;5;103m ? for shortcuts [39m
[38;5;59m────────────────────────────────────────────────────────────────────────────────────────────────────────────────────────────────────────────────────────────[39m
 [38;5;217mYOLO[38;5;103m ctrl+y[39m                                                                                                                               [38;5;103m1 GEMINI.md file[39m
[38;5;217m────────────────────────────────────────────────────────────────────────────────────────────────────────────────────────────────────────────────────────────[39m
 [38;5;217m* [39myour task is to deep think and explain to m[7m [27m
[38;5;217m────────────────────────────────────────────────────────────────────────────────────────────────────────────────────────────────────────────────────────────[39m
 /mnt/.../chojn/projects/kanbanAgents[38;5;103m (main*)[39m                             [38;5;217mno sandbox[38;5;103m (see /docs)[39m                              [38;5;103m/model [39mgemini-3-flash-preview
[3A[47G[3B[2K[1A[2K[1A[2K[1A[2K[1A[2K[1A[2K[1A[2K[1A[2K[1A[2K[G
                                                                                                                                           [38;5;103m ? for shortcuts [39m
[38;5;59m────────────────────────────────────────────────────────────────────────────────────────────────────────────────────────────────────────────────────────────[39m
 [38;5;217mYOLO[38;5;103m ctrl+y[39m                                                                                                                               [38;5;103m1 GEMINI.md file[39m
[38;5;217m────────────────────────────────────────────────────────────────────────────────────────────────────────────────────────────────────────────────────────────[39m
 [38;5;217m* [39myour task is to deep think and explain to me[7m [27m
[38;5;217m────────────────────────────────────────────────────────────────────────────────────────────────────────────────────────────────────────────────────────────[39m
 /mnt/.../chojn/projects/kanbanAgents[38;5;103m (main*)[39m                             [38;5;217mno sandbox[38;5;103m (see /docs)[39m                              [38;5;103m/model [39mgemini-3-flash-preview
[3A[48G[3B[2K[1A[2K[1A[2K[1A[2K[1A[2K[1A[2K[1A[2K[1A[2K[1A[2K[G
                                                                                                                                           [38;5;103m ? for shortcuts [39m
[38;5;59m────────────────────────────────────────────────────────────────────────────────────────────────────────────────────────────────────────────────────────────[39m
 [38;5;217mYOLO[38;5;103m ctrl+y[39m                                                                                                                               [38;5;103m1 GEMINI.md file[39m
[38;5;217m────────────────────────────────────────────────────────────────────────────────────────────────────────────────────────────────────────────────────────────[39m
 [38;5;217m* [39myour task is to deep think and explain to me [7m [27m
[38;5;217m────────────────────────────────────────────────────────────────────────────────────────────────────────────────────────────────────────────────────────────[39m
 /mnt/.../chojn/projects/kanbanAgents[38;5;103m (main*)[39m                             [38;5;217mno sandbox[38;5;103m (see /docs)[39m                              [38;5;103m/model [39mgemini-3-flash-preview
[3A[49G[3B[2K[1A[2K[1A[2K[1A[2K[1A[2K[1A[2K[1A[2K[1A[2K[1A[2K[G
                                                                                                                                           [38;5;103m ? for shortcuts [39m
[38;5;59m────────────────────────────────────────────────────────────────────────────────────────────────────────────────────────────────────────────────────────────[39m
 [38;5;217mYOLO[38;5;103m ctrl+y[39m                                                                                                                               [38;5;103m1 GEMINI.md file[39m
[38;5;217m────────────────────────────────────────────────────────────────────────────────────────────────────────────────────────────────────────────────────────────[39m
 [38;5;217m* [39myour task is to deep think and explain to me w[7m [27m
[38;5;217m────────────────────────────────────────────────────────────────────────────────────────────────────────────────────────────────────────────────────────────[39m
 /mnt/.../chojn/projects/kanbanAgents[38;5;103m (main*)[39m                             [38;5;217mno sandbox[38;5;103m (see /docs)[39m                              [38;5;103m/model [39mgemini-3-flash-preview
[3A[50G[3B[2K[1A[2K[1A[2K[1A[2K[1A[2K[1A[2K[1A[2K[1A[2K[1A[2K[G
                                                                                                                                           [38;5;103m ? for shortcuts [39m
[38;5;59m────────────────────────────────────────────────────────────────────────────────────────────────────────────────────────────────────────────────────────────[39m
 [38;5;217mYOLO[38;5;103m ctrl+y[39m                                                                                                                               [38;5;103m1 GEMINI.md file[39m
[38;5;217m────────────────────────────────────────────────────────────────────────────────────────────────────────────────────────────────────────────────────────────[39m
 [38;5;217m* [39myour task is to deep think and explain to me wh[7m [27m
[38;5;217m────────────────────────────────────────────────────────────────────────────────────────────────────────────────────────────────────────────────────────────[39m
 /mnt/.../chojn/projects/kanbanAgents[38;5;103m (main*)[39m                             [38;5;217mno sandbox[38;5;103m (see /docs)[39m                              [38;5;103m/model [39mgemini-3-flash-preview
[3A[51G[3B[2K[1A[2K[1A[2K[1A[2K[1A[2K[1A[2K[1A[2K[1A[2K[1A[2K[G
                                                                                                                                           [38;5;103m ? for shortcuts [39m
[38;5;59m────────────────────────────────────────────────────────────────────────────────────────────────────────────────────────────────────────────────────────────[39m
 [38;5;217mYOLO[38;5;103m ctrl+y[39m                                                                                                                               [38;5;103m1 GEMINI.md file[39m
[38;5;217m────────────────────────────────────────────────────────────────────────────────────────────────────────────────────────────────────────────────────────────[39m
 [38;5;217m* [39myour task is to deep think and explain to me wha[7m [27m
[38;5;217m────────────────────────────────────────────────────────────────────────────────────────────────────────────────────────────────────────────────────────────[39m
 /mnt/.../chojn/projects/kanbanAgents[38;5;103m (main*)[39m                             [38;5;217mno sandbox[38;5;103m (see /docs)[39m                              [38;5;103m/model [39mgemini-3-flash-preview
[3A[52G[3B[2K[1A[2K[1A[2K[1A[2K[1A[2K[1A[2K[1A[2K[1A[2K[1A[2K[G
                                                                                                                                           [38;5;103m ? for shortcuts [39m
[38;5;59m────────────────────────────────────────────────────────────────────────────────────────────────────────────────────────────────────────────────────────────[39m
 [38;5;217mYOLO[38;5;103m ctrl+y[39m                                                                                                                               [38;5;103m1 GEMINI.md file[39m
[38;5;217m────────────────────────────────────────────────────────────────────────────────────────────────────────────────────────────────────────────────────────────[39m
 [38;5;217m* [39myour task is to deep think and explain to me what[7m [27m
[38;5;217m────────────────────────────────────────────────────────────────────────────────────────────────────────────────────────────────────────────────────────────[39m
 /mnt/.../chojn/projects/kanbanAgents[38;5;103m (main*)[39m                             [38;5;217mno sandbox[38;5;103m (see /docs)[39m                              [38;5;103m/model [39mgemini-3-flash-preview
[3A[53G[3B[2K[1A[2K[1A[2K[1A[2K[1A[2K[1A[2K[1A[2K[1A[2K[1A[2K[G
                                                                                                                                           [38;5;103m ? for shortcuts [39m
[38;5;59m────────────────────────────────────────────────────────────────────────────────────────────────────────────────────────────────────────────────────────────[39m
 [38;5;217mYOLO[38;5;103m ctrl+y[39m                                                                                                                               [38;5;103m1 GEMINI.md file[39m
[38;5;217m────────────────────────────────────────────────────────────────────────────────────────────────────────────────────────────────────────────────────────────[39m
 [38;5;217m* [39myour task is to deep think and explain to me what [7m [27m
[38;5;217m────────────────────────────────────────────────────────────────────────────────────────────────────────────────────────────────────────────────────────────[39m
 /mnt/.../chojn/projects/kanbanAgents[38;5;103m (main*)[39m                             [38;5;217mno sandbox[38;5;103m (see /docs)[39m                              [38;5;103m/model [39mgemini-3-flash-preview
[3A[54G[3B[2K[1A[2K[1A[2K[1A[2K[1A[2K[1A[2K[1A[2K[1A[2K[1A[2K[G
                                                                                                                                           [38;5;103m ? for shortcuts [39m
[38;5;59m────────────────────────────────────────────────────────────────────────────────────────────────────────────────────────────────────────────────────────────[39m
 [38;5;217mYOLO[38;5;103m ctrl+y[39m                                                                                                                               [38;5;103m1 GEMINI.md file[39m
[38;5;217m────────────────────────────────────────────────────────────────────────────────────────────────────────────────────────────────────────────────────────────[39m
 [38;5;217m* [39myour task is to deep think and explain to me what i[7m [27m
[38;5;217m────────────────────────────────────────────────────────────────────────────────────────────────────────────────────────────────────────────────────────────[39m
 /mnt/.../chojn/projects/kanbanAgents[38;5;103m (main*)[39m                             [38;5;217mno sandbox[38;5;103m (see /docs)[39m                              [38;5;103m/model [39mgemini-3-flash-preview
[3A[55G[3B[2K[1A[2K[1A[2K[1A[2K[1A[2K[1A[2K[1A[2K[1A[2K[1A[2K[G
                                                                                                                                           [38;5;103m ? for shortcuts [39m
[38;5;59m────────────────────────────────────────────────────────────────────────────────────────────────────────────────────────────────────────────────────────────[39m
 [38;5;217mYOLO[38;5;103m ctrl+y[39m                                                                                                                               [38;5;103m1 GEMINI.md file[39m
[38;5;217m────────────────────────────────────────────────────────────────────────────────────────────────────────────────────────────────────────────────────────────[39m
 [38;5;217m* [39myour task is to deep think and explain to me what is[7m [27m
[38;5;217m────────────────────────────────────────────────────────────────────────────────────────────────────────────────────────────────────────────────────────────[39m
 /mnt/.../chojn/projects/kanbanAgents[38;5;103m (main*)[39m                             [38;5;217mno sandbox[38;5;103m (see /docs)[39m                              [38;5;103m/model [39mgemini-3-flash-preview
[3A[56G[3B[2K[1A[2K[1A[2K[1A[2K[1A[2K[1A[2K[1A[2K[1A[2K[1A[2K[G
                                                                                                                                           [38;5;103m ? for shortcuts [39m
[38;5;59m────────────────────────────────────────────────────────────────────────────────────────────────────────────────────────────────────────────────────────────[39m
 [38;5;217mYOLO[38;5;103m ctrl+y[39m                                                                                                                               [38;5;103m1 GEMINI.md file[39m
[38;5;217m────────────────────────────────────────────────────────────────────────────────────────────────────────────────────────────────────────────────────────────[39m
 [38;5;217m* [39myour task is to deep think and explain to me what is [7m [27m
[38;5;217m────────────────────────────────────────────────────────────────────────────────────────────────────────────────────────────────────────────────────────────[39m
 /mnt/.../chojn/projects/kanbanAgents[38;5;103m (main*)[39m                             [38;5;217mno sandbox[38;5;103m (see /docs)[39m                              [38;5;103m/model [39mgemini-3-flash-preview
[3A[57G[3B[2K[1A[2K[1A[2K[1A[2K[1A[2K[1A[2K[1A[2K[1A[2K[1A[2K[G
                                                                                                                                           [38;5;103m ? for shortcuts [39m
[38;5;59m────────────────────────────────────────────────────────────────────────────────────────────────────────────────────────────────────────────────────────────[39m
 [38;5;217mYOLO[38;5;103m ctrl+y[39m                                                                                                                               [38;5;103m1 GEMINI.md file[39m
[38;5;217m────────────────────────────────────────────────────────────────────────────────────────────────────────────────────────────────────────────────────────────[39m
 [38;5;217m* [39myour task is to deep think and explain to me what is g[7m [27m
[38;5;217m────────────────────────────────────────────────────────────────────────────────────────────────────────────────────────────────────────────────────────────[39m
 /mnt/.../chojn/projects/kanbanAgents[38;5;103m (main*)[39m                             [38;5;217mno sandbox[38;5;103m (see /docs)[39m                              [38;5;103m/model [39mgemini-3-flash-preview
[3A[58G[3B[2K[1A[2K[1A[2K[1A[2K[1A[2K[1A[2K[1A[2K[1A[2K[1A[2K[G
                                                                                                                                           [38;5;103m ? for shortcuts [39m
[38;5;59m────────────────────────────────────────────────────────────────────────────────────────────────────────────────────────────────────────────────────────────[39m
 [38;5;217mYOLO[38;5;103m ctrl+y[39m                                                                                                                               [38;5;103m1 GEMINI.md file[39m
[38;5;217m────────────────────────────────────────────────────────────────────────────────────────────────────────────────────────────────────────────────────────────[39m
 [38;5;217m* [39myour task is to deep think and explain to me what is go[7m [27m
[38;5;217m────────────────────────────────────────────────────────────────────────────────────────────────────────────────────────────────────────────────────────────[39m
 /mnt/.../chojn/projects/kanbanAgents[38;5;103m (main*)[39m                             [38;5;217mno sandbox[38;5;103m (see /docs)[39m                              [38;5;103m/model [39mgemini-3-flash-preview
[3A[59G[3B[2K[1A[2K[1A[2K[1A[2K[1A[2K[1A[2K[1A[2K[1A[2K[1A[2K[G
                                                                                                                                           [38;5;103m ? for shortcuts [39m
[38;5;59m────────────────────────────────────────────────────────────────────────────────────────────────────────────────────────────────────────────────────────────[39m
 [38;5;217mYOLO[38;5;103m ctrl+y[39m                                                                                                                               [38;5;103m1 GEMINI.md file[39m
[38;5;217m────────────────────────────────────────────────────────────────────────────────────────────────────────────────────────────────────────────────────────────[39m
 [38;5;217m* [39myour task is to deep think and explain to me what is gon[7m [27m
[38;5;217m────────────────────────────────────────────────────────────────────────────────────────────────────────────────────────────────────────────────────────────[39m
 /mnt/.../chojn/projects/kanbanAgents[38;5;103m (main*)[39m                             [38;5;217mno sandbox[38;5;103m (see /docs)[39m                              [38;5;103m/model [39mgemini-3-flash-preview
[3A[60G[3B[2K[1A[2K[1A[2K[1A[2K[1A[2K[1A[2K[1A[2K[1A[2K[1A[2K[G
                                                                                                                                           [38;5;103m ? for shortcuts [39m
[38;5;59m────────────────────────────────────────────────────────────────────────────────────────────────────────────────────────────────────────────────────────────[39m
 [38;5;217mYOLO[38;5;103m ctrl+y[39m                                                                                                                               [38;5;103m1 GEMINI.md file[39m
[38;5;217m────────────────────────────────────────────────────────────────────────────────────────────────────────────────────────────────────────────────────────────[39m
 [38;5;217m* [39myour task is to deep think and explain to me what is go[7m [27m
[38;5;217m────────────────────────────────────────────────────────────────────────────────────────────────────────────────────────────────────────────────────────────[39m
 /mnt/.../chojn/projects/kanbanAgents[38;5;103m (main*)[39m                             [38;5;217mno sandbox[38;5;103m (see /docs)[39m                              [38;5;103m/model [39mgemini-3-flash-preview
[3A[59G[3B[2K[1A[2K[1A[2K[1A[2K[1A[2K[1A[2K[1A[2K[1A[2K[1A[2K[G
                                                                                                                                           [38;5;103m ? for shortcuts [39m
[38;5;59m────────────────────────────────────────────────────────────────────────────────────────────────────────────────────────────────────────────────────────────[39m
 [38;5;217mYOLO[38;5;103m ctrl+y[39m                                                                                                                               [38;5;103m1 GEMINI.md file[39m
[38;5;217m────────────────────────────────────────────────────────────────────────────────────────────────────────────────────────────────────────────────────────────[39m
 [38;5;217m* [39myour task is to deep think and explain to me what is goi[7m [27m
[38;5;217m────────────────────────────────────────────────────────────────────────────────────────────────────────────────────────────────────────────────────────────[39m
 /mnt/.../chojn/projects/kanbanAgents[38;5;103m (main*)[39m                             [38;5;217mno sandbox[38;5;103m (see /docs)[39m                              [38;5;103m/model [39mgemini-3-flash-preview
[3A[60G[3B[2K[1A[2K[1A[2K[1A[2K[1A[2K[1A[2K[1A[2K[1A[2K[1A[2K[G
                                                                                                                                           [38;5;103m ? for shortcuts [39m
[38;5;59m────────────────────────────────────────────────────────────────────────────────────────────────────────────────────────────────────────────────────────────[39m
 [38;5;217mYOLO[38;5;103m ctrl+y[39m                                                                                                                               [38;5;103m1 GEMINI.md file[39m
[38;5;217m────────────────────────────────────────────────────────────────────────────────────────────────────────────────────────────────────────────────────────────[39m
 [38;5;217m* [39myour task is to deep think and explain to me what is goin[7m [27m
[38;5;217m────────────────────────────────────────────────────────────────────────────────────────────────────────────────────────────────────────────────────────────[39m
 /mnt/.../chojn/projects/kanbanAgents[38;5;103m (main*)[39m                             [38;5;217mno sandbox[38;5;103m (see /docs)[39m                              [38;5;103m/model [39mgemini-3-flash-preview
[3A[61G[3B[2K[1A[2K[1A[2K[1A[2K[1A[2K[1A[2K[1A[2K[1A[2K[1A[2K[G
                                                                                                                                           [38;5;103m ? for shortcuts [39m
[38;5;59m────────────────────────────────────────────────────────────────────────────────────────────────────────────────────────────────────────────────────────────[39m
 [38;5;217mYOLO[38;5;103m ctrl+y[39m                                                                                                                               [38;5;103m1 GEMINI.md file[39m
[38;5;217m────────────────────────────────────────────────────────────────────────────────────────────────────────────────────────────────────────────────────────────[39m
 [38;5;217m* [39myour task is to deep think and explain to me what is going[7m [27m
[38;5;217m────────────────────────────────────────────────────────────────────────────────────────────────────────────────────────────────────────────────────────────[39m
 /mnt/.../chojn/projects/kanbanAgents[38;5;103m (main*)[39m                             [38;5;217mno sandbox[38;5;103m (see /docs)[39m                              [38;5;103m/model [39mgemini-3-flash-preview
[3A[62G[3B[2K[1A[2K[1A[2K[1A[2K[1A[2K[1A[2K[1A[2K[1A[2K[1A[2K[G
                                                                                                                                           [38;5;103m ? for shortcuts [39m
[38;5;59m────────────────────────────────────────────────────────────────────────────────────────────────────────────────────────────────────────────────────────────[39m
 [38;5;217mYOLO[38;5;103m ctrl+y[39m                                                                                                                               [38;5;103m1 GEMINI.md file[39m
[38;5;217m────────────────────────────────────────────────────────────────────────────────────────────────────────────────────────────────────────────────────────────[39m
 [38;5;217m* [39myour task is to deep think and explain to me what is going [7m [27m
[38;5;217m────────────────────────────────────────────────────────────────────────────────────────────────────────────────────────────────────────────────────────────[39m
 /mnt/.../chojn/projects/kanbanAgents[38;5;103m (main*)[39m                             [38;5;217mno sandbox[38;5;103m (see /docs)[39m                              [38;5;103m/model [39mgemini-3-flash-preview
[3A[63G[3B[2K[1A[2K[1A[2K[1A[2K[1A[2K[1A[2K[1A[2K[1A[2K[1A[2K[G
                                                                                                                                           [38;5;103m ? for shortcuts [39m
[38;5;59m────────────────────────────────────────────────────────────────────────────────────────────────────────────────────────────────────────────────────────────[39m
 [38;5;217mYOLO[38;5;103m ctrl+y[39m                                                                                                                               [38;5;103m1 GEMINI.md file[39m
[38;5;217m────────────────────────────────────────────────────────────────────────────────────────────────────────────────────────────────────────────────────────────[39m
 [38;5;217m* [39myour task is to deep think and explain to me what is going o[7m [27m
[38;5;217m────────────────────────────────────────────────────────────────────────────────────────────────────────────────────────────────────────────────────────────[39m
 /mnt/.../chojn/projects/kanbanAgents[38;5;103m (main*)[39m                             [38;5;217mno sandbox[38;5;103m (see /docs)[39m                              [38;5;103m/model [39mgemini-3-flash-preview
[3A[64G[3B[2K[1A[2K[1A[2K[1A[2K[1A[2K[1A[2K[1A[2K[1A[2K[1A[2K[G
                                                                                                                                           [38;5;103m ? for shortcuts [39m
[38;5;59m────────────────────────────────────────────────────────────────────────────────────────────────────────────────────────────────────────────────────────────[39m
 [38;5;217mYOLO[38;5;103m ctrl+y[39m                                                                                                                               [38;5;103m1 GEMINI.md file[39m
[38;5;217m────────────────────────────────────────────────────────────────────────────────────────────────────────────────────────────────────────────────────────────[39m
 [38;5;217m* [39myour task is to deep think and explain to me what is going on[7m [27m
[38;5;217m────────────────────────────────────────────────────────────────────────────────────────────────────────────────────────────────────────────────────────────[39m
 /mnt/.../chojn/projects/kanbanAgents[38;5;103m (main*)[39m                             [38;5;217mno sandbox[38;5;103m (see /docs)[39m                              [38;5;103m/model [39mgemini-3-flash-preview
[3A[65G[3B[2K[1A[2K[1A[2K[1A[2K[1A[2K[1A[2K[1A[2K[1A[2K[1A[2K[G
                                                                                                                                           [38;5;103m ? for shortcuts [39m
[38;5;59m────────────────────────────────────────────────────────────────────────────────────────────────────────────────────────────────────────────────────────────[39m
 [38;5;217mYOLO[38;5;103m ctrl+y[39m                                                                                                                               [38;5;103m1 GEMINI.md file[39m
[38;5;217m────────────────────────────────────────────────────────────────────────────────────────────────────────────────────────────────────────────────────────────[39m
 [38;5;217m* [39myour task is to deep think and explain to me what is going on [7m [27m
[38;5;217m────────────────────────────────────────────────────────────────────────────────────────────────────────────────────────────────────────────────────────────[39m
 /mnt/.../chojn/projects/kanbanAgents[38;5;103m (main*)[39m                             [38;5;217mno sandbox[38;5;103m (see /docs)[39m                              [38;5;103m/model [39mgemini-3-flash-preview
[3A[66G[3B[2K[1A[2K[1A[2K[1A[2K[1A[2K[1A[2K[1A[2K[1A[2K[1A[2K[G
                                                                                                                                           [38;5;103m ? for shortcuts [39m
[38;5;59m────────────────────────────────────────────────────────────────────────────────────────────────────────────────────────────────────────────────────────────[39m
 [38;5;217mYOLO[38;5;103m ctrl+y[39m                                                                                                                               [38;5;103m1 GEMINI.md file[39m
[38;5;217m────────────────────────────────────────────────────────────────────────────────────────────────────────────────────────────────────────────────────────────[39m
 [38;5;217m* [39myour task is to deep think and explain to me what is going on i[7m [27m
[38;5;217m────────────────────────────────────────────────────────────────────────────────────────────────────────────────────────────────────────────────────────────[39m
 /mnt/.../chojn/projects/kanbanAgents[38;5;103m (main*)[39m                             [38;5;217mno sandbox[38;5;103m (see /docs)[39m                              [38;5;103m/model [39mgemini-3-flash-preview
[3A[67G[3B[2K[1A[2K[1A[2K[1A[2K[1A[2K[1A[2K[1A[2K[1A[2K[1A[2K[G
                                                                                                                                           [38;5;103m ? for shortcuts [39m
[38;5;59m────────────────────────────────────────────────────────────────────────────────────────────────────────────────────────────────────────────────────────────[39m
 [38;5;217mYOLO[38;5;103m ctrl+y[39m                                                                                                                               [38;5;103m1 GEMINI.md file[39m
[38;5;217m────────────────────────────────────────────────────────────────────────────────────────────────────────────────────────────────────────────────────────────[39m
 [38;5;217m* [39myour task is to deep think and explain to me what is going on in[7m [27m
[38;5;217m────────────────────────────────────────────────────────────────────────────────────────────────────────────────────────────────────────────────────────────[39m
 /mnt/.../chojn/projects/kanbanAgents[38;5;103m (main*)[39m                             [38;5;217mno sandbox[38;5;103m (see /docs)[39m                              [38;5;103m/model [39mgemini-3-flash-preview
[3A[68G[3B[2K[1A[2K[1A[2K[1A[2K[1A[2K[1A[2K[1A[2K[1A[2K[1A[2K[G
                                                                                                                                           [38;5;103m ? for shortcuts [39m
[38;5;59m────────────────────────────────────────────────────────────────────────────────────────────────────────────────────────────────────────────────────────────[39m
 [38;5;217mYOLO[38;5;103m ctrl+y[39m                                                                                                                               [38;5;103m1 GEMINI.md file[39m
[38;5;217m────────────────────────────────────────────────────────────────────────────────────────────────────────────────────────────────────────────────────────────[39m
 [38;5;217m* [39myour task is to deep think and explain to me what is going on in [7m [27m
[38;5;217m────────────────────────────────────────────────────────────────────────────────────────────────────────────────────────────────────────────────────────────[39m
 /mnt/.../chojn/projects/kanbanAgents[38;5;103m (main*)[39m                             [38;5;217mno sandbox[38;5;103m (see /docs)[39m                              [38;5;103m/model [39mgemini-3-flash-preview
[3A[69G[3B[2K[1A[2K[1A[2K[1A[2K[1A[2K[1A[2K[1A[2K[1A[2K[1A[2K[G
                                                                                                                                           [38;5;103m ? for shortcuts [39m
[38;5;59m────────────────────────────────────────────────────────────────────────────────────────────────────────────────────────────────────────────────────────────[39m
 [38;5;217mYOLO[38;5;103m ctrl+y[39m                                                                                                                               [38;5;103m1 GEMINI.md file[39m
[38;5;217m────────────────────────────────────────────────────────────────────────────────────────────────────────────────────────────────────────────────────────────[39m
 [38;5;217m* [39myour task is to deep think and explain to me what is going on in t[7m [27m
[38;5;217m────────────────────────────────────────────────────────────────────────────────────────────────────────────────────────────────────────────────────────────[39m
 /mnt/.../chojn/projects/kanbanAgents[38;5;103m (main*)[39m                             [38;5;217mno sandbox[38;5;103m (see /docs)[39m                              [38;5;103m/model [39mgemini-3-flash-preview
[3A[70G[3B[2K[1A[2K[1A[2K[1A[2K[1A[2K[1A[2K[1A[2K[1A[2K[1A[2K[G
                                                                                                                                           [38;5;103m ? for shortcuts [39m
[38;5;59m────────────────────────────────────────────────────────────────────────────────────────────────────────────────────────────────────────────────────────────[39m
 [38;5;217mYOLO[38;5;103m ctrl+y[39m                                                                                                                               [38;5;103m1 GEMINI.md file[39m
[38;5;217m────────────────────────────────────────────────────────────────────────────────────────────────────────────────────────────────────────────────────────────[39m
 [38;5;217m* [39myour task is to deep think and explain to me what is going on in th[7m [27m
[38;5;217m────────────────────────────────────────────────────────────────────────────────────────────────────────────────────────────────────────────────────────────[39m
 /mnt/.../chojn/projects/kanbanAgents[38;5;103m (main*)[39m                             [38;5;217mno sandbox[38;5;103m (see /docs)[39m                              [38;5;103m/model [39mgemini-3-flash-preview
[3A[71G[3B[2K[1A[2K[1A[2K[1A[2K[1A[2K[1A[2K[1A[2K[1A[2K[1A[2K[G
                                                                                                                                           [38;5;103m ? for shortcuts [39m
[38;5;59m────────────────────────────────────────────────────────────────────────────────────────────────────────────────────────────────────────────────────────────[39m
 [38;5;217mYOLO[38;5;103m ctrl+y[39m                                                                                                                               [38;5;103m1 GEMINI.md file[39m
[38;5;217m────────────────────────────────────────────────────────────────────────────────────────────────────────────────────────────────────────────────────────────[39m
 [38;5;217m* [39myour task is to deep think and explain to me what is going on in thi[7m [27m
[38;5;217m────────────────────────────────────────────────────────────────────────────────────────────────────────────────────────────────────────────────────────────[39m
 /mnt/.../chojn/projects/kanbanAgents[38;5;103m (main*)[39m                             [38;5;217mno sandbox[38;5;103m (see /docs)[39m                              [38;5;103m/model [39mgemini-3-flash-preview
[3A[72G[3B[2K[1A[2K[1A[2K[1A[2K[1A[2K[1A[2K[1A[2K[1A[2K[1A[2K[G
                                                                                                                                           [38;5;103m ? for shortcuts [39m
[38;5;59m────────────────────────────────────────────────────────────────────────────────────────────────────────────────────────────────────────────────────────────[39m
 [38;5;217mYOLO[38;5;103m ctrl+y[39m                                                                                                                               [38;5;103m1 GEMINI.md file[39m
[38;5;217m────────────────────────────────────────────────────────────────────────────────────────────────────────────────────────────────────────────────────────────[39m
 [38;5;217m* [39myour task is to deep think and explain to me what is going on in this[7m [27m
[38;5;217m────────────────────────────────────────────────────────────────────────────────────────────────────────────────────────────────────────────────────────────[39m
 /mnt/.../chojn/projects/kanbanAgents[38;5;103m (main*)[39m                             [38;5;217mno sandbox[38;5;103m (see /docs)[39m                              [38;5;103m/model [39mgemini-3-flash-preview
[3A[73G[3B[2K[1A[2K[1A[2K[1A[2K[1A[2K[1A[2K[1A[2K[1A[2K[1A[2K[G
                                                                                                                                           [38;5;103m ? for shortcuts [39m
[38;5;59m────────────────────────────────────────────────────────────────────────────────────────────────────────────────────────────────────────────────────────────[39m
 [38;5;217mYOLO[38;5;103m ctrl+y[39m                                                                                                                               [38;5;103m1 GEMINI.md file[39m
[38;5;217m────────────────────────────────────────────────────────────────────────────────────────────────────────────────────────────────────────────────────────────[39m
 [38;5;217m* [39myour task is to deep think and explain to me what is going on in this [7m [27m
[38;5;217m────────────────────────────────────────────────────────────────────────────────────────────────────────────────────────────────────────────────────────────[39m
 /mnt/.../chojn/projects/kanbanAgents[38;5;103m (main*)[39m                             [38;5;217mno sandbox[38;5;103m (see /docs)[39m                              [38;5;103m/model [39mgemini-3-flash-preview
[3A[74G[3B[2K[1A[2K[1A[2K[1A[2K[1A[2K[1A[2K[1A[2K[1A[2K[1A[2K[G
                                                                                                                                           [38;5;103m ? for shortcuts [39m
[38;5;59m────────────────────────────────────────────────────────────────────────────────────────────────────────────────────────────────────────────────────────────[39m
 [38;5;217mYOLO[38;5;103m ctrl+y[39m                                                                                                                               [38;5;103m1 GEMINI.md file[39m
[38;5;217m────────────────────────────────────────────────────────────────────────────────────────────────────────────────────────────────────────────────────────────[39m
 [38;5;217m* [39myour task is to deep think and explain to me what is going on in this r[7m [27m
[38;5;217m────────────────────────────────────────────────────────────────────────────────────────────────────────────────────────────────────────────────────────────[39m
 /mnt/.../chojn/projects/kanbanAgents[38;5;103m (main*)[39m                             [38;5;217mno sandbox[38;5;103m (see /docs)[39m                              [38;5;103m/model [39mgemini-3-flash-preview
[3A[75G[3B[2K[1A[2K[1A[2K[1A[2K[1A[2K[1A[2K[1A[2K[1A[2K[1A[2K[G
                                                                                                                                           [38;5;103m ? for shortcuts [39m
[38;5;59m────────────────────────────────────────────────────────────────────────────────────────────────────────────────────────────────────────────────────────────[39m
 [38;5;217mYOLO[38;5;103m ctrl+y[39m                                                                                                                               [38;5;103m1 GEMINI.md file[39m
[38;5;217m────────────────────────────────────────────────────────────────────────────────────────────────────────────────────────────────────────────────────────────[39m
 [38;5;217m* [39myour task is to deep think and explain to me what is going on in this re[7m [27m
[38;5;217m────────────────────────────────────────────────────────────────────────────────────────────────────────────────────────────────────────────────────────────[39m
 /mnt/.../chojn/projects/kanbanAgents[38;5;103m (main*)[39m                             [38;5;217mno sandbox[38;5;103m (see /docs)[39m                              [38;5;103m/model [39mgemini-3-flash-preview
[3A[76G[3B[2K[1A[2K[1A[2K[1A[2K[1A[2K[1A[2K[1A[2K[1A[2K[1A[2K[G
                                                                                                                                           [38;5;103m ? for shortcuts [39m
[38;5;59m────────────────────────────────────────────────────────────────────────────────────────────────────────────────────────────────────────────────────────────[39m
 [38;5;217mYOLO[38;5;103m ctrl+y[39m                                                                                                                               [38;5;103m1 GEMINI.md file[39m
[38;5;217m────────────────────────────────────────────────────────────────────────────────────────────────────────────────────────────────────────────────────────────[39m
 [38;5;217m* [39myour task is to deep think and explain to me what is going on in this rep[7m [27m
[38;5;217m────────────────────────────────────────────────────────────────────────────────────────────────────────────────────────────────────────────────────────────[39m
 /mnt/.../chojn/projects/kanbanAgents[38;5;103m (main*)[39m                             [38;5;217mno sandbox[38;5;103m (see /docs)[39m                              [38;5;103m/model [39mgemini-3-flash-preview
[3A[77G[3B[2K[1A[2K[1A[2K[1A[2K[1A[2K[1A[2K[1A[2K[1A[2K[1A[2K[G
                                                                                                                                           [38;5;103m ? for shortcuts [39m
[38;5;59m────────────────────────────────────────────────────────────────────────────────────────────────────────────────────────────────────────────────────────────[39m
 [38;5;217mYOLO[38;5;103m ctrl+y[39m                                                                                                                               [38;5;103m1 GEMINI.md file[39m
[38;5;217m────────────────────────────────────────────────────────────────────────────────────────────────────────────────────────────────────────────────────────────[39m
 [38;5;217m* [39myour task is to deep think and explain to me what is going on in this repo[7m [27m
[38;5;217m────────────────────────────────────────────────────────────────────────────────────────────────────────────────────────────────────────────────────────────[39m
 /mnt/.../chojn/projects/kanbanAgents[38;5;103m (main*)[39m                             [38;5;217mno sandbox[38;5;103m (see /docs)[39m                              [38;5;103m/model [39mgemini-3-flash-preview
[3A[78G[3B[2K[1A[2K[1A[2K[1A[2K[1A[2K[1A[2K[1A[2K[1A[2K[1A[2K[G
                                                                                                                                           [38;5;103m ? for shortcuts [39m
[38;5;59m────────────────────────────────────────────────────────────────────────────────────────────────────────────────────────────────────────────────────────────[39m
 [38;5;217mYOLO[38;5;103m ctrl+y[39m                                                                                                                               [38;5;103m1 GEMINI.md file[39m
[38;5;217m────────────────────────────────────────────────────────────────────────────────────────────────────────────────────────────────────────────────────────────[39m
 [38;5;217m* [39myour task is to deep think and explain to me what is going on in this repor[7m [27m
[38;5;217m────────────────────────────────────────────────────────────────────────────────────────────────────────────────────────────────────────────────────────────[39m
 /mnt/.../chojn/projects/kanbanAgents[38;5;103m (main*)[39m                             [38;5;217mno sandbox[38;5;103m (see /docs)[39m                              [38;5;103m/model [39mgemini-3-flash-preview
[3A[79G[3B[2K[1A[2K[1A[2K[1A[2K[1A[2K[1A[2K[1A[2K[1A[2K[1A[2K[G
                                                                                                                                           [38;5;103m ? for shortcuts [39m
[38;5;59m────────────────────────────────────────────────────────────────────────────────────────────────────────────────────────────────────────────────────────────[39m
 [38;5;217mYOLO[38;5;103m ctrl+y[39m                                                                                                                               [38;5;103m1 GEMINI.md file[39m
[38;5;217m────────────────────────────────────────────────────────────────────────────────────────────────────────────────────────────────────────────────────────────[39m
 [38;5;217m* [39myour task is to deep think and explain to me what is going on in this repori[7m [27m
[38;5;217m────────────────────────────────────────────────────────────────────────────────────────────────────────────────────────────────────────────────────────────[39m
 /mnt/.../chojn/projects/kanbanAgents[38;5;103m (main*)[39m                             [38;5;217mno sandbox[38;5;103m (see /docs)[39m                              [38;5;103m/model [39mgemini-3-flash-preview
[3A[80G[3B[2K[1A[2K[1A[2K[1A[2K[1A[2K[1A[2K[1A[2K[1A[2K[1A[2K[G
                                                                                                                                           [38;5;103m ? for shortcuts [39m
[38;5;59m────────────────────────────────────────────────────────────────────────────────────────────────────────────────────────────────────────────────────────────[39m
 [38;5;217mYOLO[38;5;103m ctrl+y[39m                                                                                                                               [38;5;103m1 GEMINI.md file[39m
[38;5;217m────────────────────────────────────────────────────────────────────────────────────────────────────────────────────────────────────────────────────────────[39m
 [38;5;217m* [39myour task is to deep think and explain to me what is going on in this reporis[7m [27m
[38;5;217m────────────────────────────────────────────────────────────────────────────────────────────────────────────────────────────────────────────────────────────[39m
 /mnt/.../chojn/projects/kanbanAgents[38;5;103m (main*)[39m                             [38;5;217mno sandbox[38;5;103m (see /docs)[39m                              [38;5;103m/model [39mgemini-3-flash-preview
[3A[81G[3B[2K[1A[2K[1A[2K[1A[2K[1A[2K[1A[2K[1A[2K[1A[2K[1A[2K[G
                                                                                                                                           [38;5;103m ? for shortcuts [39m
[38;5;59m────────────────────────────────────────────────────────────────────────────────────────────────────────────────────────────────────────────────────────────[39m
 [38;5;217mYOLO[38;5;103m ctrl+y[39m                                                                                                                               [38;5;103m1 GEMINI.md file[39m
[38;5;217m────────────────────────────────────────────────────────────────────────────────────────────────────────────────────────────────────────────────────────────[39m
 [38;5;217m* [39myour task is to deep think and explain to me what is going on in this reporist[7m [27m
[38;5;217m────────────────────────────────────────────────────────────────────────────────────────────────────────────────────────────────────────────────────────────[39m
 /mnt/.../chojn/projects/kanbanAgents[38;5;103m (main*)[39m                             [38;5;217mno sandbox[38;5;103m (see /docs)[39m                              [38;5;103m/model [39mgemini-3-flash-preview
[3A[82G[3B[2K[1A[2K[1A[2K[1A[2K[1A[2K[1A[2K[1A[2K[1A[2K[1A[2K[G
                                                                                                                                           [38;5;103m ? for shortcuts [39m
[38;5;59m────────────────────────────────────────────────────────────────────────────────────────────────────────────────────────────────────────────────────────────[39m
 [38;5;217mYOLO[38;5;103m ctrl+y[39m                                                                                                                               [38;5;103m1 GEMINI.md file[39m
[38;5;217m────────────────────────────────────────────────────────────────────────────────────────────────────────────────────────────────────────────────────────────[39m
 [38;5;217m* [39myour task is to deep think and explain to me what is going on in this reporisto[7m [27m
[38;5;217m────────────────────────────────────────────────────────────────────────────────────────────────────────────────────────────────────────────────────────────[39m
 /mnt/.../chojn/projects/kanbanAgents[38;5;103m (main*)[39m                             [38;5;217mno sandbox[38;5;103m (see /docs)[39m                              [38;5;103m/model [39mgemini-3-flash-preview
[3A[83G[3B[2K[1A[2K[1A[2K[1A[2K[1A[2K[1A[2K[1A[2K[1A[2K[1A[2K[G
                                                                                                                                           [38;5;103m ? for shortcuts [39m
[38;5;59m────────────────────────────────────────────────────────────────────────────────────────────────────────────────────────────────────────────────────────────[39m
 [38;5;217mYOLO[38;5;103m ctrl+y[39m                                                                                                                               [38;5;103m1 GEMINI.md file[39m
[38;5;217m────────────────────────────────────────────────────────────────────────────────────────────────────────────────────────────────────────────────────────────[39m
 [38;5;217m* [39myour task is to deep think and explain to me what is going on in this reporist[7m [27m
[38;5;217m────────────────────────────────────────────────────────────────────────────────────────────────────────────────────────────────────────────────────────────[39m
 /mnt/.../chojn/projects/kanbanAgents[38;5;103m (main*)[39m                             [38;5;217mno sandbox[38;5;103m (see /docs)[39m                              [38;5;103m/model [39mgemini-3-flash-preview
[3A[82G[3B[2K[1A[2K[1A[2K[1A[2K[1A[2K[1A[2K[1A[2K[1A[2K[1A[2K[G
                                                                                                                                           [38;5;103m ? for shortcuts [39m
[38;5;59m────────────────────────────────────────────────────────────────────────────────────────────────────────────────────────────────────────────────────────────[39m
 [38;5;217mYOLO[38;5;103m ctrl+y[39m                                                                                                                               [38;5;103m1 GEMINI.md file[39m
[38;5;217m────────────────────────────────────────────────────────────────────────────────────────────────────────────────────────────────────────────────────────────[39m
 [38;5;217m* [39myour task is to deep think and explain to me what is going on in this reporis[7m [27m
[38;5;217m────────────────────────────────────────────────────────────────────────────────────────────────────────────────────────────────────────────────────────────[39m
 /mnt/.../chojn/projects/kanbanAgents[38;5;103m (main*)[39m                             [38;5;217mno sandbox[38;5;103m (see /docs)[39m                              [38;5;103m/model [39mgemini-3-flash-preview
[3A[81G[3B[2K[1A[2K[1A[2K[1A[2K[1A[2K[1A[2K[1A[2K[1A[2K[1A[2K[G
                                                                                                                                           [38;5;103m ? for shortcuts [39m
[38;5;59m────────────────────────────────────────────────────────────────────────────────────────────────────────────────────────────────────────────────────────────[39m
 [38;5;217mYOLO[38;5;103m ctrl+y[39m                                                                                                                               [38;5;103m1 GEMINI.md file[39m
[38;5;217m────────────────────────────────────────────────────────────────────────────────────────────────────────────────────────────────────────────────────────────[39m
 [38;5;217m* [39myour task is to deep think and explain to me what is going on in this repori[7m [27m
[38;5;217m────────────────────────────────────────────────────────────────────────────────────────────────────────────────────────────────────────────────────────────[39m
 /mnt/.../chojn/projects/kanbanAgents[38;5;103m (main*)[39m                             [38;5;217mno sandbox[38;5;103m (see /docs)[39m                              [38;5;103m/model [39mgemini-3-flash-preview
[3A[80G[3B[2K[1A[2K[1A[2K[1A[2K[1A[2K[1A[2K[1A[2K[1A[2K[1A[2K[G
                                                                                                                                           [38;5;103m ? for shortcuts [39m
[38;5;59m────────────────────────────────────────────────────────────────────────────────────────────────────────────────────────────────────────────────────────────[39m
 [38;5;217mYOLO[38;5;103m ctrl+y[39m                                                                                                                               [38;5;103m1 GEMINI.md file[39m
[38;5;217m────────────────────────────────────────────────────────────────────────────────────────────────────────────────────────────────────────────────────────────[39m
 [38;5;217m* [39myour task is to deep think and explain to me what is going on in this repor[7m [27m
[38;5;217m────────────────────────────────────────────────────────────────────────────────────────────────────────────────────────────────────────────────────────────[39m
 /mnt/.../chojn/projects/kanbanAgents[38;5;103m (main*)[39m                             [38;5;217mno sandbox[38;5;103m (see /docs)[39m                              [38;5;103m/model [39mgemini-3-flash-preview
[3A[79G[3B[2K[1A[2K[1A[2K[1A[2K[1A[2K[1A[2K[1A[2K[1A[2K[1A[2K[G
                                                                                                                                           [38;5;103m ? for shortcuts [39m
[38;5;59m────────────────────────────────────────────────────────────────────────────────────────────────────────────────────────────────────────────────────────────[39m
 [38;5;217mYOLO[38;5;103m ctrl+y[39m                                                                                                                               [38;5;103m1 GEMINI.md file[39m
[38;5;217m────────────────────────────────────────────────────────────────────────────────────────────────────────────────────────────────────────────────────────────[39m
 [38;5;217m* [39myour task is to deep think and explain to me what is going on in this repo[7m [27m
[38;5;217m────────────────────────────────────────────────────────────────────────────────────────────────────────────────────────────────────────────────────────────[39m
 /mnt/.../chojn/projects/kanbanAgents[38;5;103m (main*)[39m                             [38;5;217mno sandbox[38;5;103m (see /docs)[39m                              [38;5;103m/model [39mgemini-3-flash-preview
[3A[78G[3B[2K[1A[2K[1A[2K[1A[2K[1A[2K[1A[2K[1A[2K[1A[2K[1A[2K[G
                                                                                                                                           [38;5;103m ? for shortcuts [39m
[38;5;59m────────────────────────────────────────────────────────────────────────────────────────────────────────────────────────────────────────────────────────────[39m
 [38;5;217mYOLO[38;5;103m ctrl+y[39m                                                                                                                               [38;5;103m1 GEMINI.md file[39m
[38;5;217m────────────────────────────────────────────────────────────────────────────────────────────────────────────────────────────────────────────────────────────[39m
 [38;5;217m* [39myour task is to deep think and explain to me what is going on in this repos[7m [27m
[38;5;217m────────────────────────────────────────────────────────────────────────────────────────────────────────────────────────────────────────────────────────────[39m
 /mnt/.../chojn/projects/kanbanAgents[38;5;103m (main*)[39m                             [38;5;217mno sandbox[38;5;103m (see /docs)[39m                              [38;5;103m/model [39mgemini-3-flash-preview
[3A[79G[3B[2K[1A[2K[1A[2K[1A[2K[1A[2K[1A[2K[1A[2K[1A[2K[1A[2K[G
                                                                                                                                           [38;5;103m ? for shortcuts [39m
[38;5;59m────────────────────────────────────────────────────────────────────────────────────────────────────────────────────────────────────────────────────────────[39m
 [38;5;217mYOLO[38;5;103m ctrl+y[39m                                                                                                                               [38;5;103m1 GEMINI.md file[39m
[38;5;217m────────────────────────────────────────────────────────────────────────────────────────────────────────────────────────────────────────────────────────────[39m
 [38;5;217m* [39myour task is to deep think and explain to me what is going on in this reposi[7m [27m
[38;5;217m────────────────────────────────────────────────────────────────────────────────────────────────────────────────────────────────────────────────────────────[39m
 /mnt/.../chojn/projects/kanbanAgents[38;5;103m (main*)[39m                             [38;5;217mno sandbox[38;5;103m (see /docs)[39m                              [38;5;103m/model [39mgemini-3-flash-preview
[3A[80G[3B[2K[1A[2K[1A[2K[1A[2K[1A[2K[1A[2K[1A[2K[1A[2K[1A[2K[G
                                                                                                                                           [38;5;103m ? for shortcuts [39m
[38;5;59m────────────────────────────────────────────────────────────────────────────────────────────────────────────────────────────────────────────────────────────[39m
 [38;5;217mYOLO[38;5;103m ctrl+y[39m                                                                                                                               [38;5;103m1 GEMINI.md file[39m
[38;5;217m────────────────────────────────────────────────────────────────────────────────────────────────────────────────────────────────────────────────────────────[39m
 [38;5;217m* [39myour task is to deep think and explain to me what is going on in this reposit[7m [27m
[38;5;217m────────────────────────────────────────────────────────────────────────────────────────────────────────────────────────────────────────────────────────────[39m
 /mnt/.../chojn/projects/kanbanAgents[38;5;103m (main*)[39m                             [38;5;217mno sandbox[38;5;103m (see /docs)[39m                              [38;5;103m/model [39mgemini-3-flash-preview
[3A[81G[3B[2K[1A[2K[1A[2K[1A[2K[1A[2K[1A[2K[1A[2K[1A[2K[1A[2K[G
                                                                                                                                           [38;5;103m ? for shortcuts [39m
[38;5;59m────────────────────────────────────────────────────────────────────────────────────────────────────────────────────────────────────────────────────────────[39m
 [38;5;217mYOLO[38;5;103m ctrl+y[39m                                                                                                                               [38;5;103m1 GEMINI.md file[39m
[38;5;217m────────────────────────────────────────────────────────────────────────────────────────────────────────────────────────────────────────────────────────────[39m
 [38;5;217m* [39myour task is to deep think and explain to me what is going on in this reposito[7m [27m
[38;5;217m────────────────────────────────────────────────────────────────────────────────────────────────────────────────────────────────────────────────────────────[39m
 /mnt/.../chojn/projects/kanbanAgents[38;5;103m (main*)[39m                             [38;5;217mno sandbox[38;5;103m (see /docs)[39m                              [38;5;103m/model [39mgemini-3-flash-preview
[3A[82G[3B[2K[1A[2K[1A[2K[1A[2K[1A[2K[1A[2K[1A[2K[1A[2K[1A[2K[G
                                                                                                                                           [38;5;103m ? for shortcuts [39m
[38;5;59m────────────────────────────────────────────────────────────────────────────────────────────────────────────────────────────────────────────────────────────[39m
 [38;5;217mYOLO[38;5;103m ctrl+y[39m                                                                                                                               [38;5;103m1 GEMINI.md file[39m
[38;5;217m────────────────────────────────────────────────────────────────────────────────────────────────────────────────────────────────────────────────────────────[39m
 [38;5;217m* [39myour task is to deep think and explain to me what is going on in this repositor[7m [27m
[38;5;217m────────────────────────────────────────────────────────────────────────────────────────────────────────────────────────────────────────────────────────────[39m
 /mnt/.../chojn/projects/kanbanAgents[38;5;103m (main*)[39m                             [38;5;217mno sandbox[38;5;103m (see /docs)[39m                              [38;5;103m/model [39mgemini-3-flash-preview
[3A[83G[3B[2K[1A[2K[1A[2K[1A[2K[1A[2K[1A[2K[1A[2K[1A[2K[1A[2K[G
                                                                                                                                           [38;5;103m ? for shortcuts [39m
[38;5;59m────────────────────────────────────────────────────────────────────────────────────────────────────────────────────────────────────────────────────────────[39m
 [38;5;217mYOLO[38;5;103m ctrl+y[39m                                                                                                                               [38;5;103m1 GEMINI.md file[39m
[38;5;217m────────────────────────────────────────────────────────────────────────────────────────────────────────────────────────────────────────────────────────────[39m
 [38;5;217m* [39myour task is to deep think and explain to me what is going on in this repository[7m [27m
[38;5;217m────────────────────────────────────────────────────────────────────────────────────────────────────────────────────────────────────────────────────────────[39m
 /mnt/.../chojn/projects/kanbanAgents[38;5;103m (main*)[39m                             [38;5;217mno sandbox[38;5;103m (see /docs)[39m                              [38;5;103m/model [39mgemini-3-flash-preview
[3A[84G[3B[2K[1A[2K[1A[2K[1A[2K[1A[2K[1A[2K[1A[2K[1A[2K[1A[2K[G
                                                                                                                                           [38;5;103m ? for shortcuts [39m
[38;5;59m────────────────────────────────────────────────────────────────────────────────────────────────────────────────────────────────────────────────────────────[39m
 [38;5;217mYOLO[38;5;103m ctrl+y[39m                                                                                                                               [38;5;103m1 GEMINI.md file[39m
[38;5;217m────────────────────────────────────────────────────────────────────────────────────────────────────────────────────────────────────────────────────────────[39m
 [38;5;217m* [39m[7m [27m[38;5;103m Type your message or @path/to/file[39m
[38;5;217m────────────────────────────────────────────────────────────────────────────────────────────────────────────────────────────────────────────────────────────[39m
 /mnt/.../chojn/projects/kanbanAgents[38;5;103m (main*)[39m                             [38;5;217mno sandbox[38;5;103m (see /docs)[39m                              [38;5;103m/model [39mgemini-3-flash-preview
[3A[4G[3B[2K[1A[2K[1A[2K[1A[2K[1A[2K[1A[2K[1A[2K[1A[2K[1A[2K[G [38;5;183m> [38;5;103myour task is to deep think and explain to me what is going on in this repository[39m
[?25l
 [38;5;183m⠋[39m  [38;5;103m(esc to cancel, 0s)[39m                                                                                                                    [38;5;103m ? for shortcuts [39m
[38;5;59m────────────────────────────────────────────────────────────────────────────────────────────────────────────────────────────────────────────────────────────[39m
 [38;5;217mYOLO[38;5;103m ctrl+y[39m
[38;5;217m────────────────────────────────────────────────────────────────────────────────────────────────────────────────────────────────────────────────────────────[39m
 [38;5;217m* [39m[7m [27m[38;5;103m Type your message or @path/to/file[39m
[38;5;217m────────────────────────────────────────────────────────────────────────────────────────────────────────────────────────────────────────────────────────────[39m
 /mnt/.../chojn/projects/kanbanAgents[38;5;103m (main*)[39m                             [38;5;217mno sandbox[38;5;103m (see /docs)[39m                              [38;5;103m/model [39mgemini-3-flash-preview
[3A[4G]0;✦  Working… (kanbanAgents)                                                      [3B[2K[1A[2K[1A[2K[1A[2K[1A[2K[1A[2K[1A[2K[1A[2K[1A[2K[G
 [38;5;183m⠋[39m [3mEnable screen reader mode for better accessibility (/settings)…[23m [38;5;103m(esc to cancel, 0s)[39m                                                     [38;5;103m ? for shortcuts [39m
[38;5;59m────────────────────────────────────────────────────────────────────────────────────────────────────────────────────────────────────────────────────────────[39m
 [38;5;217mYOLO[38;5;103m ctrl+y[39m
[38;5;217m────────────────────────────────────────────────────────────────────────────────────────────────────────────────────────────────────────────────────────────[39m
 [38;5;217m* [39m[7m [27m[38;5;103m Type your message or @path/to/file[39m
[38;5;217m────────────────────────────────────────────────────────────────────────────────────────────────────────────────────────────────────────────────────────────[39m
 /mnt/.../chojn/projects/kanbanAgents[38;5;103m (main*)[39m                             [38;5;217mno sandbox[38;5;103m (see /docs)[39m                              [38;5;103m/model [39mgemini-3-flash-preview
[3A[4G[3B[2K[1A[2K[1A[2K[1A[2K[1A[2K[1A[2K[1A[2K[1A[2K[1A[2K[G
 [38;5;183m⠙[39m [3mEnable screen reader mode for better accessibility (/settings)…[23m [38;5;103m(esc to cancel, 0s)[39m                                                     [38;5;103m ? for shortcuts [39m
[38;5;59m────────────────────────────────────────────────────────────────────────────────────────────────────────────────────────────────────────────────────────────[39m
 [38;5;217mYOLO[38;5;103m ctrl+y[39m
[38;5;217m────────────────────────────────────────────────────────────────────────────────────────────────────────────────────────────────────────────────────────────[39m
 [38;5;217m* [39m[7m [27m[38;5;103m Type your message or @path/to/file[39m
[38;5;217m────────────────────────────────────────────────────────────────────────────────────────────────────────────────────────────────────────────────────────────[39m
 /mnt/.../chojn/projects/kanbanAgents[38;5;103m (main*)[39m                             [38;5;217mno sandbox[38;5;103m (see /docs)[39m                              [38;5;103m/model [39mgemini-3-flash-preview
[3A[4G[3B[2K[1A[2K[1A[2K[1A[2K[1A[2K[1A[2K[1A[2K[1A[2K[1A[2K[G
 [38;5;183m⠹[39m [3mEnable screen reader mode for better accessibility (/settings)…[23m [38;5;103m(esc to cancel, 0s)[39m                                                     [38;5;103m ? for shortcuts [39m
[38;5;59m────────────────────────────────────────────────────────────────────────────────────────────────────────────────────────────────────────────────────────────[39m
 [38;5;217mYOLO[38;5;103m ctrl+y[39m
[38;5;217m────────────────────────────────────────────────────────────────────────────────────────────────────────────────────────────────────────────────────────────[39m
 [38;5;217m* [39m[7m [27m[38;5;103m Type your message or @path/to/file[39m
[38;5;217m────────────────────────────────────────────────────────────────────────────────────────────────────────────────────────────────────────────────────────────[39m
 /mnt/.../chojn/projects/kanbanAgents[38;5;103m (main*)[39m                             [38;5;217mno sandbox[38;5;103m (see /docs)[39m                              [38;5;103m/model [39mgemini-3-flash-preview
[3A[4G[3B[2K[1A[2K[1A[2K[1A[2K[1A[2K[1A[2K[1A[2K[1A[2K[1A[2K[G
 [38;5;147m⠸[39m [3mEnable screen reader mode for better accessibility (/settings)…[23m [38;5;103m(esc to cancel, 0s)[39m                                                     [38;5;103m ? for shortcuts [39m
[38;5;59m────────────────────────────────────────────────────────────────────────────────────────────────────────────────────────────────────────────────────────────[39m
 [38;5;217mYOLO[38;5;103m ctrl+y[39m
[38;5;217m────────────────────────────────────────────────────────────────────────────────────────────────────────────────────────────────────────────────────────────[39m
 [38;5;217m* [39m[7m [27m[38;5;103m Type your message or @path/to/file[39m
[38;5;217m────────────────────────────────────────────────────────────────────────────────────────────────────────────────────────────────────────────────────────────[39m
 /mnt/.../chojn/projects/kanbanAgents[38;5;103m (main*)[39m                             [38;5;217mno sandbox[38;5;103m (see /docs)[39m                              [38;5;103m/model [39mgemini-3-flash-preview
[3A[4G[3B[2K[1A[2K[1A[2K[1A[2K[1A[2K[1A[2K[1A[2K[1A[2K[1A[2K[G
 [38;5;147m⠼[39m [3mEnable screen reader mode for better accessibility (/settings)…[23m [38;5;103m(esc to cancel, 0s)[39m                                                     [38;5;103m ? for shortcuts [39m
[38;5;59m────────────────────────────────────────────────────────────────────────────────────────────────────────────────────────────────────────────────────────────[39m
 [38;5;217mYOLO[38;5;103m ctrl+y[39m
[38;5;217m────────────────────────────────────────────────────────────────────────────────────────────────────────────────────────────────────────────────────────────[39m
 [38;5;217m* [39m[7m [27m[38;5;103m Type your message or @path/to/file[39m
[38;5;217m────────────────────────────────────────────────────────────────────────────────────────────────────────────────────────────────────────────────────────────[39m
 /mnt/.../chojn/projects/kanbanAgents[38;5;103m (main*)[39m                             [38;5;217mno sandbox[38;5;103m (see /docs)[39m                              [38;5;103m/model [39mgemini-3-flash-preview
[3A[4G[3B[2K[1A[2K[1A[2K[1A[2K[1A[2K[1A[2K[1A[2K[1A[2K[1A[2K[G
 [38;5;147m⠴[39m [3mEnable screen reader mode for better accessibility (/settings)…[23m [38;5;103m(esc to cancel, 0s)[39m                                                     [38;5;103m ? for shortcuts [39m
[38;5;59m────────────────────────────────────────────────────────────────────────────────────────────────────────────────────────────────────────────────────────────[39m
 [38;5;217mYOLO[38;5;103m ctrl+y[39m
[38;5;217m────────────────────────────────────────────────────────────────────────────────────────────────────────────────────────────────────────────────────────────[39m
 [38;5;217m* [39m[7m [27m[38;5;103m Type your message or @path/to/file[39m
[38;5;217m────────────────────────────────────────────────────────────────────────────────────────────────────────────────────────────────────────────────────────────[39m
 /mnt/.../chojn/projects/kanbanAgents[38;5;103m (main*)[39m                             [38;5;217mno sandbox[38;5;103m (see /docs)[39m                              [38;5;103m/model [39mgemini-3-flash-preview
[3A[4G[3B[2K[1A[2K[1A[2K[1A[2K[1A[2K[1A[2K[1A[2K[1A[2K[1A[2K[G
 [38;5;147m⠦[39m [3mEnable screen reader mode for better accessibility (/settings)…[23m [38;5;103m(esc to cancel, 0s)[39m                                                     [38;5;103m ? for shortcuts [39m
[38;5;59m────────────────────────────────────────────────────────────────────────────────────────────────────────────────────────────────────────────────────────────[39m
 [38;5;217mYOLO[38;5;103m ctrl+y[39m
[38;5;217m────────────────────────────────────────────────────────────────────────────────────────────────────────────────────────────────────────────────────────────[39m
 [38;5;217m* [39m[7m [27m[38;5;103m Type your message or @path/to/file[39m
[38;5;217m────────────────────────────────────────────────────────────────────────────────────────────────────────────────────────────────────────────────────────────[39m
 /mnt/.../chojn/projects/kanbanAgents[38;5;103m (main*)[39m                             [38;5;217mno sandbox[38;5;103m (see /docs)[39m                              [38;5;103m/model [39mgemini-3-flash-preview
[3A[4G[3B[2K[1A[2K[1A[2K[1A[2K[1A[2K[1A[2K[1A[2K[1A[2K[1A[2K[G
 [38;5;147m⠧[39m [3mEnable screen reader mode for better accessibility (/settings)…[23m [38;5;103m(esc to cancel, 0s)[39m                                                     [38;5;103m ? for shortcuts [39m
[38;5;59m────────────────────────────────────────────────────────────────────────────────────────────────────────────────────────────────────────────────────────────[39m
 [38;5;217mYOLO[38;5;103m ctrl+y[39m
[38;5;217m────────────────────────────────────────────────────────────────────────────────────────────────────────────────────────────────────────────────────────────[39m
 [38;5;217m* [39m[7m [27m[38;5;103m Type your message or @path/to/file[39m
[38;5;217m────────────────────────────────────────────────────────────────────────────────────────────────────────────────────────────────────────────────────────────[39m
 /mnt/.../chojn/projects/kanbanAgents[38;5;103m (main*)[39m                             [38;5;217mno sandbox[38;5;103m (see /docs)[39m                              [38;5;103m/model [39mgemini-3-flash-preview
[3A[4G[3B[2K[1A[2K[1A[2K[1A[2K[1A[2K[1A[2K[1A[2K[1A[2K[1A[2K[G
 [38;5;153m⠧[39m [3mEnable screen reader mode for better accessibility (/settings)…[23m [38;5;103m(esc to cancel, 0s)[39m                                                     [38;5;103m ? for shortcuts [39m
[38;5;59m────────────────────────────────────────────────────────────────────────────────────────────────────────────────────────────────────────────────────────────[39m
 [38;5;217mYOLO[38;5;103m ctrl+y[39m
[38;5;217m────────────────────────────────────────────────────────────────────────────────────────────────────────────────────────────────────────────────────────────[39m
 [38;5;217m* [39m[7m [27m[38;5;103m Type your message or @path/to/file[39m
[38;5;217m────────────────────────────────────────────────────────────────────────────────────────────────────────────────────────────────────────────────────────────[39m
 /mnt/.../chojn/projects/kanbanAgents[38;5;103m (main*)[39m                             [38;5;217mno sandbox[38;5;103m (see /docs)[39m                              [38;5;103m/model [39mgemini-3-flash-preview
[3A[4G[3B[2K[1A[2K[1A[2K[1A[2K[1A[2K[1A[2K[1A[2K[1A[2K[1A[2K[G
 [38;5;153m⠇[39m [3mEnable screen reader mode for better accessibility (/settings)…[23m [38;5;103m(esc to cancel, 0s)[39m                                                     [38;5;103m ? for shortcuts [39m
[38;5;59m────────────────────────────────────────────────────────────────────────────────────────────────────────────────────────────────────────────────────────────[39m
 [38;5;217mYOLO[38;5;103m ctrl+y[39m
[38;5;217m────────────────────────────────────────────────────────────────────────────────────────────────────────────────────────────────────────────────────────────[39m
 [38;5;217m* [39m[7m [27m[38;5;103m Type your message or @path/to/file[39m
[38;5;217m────────────────────────────────────────────────────────────────────────────────────────────────────────────────────────────────────────────────────────────[39m
 /mnt/.../chojn/projects/kanbanAgents[38;5;103m (main*)[39m                             [38;5;217mno sandbox[38;5;103m (see /docs)[39m                              [38;5;103m/model [39mgemini-3-flash-preview
[3A[4G[3B[2K[1A[2K[1A[2K[1A[2K[1A[2K[1A[2K[1A[2K[1A[2K[1A[2K[G
 [38;5;153m⠏[39m [3mEnable screen reader mode for better accessibility (/settings)…[23m [38;5;103m(esc to cancel, 0s)[39m                                                     [38;5;103m ? for shortcuts [39m
[38;5;59m────────────────────────────────────────────────────────────────────────────────────────────────────────────────────────────────────────────────────────────[39m
 [38;5;217mYOLO[38;5;103m ctrl+y[39m
[38;5;217m────────────────────────────────────────────────────────────────────────────────────────────────────────────────────────────────────────────────────────────[39m
 [38;5;217m* [39m[7m [27m[38;5;103m Type your message or @path/to/file[39m
[38;5;217m────────────────────────────────────────────────────────────────────────────────────────────────────────────────────────────────────────────────────────────[39m
 /mnt/.../chojn/projects/kanbanAgents[38;5;103m (main*)[39m                             [38;5;217mno sandbox[38;5;103m (see /docs)[39m                              [38;5;103m/model [39mgemini-3-flash-preview
[3A[4G[3B[2K[1A[2K[1A[2K[1A[2K[1A[2K[1A[2K[1A[2K[1A[2K[1A[2K[G
 [38;5;153m⠋[39m [3mEnable screen reader mode for better accessibility (/settings)…[23m [38;5;103m(esc to cancel, 0s)[39m                                                     [38;5;103m ? for shortcuts [39m
[38;5;59m────────────────────────────────────────────────────────────────────────────────────────────────────────────────────────────────────────────────────────────[39m
 [38;5;217mYOLO[38;5;103m ctrl+y[39m
[38;5;217m────────────────────────────────────────────────────────────────────────────────────────────────────────────────────────────────────────────────────────────[39m
 [38;5;217m* [39m[7m [27m[38;5;103m Type your message or @path/to/file[39m
[38;5;217m────────────────────────────────────────────────────────────────────────────────────────────────────────────────────────────────────────────────────────────[39m
 /mnt/.../chojn/projects/kanbanAgents[38;5;103m (main*)[39m                             [38;5;217mno sandbox[38;5;103m (see /docs)[39m                              [38;5;103m/model [39mgemini-3-flash-preview
[3A[4G[3B[2K[1A[2K[1A[2K[1A[2K[1A[2K[1A[2K[1A[2K[1A[2K[1A[2K[G
 [38;5;153m⠙[39m [3mEnable screen reader mode for better accessibility (/settings)…[23m [38;5;103m(esc to cancel, 0s)[39m                                                     [38;5;103m ? for shortcuts [39m
[38;5;59m────────────────────────────────────────────────────────────────────────────────────────────────────────────────────────────────────────────────────────────[39m
 [38;5;217mYOLO[38;5;103m ctrl+y[39m
[38;5;217m────────────────────────────────────────────────────────────────────────────────────────────────────────────────────────────────────────────────────────────[39m
 [38;5;217m* [39m[7m [27m[38;5;103m Type your message or @path/to/file[39m
[38;5;217m────────────────────────────────────────────────────────────────────────────────────────────────────────────────────────────────────────────────────────────[39m
 /mnt/.../chojn/projects/kanbanAgents[38;5;103m (main*)[39m                             [38;5;217mno sandbox[38;5;103m (see /docs)[39m                              [38;5;103m/model [39mgemini-3-flash-preview
[3A[4G[3B[2K[1A[2K[1A[2K[1A[2K[1A[2K[1A[2K[1A[2K[1A[2K[1A[2K[G
 [38;5;153m⠹[39m [3mEnable screen reader mode for better accessibility (/settings)…[23m [38;5;103m(esc to cancel, 0s)[39m                                                     [38;5;103m ? for shortcuts [39m
[38;5;59m────────────────────────────────────────────────────────────────────────────────────────────────────────────────────────────────────────────────────────────[39m
 [38;5;217mYOLO[38;5;103m ctrl+y[39m
[38;5;217m────────────────────────────────────────────────────────────────────────────────────────────────────────────────────────────────────────────────────────────[39m
 [38;5;217m* [39m[7m [27m[38;5;103m Type your message or @path/to/file[39m
[38;5;217m────────────────────────────────────────────────────────────────────────────────────────────────────────────────────────────────────────────────────────────[39m
 /mnt/.../chojn/projects/kanbanAgents[38;5;103m (main*)[39m                             [38;5;217mno sandbox[38;5;103m (see /docs)[39m                              [38;5;103m/model [39mgemini-3-flash-preview
[3A[4G[3B[2K[1A[2K[1A[2K[1A[2K[1A[2K[1A[2K[1A[2K[1A[2K[1A[2K[G
 [38;5;153m⠹[39m [3mEnable screen reader mode for better accessibility (/settings)…[23m [38;5;103m(esc to cancel, 1s)[39m                                                     [38;5;103m ? for shortcuts [39m
[38;5;59m────────────────────────────────────────────────────────────────────────────────────────────────────────────────────────────────────────────────────────────[39m
 [38;5;217mYOLO[38;5;103m ctrl+y[39m
[38;5;217m────────────────────────────────────────────────────────────────────────────────────────────────────────────────────────────────────────────────────────────[39m
 [38;5;217m* [39m[7m [27m[38;5;103m Type your message or @path/to/file[39m
[38;5;217m────────────────────────────────────────────────────────────────────────────────────────────────────────────────────────────────────────────────────────────[39m
 /mnt/.../chojn/projects/kanbanAgents[38;5;103m (main*)[39m                             [38;5;217mno sandbox[38;5;103m (see /docs)[39m                              [38;5;103m/model [39mgemini-3-flash-preview
[3A[4G[3B[2K[1A[2K[1A[2K[1A[2K[1A[2K[1A[2K[1A[2K[1A[2K[1A[2K[G
 [38;5;153m⠸[39m [3mEnable screen reader mode for better accessibility (/settings)…[23m [38;5;103m(esc to cancel, 1s)[39m                                                     [38;5;103m ? for shortcuts [39m
[38;5;59m────────────────────────────────────────────────────────────────────────────────────────────────────────────────────────────────────────────────────────────[39m
 [38;5;217mYOLO[38;5;103m ctrl+y[39m
[38;5;217m────────────────────────────────────────────────────────────────────────────────────────────────────────────────────────────────────────────────────────────[39m
 [38;5;217m* [39m[7m [27m[38;5;103m Type your message or @path/to/file[39m
[38;5;217m────────────────────────────────────────────────────────────────────────────────────────────────────────────────────────────────────────────────────────────[39m
 /mnt/.../chojn/projects/kanbanAgents[38;5;103m (main*)[39m                             [38;5;217mno sandbox[38;5;103m (see /docs)[39m                              [38;5;103m/model [39mgemini-3-flash-preview
[3A[4G[3B[2K[1A[2K[1A[2K[1A[2K[1A[2K[1A[2K[1A[2K[1A[2K[1A[2K[G
 [38;5;153m⠼[39m [3mEnable screen reader mode for better accessibility (/settings)…[23m [38;5;103m(esc to cancel, 1s)[39m                                                     [38;5;103m ? for shortcuts [39m
[38;5;59m────────────────────────────────────────────────────────────────────────────────────────────────────────────────────────────────────────────────────────────[39m
 [38;5;217mYOLO[38;5;103m ctrl+y[39m
[38;5;217m────────────────────────────────────────────────────────────────────────────────────────────────────────────────────────────────────────────────────────────[39m
 [38;5;217m* [39m[7m [27m[38;5;103m Type your message or @path/to/file[39m
[38;5;217m────────────────────────────────────────────────────────────────────────────────────────────────────────────────────────────────────────────────────────────[39m
 /mnt/.../chojn/projects/kanbanAgents[38;5;103m (main*)[39m                             [38;5;217mno sandbox[38;5;103m (see /docs)[39m                              [38;5;103m/model [39mgemini-3-flash-preview
[3A[4G[3B[2K[1A[2K[1A[2K[1A[2K[1A[2K[1A[2K[1A[2K[1A[2K[1A[2K[G
 [38;5;153m⠴[39m [3mEnable screen reader mode for better accessibility (/settings)…[23m [38;5;103m(esc to cancel, 1s)[39m                                                     [38;5;103m ? for shortcuts [39m
[38;5;59m────────────────────────────────────────────────────────────────────────────────────────────────────────────────────────────────────────────────────────────[39m
 [38;5;217mYOLO[38;5;103m ctrl+y[39m
[38;5;217m────────────────────────────────────────────────────────────────────────────────────────────────────────────────────────────────────────────────────────────[39m
 [38;5;217m* [39m[7m [27m[38;5;103m Type your message or @path/to/file[39m
[38;5;217m────────────────────────────────────────────────────────────────────────────────────────────────────────────────────────────────────────────────────────────[39m
 /mnt/.../chojn/projects/kanbanAgents[38;5;103m (main*)[39m                             [38;5;217mno sandbox[38;5;103m (see /docs)[39m                              [38;5;103m/model [39mgemini-3-flash-preview
[3A[4G[3B[2K[1A[2K[1A[2K[1A[2K[1A[2K[1A[2K[1A[2K[1A[2K[1A[2K[G
 [38;5;153m⠦[39m [3mEnable screen reader mode for better accessibility (/settings)…[23m [38;5;103m(esc to cancel, 1s)[39m                                                     [38;5;103m ? for shortcuts [39m
[38;5;59m────────────────────────────────────────────────────────────────────────────────────────────────────────────────────────────────────────────────────────────[39m
 [38;5;217mYOLO[38;5;103m ctrl+y[39m
[38;5;217m────────────────────────────────────────────────────────────────────────────────────────────────────────────────────────────────────────────────────────────[39m
 [38;5;217m* [39m[7m [27m[38;5;103m Type your message or @path/to/file[39m
[38;5;217m────────────────────────────────────────────────────────────────────────────────────────────────────────────────────────────────────────────────────────────[39m
 /mnt/.../chojn/projects/kanbanAgents[38;5;103m (main*)[39m                             [38;5;217mno sandbox[38;5;103m (see /docs)[39m                              [38;5;103m/model [39mgemini-3-flash-preview
[3A[4G[3B[2K[1A[2K[1A[2K[1A[2K[1A[2K[1A[2K[1A[2K[1A[2K[1A[2K[G
 [38;5;153m⠧[39m [3mEnable screen reader mode for better accessibility (/settings)…[23m [38;5;103m(esc to cancel, 1s)[39m                                                     [38;5;103m ? for shortcuts [39m
[38;5;59m────────────────────────────────────────────────────────────────────────────────────────────────────────────────────────────────────────────────────────────[39m
 [38;5;217mYOLO[38;5;103m ctrl+y[39m
[38;5;217m────────────────────────────────────────────────────────────────────────────────────────────────────────────────────────────────────────────────────────────[39m
 [38;5;217m* [39m[7m [27m[38;5;103m Type your message or @path/to/file[39m
[38;5;217m────────────────────────────────────────────────────────────────────────────────────────────────────────────────────────────────────────────────────────────[39m
 /mnt/.../chojn/projects/kanbanAgents[38;5;103m (main*)[39m                             [38;5;217mno sandbox[38;5;103m (see /docs)[39m                              [38;5;103m/model [39mgemini-3-flash-preview
[3A[4G[3B[2K[1A[2K[1A[2K[1A[2K[1A[2K[1A[2K[1A[2K[1A[2K[1A[2K[G
 [38;5;152m⠇[39m [3mEnable screen reader mode for better accessibility (/settings)…[23m [38;5;103m(esc to cancel, 1s)[39m                                                     [38;5;103m ? for shortcuts [39m
[38;5;59m────────────────────────────────────────────────────────────────────────────────────────────────────────────────────────────────────────────────────────────[39m
 [38;5;217mYOLO[38;5;103m ctrl+y[39m
[38;5;217m────────────────────────────────────────────────────────────────────────────────────────────────────────────────────────────────────────────────────────────[39m
 [38;5;217m* [39m[7m [27m[38;5;103m Type your message or @path/to/file[39m
[38;5;217m────────────────────────────────────────────────────────────────────────────────────────────────────────────────────────────────────────────────────────────[39m
 /mnt/.../chojn/projects/kanbanAgents[38;5;103m (main*)[39m                             [38;5;217mno sandbox[38;5;103m (see /docs)[39m                              [38;5;103m/model [39mgemini-3-flash-preview
[3A[4G[3B[2K[1A[2K[1A[2K[1A[2K[1A[2K[1A[2K[1A[2K[1A[2K[1A[2K[G
 [38;5;152m⠏[39m [3mEnable screen reader mode for better accessibility (/settings)…[23m [38;5;103m(esc to cancel, 1s)[39m                                                     [38;5;103m ? for shortcuts [39m
[38;5;59m────────────────────────────────────────────────────────────────────────────────────────────────────────────────────────────────────────────────────────────[39m
 [38;5;217mYOLO[38;5;103m ctrl+y[39m
[38;5;217m────────────────────────────────────────────────────────────────────────────────────────────────────────────────────────────────────────────────────────────[39m
 [38;5;217m* [39m[7m [27m[38;5;103m Type your message or @path/to/file[39m
[38;5;217m────────────────────────────────────────────────────────────────────────────────────────────────────────────────────────────────────────────────────────────[39m
 /mnt/.../chojn/projects/kanbanAgents[38;5;103m (main*)[39m                             [38;5;217mno sandbox[38;5;103m (see /docs)[39m                              [38;5;103m/model [39mgemini-3-flash-preview
[3A[4G[3B[2K[1A[2K[1A[2K[1A[2K[1A[2K[1A[2K[1A[2K[1A[2K[1A[2K[G
 [38;5;152m⠋[39m [3mEnable screen reader mode for better accessibility (/settings)…[23m [38;5;103m(esc to cancel, 1s)[39m                                                     [38;5;103m ? for shortcuts [39m
[38;5;59m────────────────────────────────────────────────────────────────────────────────────────────────────────────────────────────────────────────────────────────[39m
 [38;5;217mYOLO[38;5;103m ctrl+y[39m
[38;5;217m────────────────────────────────────────────────────────────────────────────────────────────────────────────────────────────────────────────────────────────[39m
 [38;5;217m* [39m[7m [27m[38;5;103m Type your message or @path/to/file[39m
[38;5;217m────────────────────────────────────────────────────────────────────────────────────────────────────────────────────────────────────────────────────────────[39m
 /mnt/.../chojn/projects/kanbanAgents[38;5;103m (main*)[39m                             [38;5;217mno sandbox[38;5;103m (see /docs)[39m                              [38;5;103m/model [39mgemini-3-flash-preview
[3A[4G[3B[2K[1A[2K[1A[2K[1A[2K[1A[2K[1A[2K[1A[2K[1A[2K[1A[2K[G
 [38;5;152m⠋[39m [3mEnable screen reader mode for better accessibility (/settings)…[23m [38;5;103m(esc to cancel, 1s)[39m                                                     [38;5;103m ? for shortcuts [39m
[38;5;59m────────────────────────────────────────────────────────────────────────────────────────────────────────────────────────────────────────────────────────────[39m
 [38;5;217mYOLO[38;5;103m ctrl+y[39m
[38;5;59m────────────────────────────────────────────────────────────────────────────────────────────────────────────────────────────────────────────────────────────[39m
 [38;5;217m* [38;5;103m  Type your message or @path/to/file[39m
[38;5;59m────────────────────────────────────────────────────────────────────────────────────────────────────────────────────────────────────────────────────────────[39m
 /mnt/.../chojn/projects/kanbanAgents[38;5;103m (main*)[39m                             [38;5;217mno sandbox[38;5;103m (see /docs)[39m                              [38;5;103m/model [39mgemini-3-flash-preview
[2K[1A[2K[1A[2K[1A[2K[1A[2K[1A[2K[1A[2K[1A[2K[1A[2K[G
 [38;5;152m⠙[39m [3mEnable screen reader mode for better accessibility (/settings)…[23m [38;5;103m(esc to cancel, 1s)[39m                                                     [38;5;103m ? for shortcuts [39m
[38;5;59m────────────────────────────────────────────────────────────────────────────────────────────────────────────────────────────────────────────────────────────[39m
 [38;5;217mYOLO[38;5;103m ctrl+y[39m
[38;5;59m────────────────────────────────────────────────────────────────────────────────────────────────────────────────────────────────────────────────────────────[39m
 [38;5;217m* [38;5;103m  Type your message or @path/to/file[39m
[38;5;59m────────────────────────────────────────────────────────────────────────────────────────────────────────────────────────────────────────────────────────────[39m
 /mnt/.../chojn/projects/kanbanAgents[38;5;103m (main*)[39m                             [38;5;217mno sandbox[38;5;103m (see /docs)[39m                              [38;5;103m/model [39mgemini-3-flash-preview
[2K[1A[2K[1A[2K[1A[2K[1A[2K[1A[2K[1A[2K[1A[2K[1A[2K[G
 [38;5;152m⠹[39m [3mEnable screen reader mode for better accessibility (/settings)…[23m [38;5;103m(esc to cancel, 1s)[39m                                                     [38;5;103m ? for shortcuts [39m
[38;5;59m────────────────────────────────────────────────────────────────────────────────────────────────────────────────────────────────────────────────────────────[39m
 [38;5;217mYOLO[38;5;103m ctrl+y[39m
[38;5;59m────────────────────────────────────────────────────────────────────────────────────────────────────────────────────────────────────────────────────────────[39m
 [38;5;217m* [38;5;103m  Type your message or @path/to/file[39m
[38;5;59m────────────────────────────────────────────────────────────────────────────────────────────────────────────────────────────────────────────────────────────[39m
 /mnt/.../chojn/projects/kanbanAgents[38;5;103m (main*)[39m                             [38;5;217mno sandbox[38;5;103m (see /docs)[39m                              [38;5;103m/model [39mgemini-3-flash-preview
[2K[1A[2K[1A[2K[1A[2K[1A[2K[1A[2K[1A[2K[1A[2K[1A[2K[G
 [38;5;152m⠸[39m [3mEnable screen reader mode for better accessibility (/settings)…[23m [38;5;103m(esc to cancel, 1s)[39m                                                     [38;5;103m ? for shortcuts [39m
[38;5;59m────────────────────────────────────────────────────────────────────────────────────────────────────────────────────────────────────────────────────────────[39m
 [38;5;217mYOLO[38;5;103m ctrl+y[39m
[38;5;59m────────────────────────────────────────────────────────────────────────────────────────────────────────────────────────────────────────────────────────────[39m
 [38;5;217m* [38;5;103m  Type your message or @path/to/file[39m
[38;5;59m────────────────────────────────────────────────────────────────────────────────────────────────────────────────────────────────────────────────────────────[39m
 /mnt/.../chojn/projects/kanbanAgents[38;5;103m (main*)[39m                             [38;5;217mno sandbox[38;5;103m (see /docs)[39m                              [38;5;103m/model [39mgemini-3-flash-preview
[2K[1A[2K[1A[2K[1A[2K[1A[2K[1A[2K[1A[2K[1A[2K[1A[2K[G
 [38;5;151m⠼[39m [3mEnable screen reader mode for better accessibility (/settings)…[23m [38;5;103m(esc to cancel, 1s)[39m                                                     [38;5;103m ? for shortcuts [39m
[38;5;59m────────────────────────────────────────────────────────────────────────────────────────────────────────────────────────────────────────────────────────────[39m
 [38;5;217mYOLO[38;5;103m ctrl+y[39m
[38;5;59m────────────────────────────────────────────────────────────────────────────────────────────────────────────────────────────────────────────────────────────[39m
 [38;5;217m* [38;5;103m  Type your message or @path/to/file[39m
[38;5;59m────────────────────────────────────────────────────────────────────────────────────────────────────────────────────────────────────────────────────────────[39m
 /mnt/.../chojn/projects/kanbanAgents[38;5;103m (main*)[39m                             [38;5;217mno sandbox[38;5;103m (see /docs)[39m                              [38;5;103m/model [39mgemini-3-flash-preview
[2K[1A[2K[1A[2K[1A[2K[1A[2K[1A[2K[1A[2K[1A[2K[1A[2K[G
 [38;5;151m⠼[39m [3mEnable screen reader mode for better accessibility (/settings)…[23m [38;5;103m(esc to cancel, 2s)[39m                                                     [38;5;103m ? for shortcuts [39m
[38;5;59m────────────────────────────────────────────────────────────────────────────────────────────────────────────────────────────────────────────────────────────[39m
 [38;5;217mYOLO[38;5;103m ctrl+y[39m
[38;5;59m────────────────────────────────────────────────────────────────────────────────────────────────────────────────────────────────────────────────────────────[39m
 [38;5;217m* [38;5;103m  Type your message or @path/to/file[39m
[38;5;59m────────────────────────────────────────────────────────────────────────────────────────────────────────────────────────────────────────────────────────────[39m
 /mnt/.../chojn/projects/kanbanAgents[38;5;103m (main*)[39m                             [38;5;217mno sandbox[38;5;103m (see /docs)[39m                              [38;5;103m/model [39mgemini-3-flash-preview
[2K[1A[2K[1A[2K[1A[2K[1A[2K[1A[2K[1A[2K[1A[2K[1A[2K[G
 [38;5;151m⠴[39m [3mEnable screen reader mode for better accessibility (/settings)…[23m [38;5;103m(esc to cancel, 2s)[39m                                                     [38;5;103m ? for shortcuts [39m
[38;5;59m────────────────────────────────────────────────────────────────────────────────────────────────────────────────────────────────────────────────────────────[39m
 [38;5;217mYOLO[38;5;103m ctrl+y[39m
[38;5;59m────────────────────────────────────────────────────────────────────────────────────────────────────────────────────────────────────────────────────────────[39m
 [38;5;217m* [38;5;103m  Type your message or @path/to/file[39m
[38;5;59m────────────────────────────────────────────────────────────────────────────────────────────────────────────────────────────────────────────────────────────[39m
 /mnt/.../chojn/projects/kanbanAgents[38;5;103m (main*)[39m                             [38;5;217mno sandbox[38;5;103m (see /docs)[39m                              [38;5;103m/model [39mgemini-3-flash-preview
[2K[1A[2K[1A[2K[1A[2K[1A[2K[1A[2K[1A[2K[1A[2K[1A[2K[G
 [38;5;151m⠦[39m [3mEnable screen reader mode for better accessibility (/settings)…[23m [38;5;103m(esc to cancel, 2s)[39m                                                     [38;5;103m ? for shortcuts [39m
[38;5;59m────────────────────────────────────────────────────────────────────────────────────────────────────────────────────────────────────────────────────────────[39m
 [38;5;217mYOLO[38;5;103m ctrl+y[39m
[38;5;59m────────────────────────────────────────────────────────────────────────────────────────────────────────────────────────────────────────────────────────────[39m
 [38;5;217m* [38;5;103m  Type your message or @path/to/file[39m
[38;5;59m────────────────────────────────────────────────────────────────────────────────────────────────────────────────────────────────────────────────────────────[39m
 /mnt/.../chojn/projects/kanbanAgents[38;5;103m (main*)[39m                             [38;5;217mno sandbox[38;5;103m (see /docs)[39m                              [38;5;103m/model [39mgemini-3-flash-preview
[2K[1A[2K[1A[2K[1A[2K[1A[2K[1A[2K[1A[2K[1A[2K[1A[2K[G
 [38;5;151m⠧[39m [3mEnable screen reader mode for better accessibility (/settings)…[23m [38;5;103m(esc to cancel, 2s)[39m                                                     [38;5;103m ? for shortcuts [39m
[38;5;59m────────────────────────────────────────────────────────────────────────────────────────────────────────────────────────────────────────────────────────────[39m
 [38;5;217mYOLO[38;5;103m ctrl+y[39m
[38;5;59m────────────────────────────────────────────────────────────────────────────────────────────────────────────────────────────────────────────────────────────[39m
 [38;5;217m* [38;5;103m  Type your message or @path/to/file[39m
[38;5;59m────────────────────────────────────────────────────────────────────────────────────────────────────────────────────────────────────────────────────────────[39m
 /mnt/.../chojn/projects/kanbanAgents[38;5;103m (main*)[39m                             [38;5;217mno sandbox[38;5;103m (see /docs)[39m                              [38;5;103m/model [39mgemini-3-flash-preview
[2K[1A[2K[1A[2K[1A[2K[1A[2K[1A[2K[1A[2K[1A[2K[1A[2K[G
 [38;5;187m⠧[39m [3mEnable screen reader mode for better accessibility (/settings)…[23m [38;5;103m(esc to cancel, 2s)[39m                                                     [38;5;103m ? for shortcuts [39m
[38;5;59m────────────────────────────────────────────────────────────────────────────────────────────────────────────────────────────────────────────────────────────[39m
 [38;5;217mYOLO[38;5;103m ctrl+y[39m
[38;5;59m────────────────────────────────────────────────────────────────────────────────────────────────────────────────────────────────────────────────────────────[39m
 [38;5;217m* [38;5;103m  Type your message or @path/to/file[39m
[38;5;59m────────────────────────────────────────────────────────────────────────────────────────────────────────────────────────────────────────────────────────────[39m
 /mnt/.../chojn/projects/kanbanAgents[38;5;103m (main*)[39m                             [38;5;217mno sandbox[38;5;103m (see /docs)[39m                              [38;5;103m/model [39mgemini-3-flash-preview
[2K[1A[2K[1A[2K[1A[2K[1A[2K[1A[2K[1A[2K[1A[2K[1A[2K[G
 [38;5;187m⠇[39m [3mEnable screen reader mode for better accessibility (/settings)…[23m [38;5;103m(esc to cancel, 2s)[39m                                                     [38;5;103m ? for shortcuts [39m
[38;5;59m────────────────────────────────────────────────────────────────────────────────────────────────────────────────────────────────────────────────────────────[39m
 [38;5;217mYOLO[38;5;103m ctrl+y[39m
[38;5;59m────────────────────────────────────────────────────────────────────────────────────────────────────────────────────────────────────────────────────────────[39m
 [38;5;217m* [38;5;103m  Type your message or @path/to/file[39m
[38;5;59m────────────────────────────────────────────────────────────────────────────────────────────────────────────────────────────────────────────────────────────[39m
 /mnt/.../chojn/projects/kanbanAgents[38;5;103m (main*)[39m                             [38;5;217mno sandbox[38;5;103m (see /docs)[39m                              [38;5;103m/model [39mgemini-3-flash-preview
[2K[1A[2K[1A[2K[1A[2K[1A[2K[1A[2K[1A[2K[1A[2K[1A[2K[G
 [38;5;187m⠏[39m [3mEnable screen reader mode for better accessibility (/settings)…[23m [38;5;103m(esc to cancel, 2s)[39m                                                     [38;5;103m ? for shortcuts [39m
[38;5;59m────────────────────────────────────────────────────────────────────────────────────────────────────────────────────────────────────────────────────────────[39m
 [38;5;217mYOLO[38;5;103m ctrl+y[39m
[38;5;59m────────────────────────────────────────────────────────────────────────────────────────────────────────────────────────────────────────────────────────────[39m
 [38;5;217m* [38;5;103m  Type your message or @path/to/file[39m
[38;5;59m────────────────────────────────────────────────────────────────────────────────────────────────────────────────────────────────────────────────────────────[39m
 /mnt/.../chojn/projects/kanbanAgents[38;5;103m (main*)[39m                             [38;5;217mno sandbox[38;5;103m (see /docs)[39m                              [38;5;103m/model [39mgemini-3-flash-preview
[2K[1A[2K[1A[2K[1A[2K[1A[2K[1A[2K[1A[2K[1A[2K[1A[2K[G
 [38;5;187m⠋[39m [3mEnable screen reader mode for better accessibility (/settings)…[23m [38;5;103m(esc to cancel, 2s)[39m                                                     [38;5;103m ? for shortcuts [39m
[38;5;59m────────────────────────────────────────────────────────────────────────────────────────────────────────────────────────────────────────────────────────────[39m
 [38;5;217mYOLO[38;5;103m ctrl+y[39m
[38;5;59m────────────────────────────────────────────────────────────────────────────────────────────────────────────────────────────────────────────────────────────[39m
 [38;5;217m* [38;5;103m  Type your message or @path/to/file[39m
[38;5;59m────────────────────────────────────────────────────────────────────────────────────────────────────────────────────────────────────────────────────────────[39m
 /mnt/.../chojn/projects/kanbanAgents[38;5;103m (main*)[39m                             [38;5;217mno sandbox[38;5;103m (see /docs)[39m                              [38;5;103m/model [39mgemini-3-flash-preview
[2K[1A[2K[1A[2K[1A[2K[1A[2K[1A[2K[1A[2K[1A[2K[1A[2K[G
 [38;5;187m⠙[39m [3mEnable screen reader mode for better accessibility (/settings)…[23m [38;5;103m(esc to cancel, 2s)[39m                                                     [38;5;103m ? for shortcuts [39m
[38;5;59m────────────────────────────────────────────────────────────────────────────────────────────────────────────────────────────────────────────────────────────[39m
 [38;5;217mYOLO[38;5;103m ctrl+y[39m
[38;5;59m────────────────────────────────────────────────────────────────────────────────────────────────────────────────────────────────────────────────────────────[39m
 [38;5;217m* [38;5;103m  Type your message or @path/to/file[39m
[38;5;59m────────────────────────────────────────────────────────────────────────────────────────────────────────────────────────────────────────────────────────────[39m
 /mnt/.../chojn/projects/kanbanAgents[38;5;103m (main*)[39m                             [38;5;217mno sandbox[38;5;103m (see /docs)[39m                              [38;5;103m/model [39mgemini-3-flash-preview
[2K[1A[2K[1A[2K[1A[2K[1A[2K[1A[2K[1A[2K[1A[2K[1A[2K[G
 [38;5;187m⠹[39m [3mEnable screen reader mode for better accessibility (/settings)…[23m [38;5;103m(esc to cancel, 2s)[39m                                                     [38;5;103m ? for shortcuts [39m
[38;5;59m────────────────────────────────────────────────────────────────────────────────────────────────────────────────────────────────────────────────────────────[39m
 [38;5;217mYOLO[38;5;103m ctrl+y[39m
[38;5;59m────────────────────────────────────────────────────────────────────────────────────────────────────────────────────────────────────────────────────────────[39m
 [38;5;217m* [38;5;103m  Type your message or @path/to/file[39m
[38;5;59m────────────────────────────────────────────────────────────────────────────────────────────────────────────────────────────────────────────────────────────[39m
 /mnt/.../chojn/projects/kanbanAgents[38;5;103m (main*)[39m                             [38;5;217mno sandbox[38;5;103m (see /docs)[39m                              [38;5;103m/model [39mgemini-3-flash-preview
[2K[1A[2K[1A[2K[1A[2K[1A[2K[1A[2K[1A[2K[1A[2K[1A[2K[G
 [38;5;223m⠹[39m [3mEnable screen reader mode for better accessibility (/settings)…[23m [38;5;103m(esc to cancel, 2s)[39m                                                     [38;5;103m ? for shortcuts [39m
[38;5;59m────────────────────────────────────────────────────────────────────────────────────────────────────────────────────────────────────────────────────────────[39m
 [38;5;217mYOLO[38;5;103m ctrl+y[39m
[38;5;59m────────────────────────────────────────────────────────────────────────────────────────────────────────────────────────────────────────────────────────────[39m
 [38;5;217m* [38;5;103m  Type your message or @path/to/file[39m
[38;5;59m────────────────────────────────────────────────────────────────────────────────────────────────────────────────────────────────────────────────────────────[39m
 /mnt/.../chojn/projects/kanbanAgents[38;5;103m (main*)[39m                             [38;5;217mno sandbox[38;5;103m (see /docs)[39m                              [38;5;103m/model [39mgemini-3-flash-preview
[2K[1A[2K[1A[2K[1A[2K[1A[2K[1A[2K[1A[2K[1A[2K[1A[2K[G
 [38;5;223m⠸[39m [3mEnable screen reader mode for better accessibility (/settings)…[23m [38;5;103m(esc to cancel, 2s)[39m                                                     [38;5;103m ? for shortcuts [39m
[38;5;59m────────────────────────────────────────────────────────────────────────────────────────────────────────────────────────────────────────────────────────────[39m
 [38;5;217mYOLO[38;5;103m ctrl+y[39m
[38;5;59m────────────────────────────────────────────────────────────────────────────────────────────────────────────────────────────────────────────────────────────[39m
 [38;5;217m* [38;5;103m  Type your message or @path/to/file[39m
[38;5;59m────────────────────────────────────────────────────────────────────────────────────────────────────────────────────────────────────────────────────────────[39m
 /mnt/.../chojn/projects/kanbanAgents[38;5;103m (main*)[39m                             [38;5;217mno sandbox[38;5;103m (see /docs)[39m                              [38;5;103m/model [39mgemini-3-flash-preview
[2K[1A[2K[1A[2K[1A[2K[1A[2K[1A[2K[1A[2K[1A[2K[1A[2K[G
 [38;5;223m⠼[39m [3mEnable screen reader mode for better accessibility (/settings)…[23m [38;5;103m(esc to cancel, 2s)[39m                                                     [38;5;103m ? for shortcuts [39m
[38;5;59m────────────────────────────────────────────────────────────────────────────────────────────────────────────────────────────────────────────────────────────[39m
 [38;5;217mYOLO[38;5;103m ctrl+y[39m
[38;5;59m────────────────────────────────────────────────────────────────────────────────────────────────────────────────────────────────────────────────────────────[39m
 [38;5;217m* [38;5;103m  Type your message or @path/to/file[39m
[38;5;59m────────────────────────────────────────────────────────────────────────────────────────────────────────────────────────────────────────────────────────────[39m
 /mnt/.../chojn/projects/kanbanAgents[38;5;103m (main*)[39m                             [38;5;217mno sandbox[38;5;103m (see /docs)[39m                              [38;5;103m/model [39mgemini-3-flash-preview
[2K[1A[2K[1A[2K[1A[2K[1A[2K[1A[2K[1A[2K[1A[2K[1A[2K[G
 [38;5;223m⠴[39m [3mEnable screen reader mode for better accessibility (/settings)…[23m [38;5;103m(esc to cancel, 2s)[39m                                                     [38;5;103m ? for shortcuts [39m
[38;5;59m────────────────────────────────────────────────────────────────────────────────────────────────────────────────────────────────────────────────────────────[39m
 [38;5;217mYOLO[38;5;103m ctrl+y[39m
[38;5;59m────────────────────────────────────────────────────────────────────────────────────────────────────────────────────────────────────────────────────────────[39m
 [38;5;217m* [38;5;103m  Type your message or @path/to/file[39m
[38;5;59m────────────────────────────────────────────────────────────────────────────────────────────────────────────────────────────────────────────────────────────[39m
 /mnt/.../chojn/projects/kanbanAgents[38;5;103m (main*)[39m                             [38;5;217mno sandbox[38;5;103m (see /docs)[39m                              [38;5;103m/model [39mgemini-3-flash-preview
[2K[1A[2K[1A[2K[1A[2K[1A[2K[1A[2K[1A[2K[1A[2K[1A[2K[G
 [38;5;223m⠦[39m [3mEnable screen reader mode for better accessibility (/settings)…[23m [38;5;103m(esc to cancel, 2s)[39m                                                     [38;5;103m ? for shortcuts [39m
[38;5;59m────────────────────────────────────────────────────────────────────────────────────────────────────────────────────────────────────────────────────────────[39m
 [38;5;217mYOLO[38;5;103m ctrl+y[39m
[38;5;59m────────────────────────────────────────────────────────────────────────────────────────────────────────────────────────────────────────────────────────────[39m
 [38;5;217m* [38;5;103m  Type your message or @path/to/file[39m
[38;5;59m────────────────────────────────────────────────────────────────────────────────────────────────────────────────────────────────────────────────────────────[39m
 /mnt/.../chojn/projects/kanbanAgents[38;5;103m (main*)[39m                             [38;5;217mno sandbox[38;5;103m (see /docs)[39m                              [38;5;103m/model [39mgemini-3-flash-preview
[2K[1A[2K[1A[2K[1A[2K[1A[2K[1A[2K[1A[2K[1A[2K[1A[2K[G
 [38;5;223m⠧[39m [3mEnable screen reader mode for better accessibility (/settings)…[23m [38;5;103m(esc to cancel, 2s)[39m                                                     [38;5;103m ? for shortcuts [39m
[38;5;59m────────────────────────────────────────────────────────────────────────────────────────────────────────────────────────────────────────────────────────────[39m
 [38;5;217mYOLO[38;5;103m ctrl+y[39m
[38;5;59m────────────────────────────────────────────────────────────────────────────────────────────────────────────────────────────────────────────────────────────[39m
 [38;5;217m* [38;5;103m  Type your message or @path/to/file[39m
[38;5;59m────────────────────────────────────────────────────────────────────────────────────────────────────────────────────────────────────────────────────────────[39m
 /mnt/.../chojn/projects/kanbanAgents[38;5;103m (main*)[39m                             [38;5;217mno sandbox[38;5;103m (see /docs)[39m                              [38;5;103m/model [39mgemini-3-flash-preview
[2K[1A[2K[1A[2K[1A[2K[1A[2K[1A[2K[1A[2K[1A[2K[1A[2K[G
 [38;5;223m⠧[39m [3mEnable screen reader mode for better accessibility (/settings)…[23m [38;5;103m(esc to cancel, 3s)[39m                                                     [38;5;103m ? for shortcuts [39m
[38;5;59m────────────────────────────────────────────────────────────────────────────────────────────────────────────────────────────────────────────────────────────[39m
 [38;5;217mYOLO[38;5;103m ctrl+y[39m
[38;5;59m────────────────────────────────────────────────────────────────────────────────────────────────────────────────────────────────────────────────────────────[39m
 [38;5;217m* [38;5;103m  Type your message or @path/to/file[39m
[38;5;59m────────────────────────────────────────────────────────────────────────────────────────────────────────────────────────────────────────────────────────────[39m
 /mnt/.../chojn/projects/kanbanAgents[38;5;103m (main*)[39m                             [38;5;217mno sandbox[38;5;103m (see /docs)[39m                              [38;5;103m/model [39mgemini-3-flash-preview
[2K[1A[2K[1A[2K[1A[2K[1A[2K[1A[2K[1A[2K[1A[2K[1A[2K[G
 [38;5;223m⠇[39m [3mEnable screen reader mode for better accessibility (/settings)…[23m [38;5;103m(esc to cancel, 3s)[39m                                                     [38;5;103m ? for shortcuts [39m
[38;5;59m────────────────────────────────────────────────────────────────────────────────────────────────────────────────────────────────────────────────────────────[39m
 [38;5;217mYOLO[38;5;103m ctrl+y[39m
[38;5;59m────────────────────────────────────────────────────────────────────────────────────────────────────────────────────────────────────────────────────────────[39m
 [38;5;217m* [38;5;103m  Type your message or @path/to/file[39m
[38;5;59m────────────────────────────────────────────────────────────────────────────────────────────────────────────────────────────────────────────────────────────[39m
 /mnt/.../chojn/projects/kanbanAgents[38;5;103m (main*)[39m                             [38;5;217mno sandbox[38;5;103m (see /docs)[39m                              [38;5;103m/model [39mgemini-3-flash-preview
[2K[1A[2K[1A[2K[1A[2K[1A[2K[1A[2K[1A[2K[1A[2K[1A[2K[G
 [38;5;223m⠏[39m [3mEnable screen reader mode for better accessibility (/settings)…[23m [38;5;103m(esc to cancel, 3s)[39m                                                     [38;5;103m ? for shortcuts [39m
[38;5;59m────────────────────────────────────────────────────────────────────────────────────────────────────────────────────────────────────────────────────────────[39m
 [38;5;217mYOLO[38;5;103m ctrl+y[39m
[38;5;59m────────────────────────────────────────────────────────────────────────────────────────────────────────────────────────────────────────────────────────────[39m
 [38;5;217m* [38;5;103m  Type your message or @path/to/file[39m
[38;5;59m────────────────────────────────────────────────────────────────────────────────────────────────────────────────────────────────────────────────────────────[39m
 /mnt/.../chojn/projects/kanbanAgents[38;5;103m (main*)[39m                             [38;5;217mno sandbox[38;5;103m (see /docs)[39m                              [38;5;103m/model [39mgemini-3-flash-preview
[2K[1A[2K[1A[2K[1A[2K[1A[2K[1A[2K[1A[2K[1A[2K[1A[2K[G
 [38;5;217m⠏[39m [3mEnable screen reader mode for better accessibility (/settings)…[23m [38;5;103m(esc to cancel, 3s)[39m                                                     [38;5;103m ? for shortcuts [39m
[38;5;59m────────────────────────────────────────────────────────────────────────────────────────────────────────────────────────────────────────────────────────────[39m
 [38;5;217mYOLO[38;5;103m ctrl+y[39m
[38;5;59m────────────────────────────────────────────────────────────────────────────────────────────────────────────────────────────────────────────────────────────[39m
 [38;5;217m* [38;5;103m  Type your message or @path/to/file[39m
[38;5;59m────────────────────────────────────────────────────────────────────────────────────────────────────────────────────────────────────────────────────────────[39m
 /mnt/.../chojn/projects/kanbanAgents[38;5;103m (main*)[39m                             [38;5;217mno sandbox[38;5;103m (see /docs)[39m                              [38;5;103m/model [39mgemini-3-flash-preview
[2K[1A[2K[1A[2K[1A[2K[1A[2K[1A[2K[1A[2K[1A[2K[1A[2K[G
 [38;5;217m⠋[39m [3mEnable screen reader mode for better accessibility (/settings)…[23m [38;5;103m(esc to cancel, 3s)[39m                                                     [38;5;103m ? for shortcuts [39m
[38;5;59m────────────────────────────────────────────────────────────────────────────────────────────────────────────────────────────────────────────────────────────[39m
 [38;5;217mYOLO[38;5;103m ctrl+y[39m
[38;5;59m────────────────────────────────────────────────────────────────────────────────────────────────────────────────────────────────────────────────────────────[39m
 [38;5;217m* [38;5;103m  Type your message or @path/to/file[39m
[38;5;59m────────────────────────────────────────────────────────────────────────────────────────────────────────────────────────────────────────────────────────────[39m
 /mnt/.../chojn/projects/kanbanAgents[38;5;103m (main*)[39m                             [38;5;217mno sandbox[38;5;103m (see /docs)[39m                              [38;5;103m/model [39mgemini-3-flash-preview
[2K[1A[2K[1A[2K[1A[2K[1A[2K[1A[2K[1A[2K[1A[2K[1A[2K[G
 [38;5;217m⠙[39m [3mEnable screen reader mode for better accessibility (/settings)…[23m [38;5;103m(esc to cancel, 3s)[39m                                                     [38;5;103m ? for shortcuts [39m
[38;5;59m────────────────────────────────────────────────────────────────────────────────────────────────────────────────────────────────────────────────────────────[39m
 [38;5;217mYOLO[38;5;103m ctrl+y[39m
[38;5;59m────────────────────────────────────────────────────────────────────────────────────────────────────────────────────────────────────────────────────────────[39m
 [38;5;217m* [38;5;103m  Type your message or @path/to/file[39m
[38;5;59m────────────────────────────────────────────────────────────────────────────────────────────────────────────────────────────────────────────────────────────[39m
 /mnt/.../chojn/projects/kanbanAgents[38;5;103m (main*)[39m                             [38;5;217mno sandbox[38;5;103m (see /docs)[39m                              [38;5;103m/model [39mgemini-3-flash-preview
[2K[1A[2K[1A[2K[1A[2K[1A[2K[1A[2K[1A[2K[1A[2K[1A[2K[G
 [38;5;217m⠹[39m [3mEnable screen reader mode for better accessibility (/settings)…[23m [38;5;103m(esc to cancel, 3s)[39m                                                     [38;5;103m ? for shortcuts [39m
[38;5;59m────────────────────────────────────────────────────────────────────────────────────────────────────────────────────────────────────────────────────────────[39m
 [38;5;217mYOLO[38;5;103m ctrl+y[39m
[38;5;59m────────────────────────────────────────────────────────────────────────────────────────────────────────────────────────────────────────────────────────────[39m
 [38;5;217m* [38;5;103m  Type your message or @path/to/file[39m
[38;5;59m────────────────────────────────────────────────────────────────────────────────────────────────────────────────────────────────────────────────────────────[39m
 /mnt/.../chojn/projects/kanbanAgents[38;5;103m (main*)[39m                             [38;5;217mno sandbox[38;5;103m (see /docs)[39m                              [38;5;103m/model [39mgemini-3-flash-preview
[2K[1A[2K[1A[2K[1A[2K[1A[2K[1A[2K[1A[2K[1A[2K[1A[2K[G
 [38;5;217m⠸[39m [3mEnable screen reader mode for better accessibility (/settings)…[23m [38;5;103m(esc to cancel, 3s)[39m                                                     [38;5;103m ? for shortcuts [39m
[38;5;59m────────────────────────────────────────────────────────────────────────────────────────────────────────────────────────────────────────────────────────────[39m
 [38;5;217mYOLO[38;5;103m ctrl+y[39m
[38;5;59m────────────────────────────────────────────────────────────────────────────────────────────────────────────────────────────────────────────────────────────[39m
 [38;5;217m* [38;5;103m  Type your message or @path/to/file[39m
[38;5;59m────────────────────────────────────────────────────────────────────────────────────────────────────────────────────────────────────────────────────────────[39m
 /mnt/.../chojn/projects/kanbanAgents[38;5;103m (main*)[39m                             [38;5;217mno sandbox[38;5;103m (see /docs)[39m                              [38;5;103m/model [39mgemini-3-flash-preview
[2K[1A[2K[1A[2K[1A[2K[1A[2K[1A[2K[1A[2K[1A[2K[1A[2K[G
 [38;5;218m⠼[39m [3mEnable screen reader mode for better accessibility (/settings)…[23m [38;5;103m(esc to cancel, 3s)[39m                                                     [38;5;103m ? for shortcuts [39m
[38;5;59m────────────────────────────────────────────────────────────────────────────────────────────────────────────────────────────────────────────────────────────[39m
 [38;5;217mYOLO[38;5;103m ctrl+y[39m
[38;5;59m────────────────────────────────────────────────────────────────────────────────────────────────────────────────────────────────────────────────────────────[39m
 [38;5;217m* [38;5;103m  Type your message or @path/to/file[39m
[38;5;59m────────────────────────────────────────────────────────────────────────────────────────────────────────────────────────────────────────────────────────────[39m
 /mnt/.../chojn/projects/kanbanAgents[38;5;103m (main*)[39m                             [38;5;217mno sandbox[38;5;103m (see /docs)[39m                              [38;5;103m/model [39mgemini-3-flash-preview
[2K[1A[2K[1A[2K[1A[2K[1A[2K[1A[2K[1A[2K[1A[2K[1A[2K[G
 [38;5;218m⠴[39m [3mEnable screen reader mode for better accessibility (/settings)…[23m [38;5;103m(esc to cancel, 3s)[39m                                                     [38;5;103m ? for shortcuts [39m
[38;5;59m────────────────────────────────────────────────────────────────────────────────────────────────────────────────────────────────────────────────────────────[39m
 [38;5;217mYOLO[38;5;103m ctrl+y[39m
[38;5;59m────────────────────────────────────────────────────────────────────────────────────────────────────────────────────────────────────────────────────────────[39m
 [38;5;217m* [38;5;103m  Type your message or @path/to/file[39m
[38;5;59m────────────────────────────────────────────────────────────────────────────────────────────────────────────────────────────────────────────────────────────[39m
 /mnt/.../chojn/projects/kanbanAgents[38;5;103m (main*)[39m                             [38;5;217mno sandbox[38;5;103m (see /docs)[39m                              [38;5;103m/model [39mgemini-3-flash-preview
[2K[1A[2K[1A[2K[1A[2K[1A[2K[1A[2K[1A[2K[1A[2K[1A[2K[G
 [38;5;182m⠴[39m [3mEnable screen reader mode for better accessibility (/settings)…[23m [38;5;103m(esc to cancel, 3s)[39m                                                     [38;5;103m ? for shortcuts [39m
[38;5;59m────────────────────────────────────────────────────────────────────────────────────────────────────────────────────────────────────────────────────────────[39m
 [38;5;217mYOLO[38;5;103m ctrl+y[39m
[38;5;59m────────────────────────────────────────────────────────────────────────────────────────────────────────────────────────────────────────────────────────────[39m
 [38;5;217m* [38;5;103m  Type your message or @path/to/file[39m
[38;5;59m────────────────────────────────────────────────────────────────────────────────────────────────────────────────────────────────────────────────────────────[39m
 /mnt/.../chojn/projects/kanbanAgents[38;5;103m (main*)[39m                             [38;5;217mno sandbox[38;5;103m (see /docs)[39m                              [38;5;103m/model [39mgemini-3-flash-preview
[2K[1A[2K[1A[2K[1A[2K[1A[2K[1A[2K[1A[2K[1A[2K[1A[2K[G
 [38;5;182m⠦[39m [3mEnable screen reader mode for better accessibility (/settings)…[23m [38;5;103m(esc to cancel, 3s)[39m                                                     [38;5;103m ? for shortcuts [39m
[38;5;59m────────────────────────────────────────────────────────────────────────────────────────────────────────────────────────────────────────────────────────────[39m
 [38;5;217mYOLO[38;5;103m ctrl+y[39m
[38;5;59m────────────────────────────────────────────────────────────────────────────────────────────────────────────────────────────────────────────────────────────[39m
 [38;5;217m* [38;5;103m  Type your message or @path/to/file[39m
[38;5;59m────────────────────────────────────────────────────────────────────────────────────────────────────────────────────────────────────────────────────────────[39m
 /mnt/.../chojn/projects/kanbanAgents[38;5;103m (main*)[39m                             [38;5;217mno sandbox[38;5;103m (see /docs)[39m                              [38;5;103m/model [39mgemini-3-flash-preview
[2K[1A[2K[1A[2K[1A[2K[1A[2K[1A[2K[1A[2K[1A[2K[1A[2K[G
 [38;5;182m⠧[39m [3mEnable screen reader mode for better accessibility (/settings)…[23m [38;5;103m(esc to cancel, 3s)[39m                                                     [38;5;103m ? for shortcuts [39m
[38;5;59m────────────────────────────────────────────────────────────────────────────────────────────────────────────────────────────────────────────────────────────[39m
 [38;5;217mYOLO[38;5;103m ctrl+y[39m
[38;5;59m────────────────────────────────────────────────────────────────────────────────────────────────────────────────────────────────────────────────────────────[39m
 [38;5;217m* [38;5;103m  Type your message or @path/to/file[39m
[38;5;59m────────────────────────────────────────────────────────────────────────────────────────────────────────────────────────────────────────────────────────────[39m
 /mnt/.../chojn/projects/kanbanAgents[38;5;103m (main*)[39m                             [38;5;217mno sandbox[38;5;103m (see /docs)[39m                              [38;5;103m/model [39mgemini-3-flash-preview
[2K[1A[2K[1A[2K[1A[2K[1A[2K[1A[2K[1A[2K[1A[2K[1A[2K[G
 [38;5;182m⠇[39m [3mEnable screen reader mode for better accessibility (/settings)…[23m [38;5;103m(esc to cancel, 3s)[39m                                                     [38;5;103m ? for shortcuts [39m
[38;5;59m────────────────────────────────────────────────────────────────────────────────────────────────────────────────────────────────────────────────────────────[39m
 [38;5;217mYOLO[38;5;103m ctrl+y[39m
[38;5;59m────────────────────────────────────────────────────────────────────────────────────────────────────────────────────────────────────────────────────────────[39m
 [38;5;217m* [38;5;103m  Type your message or @path/to/file[39m
[38;5;59m────────────────────────────────────────────────────────────────────────────────────────────────────────────────────────────────────────────────────────────[39m
 /mnt/.../chojn/projects/kanbanAgents[38;5;103m (main*)[39m                             [38;5;217mno sandbox[38;5;103m (see /docs)[39m                              [38;5;103m/model [39mgemini-3-flash-preview
[2K[1A[2K[1A[2K[1A[2K[1A[2K[1A[2K[1A[2K[1A[2K[1A[2K[G
 [38;5;183m⠏[39m [3mEnable screen reader mode for better accessibility (/settings)…[23m [38;5;103m(esc to cancel, 3s)[39m                                                     [38;5;103m ? for shortcuts [39m
[38;5;59m────────────────────────────────────────────────────────────────────────────────────────────────────────────────────────────────────────────────────────────[39m
 [38;5;217mYOLO[38;5;103m ctrl+y[39m
[38;5;59m────────────────────────────────────────────────────────────────────────────────────────────────────────────────────────────────────────────────────────────[39m
 [38;5;217m* [38;5;103m  Type your message or @path/to/file[39m
[38;5;59m────────────────────────────────────────────────────────────────────────────────────────────────────────────────────────────────────────────────────────────[39m
 /mnt/.../chojn/projects/kanbanAgents[38;5;103m (main*)[39m                             [38;5;217mno sandbox[38;5;103m (see /docs)[39m                              [38;5;103m/model [39mgemini-3-flash-preview
[2K[1A[2K[1A[2K[1A[2K[1A[2K[1A[2K[1A[2K[1A[2K[1A[2K[G
 [38;5;183m⠏[39m [3mEnable screen reader mode for better accessibility (/settings)…[23m [38;5;103m(esc to cancel, 4s)[39m                                                     [38;5;103m ? for shortcuts [39m
[38;5;59m────────────────────────────────────────────────────────────────────────────────────────────────────────────────────────────────────────────────────────────[39m
 [38;5;217mYOLO[38;5;103m ctrl+y[39m
[38;5;59m────────────────────────────────────────────────────────────────────────────────────────────────────────────────────────────────────────────────────────────[39m
 [38;5;217m* [38;5;103m  Type your message or @path/to/file[39m
[38;5;59m────────────────────────────────────────────────────────────────────────────────────────────────────────────────────────────────────────────────────────────[39m
 /mnt/.../chojn/projects/kanbanAgents[38;5;103m (main*)[39m                             [38;5;217mno sandbox[38;5;103m (see /docs)[39m                              [38;5;103m/model [39mgemini-3-flash-preview
[2K[1A[2K[1A[2K[1A[2K[1A[2K[1A[2K[1A[2K[1A[2K[1A[2K[G
 [38;5;183m⠋[39m [3mEnable screen reader mode for better accessibility (/settings)…[23m [38;5;103m(esc to cancel, 4s)[39m                                                     [38;5;103m ? for shortcuts [39m
[38;5;59m────────────────────────────────────────────────────────────────────────────────────────────────────────────────────────────────────────────────────────────[39m
 [38;5;217mYOLO[38;5;103m ctrl+y[39m
[38;5;59m────────────────────────────────────────────────────────────────────────────────────────────────────────────────────────────────────────────────────────────[39m
 [38;5;217m* [38;5;103m  Type your message or @path/to/file[39m
[38;5;59m────────────────────────────────────────────────────────────────────────────────────────────────────────────────────────────────────────────────────────────[39m
 /mnt/.../chojn/projects/kanbanAgents[38;5;103m (main*)[39m                             [38;5;217mno sandbox[38;5;103m (see /docs)[39m                              [38;5;103m/model [39mgemini-3-flash-preview
[2K[1A[2K[1A[2K[1A[2K[1A[2K[1A[2K[1A[2K[1A[2K[1A[2K[G
 [38;5;183m⠙[39m [3mEnable screen reader mode for better accessibility (/settings)…[23m [38;5;103m(esc to cancel, 4s)[39m                                                     [38;5;103m ? for shortcuts [39m
[38;5;59m────────────────────────────────────────────────────────────────────────────────────────────────────────────────────────────────────────────────────────────[39m
 [38;5;217mYOLO[38;5;103m ctrl+y[39m
[38;5;59m────────────────────────────────────────────────────────────────────────────────────────────────────────────────────────────────────────────────────────────[39m
 [38;5;217m* [38;5;103m  Type your message or @path/to/file[39m
[38;5;59m────────────────────────────────────────────────────────────────────────────────────────────────────────────────────────────────────────────────────────────[39m
 /mnt/.../chojn/projects/kanbanAgents[38;5;103m (main*)[39m                             [38;5;217mno sandbox[38;5;103m (see /docs)[39m                              [38;5;103m/model [39mgemini-3-flash-preview
[2K[1A[2K[1A[2K[1A[2K[1A[2K[1A[2K[1A[2K[1A[2K[1A[2K[G
 [38;5;183m⠹[39m [3mEnable screen reader mode for better accessibility (/settings)…[23m [38;5;103m(esc to cancel, 4s)[39m                                                     [38;5;103m ? for shortcuts [39m
[38;5;59m────────────────────────────────────────────────────────────────────────────────────────────────────────────────────────────────────────────────────────────[39m
 [38;5;217mYOLO[38;5;103m ctrl+y[39m
[38;5;59m────────────────────────────────────────────────────────────────────────────────────────────────────────────────────────────────────────────────────────────[39m
 [38;5;217m* [38;5;103m  Type your message or @path/to/file[39m
[38;5;59m────────────────────────────────────────────────────────────────────────────────────────────────────────────────────────────────────────────────────────────[39m
 /mnt/.../chojn/projects/kanbanAgents[38;5;103m (main*)[39m                             [38;5;217mno sandbox[38;5;103m (see /docs)[39m                              [38;5;103m/model [39mgemini-3-flash-preview
[2K[1A[2K[1A[2K[1A[2K[1A[2K[1A[2K[1A[2K[1A[2K[1A[2K[G
 [38;5;183m⠸[39m [3mEnable screen reader mode for better accessibility (/settings)…[23m [38;5;103m(esc to cancel, 4s)[39m                                                     [38;5;103m ? for shortcuts [39m
[38;5;59m────────────────────────────────────────────────────────────────────────────────────────────────────────────────────────────────────────────────────────────[39m
 [38;5;217mYOLO[38;5;103m ctrl+y[39m
[38;5;59m────────────────────────────────────────────────────────────────────────────────────────────────────────────────────────────────────────────────────────────[39m
 [38;5;217m* [38;5;103m  Type your message or @path/to/file[39m
[38;5;59m────────────────────────────────────────────────────────────────────────────────────────────────────────────────────────────────────────────────────────────[39m
 /mnt/.../chojn/projects/kanbanAgents[38;5;103m (main*)[39m                             [38;5;217mno sandbox[38;5;103m (see /docs)[39m                              [38;5;103m/model [39mgemini-3-flash-preview
[2K[1A[2K[1A[2K[1A[2K[1A[2K[1A[2K[1A[2K[1A[2K[1A[2K[G
 [38;5;147m⠼[39m [3mEnable screen reader mode for better accessibility (/settings)…[23m [38;5;103m(esc to cancel, 4s)[39m                                                     [38;5;103m ? for shortcuts [39m
[38;5;59m────────────────────────────────────────────────────────────────────────────────────────────────────────────────────────────────────────────────────────────[39m
 [38;5;217mYOLO[38;5;103m ctrl+y[39m
[38;5;59m────────────────────────────────────────────────────────────────────────────────────────────────────────────────────────────────────────────────────────────[39m
 [38;5;217m* [38;5;103m  Type your message or @path/to/file[39m
[38;5;59m────────────────────────────────────────────────────────────────────────────────────────────────────────────────────────────────────────────────────────────[39m
 /mnt/.../chojn/projects/kanbanAgents[38;5;103m (main*)[39m                             [38;5;217mno sandbox[38;5;103m (see /docs)[39m                              [38;5;103m/model [39mgemini-3-flash-preview
[2K[1A[2K[1A[2K[1A[2K[1A[2K[1A[2K[1A[2K[1A[2K[1A[2K[G
 [38;5;147m⠴[39m [3mEnable screen reader mode for better accessibility (/settings)…[23m [38;5;103m(esc to cancel, 4s)[39m                                                     [38;5;103m ? for shortcuts [39m
[38;5;59m────────────────────────────────────────────────────────────────────────────────────────────────────────────────────────────────────────────────────────────[39m
 [38;5;217mYOLO[38;5;103m ctrl+y[39m
[38;5;59m────────────────────────────────────────────────────────────────────────────────────────────────────────────────────────────────────────────────────────────[39m
 [38;5;217m* [38;5;103m  Type your message or @path/to/file[39m
[38;5;59m────────────────────────────────────────────────────────────────────────────────────────────────────────────────────────────────────────────────────────────[39m
 /mnt/.../chojn/projects/kanbanAgents[38;5;103m (main*)[39m                             [38;5;217mno sandbox[38;5;103m (see /docs)[39m                              [38;5;103m/model [39mgemini-3-flash-preview
[2K[1A[2K[1A[2K[1A[2K[1A[2K[1A[2K[1A[2K[1A[2K[1A[2K[G
 [38;5;147m⠦[39m [3mEnable screen reader mode for better accessibility (/settings)…[23m [38;5;103m(esc to cancel, 4s)[39m                                                     [38;5;103m ? for shortcuts [39m
[38;5;59m────────────────────────────────────────────────────────────────────────────────────────────────────────────────────────────────────────────────────────────[39m
 [38;5;217mYOLO[38;5;103m ctrl+y[39m
[38;5;59m────────────────────────────────────────────────────────────────────────────────────────────────────────────────────────────────────────────────────────────[39m
 [38;5;217m* [38;5;103m  Type your message or @path/to/file[39m
[38;5;59m────────────────────────────────────────────────────────────────────────────────────────────────────────────────────────────────────────────────────────────[39m
 /mnt/.../chojn/projects/kanbanAgents[38;5;103m (main*)[39m                             [38;5;217mno sandbox[38;5;103m (see /docs)[39m                              [38;5;103m/model [39mgemini-3-flash-preview
[2K[1A[2K[1A[2K[1A[2K[1A[2K[1A[2K[1A[2K[1A[2K[1A[2K[G
 [38;5;147m⠧[39m [3mEnable screen reader mode for better accessibility (/settings)…[23m [38;5;103m(esc to cancel, 4s)[39m                                                     [38;5;103m ? for shortcuts [39m
[38;5;59m────────────────────────────────────────────────────────────────────────────────────────────────────────────────────────────────────────────────────────────[39m
 [38;5;217mYOLO[38;5;103m ctrl+y[39m
[38;5;59m────────────────────────────────────────────────────────────────────────────────────────────────────────────────────────────────────────────────────────────[39m
 [38;5;217m* [38;5;103m  Type your message or @path/to/file[39m
[38;5;59m────────────────────────────────────────────────────────────────────────────────────────────────────────────────────────────────────────────────────────────[39m
 /mnt/.../chojn/projects/kanbanAgents[38;5;103m (main*)[39m                             [38;5;217mno sandbox[38;5;103m (see /docs)[39m                              [38;5;103m/model [39mgemini-3-flash-preview
[2K[1A[2K[1A[2K[1A[2K[1A[2K[1A[2K[1A[2K[1A[2K[1A[2K[G
 [38;5;147m⠇[39m [3mEnable screen reader mode for better accessibility (/settings)…[23m [38;5;103m(esc to cancel, 4s)[39m                                                     [38;5;103m ? for shortcuts [39m
[38;5;59m────────────────────────────────────────────────────────────────────────────────────────────────────────────────────────────────────────────────────────────[39m
 [38;5;217mYOLO[38;5;103m ctrl+y[39m
[38;5;59m────────────────────────────────────────────────────────────────────────────────────────────────────────────────────────────────────────────────────────────[39m
 [38;5;217m* [38;5;103m  Type your message or @path/to/file[39m
[38;5;59m────────────────────────────────────────────────────────────────────────────────────────────────────────────────────────────────────────────────────────────[39m
 /mnt/.../chojn/projects/kanbanAgents[38;5;103m (main*)[39m                             [38;5;217mno sandbox[38;5;103m (see /docs)[39m                              [38;5;103m/model [39mgemini-3-flash-preview
[2K[1A[2K[1A[2K[1A[2K[1A[2K[1A[2K[1A[2K[1A[2K[1A[2K[G
 [38;5;153m⠏[39m [3mEnable screen reader mode for better accessibility (/settings)…[23m [38;5;103m(esc to cancel, 4s)[39m                                                     [38;5;103m ? for shortcuts [39m
[38;5;59m────────────────────────────────────────────────────────────────────────────────────────────────────────────────────────────────────────────────────────────[39m
 [38;5;217mYOLO[38;5;103m ctrl+y[39m
[38;5;59m────────────────────────────────────────────────────────────────────────────────────────────────────────────────────────────────────────────────────────────[39m
 [38;5;217m* [38;5;103m  Type your message or @path/to/file[39m
[38;5;59m────────────────────────────────────────────────────────────────────────────────────────────────────────────────────────────────────────────────────────────[39m
 /mnt/.../chojn/projects/kanbanAgents[38;5;103m (main*)[39m                             [38;5;217mno sandbox[38;5;103m (see /docs)[39m                              [38;5;103m/model [39mgemini-3-flash-preview
[2K[1A[2K[1A[2K[1A[2K[1A[2K[1A[2K[1A[2K[1A[2K[1A[2K[G
 [38;5;153m⠋[39m [3mEnable screen reader mode for better accessibility (/settings)…[23m [38;5;103m(esc to cancel, 4s)[39m                                                     [38;5;103m ? for shortcuts [39m
[38;5;59m────────────────────────────────────────────────────────────────────────────────────────────────────────────────────────────────────────────────────────────[39m
 [38;5;217mYOLO[38;5;103m ctrl+y[39m
[38;5;59m────────────────────────────────────────────────────────────────────────────────────────────────────────────────────────────────────────────────────────────[39m
 [38;5;217m* [38;5;103m  Type your message or @path/to/file[39m
[38;5;59m────────────────────────────────────────────────────────────────────────────────────────────────────────────────────────────────────────────────────────────[39m
 /mnt/.../chojn/projects/kanbanAgents[38;5;103m (main*)[39m                             [38;5;217mno sandbox[38;5;103m (see /docs)[39m                              [38;5;103m/model [39mgemini-3-flash-preview
[2K[1A[2K[1A[2K[1A[2K[1A[2K[1A[2K[1A[2K[1A[2K[1A[2K[G
 [38;5;153m⠙[39m [3mEnable screen reader mode for better accessibility (/settings)…[23m [38;5;103m(esc to cancel, 4s)[39m                                                     [38;5;103m ? for shortcuts [39m
[38;5;59m────────────────────────────────────────────────────────────────────────────────────────────────────────────────────────────────────────────────────────────[39m
 [38;5;217mYOLO[38;5;103m ctrl+y[39m
[38;5;59m────────────────────────────────────────────────────────────────────────────────────────────────────────────────────────────────────────────────────────────[39m
 [38;5;217m* [38;5;103m  Type your message or @path/to/file[39m
[38;5;59m────────────────────────────────────────────────────────────────────────────────────────────────────────────────────────────────────────────────────────────[39m
 /mnt/.../chojn/projects/kanbanAgents[38;5;103m (main*)[39m                             [38;5;217mno sandbox[38;5;103m (see /docs)[39m                              [38;5;103m/model [39mgemini-3-flash-preview
[2K[1A[2K[1A[2K[1A[2K[1A[2K[1A[2K[1A[2K[1A[2K[1A[2K[G
 [38;5;153m⠹[39m [3mEnable screen reader mode for better accessibility (/settings)…[23m [38;5;103m(esc to cancel, 4s)[39m                                                     [38;5;103m ? for shortcuts [39m
[38;5;59m────────────────────────────────────────────────────────────────────────────────────────────────────────────────────────────────────────────────────────────[39m
 [38;5;217mYOLO[38;5;103m ctrl+y[39m
[38;5;59m────────────────────────────────────────────────────────────────────────────────────────────────────────────────────────────────────────────────────────────[39m
 [38;5;217m* [38;5;103m  Type your message or @path/to/file[39m
[38;5;59m────────────────────────────────────────────────────────────────────────────────────────────────────────────────────────────────────────────────────────────[39m
 /mnt/.../chojn/projects/kanbanAgents[38;5;103m (main*)[39m                             [38;5;217mno sandbox[38;5;103m (see /docs)[39m                              [38;5;103m/model [39mgemini-3-flash-preview
[2K[1A[2K[1A[2K[1A[2K[1A[2K[1A[2K[1A[2K[1A[2K[1A[2K[G
 [38;5;153m⠹[39m [3mEnable screen reader mode for better accessibility (/settings)…[23m [38;5;103m(esc to cancel, 5s)[39m                                                     [38;5;103m ? for shortcuts [39m
[38;5;59m────────────────────────────────────────────────────────────────────────────────────────────────────────────────────────────────────────────────────────────[39m
 [38;5;217mYOLO[38;5;103m ctrl+y[39m
[38;5;59m────────────────────────────────────────────────────────────────────────────────────────────────────────────────────────────────────────────────────────────[39m
 [38;5;217m* [38;5;103m  Type your message or @path/to/file[39m
[38;5;59m────────────────────────────────────────────────────────────────────────────────────────────────────────────────────────────────────────────────────────────[39m
 /mnt/.../chojn/projects/kanbanAgents[38;5;103m (main*)[39m                             [38;5;217mno sandbox[38;5;103m (see /docs)[39m                              [38;5;103m/model [39mgemini-3-flash-preview
[2K[1A[2K[1A[2K[1A[2K[1A[2K[1A[2K[1A[2K[1A[2K[1A[2K[G
 [38;5;153m⠸[39m [3mEnable screen reader mode for better accessibility (/settings)…[23m [38;5;103m(esc to cancel, 5s)[39m                                                     [38;5;103m ? for shortcuts [39m
[38;5;59m────────────────────────────────────────────────────────────────────────────────────────────────────────────────────────────────────────────────────────────[39m
 [38;5;217mYOLO[38;5;103m ctrl+y[39m
[38;5;59m────────────────────────────────────────────────────────────────────────────────────────────────────────────────────────────────────────────────────────────[39m
 [38;5;217m* [38;5;103m  Type your message or @path/to/file[39m
[38;5;59m────────────────────────────────────────────────────────────────────────────────────────────────────────────────────────────────────────────────────────────[39m
 /mnt/.../chojn/projects/kanbanAgents[38;5;103m (main*)[39m                             [38;5;217mno sandbox[38;5;103m (see /docs)[39m                              [38;5;103m/model [39mgemini-3-flash-preview
[2K[1A[2K[1A[2K[1A[2K[1A[2K[1A[2K[1A[2K[1A[2K[1A[2K[G
 [38;5;153m⠼[39m [3mEnable screen reader mode for better accessibility (/settings)…[23m [38;5;103m(esc to cancel, 5s)[39m                                                     [38;5;103m ? for shortcuts [39m
[38;5;59m────────────────────────────────────────────────────────────────────────────────────────────────────────────────────────────────────────────────────────────[39m
 [38;5;217mYOLO[38;5;103m ctrl+y[39m
[38;5;59m────────────────────────────────────────────────────────────────────────────────────────────────────────────────────────────────────────────────────────────[39m
 [38;5;217m* [38;5;103m  Type your message or @path/to/file[39m
[38;5;59m────────────────────────────────────────────────────────────────────────────────────────────────────────────────────────────────────────────────────────────[39m
 /mnt/.../chojn/projects/kanbanAgents[38;5;103m (main*)[39m                             [38;5;217mno sandbox[38;5;103m (see /docs)[39m                              [38;5;103m/model [39mgemini-3-flash-preview
[2K[1A[2K[1A[2K[1A[2K[1A[2K[1A[2K[1A[2K[1A[2K[1A[2K[G
 [38;5;153m⠴[39m [3mEnable screen reader mode for better accessibility (/settings)…[23m [38;5;103m(esc to cancel, 5s)[39m                                                     [38;5;103m ? for shortcuts [39m
[38;5;59m────────────────────────────────────────────────────────────────────────────────────────────────────────────────────────────────────────────────────────────[39m
 [38;5;217mYOLO[38;5;103m ctrl+y[39m
[38;5;59m────────────────────────────────────────────────────────────────────────────────────────────────────────────────────────────────────────────────────────────[39m
 [38;5;217m* [38;5;103m  Type your message or @path/to/file[39m
[38;5;59m────────────────────────────────────────────────────────────────────────────────────────────────────────────────────────────────────────────────────────────[39m
 /mnt/.../chojn/projects/kanbanAgents[38;5;103m (main*)[39m                             [38;5;217mno sandbox[38;5;103m (see /docs)[39m                              [38;5;103m/model [39mgemini-3-flash-preview
[2K[1A[2K[1A[2K[1A[2K[1A[2K[1A[2K[1A[2K[1A[2K[1A[2K[G
 [38;5;153m⠦[39m [3mEnable screen reader mode for better accessibility (/settings)…[23m [38;5;103m(esc to cancel, 5s)[39m                                                     [38;5;103m ? for shortcuts [39m
[38;5;59m────────────────────────────────────────────────────────────────────────────────────────────────────────────────────────────────────────────────────────────[39m
 [38;5;217mYOLO[38;5;103m ctrl+y[39m
[38;5;59m────────────────────────────────────────────────────────────────────────────────────────────────────────────────────────────────────────────────────────────[39m
 [38;5;217m* [38;5;103m  Type your message or @path/to/file[39m
[38;5;59m────────────────────────────────────────────────────────────────────────────────────────────────────────────────────────────────────────────────────────────[39m
 /mnt/.../chojn/projects/kanbanAgents[38;5;103m (main*)[39m                             [38;5;217mno sandbox[38;5;103m (see /docs)[39m                              [38;5;103m/model [39mgemini-3-flash-preview
[2K[1A[2K[1A[2K[1A[2K[1A[2K[1A[2K[1A[2K[1A[2K[1A[2K[G
 [38;5;153m⠧[39m [3mEnable screen reader mode for better accessibility (/settings)…[23m [38;5;103m(esc to cancel, 5s)[39m                                                     [38;5;103m ? for shortcuts [39m
[38;5;59m────────────────────────────────────────────────────────────────────────────────────────────────────────────────────────────────────────────────────────────[39m
 [38;5;217mYOLO[38;5;103m ctrl+y[39m
[38;5;59m────────────────────────────────────────────────────────────────────────────────────────────────────────────────────────────────────────────────────────────[39m
 [38;5;217m* [38;5;103m  Type your message or @path/to/file[39m
[38;5;59m────────────────────────────────────────────────────────────────────────────────────────────────────────────────────────────────────────────────────────────[39m
 /mnt/.../chojn/projects/kanbanAgents[38;5;103m (main*)[39m                             [38;5;217mno sandbox[38;5;103m (see /docs)[39m                              [38;5;103m/model [39mgemini-3-flash-preview
[2K[1A[2K[1A[2K[1A[2K[1A[2K[1A[2K[1A[2K[1A[2K[1A[2K[G
 [38;5;153m⠇[39m [3mEnable screen reader mode for better accessibility (/settings)…[23m [38;5;103m(esc to cancel, 5s)[39m                                                     [38;5;103m ? for shortcuts [39m
[38;5;59m────────────────────────────────────────────────────────────────────────────────────────────────────────────────────────────────────────────────────────────[39m
 [38;5;217mYOLO[38;5;103m ctrl+y[39m
[38;5;59m────────────────────────────────────────────────────────────────────────────────────────────────────────────────────────────────────────────────────────────[39m
 [38;5;217m* [38;5;103m  Type your message or @path/to/file[39m
[38;5;59m────────────────────────────────────────────────────────────────────────────────────────────────────────────────────────────────────────────────────────────[39m
 /mnt/.../chojn/projects/kanbanAgents[38;5;103m (main*)[39m                             [38;5;217mno sandbox[38;5;103m (see /docs)[39m                              [38;5;103m/model [39mgemini-3-flash-preview
[2K[1A[2K[1A[2K[1A[2K[1A[2K[1A[2K[1A[2K[1A[2K[1A[2K[G
 [38;5;152m⠏[39m [3mEnable screen reader mode for better accessibility (/settings)…[23m [38;5;103m(esc to cancel, 5s)[39m                                                     [38;5;103m ? for shortcuts [39m
[38;5;59m────────────────────────────────────────────────────────────────────────────────────────────────────────────────────────────────────────────────────────────[39m
 [38;5;217mYOLO[38;5;103m ctrl+y[39m
[38;5;59m────────────────────────────────────────────────────────────────────────────────────────────────────────────────────────────────────────────────────────────[39m
 [38;5;217m* [38;5;103m  Type your message or @path/to/file[39m
[38;5;59m────────────────────────────────────────────────────────────────────────────────────────────────────────────────────────────────────────────────────────────[39m
 /mnt/.../chojn/projects/kanbanAgents[38;5;103m (main*)[39m                             [38;5;217mno sandbox[38;5;103m (see /docs)[39m                              [38;5;103m/model [39mgemini-3-flash-preview
[2K[1A[2K[1A[2K[1A[2K[1A[2K[1A[2K[1A[2K[1A[2K[1A[2K[G
 [38;5;152m⠋[39m [3mEnable screen reader mode for better accessibility (/settings)…[23m [38;5;103m(esc to cancel, 5s)[39m                                                     [38;5;103m ? for shortcuts [39m
[38;5;59m────────────────────────────────────────────────────────────────────────────────────────────────────────────────────────────────────────────────────────────[39m
 [38;5;217mYOLO[38;5;103m ctrl+y[39m
[38;5;59m────────────────────────────────────────────────────────────────────────────────────────────────────────────────────────────────────────────────────────────[39m
 [38;5;217m* [38;5;103m  Type your message or @path/to/file[39m
[38;5;59m────────────────────────────────────────────────────────────────────────────────────────────────────────────────────────────────────────────────────────────[39m
 /mnt/.../chojn/projects/kanbanAgents[38;5;103m (main*)[39m                             [38;5;217mno sandbox[38;5;103m (see /docs)[39m                              [38;5;103m/model [39mgemini-3-flash-preview
[2K[1A[2K[1A[2K[1A[2K[1A[2K[1A[2K[1A[2K[1A[2K[1A[2K[G
 [38;5;152m⠙[39m [3mEnable screen reader mode for better accessibility (/settings)…[23m [38;5;103m(esc to cancel, 5s)[39m                                                     [38;5;103m ? for shortcuts [39m
[38;5;59m────────────────────────────────────────────────────────────────────────────────────────────────────────────────────────────────────────────────────────────[39m
 [38;5;217mYOLO[38;5;103m ctrl+y[39m
[38;5;59m────────────────────────────────────────────────────────────────────────────────────────────────────────────────────────────────────────────────────────────[39m
 [38;5;217m* [38;5;103m  Type your message or @path/to/file[39m
[38;5;59m────────────────────────────────────────────────────────────────────────────────────────────────────────────────────────────────────────────────────────────[39m
 /mnt/.../chojn/projects/kanbanAgents[38;5;103m (main*)[39m                             [38;5;217mno sandbox[38;5;103m (see /docs)[39m                              [38;5;103m/model [39mgemini-3-flash-preview
[2K[1A[2K[1A[2K[1A[2K[1A[2K[1A[2K[1A[2K[1A[2K[1A[2K[G
 [38;5;152m⠹[39m [3mEnable screen reader mode for better accessibility (/settings)…[23m [38;5;103m(esc to cancel, 5s)[39m                                                     [38;5;103m ? for shortcuts [39m
[38;5;59m────────────────────────────────────────────────────────────────────────────────────────────────────────────────────────────────────────────────────────────[39m
 [38;5;217mYOLO[38;5;103m ctrl+y[39m
[38;5;59m────────────────────────────────────────────────────────────────────────────────────────────────────────────────────────────────────────────────────────────[39m
 [38;5;217m* [38;5;103m  Type your message or @path/to/file[39m
[38;5;59m────────────────────────────────────────────────────────────────────────────────────────────────────────────────────────────────────────────────────────────[39m
 /mnt/.../chojn/projects/kanbanAgents[38;5;103m (main*)[39m                             [38;5;217mno sandbox[38;5;103m (see /docs)[39m                              [38;5;103m/model [39mgemini-3-flash-preview
[2K[1A[2K[1A[2K[1A[2K[1A[2K[1A[2K[1A[2K[1A[2K[1A[2K[G
 [38;5;152m⠸[39m [3mEnable screen reader mode for better accessibility (/settings)…[23m [38;5;103m(esc to cancel, 5s)[39m                                                     [38;5;103m ? for shortcuts [39m
[38;5;59m────────────────────────────────────────────────────────────────────────────────────────────────────────────────────────────────────────────────────────────[39m
 [38;5;217mYOLO[38;5;103m ctrl+y[39m
[38;5;59m────────────────────────────────────────────────────────────────────────────────────────────────────────────────────────────────────────────────────────────[39m
 [38;5;217m* [38;5;103m  Type your message or @path/to/file[39m
[38;5;59m────────────────────────────────────────────────────────────────────────────────────────────────────────────────────────────────────────────────────────────[39m
 /mnt/.../chojn/projects/kanbanAgents[38;5;103m (main*)[39m                             [38;5;217mno sandbox[38;5;103m (see /docs)[39m                              [38;5;103m/model [39mgemini-3-flash-preview
[2K[1A[2K[1A[2K[1A[2K[1A[2K[1A[2K[1A[2K[1A[2K[1A[2K[G
 [38;5;152m⠼[39m [3mEnable screen reader mode for better accessibility (/settings)…[23m [38;5;103m(esc to cancel, 5s)[39m                                                     [38;5;103m ? for shortcuts [39m
[38;5;59m────────────────────────────────────────────────────────────────────────────────────────────────────────────────────────────────────────────────────────────[39m
 [38;5;217mYOLO[38;5;103m ctrl+y[39m
[38;5;59m────────────────────────────────────────────────────────────────────────────────────────────────────────────────────────────────────────────────────────────[39m
 [38;5;217m* [38;5;103m  Type your message or @path/to/file[39m
[38;5;59m────────────────────────────────────────────────────────────────────────────────────────────────────────────────────────────────────────────────────────────[39m
 /mnt/.../chojn/projects/kanbanAgents[38;5;103m (main*)[39m                             [38;5;217mno sandbox[38;5;103m (see /docs)[39m                              [38;5;103m/model [39mgemini-3-flash-preview
[2K[1A[2K[1A[2K[1A[2K[1A[2K[1A[2K[1A[2K[1A[2K[1A[2K[G
 [38;5;152m⠼[39m [3mEnable screen reader mode for better accessibility (/settings)…[23m [38;5;103m(esc to cancel, 6s)[39m                                                     [38;5;103m ? for shortcuts [39m
[38;5;59m────────────────────────────────────────────────────────────────────────────────────────────────────────────────────────────────────────────────────────────[39m
 [38;5;217mYOLO[38;5;103m ctrl+y[39m
[38;5;59m────────────────────────────────────────────────────────────────────────────────────────────────────────────────────────────────────────────────────────────[39m
 [38;5;217m* [38;5;103m  Type your message or @path/to/file[39m
[38;5;59m────────────────────────────────────────────────────────────────────────────────────────────────────────────────────────────────────────────────────────────[39m
 /mnt/.../chojn/projects/kanbanAgents[38;5;103m (main*)[39m                             [38;5;217mno sandbox[38;5;103m (see /docs)[39m                              [38;5;103m/model [39mgemini-3-flash-preview
[2K[1A[2K[1A[2K[1A[2K[1A[2K[1A[2K[1A[2K[1A[2K[1A[2K[G
 [38;5;151m⠴[39m [3mEnable screen reader mode for better accessibility (/settings)…[23m [38;5;103m(esc to cancel, 6s)[39m                                                     [38;5;103m ? for shortcuts [39m
[38;5;59m────────────────────────────────────────────────────────────────────────────────────────────────────────────────────────────────────────────────────────────[39m
 [38;5;217mYOLO[38;5;103m ctrl+y[39m
[38;5;59m────────────────────────────────────────────────────────────────────────────────────────────────────────────────────────────────────────────────────────────[39m
 [38;5;217m* [38;5;103m  Type your message or @path/to/file[39m
[38;5;59m────────────────────────────────────────────────────────────────────────────────────────────────────────────────────────────────────────────────────────────[39m
 /mnt/.../chojn/projects/kanbanAgents[38;5;103m (main*)[39m                             [38;5;217mno sandbox[38;5;103m (see /docs)[39m                              [38;5;103m/model [39mgemini-3-flash-preview
[2K[1A[2K[1A[2K[1A[2K[1A[2K[1A[2K[1A[2K[1A[2K[1A[2K[G
 [38;5;151m⠦[39m [3mEnable screen reader mode for better accessibility (/settings)…[23m [38;5;103m(esc to cancel, 6s)[39m                                                     [38;5;103m ? for shortcuts [39m
[38;5;59m────────────────────────────────────────────────────────────────────────────────────────────────────────────────────────────────────────────────────────────[39m
 [38;5;217mYOLO[38;5;103m ctrl+y[39m
[38;5;59m────────────────────────────────────────────────────────────────────────────────────────────────────────────────────────────────────────────────────────────[39m
 [38;5;217m* [38;5;103m  Type your message or @path/to/file[39m
[38;5;59m────────────────────────────────────────────────────────────────────────────────────────────────────────────────────────────────────────────────────────────[39m
 /mnt/.../chojn/projects/kanbanAgents[38;5;103m (main*)[39m                             [38;5;217mno sandbox[38;5;103m (see /docs)[39m                              [38;5;103m/model [39mgemini-3-flash-preview
[2K[1A[2K[1A[2K[1A[2K[1A[2K[1A[2K[1A[2K[1A[2K[1A[2K[G
 [38;5;151m⠧[39m [3mEnable screen reader mode for better accessibility (/settings)…[23m [38;5;103m(esc to cancel, 6s)[39m                                                     [38;5;103m ? for shortcuts [39m
[38;5;59m────────────────────────────────────────────────────────────────────────────────────────────────────────────────────────────────────────────────────────────[39m
 [38;5;217mYOLO[38;5;103m ctrl+y[39m
[38;5;59m────────────────────────────────────────────────────────────────────────────────────────────────────────────────────────────────────────────────────────────[39m
 [38;5;217m* [38;5;103m  Type your message or @path/to/file[39m
[38;5;59m────────────────────────────────────────────────────────────────────────────────────────────────────────────────────────────────────────────────────────────[39m
 /mnt/.../chojn/projects/kanbanAgents[38;5;103m (main*)[39m                             [38;5;217mno sandbox[38;5;103m (see /docs)[39m                              [38;5;103m/model [39mgemini-3-flash-preview
[2K[1A[2K[1A[2K[1A[2K[1A[2K[1A[2K[1A[2K[1A[2K[1A[2K[G
 [38;5;151m⠇[39m [3mEnable screen reader mode for better accessibility (/settings)…[23m [38;5;103m(esc to cancel, 6s)[39m                                                     [38;5;103m ? for shortcuts [39m
[38;5;59m────────────────────────────────────────────────────────────────────────────────────────────────────────────────────────────────────────────────────────────[39m
 [38;5;217mYOLO[38;5;103m ctrl+y[39m
[38;5;59m────────────────────────────────────────────────────────────────────────────────────────────────────────────────────────────────────────────────────────────[39m
 [38;5;217m* [38;5;103m  Type your message or @path/to/file[39m
[38;5;59m────────────────────────────────────────────────────────────────────────────────────────────────────────────────────────────────────────────────────────────[39m
 /mnt/.../chojn/projects/kanbanAgents[38;5;103m (main*)[39m                             [38;5;217mno sandbox[38;5;103m (see /docs)[39m                              [38;5;103m/model [39mgemini-3-flash-preview
[2K[1A[2K[1A[2K[1A[2K[1A[2K[1A[2K[1A[2K[1A[2K[1A[2K[G
 [38;5;187m⠇[39m [3mEnable screen reader mode for better accessibility (/settings)…[23m [38;5;103m(esc to cancel, 6s)[39m                                                     [38;5;103m ? for shortcuts [39m
[38;5;59m────────────────────────────────────────────────────────────────────────────────────────────────────────────────────────────────────────────────────────────[39m
 [38;5;217mYOLO[38;5;103m ctrl+y[39m
[38;5;59m────────────────────────────────────────────────────────────────────────────────────────────────────────────────────────────────────────────────────────────[39m
 [38;5;217m* [38;5;103m  Type your message or @path/to/file[39m
[38;5;59m────────────────────────────────────────────────────────────────────────────────────────────────────────────────────────────────────────────────────────────[39m
 /mnt/.../chojn/projects/kanbanAgents[38;5;103m (main*)[39m                             [38;5;217mno sandbox[38;5;103m (see /docs)[39m                              [38;5;103m/model [39mgemini-3-flash-preview
[2K[1A[2K[1A[2K[1A[2K[1A[2K[1A[2K[1A[2K[1A[2K[1A[2K[G
 [38;5;187m⠏[39m [3mEnable screen reader mode for better accessibility (/settings)…[23m [38;5;103m(esc to cancel, 6s)[39m                                                     [38;5;103m ? for shortcuts [39m
[38;5;59m────────────────────────────────────────────────────────────────────────────────────────────────────────────────────────────────────────────────────────────[39m
 [38;5;217mYOLO[38;5;103m ctrl+y[39m
[38;5;59m────────────────────────────────────────────────────────────────────────────────────────────────────────────────────────────────────────────────────────────[39m
 [38;5;217m* [38;5;103m  Type your message or @path/to/file[39m
[38;5;59m────────────────────────────────────────────────────────────────────────────────────────────────────────────────────────────────────────────────────────────[39m
 /mnt/.../chojn/projects/kanbanAgents[38;5;103m (main*)[39m                             [38;5;217mno sandbox[38;5;103m (see /docs)[39m                              [38;5;103m/model [39mgemini-3-flash-preview
[2K[1A[2K[1A[2K[1A[2K[1A[2K[1A[2K[1A[2K[1A[2K[1A[2K[G
 [38;5;187m⠋[39m [3mEnable screen reader mode for better accessibility (/settings)…[23m [38;5;103m(esc to cancel, 6s)[39m                                                     [38;5;103m ? for shortcuts [39m
[38;5;59m────────────────────────────────────────────────────────────────────────────────────────────────────────────────────────────────────────────────────────────[39m
 [38;5;217mYOLO[38;5;103m ctrl+y[39m
[38;5;59m────────────────────────────────────────────────────────────────────────────────────────────────────────────────────────────────────────────────────────────[39m
 [38;5;217m* [38;5;103m  Type your message or @path/to/file[39m
[38;5;59m────────────────────────────────────────────────────────────────────────────────────────────────────────────────────────────────────────────────────────────[39m
 /mnt/.../chojn/projects/kanbanAgents[38;5;103m (main*)[39m                             [38;5;217mno sandbox[38;5;103m (see /docs)[39m                              [38;5;103m/model [39mgemini-3-flash-preview
[2K[1A[2K[1A[2K[1A[2K[1A[2K[1A[2K[1A[2K[1A[2K[1A[2K[G
 [38;5;187m⠙[39m [3mEnable screen reader mode for better accessibility (/settings)…[23m [38;5;103m(esc to cancel, 6s)[39m                                                     [38;5;103m ? for shortcuts [39m
[38;5;59m────────────────────────────────────────────────────────────────────────────────────────────────────────────────────────────────────────────────────────────[39m
 [38;5;217mYOLO[38;5;103m ctrl+y[39m
[38;5;59m────────────────────────────────────────────────────────────────────────────────────────────────────────────────────────────────────────────────────────────[39m
 [38;5;217m* [38;5;103m  Type your message or @path/to/file[39m
[38;5;59m────────────────────────────────────────────────────────────────────────────────────────────────────────────────────────────────────────────────────────────[39m
 /mnt/.../chojn/projects/kanbanAgents[38;5;103m (main*)[39m                             [38;5;217mno sandbox[38;5;103m (see /docs)[39m                              [38;5;103m/model [39mgemini-3-flash-preview
[2K[1A[2K[1A[2K[1A[2K[1A[2K[1A[2K[1A[2K[1A[2K[1A[2K[G
 [38;5;187m⠹[39m [3mEnable screen reader mode for better accessibility (/settings)…[23m [38;5;103m(esc to cancel, 6s)[39m                                                     [38;5;103m ? for shortcuts [39m
[38;5;59m────────────────────────────────────────────────────────────────────────────────────────────────────────────────────────────────────────────────────────────[39m
 [38;5;217mYOLO[38;5;103m ctrl+y[39m
[38;5;59m────────────────────────────────────────────────────────────────────────────────────────────────────────────────────────────────────────────────────────────[39m
 [38;5;217m* [38;5;103m  Type your message or @path/to/file[39m
[38;5;59m────────────────────────────────────────────────────────────────────────────────────────────────────────────────────────────────────────────────────────────[39m
 /mnt/.../chojn/projects/kanbanAgents[38;5;103m (main*)[39m                             [38;5;217mno sandbox[38;5;103m (see /docs)[39m                              [38;5;103m/model [39mgemini-3-flash-preview
[2K[1A[2K[1A[2K[1A[2K[1A[2K[1A[2K[1A[2K[1A[2K[1A[2K[G
 [38;5;187m⠸[39m [3mEnable screen reader mode for better accessibility (/settings)…[23m [38;5;103m(esc to cancel, 6s)[39m                                                     [38;5;103m ? for shortcuts [39m
[38;5;59m────────────────────────────────────────────────────────────────────────────────────────────────────────────────────────────────────────────────────────────[39m
 [38;5;217mYOLO[38;5;103m ctrl+y[39m
[38;5;59m────────────────────────────────────────────────────────────────────────────────────────────────────────────────────────────────────────────────────────────[39m
 [38;5;217m* [38;5;103m  Type your message or @path/to/file[39m
[38;5;59m────────────────────────────────────────────────────────────────────────────────────────────────────────────────────────────────────────────────────────────[39m
 /mnt/.../chojn/projects/kanbanAgents[38;5;103m (main*)[39m                             [38;5;217mno sandbox[38;5;103m (see /docs)[39m                              [38;5;103m/model [39mgemini-3-flash-preview
[2K[1A[2K[1A[2K[1A[2K[1A[2K[1A[2K[1A[2K[1A[2K[1A[2K[G
 [38;5;223m⠸[39m [3mEnable screen reader mode for better accessibility (/settings)…[23m [38;5;103m(esc to cancel, 6s)[39m                                                     [38;5;103m ? for shortcuts [39m
[38;5;59m────────────────────────────────────────────────────────────────────────────────────────────────────────────────────────────────────────────────────────────[39m
 [38;5;217mYOLO[38;5;103m ctrl+y[39m
[38;5;59m────────────────────────────────────────────────────────────────────────────────────────────────────────────────────────────────────────────────────────────[39m
 [38;5;217m* [38;5;103m  Type your message or @path/to/file[39m
[38;5;59m────────────────────────────────────────────────────────────────────────────────────────────────────────────────────────────────────────────────────────────[39m
 /mnt/.../chojn/projects/kanbanAgents[38;5;103m (main*)[39m                             [38;5;217mno sandbox[38;5;103m (see /docs)[39m                              [38;5;103m/model [39mgemini-3-flash-preview
[2K[1A[2K[1A[2K[1A[2K[1A[2K[1A[2K[1A[2K[1A[2K[1A[2K[G
 [38;5;223m⠼[39m [3mEnable screen reader mode for better accessibility (/settings)…[23m [38;5;103m(esc to cancel, 6s)[39m                                                     [38;5;103m ? for shortcuts [39m
[38;5;59m────────────────────────────────────────────────────────────────────────────────────────────────────────────────────────────────────────────────────────────[39m
 [38;5;217mYOLO[38;5;103m ctrl+y[39m
[38;5;59m────────────────────────────────────────────────────────────────────────────────────────────────────────────────────────────────────────────────────────────[39m
 [38;5;217m* [38;5;103m  Type your message or @path/to/file[39m
[38;5;59m────────────────────────────────────────────────────────────────────────────────────────────────────────────────────────────────────────────────────────────[39m
 /mnt/.../chojn/projects/kanbanAgents[38;5;103m (main*)[39m                             [38;5;217mno sandbox[38;5;103m (see /docs)[39m                              [38;5;103m/model [39mgemini-3-flash-preview
[2K[1A[2K[1A[2K[1A[2K[1A[2K[1A[2K[1A[2K[1A[2K[1A[2K[G
 [38;5;223m⠴[39m [3mEnable screen reader mode for better accessibility (/settings)…[23m [38;5;103m(esc to cancel, 6s)[39m                                                     [38;5;103m ? for shortcuts [39m
[38;5;59m────────────────────────────────────────────────────────────────────────────────────────────────────────────────────────────────────────────────────────────[39m
 [38;5;217mYOLO[38;5;103m ctrl+y[39m
[38;5;59m────────────────────────────────────────────────────────────────────────────────────────────────────────────────────────────────────────────────────────────[39m
 [38;5;217m* [38;5;103m  Type your message or @path/to/file[39m
[38;5;59m────────────────────────────────────────────────────────────────────────────────────────────────────────────────────────────────────────────────────────────[39m
 /mnt/.../chojn/projects/kanbanAgents[38;5;103m (main*)[39m                             [38;5;217mno sandbox[38;5;103m (see /docs)[39m                              [38;5;103m/model [39mgemini-3-flash-preview
[2K[1A[2K[1A[2K[1A[2K[1A[2K[1A[2K[1A[2K[1A[2K[1A[2K[G
 [38;5;223m⠦[39m [3mEnable screen reader mode for better accessibility (/settings)…[23m [38;5;103m(esc to cancel, 6s)[39m                                                     [38;5;103m ? for shortcuts [39m
[38;5;59m────────────────────────────────────────────────────────────────────────────────────────────────────────────────────────────────────────────────────────────[39m
 [38;5;217mYOLO[38;5;103m ctrl+y[39m
[38;5;59m────────────────────────────────────────────────────────────────────────────────────────────────────────────────────────────────────────────────────────────[39m
 [38;5;217m* [38;5;103m  Type your message or @path/to/file[39m
[38;5;59m────────────────────────────────────────────────────────────────────────────────────────────────────────────────────────────────────────────────────────────[39m
 /mnt/.../chojn/projects/kanbanAgents[38;5;103m (main*)[39m                             [38;5;217mno sandbox[38;5;103m (see /docs)[39m                              [38;5;103m/model [39mgemini-3-flash-preview
[2K[1A[2K[1A[2K[1A[2K[1A[2K[1A[2K[1A[2K[1A[2K[1A[2K[G
 [38;5;223m⠦[39m [3mEnable screen reader mode for better accessibility (/settings)…[23m [38;5;103m(esc to cancel, 7s)[39m                                                     [38;5;103m ? for shortcuts [39m
[38;5;59m────────────────────────────────────────────────────────────────────────────────────────────────────────────────────────────────────────────────────────────[39m
 [38;5;217mYOLO[38;5;103m ctrl+y[39m
[38;5;59m────────────────────────────────────────────────────────────────────────────────────────────────────────────────────────────────────────────────────────────[39m
 [38;5;217m* [38;5;103m  Type your message or @path/to/file[39m
[38;5;59m────────────────────────────────────────────────────────────────────────────────────────────────────────────────────────────────────────────────────────────[39m
 /mnt/.../chojn/projects/kanbanAgents[38;5;103m (main*)[39m                             [38;5;217mno sandbox[38;5;103m (see /docs)[39m                              [38;5;103m/model [39mgemini-3-flash-preview
[2K[1A[2K[1A[2K[1A[2K[1A[2K[1A[2K[1A[2K[1A[2K[1A[2K[G
 [38;5;223m⠧[39m [3mEnable screen reader mode for better accessibility (/settings)…[23m [38;5;103m(esc to cancel, 7s)[39m                                                     [38;5;103m ? for shortcuts [39m
[38;5;59m────────────────────────────────────────────────────────────────────────────────────────────────────────────────────────────────────────────────────────────[39m
 [38;5;217mYOLO[38;5;103m ctrl+y[39m
[38;5;59m────────────────────────────────────────────────────────────────────────────────────────────────────────────────────────────────────────────────────────────[39m
 [38;5;217m* [38;5;103m  Type your message or @path/to/file[39m
[38;5;59m────────────────────────────────────────────────────────────────────────────────────────────────────────────────────────────────────────────────────────────[39m
 /mnt/.../chojn/projects/kanbanAgents[38;5;103m (main*)[39m                             [38;5;217mno sandbox[38;5;103m (see /docs)[39m                              [38;5;103m/model [39mgemini-3-flash-preview
[2K[1A[2K[1A[2K[1A[2K[1A[2K[1A[2K[1A[2K[1A[2K[1A[2K[G
 [38;5;223m⠇[39m [3mEnable screen reader mode for better accessibility (/settings)…[23m [38;5;103m(esc to cancel, 7s)[39m                                                     [38;5;103m ? for shortcuts [39m
[38;5;59m────────────────────────────────────────────────────────────────────────────────────────────────────────────────────────────────────────────────────────────[39m
 [38;5;217mYOLO[38;5;103m ctrl+y[39m
[38;5;59m────────────────────────────────────────────────────────────────────────────────────────────────────────────────────────────────────────────────────────────[39m
 [38;5;217m* [38;5;103m  Type your message or @path/to/file[39m
[38;5;59m────────────────────────────────────────────────────────────────────────────────────────────────────────────────────────────────────────────────────────────[39m
 /mnt/.../chojn/projects/kanbanAgents[38;5;103m (main*)[39m                             [38;5;217mno sandbox[38;5;103m (see /docs)[39m                              [38;5;103m/model [39mgemini-3-flash-preview
[2K[1A[2K[1A[2K[1A[2K[1A[2K[1A[2K[1A[2K[1A[2K[1A[2K[G
 [38;5;223m⠏[39m [3mEnable screen reader mode for better accessibility (/settings)…[23m [38;5;103m(esc to cancel, 7s)[39m                                                     [38;5;103m ? for shortcuts [39m
[38;5;59m────────────────────────────────────────────────────────────────────────────────────────────────────────────────────────────────────────────────────────────[39m
 [38;5;217mYOLO[38;5;103m ctrl+y[39m
[38;5;59m────────────────────────────────────────────────────────────────────────────────────────────────────────────────────────────────────────────────────────────[39m
 [38;5;217m* [38;5;103m  Type your message or @path/to/file[39m
[38;5;59m────────────────────────────────────────────────────────────────────────────────────────────────────────────────────────────────────────────────────────────[39m
 /mnt/.../chojn/projects/kanbanAgents[38;5;103m (main*)[39m                             [38;5;217mno sandbox[38;5;103m (see /docs)[39m                              [38;5;103m/model [39mgemini-3-flash-preview
[2K[1A[2K[1A[2K[1A[2K[1A[2K[1A[2K[1A[2K[1A[2K[1A[2K[G
 [38;5;223m⠋[39m [3mEnable screen reader mode for better accessibility (/settings)…[23m [38;5;103m(esc to cancel, 7s)[39m                                                     [38;5;103m ? for shortcuts [39m
[38;5;59m────────────────────────────────────────────────────────────────────────────────────────────────────────────────────────────────────────────────────────────[39m
 [38;5;217mYOLO[38;5;103m ctrl+y[39m
[38;5;59m────────────────────────────────────────────────────────────────────────────────────────────────────────────────────────────────────────────────────────────[39m
 [38;5;217m* [38;5;103m  Type your message or @path/to/file[39m
[38;5;59m────────────────────────────────────────────────────────────────────────────────────────────────────────────────────────────────────────────────────────────[39m
 /mnt/.../chojn/projects/kanbanAgents[38;5;103m (main*)[39m                             [38;5;217mno sandbox[38;5;103m (see /docs)[39m                              [38;5;103m/model [39mgemini-3-flash-preview
[2K[1A[2K[1A[2K[1A[2K[1A[2K[1A[2K[1A[2K[1A[2K[1A[2K[G
 [38;5;217m⠋[39m [3mEnable screen reader mode for better accessibility (/settings)…[23m [38;5;103m(esc to cancel, 7s)[39m                                                     [38;5;103m ? for shortcuts [39m
[38;5;59m────────────────────────────────────────────────────────────────────────────────────────────────────────────────────────────────────────────────────────────[39m
 [38;5;217mYOLO[38;5;103m ctrl+y[39m
[38;5;59m────────────────────────────────────────────────────────────────────────────────────────────────────────────────────────────────────────────────────────────[39m
 [38;5;217m* [38;5;103m  Type your message or @path/to/file[39m
[38;5;59m────────────────────────────────────────────────────────────────────────────────────────────────────────────────────────────────────────────────────────────[39m
 /mnt/.../chojn/projects/kanbanAgents[38;5;103m (main*)[39m                             [38;5;217mno sandbox[38;5;103m (see /docs)[39m                              [38;5;103m/model [39mgemini-3-flash-preview
[2K[1A[2K[1A[2K[1A[2K[1A[2K[1A[2K[1A[2K[1A[2K[1A[2K[G
 [38;5;217m⠙[39m [3mEnable screen reader mode for better accessibility (/settings)…[23m [38;5;103m(esc to cancel, 7s)[39m                                                     [38;5;103m ? for shortcuts [39m
[38;5;59m────────────────────────────────────────────────────────────────────────────────────────────────────────────────────────────────────────────────────────────[39m
 [38;5;217mYOLO[38;5;103m ctrl+y[39m
[38;5;59m────────────────────────────────────────────────────────────────────────────────────────────────────────────────────────────────────────────────────────────[39m
 [38;5;217m* [38;5;103m  Type your message or @path/to/file[39m
[38;5;59m────────────────────────────────────────────────────────────────────────────────────────────────────────────────────────────────────────────────────────────[39m
 /mnt/.../chojn/projects/kanbanAgents[38;5;103m (main*)[39m                             [38;5;217mno sandbox[38;5;103m (see /docs)[39m                              [38;5;103m/model [39mgemini-3-flash-preview
[2K[1A[2K[1A[2K[1A[2K[1A[2K[1A[2K[1A[2K[1A[2K[1A[2K[G
 [38;5;217m⠹[39m [3mEnable screen reader mode for better accessibility (/settings)…[23m [38;5;103m(esc to cancel, 7s)[39m                                                     [38;5;103m ? for shortcuts [39m
[38;5;59m────────────────────────────────────────────────────────────────────────────────────────────────────────────────────────────────────────────────────────────[39m
 [38;5;217mYOLO[38;5;103m ctrl+y[39m
[38;5;59m────────────────────────────────────────────────────────────────────────────────────────────────────────────────────────────────────────────────────────────[39m
 [38;5;217m* [38;5;103m  Type your message or @path/to/file[39m
[38;5;59m────────────────────────────────────────────────────────────────────────────────────────────────────────────────────────────────────────────────────────────[39m
 /mnt/.../chojn/projects/kanbanAgents[38;5;103m (main*)[39m                             [38;5;217mno sandbox[38;5;103m (see /docs)[39m                              [38;5;103m/model [39mgemini-3-flash-preview
[2K[1A[2K[1A[2K[1A[2K[1A[2K[1A[2K[1A[2K[1A[2K[1A[2K[G
 [38;5;217m⠸[39m [3mEnable screen reader mode for better accessibility (/settings)…[23m [38;5;103m(esc to cancel, 7s)[39m                                                     [38;5;103m ? for shortcuts [39m
[38;5;59m────────────────────────────────────────────────────────────────────────────────────────────────────────────────────────────────────────────────────────────[39m
 [38;5;217mYOLO[38;5;103m ctrl+y[39m
[38;5;59m────────────────────────────────────────────────────────────────────────────────────────────────────────────────────────────────────────────────────────────[39m
 [38;5;217m* [38;5;103m  Type your message or @path/to/file[39m
[38;5;59m────────────────────────────────────────────────────────────────────────────────────────────────────────────────────────────────────────────────────────────[39m
 /mnt/.../chojn/projects/kanbanAgents[38;5;103m (main*)[39m                             [38;5;217mno sandbox[38;5;103m (see /docs)[39m                              [38;5;103m/model [39mgemini-3-flash-preview
[2K[1A[2K[1A[2K[1A[2K[1A[2K[1A[2K[1A[2K[1A[2K[1A[2K[G
 [38;5;217m⠼[39m [3mEnable screen reader mode for better accessibility (/settings)…[23m [38;5;103m(esc to cancel, 7s)[39m                                                     [38;5;103m ? for shortcuts [39m
[38;5;59m────────────────────────────────────────────────────────────────────────────────────────────────────────────────────────────────────────────────────────────[39m
 [38;5;217mYOLO[38;5;103m ctrl+y[39m
[38;5;59m────────────────────────────────────────────────────────────────────────────────────────────────────────────────────────────────────────────────────────────[39m
 [38;5;217m* [38;5;103m  Type your message or @path/to/file[39m
[38;5;59m────────────────────────────────────────────────────────────────────────────────────────────────────────────────────────────────────────────────────────────[39m
 /mnt/.../chojn/projects/kanbanAgents[38;5;103m (main*)[39m                             [38;5;217mno sandbox[38;5;103m (see /docs)[39m                              [38;5;103m/model [39mgemini-3-flash-preview
[2K[1A[2K[1A[2K[1A[2K[1A[2K[1A[2K[1A[2K[1A[2K[1A[2K[G
 [38;5;218m⠴[39m [3mEnable screen reader mode for better accessibility (/settings)…[23m [38;5;103m(esc to cancel, 7s)[39m                                                     [38;5;103m ? for shortcuts [39m
[38;5;59m────────────────────────────────────────────────────────────────────────────────────────────────────────────────────────────────────────────────────────────[39m
 [38;5;217mYOLO[38;5;103m ctrl+y[39m
[38;5;59m────────────────────────────────────────────────────────────────────────────────────────────────────────────────────────────────────────────────────────────[39m
 [38;5;217m* [38;5;103m  Type your message or @path/to/file[39m
[38;5;59m────────────────────────────────────────────────────────────────────────────────────────────────────────────────────────────────────────────────────────────[39m
 /mnt/.../chojn/projects/kanbanAgents[38;5;103m (main*)[39m                             [38;5;217mno sandbox[38;5;103m (see /docs)[39m                              [38;5;103m/model [39mgemini-3-flash-preview
[2K[1A[2K[1A[2K[1A[2K[1A[2K[1A[2K[1A[2K[1A[2K[1A[2K[G
 [38;5;218m⠦[39m [3mEnable screen reader mode for better accessibility (/settings)…[23m [38;5;103m(esc to cancel, 7s)[39m                                                     [38;5;103m ? for shortcuts [39m
[38;5;59m────────────────────────────────────────────────────────────────────────────────────────────────────────────────────────────────────────────────────────────[39m
 [38;5;217mYOLO[38;5;103m ctrl+y[39m
[38;5;59m────────────────────────────────────────────────────────────────────────────────────────────────────────────────────────────────────────────────────────────[39m
 [38;5;217m* [38;5;103m  Type your message or @path/to/file[39m
[38;5;59m────────────────────────────────────────────────────────────────────────────────────────────────────────────────────────────────────────────────────────────[39m
 /mnt/.../chojn/projects/kanbanAgents[38;5;103m (main*)[39m                             [38;5;217mno sandbox[38;5;103m (see /docs)[39m                              [38;5;103m/model [39mgemini-3-flash-preview
[2K[1A[2K[1A[2K[1A[2K[1A[2K[1A[2K[1A[2K[1A[2K[1A[2K[G
 [38;5;182m⠦[39m [3mEnable screen reader mode for better accessibility (/settings)…[23m [38;5;103m(esc to cancel, 7s)[39m                                                     [38;5;103m ? for shortcuts [39m
[38;5;59m────────────────────────────────────────────────────────────────────────────────────────────────────────────────────────────────────────────────────────────[39m
 [38;5;217mYOLO[38;5;103m ctrl+y[39m
[38;5;59m────────────────────────────────────────────────────────────────────────────────────────────────────────────────────────────────────────────────────────────[39m
 [38;5;217m* [38;5;103m  Type your message or @path/to/file[39m
[38;5;59m────────────────────────────────────────────────────────────────────────────────────────────────────────────────────────────────────────────────────────────[39m
 /mnt/.../chojn/projects/kanbanAgents[38;5;103m (main*)[39m                             [38;5;217mno sandbox[38;5;103m (see /docs)[39m                              [38;5;103m/model [39mgemini-3-flash-preview
[2K[1A[2K[1A[2K[1A[2K[1A[2K[1A[2K[1A[2K[1A[2K[1A[2K[G
 [38;5;182m⠧[39m [3mEnable screen reader mode for better accessibility (/settings)…[23m [38;5;103m(esc to cancel, 7s)[39m                                                     [38;5;103m ? for shortcuts [39m
[38;5;59m────────────────────────────────────────────────────────────────────────────────────────────────────────────────────────────────────────────────────────────[39m
 [38;5;217mYOLO[38;5;103m ctrl+y[39m
[38;5;59m────────────────────────────────────────────────────────────────────────────────────────────────────────────────────────────────────────────────────────────[39m
 [38;5;217m* [38;5;103m  Type your message or @path/to/file[39m
[38;5;59m────────────────────────────────────────────────────────────────────────────────────────────────────────────────────────────────────────────────────────────[39m
 /mnt/.../chojn/projects/kanbanAgents[38;5;103m (main*)[39m                             [38;5;217mno sandbox[38;5;103m (see /docs)[39m                              [38;5;103m/model [39mgemini-3-flash-preview
[2K[1A[2K[1A[2K[1A[2K[1A[2K[1A[2K[1A[2K[1A[2K[1A[2K[G
 [38;5;182m⠇[39m [3mEnable screen reader mode for better accessibility (/settings)…[23m [38;5;103m(esc to cancel, 7s)[39m                                                     [38;5;103m ? for shortcuts [39m
[38;5;59m────────────────────────────────────────────────────────────────────────────────────────────────────────────────────────────────────────────────────────────[39m
 [38;5;217mYOLO[38;5;103m ctrl+y[39m
[38;5;59m────────────────────────────────────────────────────────────────────────────────────────────────────────────────────────────────────────────────────────────[39m
 [38;5;217m* [38;5;103m  Type your message or @path/to/file[39m
[38;5;59m────────────────────────────────────────────────────────────────────────────────────────────────────────────────────────────────────────────────────────────[39m
 /mnt/.../chojn/projects/kanbanAgents[38;5;103m (main*)[39m                             [38;5;217mno sandbox[38;5;103m (see /docs)[39m                              [38;5;103m/model [39mgemini-3-flash-preview
[2K[1A[2K[1A[2K[1A[2K[1A[2K[1A[2K[1A[2K[1A[2K[1A[2K[G
 [38;5;182m⠏[39m [3mEnable screen reader mode for better accessibility (/settings)…[23m [38;5;103m(esc to cancel, 8s)[39m                                                     [38;5;103m ? for shortcuts [39m
[38;5;59m────────────────────────────────────────────────────────────────────────────────────────────────────────────────────────────────────────────────────────────[39m
 [38;5;217mYOLO[38;5;103m ctrl+y[39m
[38;5;59m────────────────────────────────────────────────────────────────────────────────────────────────────────────────────────────────────────────────────────────[39m
 [38;5;217m* [38;5;103m  Type your message or @path/to/file[39m
[38;5;59m────────────────────────────────────────────────────────────────────────────────────────────────────────────────────────────────────────────────────────────[39m
 /mnt/.../chojn/projects/kanbanAgents[38;5;103m (main*)[39m                             [38;5;217mno sandbox[38;5;103m (see /docs)[39m                              [38;5;103m/model [39mgemini-3-flash-preview
[2K[1A[2K[1A[2K[1A[2K[1A[2K[1A[2K[1A[2K[1A[2K[1A[2K[G
 [38;5;183m⠋[39m [3mEnable screen reader mode for better accessibility (/settings)…[23m [38;5;103m(esc to cancel, 8s)[39m                                                     [38;5;103m ? for shortcuts [39m
[38;5;59m────────────────────────────────────────────────────────────────────────────────────────────────────────────────────────────────────────────────────────────[39m
 [38;5;217mYOLO[38;5;103m ctrl+y[39m
[38;5;59m────────────────────────────────────────────────────────────────────────────────────────────────────────────────────────────────────────────────────────────[39m
 [38;5;217m* [38;5;103m  Type your message or @path/to/file[39m
[38;5;59m────────────────────────────────────────────────────────────────────────────────────────────────────────────────────────────────────────────────────────────[39m
 /mnt/.../chojn/projects/kanbanAgents[38;5;103m (main*)[39m                             [38;5;217mno sandbox[38;5;103m (see /docs)[39m                              [38;5;103m/model [39mgemini-3-flash-preview
[2K[1A[2K[1A[2K[1A[2K[1A[2K[1A[2K[1A[2K[1A[2K[1A[2K[G
 [38;5;183m⠙[39m [3mEnable screen reader mode for better accessibility (/settings)…[23m [38;5;103m(esc to cancel, 8s)[39m                                                     [38;5;103m ? for shortcuts [39m
[38;5;59m────────────────────────────────────────────────────────────────────────────────────────────────────────────────────────────────────────────────────────────[39m
 [38;5;217mYOLO[38;5;103m ctrl+y[39m
[38;5;59m────────────────────────────────────────────────────────────────────────────────────────────────────────────────────────────────────────────────────────────[39m
 [38;5;217m* [38;5;103m  Type your message or @path/to/file[39m
[38;5;59m────────────────────────────────────────────────────────────────────────────────────────────────────────────────────────────────────────────────────────────[39m
 /mnt/.../chojn/projects/kanbanAgents[38;5;103m (main*)[39m                             [38;5;217mno sandbox[38;5;103m (see /docs)[39m                              [38;5;103m/model [39mgemini-3-flash-preview
]11;?\[2K[1A[2K[1A[2K[1A[2K[1A[2K[1A[2K[1A[2K[1A[2K[1A[2K[G
 [38;5;183m⠹[39m [3mEnable screen reader mode for better accessibility (/settings)…[23m [38;5;103m(esc to cancel, 8s)[39m                                                     [38;5;103m ? for shortcuts [39m
[38;5;59m────────────────────────────────────────────────────────────────────────────────────────────────────────────────────────────────────────────────────────────[39m
 [38;5;217mYOLO[38;5;103m ctrl+y[39m
[38;5;59m────────────────────────────────────────────────────────────────────────────────────────────────────────────────────────────────────────────────────────────[39m
 [38;5;217m* [38;5;103m  Type your message or @path/to/file[39m
[38;5;59m────────────────────────────────────────────────────────────────────────────────────────────────────────────────────────────────────────────────────────────[39m
 /mnt/.../chojn/projects/kanbanAgents[38;5;103m (main*)[39m                             [38;5;217mno sandbox[38;5;103m (see /docs)[39m                              [38;5;103m/model [39mgemini-3-flash-preview
[2K[1A[2K[1A[2K[1A[2K[1A[2K[1A[2K[1A[2K[1A[2K[1A[2K[G
 [38;5;183m⠸[39m [3mEnable screen reader mode for better accessibility (/settings)…[23m [38;5;103m(esc to cancel, 8s)[39m                                                     [38;5;103m ? for shortcuts [39m
[38;5;59m────────────────────────────────────────────────────────────────────────────────────────────────────────────────────────────────────────────────────────────[39m
 [38;5;217mYOLO[38;5;103m ctrl+y[39m
[38;5;59m────────────────────────────────────────────────────────────────────────────────────────────────────────────────────────────────────────────────────────────[39m
 [38;5;217m* [38;5;103m  Type your message or @path/to/file[39m
[38;5;59m────────────────────────────────────────────────────────────────────────────────────────────────────────────────────────────────────────────────────────────[39m
 /mnt/.../chojn/projects/kanbanAgents[38;5;103m (main*)[39m                             [38;5;217mno sandbox[38;5;103m (see /docs)[39m                              [38;5;103m/model [39mgemini-3-flash-preview
[2K[1A[2K[1A[2K[1A[2K[1A[2K[1A[2K[1A[2K[1A[2K[1A[2K[G
 [38;5;183m⠼[39m [3mEnable screen reader mode for better accessibility (/settings)…[23m [38;5;103m(esc to cancel, 8s)[39m                                                     [38;5;103m ? for shortcuts [39m
[38;5;59m────────────────────────────────────────────────────────────────────────────────────────────────────────────────────────────────────────────────────────────[39m
 [38;5;217mYOLO[38;5;103m ctrl+y[39m
[38;5;59m────────────────────────────────────────────────────────────────────────────────────────────────────────────────────────────────────────────────────────────[39m
 [38;5;217m* [38;5;103m  Type your message or @path/to/file[39m
[38;5;59m────────────────────────────────────────────────────────────────────────────────────────────────────────────────────────────────────────────────────────────[39m
 /mnt/.../chojn/projects/kanbanAgents[38;5;103m (main*)[39m                             [38;5;217mno sandbox[38;5;103m (see /docs)[39m                              [38;5;103m/model [39mgemini-3-flash-preview
[2K[1A[2K[1A[2K[1A[2K[1A[2K[1A[2K[1A[2K[1A[2K[1A[2K[G
 [38;5;147m⠴[39m [3mEnable screen reader mode for better accessibility (/settings)…[23m [38;5;103m(esc to cancel, 8s)[39m                                                     [38;5;103m ? for shortcuts [39m
[38;5;59m────────────────────────────────────────────────────────────────────────────────────────────────────────────────────────────────────────────────────────────[39m
 [38;5;217mYOLO[38;5;103m ctrl+y[39m
[38;5;59m────────────────────────────────────────────────────────────────────────────────────────────────────────────────────────────────────────────────────────────[39m
 [38;5;217m* [38;5;103m  Type your message or @path/to/file[39m
[38;5;59m────────────────────────────────────────────────────────────────────────────────────────────────────────────────────────────────────────────────────────────[39m
 /mnt/.../chojn/projects/kanbanAgents[38;5;103m (main*)[39m                             [38;5;217mno sandbox[38;5;103m (see /docs)[39m                              [38;5;103m/model [39mgemini-3-flash-preview
[2K[1A[2K[1A[2K[1A[2K[1A[2K[1A[2K[1A[2K[1A[2K[1A[2K[G
 [38;5;147m⠦[39m [3mEnable screen reader mode for better accessibility (/settings)…[23m [38;5;103m(esc to cancel, 8s)[39m                                                     [38;5;103m ? for shortcuts [39m
[38;5;59m────────────────────────────────────────────────────────────────────────────────────────────────────────────────────────────────────────────────────────────[39m
 [38;5;217mYOLO[38;5;103m ctrl+y[39m
[38;5;59m────────────────────────────────────────────────────────────────────────────────────────────────────────────────────────────────────────────────────────────[39m
 [38;5;217m* [38;5;103m  Type your message or @path/to/file[39m
[38;5;59m────────────────────────────────────────────────────────────────────────────────────────────────────────────────────────────────────────────────────────────[39m
 /mnt/.../chojn/projects/kanbanAgents[38;5;103m (main*)[39m                             [38;5;217mno sandbox[38;5;103m (see /docs)[39m                              [38;5;103m/model [39mgemini-3-flash-preview
[2K[1A[2K[1A[2K[1A[2K[1A[2K[1A[2K[1A[2K[1A[2K[1A[2K[G
 [38;5;147m⠧[39m [3mEnable screen reader mode for better accessibility (/settings)…[23m [38;5;103m(esc to cancel, 8s)[39m                                                     [38;5;103m ? for shortcuts [39m
[38;5;59m────────────────────────────────────────────────────────────────────────────────────────────────────────────────────────────────────────────────────────────[39m
 [38;5;217mYOLO[38;5;103m ctrl+y[39m
[38;5;59m────────────────────────────────────────────────────────────────────────────────────────────────────────────────────────────────────────────────────────────[39m
 [38;5;217m* [38;5;103m  Type your message or @path/to/file[39m
[38;5;59m────────────────────────────────────────────────────────────────────────────────────────────────────────────────────────────────────────────────────────────[39m
 /mnt/.../chojn/projects/kanbanAgents[38;5;103m (main*)[39m                             [38;5;217mno sandbox[38;5;103m (see /docs)[39m                              [38;5;103m/model [39mgemini-3-flash-preview
[2K[1A[2K[1A[2K[1A[2K[1A[2K[1A[2K[1A[2K[1A[2K[1A[2K[G
 [38;5;147m⠇[39m [3mEnable screen reader mode for better accessibility (/settings)…[23m [38;5;103m(esc to cancel, 8s)[39m                                                     [38;5;103m ? for shortcuts [39m
[38;5;59m────────────────────────────────────────────────────────────────────────────────────────────────────────────────────────────────────────────────────────────[39m
 [38;5;217mYOLO[38;5;103m ctrl+y[39m
[38;5;59m────────────────────────────────────────────────────────────────────────────────────────────────────────────────────────────────────────────────────────────[39m
 [38;5;217m* [38;5;103m  Type your message or @path/to/file[39m
[38;5;59m────────────────────────────────────────────────────────────────────────────────────────────────────────────────────────────────────────────────────────────[39m
 /mnt/.../chojn/projects/kanbanAgents[38;5;103m (main*)[39m                             [38;5;217mno sandbox[38;5;103m (see /docs)[39m                              [38;5;103m/model [39mgemini-3-flash-preview
[2K[1A[2K[1A[2K[1A[2K[1A[2K[1A[2K[1A[2K[1A[2K[1A[2K[G
 [38;5;147m⠏[39m [3mEnable screen reader mode for better accessibility (/settings)…[23m [38;5;103m(esc to cancel, 8s)[39m                                                     [38;5;103m ? for shortcuts [39m
[38;5;59m────────────────────────────────────────────────────────────────────────────────────────────────────────────────────────────────────────────────────────────[39m
 [38;5;217mYOLO[38;5;103m ctrl+y[39m
[38;5;59m────────────────────────────────────────────────────────────────────────────────────────────────────────────────────────────────────────────────────────────[39m
 [38;5;217m* [38;5;103m  Type your message or @path/to/file[39m
[38;5;59m────────────────────────────────────────────────────────────────────────────────────────────────────────────────────────────────────────────────────────────[39m
 /mnt/.../chojn/projects/kanbanAgents[38;5;103m (main*)[39m                             [38;5;217mno sandbox[38;5;103m (see /docs)[39m                              [38;5;103m/model [39mgemini-3-flash-preview
[2K[1A[2K[1A[2K[1A[2K[1A[2K[1A[2K[1A[2K[1A[2K[1A[2K[G
 [38;5;153m⠋[39m [3mEnable screen reader mode for better accessibility (/settings)…[23m [38;5;103m(esc to cancel, 8s)[39m                                                     [38;5;103m ? for shortcuts [39m
[38;5;59m────────────────────────────────────────────────────────────────────────────────────────────────────────────────────────────────────────────────────────────[39m
 [38;5;217mYOLO[38;5;103m ctrl+y[39m
[38;5;59m────────────────────────────────────────────────────────────────────────────────────────────────────────────────────────────────────────────────────────────[39m
 [38;5;217m* [38;5;103m  Type your message or @path/to/file[39m
[38;5;59m────────────────────────────────────────────────────────────────────────────────────────────────────────────────────────────────────────────────────────────[39m
 /mnt/.../chojn/projects/kanbanAgents[38;5;103m (main*)[39m                             [38;5;217mno sandbox[38;5;103m (see /docs)[39m                              [38;5;103m/model [39mgemini-3-flash-preview
[2K[1A[2K[1A[2K[1A[2K[1A[2K[1A[2K[1A[2K[1A[2K[1A[2K[G
 [38;5;153m⠙[39m [3mEnable screen reader mode for better accessibility (/settings)…[23m [38;5;103m(esc to cancel, 8s)[39m                                                     [38;5;103m ? for shortcuts [39m
[38;5;59m────────────────────────────────────────────────────────────────────────────────────────────────────────────────────────────────────────────────────────────[39m
 [38;5;217mYOLO[38;5;103m ctrl+y[39m
[38;5;59m────────────────────────────────────────────────────────────────────────────────────────────────────────────────────────────────────────────────────────────[39m
 [38;5;217m* [38;5;103m  Type your message or @path/to/file[39m
[38;5;59m────────────────────────────────────────────────────────────────────────────────────────────────────────────────────────────────────────────────────────────[39m
 /mnt/.../chojn/projects/kanbanAgents[38;5;103m (main*)[39m                             [38;5;217mno sandbox[38;5;103m (see /docs)[39m                              [38;5;103m/model [39mgemini-3-flash-preview
[2K[1A[2K[1A[2K[1A[2K[1A[2K[1A[2K[1A[2K[1A[2K[1A[2K[G
 [38;5;153m⠙[39m [3mEnable screen reader mode for better accessibility (/settings)…[23m [38;5;103m(esc to cancel, 9s)[39m                                                     [38;5;103m ? for shortcuts [39m
[38;5;59m────────────────────────────────────────────────────────────────────────────────────────────────────────────────────────────────────────────────────────────[39m
 [38;5;217mYOLO[38;5;103m ctrl+y[39m
[38;5;59m────────────────────────────────────────────────────────────────────────────────────────────────────────────────────────────────────────────────────────────[39m
 [38;5;217m* [38;5;103m  Type your message or @path/to/file[39m
[38;5;59m────────────────────────────────────────────────────────────────────────────────────────────────────────────────────────────────────────────────────────────[39m
 /mnt/.../chojn/projects/kanbanAgents[38;5;103m (main*)[39m                             [38;5;217mno sandbox[38;5;103m (see /docs)[39m                              [38;5;103m/model [39mgemini-3-flash-preview
[2K[1A[2K[1A[2K[1A[2K[1A[2K[1A[2K[1A[2K[1A[2K[1A[2K[G
 [38;5;153m⠹[39m [3mEnable screen reader mode for better accessibility (/settings)…[23m [38;5;103m(esc to cancel, 9s)[39m                                                     [38;5;103m ? for shortcuts [39m
[38;5;59m────────────────────────────────────────────────────────────────────────────────────────────────────────────────────────────────────────────────────────────[39m
 [38;5;217mYOLO[38;5;103m ctrl+y[39m
[38;5;59m────────────────────────────────────────────────────────────────────────────────────────────────────────────────────────────────────────────────────────────[39m
 [38;5;217m* [38;5;103m  Type your message or @path/to/file[39m
[38;5;59m────────────────────────────────────────────────────────────────────────────────────────────────────────────────────────────────────────────────────────────[39m
 /mnt/.../chojn/projects/kanbanAgents[38;5;103m (main*)[39m                             [38;5;217mno sandbox[38;5;103m (see /docs)[39m                              [38;5;103m/model [39mgemini-3-flash-preview
[2K[1A[2K[1A[2K[1A[2K[1A[2K[1A[2K[1A[2K[1A[2K[1A[2K[G
 [38;5;153m⠸[39m [3mEnable screen reader mode for better accessibility (/settings)…[23m [38;5;103m(esc to cancel, 9s)[39m                                                     [38;5;103m ? for shortcuts [39m
[38;5;59m────────────────────────────────────────────────────────────────────────────────────────────────────────────────────────────────────────────────────────────[39m
 [38;5;217mYOLO[38;5;103m ctrl+y[39m
[38;5;59m────────────────────────────────────────────────────────────────────────────────────────────────────────────────────────────────────────────────────────────[39m
 [38;5;217m* [38;5;103m  Type your message or @path/to/file[39m
[38;5;59m────────────────────────────────────────────────────────────────────────────────────────────────────────────────────────────────────────────────────────────[39m
 /mnt/.../chojn/projects/kanbanAgents[38;5;103m (main*)[39m                             [38;5;217mno sandbox[38;5;103m (see /docs)[39m                              [38;5;103m/model [39mgemini-3-flash-preview
[2K[1A[2K[1A[2K[1A[2K[1A[2K[1A[2K[1A[2K[1A[2K[1A[2K[G
 [38;5;153m⠼[39m [3mEnable screen reader mode for better accessibility (/settings)…[23m [38;5;103m(esc to cancel, 9s)[39m                                                     [38;5;103m ? for shortcuts [39m
[38;5;59m────────────────────────────────────────────────────────────────────────────────────────────────────────────────────────────────────────────────────────────[39m
 [38;5;217mYOLO[38;5;103m ctrl+y[39m
[38;5;59m────────────────────────────────────────────────────────────────────────────────────────────────────────────────────────────────────────────────────────────[39m
 [38;5;217m* [38;5;103m  Type your message or @path/to/file[39m
[38;5;59m────────────────────────────────────────────────────────────────────────────────────────────────────────────────────────────────────────────────────────────[39m
 /mnt/.../chojn/projects/kanbanAgents[38;5;103m (main*)[39m                             [38;5;217mno sandbox[38;5;103m (see /docs)[39m                              [38;5;103m/model [39mgemini-3-flash-preview
[2K[1A[2K[1A[2K[1A[2K[1A[2K[1A[2K[1A[2K[1A[2K[1A[2K[G
 [38;5;153m⠴[39m [3mEnable screen reader mode for better accessibility (/settings)…[23m [38;5;103m(esc to cancel, 9s)[39m                                                     [38;5;103m ? for shortcuts [39m
[38;5;59m────────────────────────────────────────────────────────────────────────────────────────────────────────────────────────────────────────────────────────────[39m
 [38;5;217mYOLO[38;5;103m ctrl+y[39m
[38;5;59m────────────────────────────────────────────────────────────────────────────────────────────────────────────────────────────────────────────────────────────[39m
 [38;5;217m* [38;5;103m  Type your message or @path/to/file[39m
[38;5;59m────────────────────────────────────────────────────────────────────────────────────────────────────────────────────────────────────────────────────────────[39m
 /mnt/.../chojn/projects/kanbanAgents[38;5;103m (main*)[39m                             [38;5;217mno sandbox[38;5;103m (see /docs)[39m                              [38;5;103m/model [39mgemini-3-flash-preview
[2K[1A[2K[1A[2K[1A[2K[1A[2K[1A[2K[1A[2K[1A[2K[1A[2K[G
 [38;5;153m⠦[39m [3mEnable screen reader mode for better accessibility (/settings)…[23m [38;5;103m(esc to cancel, 9s)[39m                                                     [38;5;103m ? for shortcuts [39m
[38;5;59m────────────────────────────────────────────────────────────────────────────────────────────────────────────────────────────────────────────────────────────[39m
 [38;5;217mYOLO[38;5;103m ctrl+y[39m
[38;5;59m────────────────────────────────────────────────────────────────────────────────────────────────────────────────────────────────────────────────────────────[39m
 [38;5;217m* [38;5;103m  Type your message or @path/to/file[39m
[38;5;59m────────────────────────────────────────────────────────────────────────────────────────────────────────────────────────────────────────────────────────────[39m
 /mnt/.../chojn/projects/kanbanAgents[38;5;103m (main*)[39m                             [38;5;217mno sandbox[38;5;103m (see /docs)[39m                              [38;5;103m/model [39mgemini-3-flash-preview
[2K[1A[2K[1A[2K[1A[2K[1A[2K[1A[2K[1A[2K[1A[2K[1A[2K[G
 [38;5;153m⠧[39m [3mEnable screen reader mode for better accessibility (/settings)…[23m [38;5;103m(esc to cancel, 9s)[39m                                                     [38;5;103m ? for shortcuts [39m
[38;5;59m────────────────────────────────────────────────────────────────────────────────────────────────────────────────────────────────────────────────────────────[39m
 [38;5;217mYOLO[38;5;103m ctrl+y[39m
[38;5;59m────────────────────────────────────────────────────────────────────────────────────────────────────────────────────────────────────────────────────────────[39m
 [38;5;217m* [38;5;103m  Type your message or @path/to/file[39m
[38;5;59m────────────────────────────────────────────────────────────────────────────────────────────────────────────────────────────────────────────────────────────[39m
 /mnt/.../chojn/projects/kanbanAgents[38;5;103m (main*)[39m                             [38;5;217mno sandbox[38;5;103m (see /docs)[39m                              [38;5;103m/model [39mgemini-3-flash-preview
[2K[1A[2K[1A[2K[1A[2K[1A[2K[1A[2K[1A[2K[1A[2K[1A[2K[G
 [38;5;153m⠇[39m [3mEnable screen reader mode for better accessibility (/settings)…[23m [38;5;103m(esc to cancel, 9s)[39m                                                     [38;5;103m ? for shortcuts [39m
[38;5;59m────────────────────────────────────────────────────────────────────────────────────────────────────────────────────────────────────────────────────────────[39m
 [38;5;217mYOLO[38;5;103m ctrl+y[39m
[38;5;59m────────────────────────────────────────────────────────────────────────────────────────────────────────────────────────────────────────────────────────────[39m
 [38;5;217m* [38;5;103m  Type your message or @path/to/file[39m
[38;5;59m────────────────────────────────────────────────────────────────────────────────────────────────────────────────────────────────────────────────────────────[39m
 /mnt/.../chojn/projects/kanbanAgents[38;5;103m (main*)[39m                             [38;5;217mno sandbox[38;5;103m (see /docs)[39m                              [38;5;103m/model [39mgemini-3-flash-preview
[2K[1A[2K[1A[2K[1A[2K[1A[2K[1A[2K[1A[2K[1A[2K[1A[2K[G
 [38;5;153m⠏[39m [3mEnable screen reader mode for better accessibility (/settings)…[23m [38;5;103m(esc to cancel, 9s)[39m                                                     [38;5;103m ? for shortcuts [39m
[38;5;59m────────────────────────────────────────────────────────────────────────────────────────────────────────────────────────────────────────────────────────────[39m
 [38;5;217mYOLO[38;5;103m ctrl+y[39m
[38;5;59m────────────────────────────────────────────────────────────────────────────────────────────────────────────────────────────────────────────────────────────[39m
 [38;5;217m* [38;5;103m  Type your message or @path/to/file[39m
[38;5;59m────────────────────────────────────────────────────────────────────────────────────────────────────────────────────────────────────────────────────────────[39m
 /mnt/.../chojn/projects/kanbanAgents[38;5;103m (main*)[39m                             [38;5;217mno sandbox[38;5;103m (see /docs)[39m                              [38;5;103m/model [39mgemini-3-flash-preview
[2K[1A[2K[1A[2K[1A[2K[1A[2K[1A[2K[1A[2K[1A[2K[1A[2K[G
 [38;5;152m⠋[39m [3mEnable screen reader mode for better accessibility (/settings)…[23m [38;5;103m(esc to cancel, 9s)[39m                                                     [38;5;103m ? for shortcuts [39m
[38;5;59m────────────────────────────────────────────────────────────────────────────────────────────────────────────────────────────────────────────────────────────[39m
 [38;5;217mYOLO[38;5;103m ctrl+y[39m
[38;5;59m────────────────────────────────────────────────────────────────────────────────────────────────────────────────────────────────────────────────────────────[39m
 [38;5;217m* [38;5;103m  Type your message or @path/to/file[39m
[38;5;59m────────────────────────────────────────────────────────────────────────────────────────────────────────────────────────────────────────────────────────────[39m
 /mnt/.../chojn/projects/kanbanAgents[38;5;103m (main*)[39m                             [38;5;217mno sandbox[38;5;103m (see /docs)[39m                              [38;5;103m/model [39mgemini-3-flash-preview
[2K[1A[2K[1A[2K[1A[2K[1A[2K[1A[2K[1A[2K[1A[2K[1A[2K[G
 [38;5;152m⠙[39m [3mEnable screen reader mode for better accessibility (/settings)…[23m [38;5;103m(esc to cancel, 9s)[39m                                                     [38;5;103m ? for shortcuts [39m
[38;5;59m────────────────────────────────────────────────────────────────────────────────────────────────────────────────────────────────────────────────────────────[39m
 [38;5;217mYOLO[38;5;103m ctrl+y[39m
[38;5;59m────────────────────────────────────────────────────────────────────────────────────────────────────────────────────────────────────────────────────────────[39m
 [38;5;217m* [38;5;103m  Type your message or @path/to/file[39m
[38;5;59m────────────────────────────────────────────────────────────────────────────────────────────────────────────────────────────────────────────────────────────[39m
 /mnt/.../chojn/projects/kanbanAgents[38;5;103m (main*)[39m                             [38;5;217mno sandbox[38;5;103m (see /docs)[39m                              [38;5;103m/model [39mgemini-3-flash-preview
[2K[1A[2K[1A[2K[1A[2K[1A[2K[1A[2K[1A[2K[1A[2K[1A[2K[G
 [38;5;152m⠹[39m [3mEnable screen reader mode for better accessibility (/settings)…[23m [38;5;103m(esc to cancel, 9s)[39m                                                     [38;5;103m ? for shortcuts [39m
[38;5;59m────────────────────────────────────────────────────────────────────────────────────────────────────────────────────────────────────────────────────────────[39m
 [38;5;217mYOLO[38;5;103m ctrl+y[39m
[38;5;59m────────────────────────────────────────────────────────────────────────────────────────────────────────────────────────────────────────────────────────────[39m
 [38;5;217m* [38;5;103m  Type your message or @path/to/file[39m
[38;5;59m────────────────────────────────────────────────────────────────────────────────────────────────────────────────────────────────────────────────────────────[39m
 /mnt/.../chojn/projects/kanbanAgents[38;5;103m (main*)[39m                             [38;5;217mno sandbox[38;5;103m (see /docs)[39m                              [38;5;103m/model [39mgemini-3-flash-preview
[2K[1A[2K[1A[2K[1A[2K[1A[2K[1A[2K[1A[2K[1A[2K[1A[2K[G
 [38;5;152m⠸[39m [3mEnable screen reader mode for better accessibility (/settings)…[23m [38;5;103m(esc to cancel, 9s)[39m                                                     [38;5;103m ? for shortcuts [39m
[38;5;59m────────────────────────────────────────────────────────────────────────────────────────────────────────────────────────────────────────────────────────────[39m
 [38;5;217mYOLO[38;5;103m ctrl+y[39m
[38;5;59m────────────────────────────────────────────────────────────────────────────────────────────────────────────────────────────────────────────────────────────[39m
 [38;5;217m* [38;5;103m  Type your message or @path/to/file[39m
[38;5;59m────────────────────────────────────────────────────────────────────────────────────────────────────────────────────────────────────────────────────────────[39m
 /mnt/.../chojn/projects/kanbanAgents[38;5;103m (main*)[39m                             [38;5;217mno sandbox[38;5;103m (see /docs)[39m                              [38;5;103m/model [39mgemini-3-flash-preview
[2K[1A[2K[1A[2K[1A[2K[1A[2K[1A[2K[1A[2K[1A[2K[1A[2K[G
 [38;5;152m⠼[39m [3mEnable screen reader mode for better accessibility (/settings)…[23m [38;5;103m(esc to cancel, 9s)[39m                                                     [38;5;103m ? for shortcuts [39m
[38;5;59m────────────────────────────────────────────────────────────────────────────────────────────────────────────────────────────────────────────────────────────[39m
 [38;5;217mYOLO[38;5;103m ctrl+y[39m
[38;5;59m────────────────────────────────────────────────────────────────────────────────────────────────────────────────────────────────────────────────────────────[39m
 [38;5;217m* [38;5;103m  Type your message or @path/to/file[39m
[38;5;59m────────────────────────────────────────────────────────────────────────────────────────────────────────────────────────────────────────────────────────────[39m
 /mnt/.../chojn/projects/kanbanAgents[38;5;103m (main*)[39m                             [38;5;217mno sandbox[38;5;103m (see /docs)[39m                              [38;5;103m/model [39mgemini-3-flash-preview
[2K[1A[2K[1A[2K[1A[2K[1A[2K[1A[2K[1A[2K[1A[2K[1A[2K[G
 [38;5;152m⠼[39m [3mEnable screen reader mode for better accessibility (/settings)…[23m [38;5;103m(esc to cancel, 10s)[39m                                                    [38;5;103m ? for shortcuts [39m
[38;5;59m────────────────────────────────────────────────────────────────────────────────────────────────────────────────────────────────────────────────────────────[39m
 [38;5;217mYOLO[38;5;103m ctrl+y[39m
[38;5;59m────────────────────────────────────────────────────────────────────────────────────────────────────────────────────────────────────────────────────────────[39m
 [38;5;217m* [38;5;103m  Type your message or @path/to/file[39m
[38;5;59m────────────────────────────────────────────────────────────────────────────────────────────────────────────────────────────────────────────────────────────[39m
 /mnt/.../chojn/projects/kanbanAgents[38;5;103m (main*)[39m                             [38;5;217mno sandbox[38;5;103m (see /docs)[39m                              [38;5;103m/model [39mgemini-3-flash-preview
[2K[1A[2K[1A[2K[1A[2K[1A[2K[1A[2K[1A[2K[1A[2K[1A[2K[G
 [38;5;152m⠴[39m [3mEnable screen reader mode for better accessibility (/settings)…[23m [38;5;103m(esc to cancel, 10s)[39m                                                    [38;5;103m ? for shortcuts [39m
[38;5;59m────────────────────────────────────────────────────────────────────────────────────────────────────────────────────────────────────────────────────────────[39m
 [38;5;217mYOLO[38;5;103m ctrl+y[39m
[38;5;59m────────────────────────────────────────────────────────────────────────────────────────────────────────────────────────────────────────────────────────────[39m
 [38;5;217m* [38;5;103m  Type your message or @path/to/file[39m
[38;5;59m────────────────────────────────────────────────────────────────────────────────────────────────────────────────────────────────────────────────────────────[39m
 /mnt/.../chojn/projects/kanbanAgents[38;5;103m (main*)[39m                             [38;5;217mno sandbox[38;5;103m (see /docs)[39m                              [38;5;103m/model [39mgemini-3-flash-preview
[2K[1A[2K[1A[2K[1A[2K[1A[2K[1A[2K[1A[2K[1A[2K[1A[2K[G
 [38;5;152m⠦[39m [3mEnable screen reader mode for better accessibility (/settings)…[23m [38;5;103m(esc to cancel, 10s)[39m                                                    [38;5;103m ? for shortcuts [39m
[38;5;59m────────────────────────────────────────────────────────────────────────────────────────────────────────────────────────────────────────────────────────────[39m
 [38;5;217mYOLO[38;5;103m ctrl+y[39m
[38;5;59m────────────────────────────────────────────────────────────────────────────────────────────────────────────────────────────────────────────────────────────[39m
 [38;5;217m* [38;5;103m  Type your message or @path/to/file[39m
[38;5;59m────────────────────────────────────────────────────────────────────────────────────────────────────────────────────────────────────────────────────────────[39m
 /mnt/.../chojn/projects/kanbanAgents[38;5;103m (main*)[39m                             [38;5;217mno sandbox[38;5;103m (see /docs)[39m                              [38;5;103m/model [39mgemini-3-flash-preview
[2K[1A[2K[1A[2K[1A[2K[1A[2K[1A[2K[1A[2K[1A[2K[1A[2K[G
 [38;5;151m⠦[39m [3mEnable screen reader mode for better accessibility (/settings)…[23m [38;5;103m(esc to cancel, 10s)[39m                                                    [38;5;103m ? for shortcuts [39m
[38;5;59m────────────────────────────────────────────────────────────────────────────────────────────────────────────────────────────────────────────────────────────[39m
 [38;5;217mYOLO[38;5;103m ctrl+y[39m
[38;5;59m────────────────────────────────────────────────────────────────────────────────────────────────────────────────────────────────────────────────────────────[39m
 [38;5;217m* [38;5;103m  Type your message or @path/to/file[39m
[38;5;59m────────────────────────────────────────────────────────────────────────────────────────────────────────────────────────────────────────────────────────────[39m
 /mnt/.../chojn/projects/kanbanAgents[38;5;103m (main*)[39m                             [38;5;217mno sandbox[38;5;103m (see /docs)[39m                              [38;5;103m/model [39mgemini-3-flash-preview
[2K[1A[2K[1A[2K[1A[2K[1A[2K[1A[2K[1A[2K[1A[2K[1A[2K[G
 [38;5;151m⠧[39m [3mEnable screen reader mode for better accessibility (/settings)…[23m [38;5;103m(esc to cancel, 10s)[39m                                                    [38;5;103m ? for shortcuts [39m
[38;5;59m────────────────────────────────────────────────────────────────────────────────────────────────────────────────────────────────────────────────────────────[39m
 [38;5;217mYOLO[38;5;103m ctrl+y[39m
[38;5;59m────────────────────────────────────────────────────────────────────────────────────────────────────────────────────────────────────────────────────────────[39m
 [38;5;217m* [38;5;103m  Type your message or @path/to/file[39m
[38;5;59m────────────────────────────────────────────────────────────────────────────────────────────────────────────────────────────────────────────────────────────[39m
 /mnt/.../chojn/projects/kanbanAgents[38;5;103m (main*)[39m                             [38;5;217mno sandbox[38;5;103m (see /docs)[39m                              [38;5;103m/model [39mgemini-3-flash-preview
[2K[1A[2K[1A[2K[1A[2K[1A[2K[1A[2K[1A[2K[1A[2K[1A[2K[G
 [38;5;151m⠇[39m [3mEnable screen reader mode for better accessibility (/settings)…[23m [38;5;103m(esc to cancel, 10s)[39m                                                    [38;5;103m ? for shortcuts [39m
[38;5;59m────────────────────────────────────────────────────────────────────────────────────────────────────────────────────────────────────────────────────────────[39m
 [38;5;217mYOLO[38;5;103m ctrl+y[39m
[38;5;59m────────────────────────────────────────────────────────────────────────────────────────────────────────────────────────────────────────────────────────────[39m
 [38;5;217m* [38;5;103m  Type your message or @path/to/file[39m
[38;5;59m────────────────────────────────────────────────────────────────────────────────────────────────────────────────────────────────────────────────────────────[39m
 /mnt/.../chojn/projects/kanbanAgents[38;5;103m (main*)[39m                             [38;5;217mno sandbox[38;5;103m (see /docs)[39m                              [38;5;103m/model [39mgemini-3-flash-preview
[2K[1A[2K[1A[2K[1A[2K[1A[2K[1A[2K[1A[2K[1A[2K[1A[2K[G
 [38;5;151m⠏[39m [3mEnable screen reader mode for better accessibility (/settings)…[23m [38;5;103m(esc to cancel, 10s)[39m                                                    [38;5;103m ? for shortcuts [39m
[38;5;59m────────────────────────────────────────────────────────────────────────────────────────────────────────────────────────────────────────────────────────────[39m
 [38;5;217mYOLO[38;5;103m ctrl+y[39m
[38;5;59m────────────────────────────────────────────────────────────────────────────────────────────────────────────────────────────────────────────────────────────[39m
 [38;5;217m* [38;5;103m  Type your message or @path/to/file[39m
[38;5;59m────────────────────────────────────────────────────────────────────────────────────────────────────────────────────────────────────────────────────────────[39m
 /mnt/.../chojn/projects/kanbanAgents[38;5;103m (main*)[39m                             [38;5;217mno sandbox[38;5;103m (see /docs)[39m                              [38;5;103m/model [39mgemini-3-flash-preview
[2K[1A[2K[1A[2K[1A[2K[1A[2K[1A[2K[1A[2K[1A[2K[1A[2K[G
 [38;5;187m⠏[39m [3mEnable screen reader mode for better accessibility (/settings)…[23m [38;5;103m(esc to cancel, 10s)[39m                                                    [38;5;103m ? for shortcuts [39m
[38;5;59m────────────────────────────────────────────────────────────────────────────────────────────────────────────────────────────────────────────────────────────[39m
 [38;5;217mYOLO[38;5;103m ctrl+y[39m
[38;5;59m────────────────────────────────────────────────────────────────────────────────────────────────────────────────────────────────────────────────────────────[39m
 [38;5;217m* [38;5;103m  Type your message or @path/to/file[39m
[38;5;59m────────────────────────────────────────────────────────────────────────────────────────────────────────────────────────────────────────────────────────────[39m
 /mnt/.../chojn/projects/kanbanAgents[38;5;103m (main*)[39m                             [38;5;217mno sandbox[38;5;103m (see /docs)[39m                              [38;5;103m/model [39mgemini-3-flash-preview
[2K[1A[2K[1A[2K[1A[2K[1A[2K[1A[2K[1A[2K[1A[2K[1A[2K[G
 [38;5;187m⠋[39m [3mEnable screen reader mode for better accessibility (/settings)…[23m [38;5;103m(esc to cancel, 10s)[39m                                                    [38;5;103m ? for shortcuts [39m
[38;5;59m────────────────────────────────────────────────────────────────────────────────────────────────────────────────────────────────────────────────────────────[39m
 [38;5;217mYOLO[38;5;103m ctrl+y[39m
[38;5;59m────────────────────────────────────────────────────────────────────────────────────────────────────────────────────────────────────────────────────────────[39m
 [38;5;217m* [38;5;103m  Type your message or @path/to/file[39m
[38;5;59m────────────────────────────────────────────────────────────────────────────────────────────────────────────────────────────────────────────────────────────[39m
 /mnt/.../chojn/projects/kanbanAgents[38;5;103m (main*)[39m                             [38;5;217mno sandbox[38;5;103m (see /docs)[39m                              [38;5;103m/model [39mgemini-3-flash-preview
[2K[1A[2K[1A[2K[1A[2K[1A[2K[1A[2K[1A[2K[1A[2K[1A[2K[G
 [38;5;187m⠙[39m [3mEnable screen reader mode for better accessibility (/settings)…[23m [38;5;103m(esc to cancel, 10s)[39m                                                    [38;5;103m ? for shortcuts [39m
[38;5;59m────────────────────────────────────────────────────────────────────────────────────────────────────────────────────────────────────────────────────────────[39m
 [38;5;217mYOLO[38;5;103m ctrl+y[39m
[38;5;59m────────────────────────────────────────────────────────────────────────────────────────────────────────────────────────────────────────────────────────────[39m
 [38;5;217m* [38;5;103m  Type your message or @path/to/file[39m
[38;5;59m────────────────────────────────────────────────────────────────────────────────────────────────────────────────────────────────────────────────────────────[39m
 /mnt/.../chojn/projects/kanbanAgents[38;5;103m (main*)[39m                             [38;5;217mno sandbox[38;5;103m (see /docs)[39m                              [38;5;103m/model [39mgemini-3-flash-preview
[2K[1A[2K[1A[2K[1A[2K[1A[2K[1A[2K[1A[2K[1A[2K[1A[2K[G
 [38;5;187m⠹[39m [3mEnable screen reader mode for better accessibility (/settings)…[23m [38;5;103m(esc to cancel, 10s)[39m                                                    [38;5;103m ? for shortcuts [39m
[38;5;59m────────────────────────────────────────────────────────────────────────────────────────────────────────────────────────────────────────────────────────────[39m
 [38;5;217mYOLO[38;5;103m ctrl+y[39m
[38;5;59m────────────────────────────────────────────────────────────────────────────────────────────────────────────────────────────────────────────────────────────[39m
 [38;5;217m* [38;5;103m  Type your message or @path/to/file[39m
[38;5;59m────────────────────────────────────────────────────────────────────────────────────────────────────────────────────────────────────────────────────────────[39m
 /mnt/.../chojn/projects/kanbanAgents[38;5;103m (main*)[39m                             [38;5;217mno sandbox[38;5;103m (see /docs)[39m                              [38;5;103m/model [39mgemini-3-flash-preview
[2K[1A[2K[1A[2K[1A[2K[1A[2K[1A[2K[1A[2K[1A[2K[1A[2K[G
 [38;5;187m⠸[39m [3mEnable screen reader mode for better accessibility (/settings)…[23m [38;5;103m(esc to cancel, 10s)[39m                                                    [38;5;103m ? for shortcuts [39m
[38;5;59m────────────────────────────────────────────────────────────────────────────────────────────────────────────────────────────────────────────────────────────[39m
 [38;5;217mYOLO[38;5;103m ctrl+y[39m
[38;5;59m────────────────────────────────────────────────────────────────────────────────────────────────────────────────────────────────────────────────────────────[39m
 [38;5;217m* [38;5;103m  Type your message or @path/to/file[39m
[38;5;59m────────────────────────────────────────────────────────────────────────────────────────────────────────────────────────────────────────────────────────────[39m
 /mnt/.../chojn/projects/kanbanAgents[38;5;103m (main*)[39m                             [38;5;217mno sandbox[38;5;103m (see /docs)[39m                              [38;5;103m/model [39mgemini-3-flash-preview
[2K[1A[2K[1A[2K[1A[2K[1A[2K[1A[2K[1A[2K[1A[2K[1A[2K[G
 [38;5;187m⠼[39m [3mEnable screen reader mode for better accessibility (/settings)…[23m [38;5;103m(esc to cancel, 10s)[39m                                                    [38;5;103m ? for shortcuts [39m
[38;5;59m────────────────────────────────────────────────────────────────────────────────────────────────────────────────────────────────────────────────────────────[39m
 [38;5;217mYOLO[38;5;103m ctrl+y[39m
[38;5;59m────────────────────────────────────────────────────────────────────────────────────────────────────────────────────────────────────────────────────────────[39m
 [38;5;217m* [38;5;103m  Type your message or @path/to/file[39m
[38;5;59m────────────────────────────────────────────────────────────────────────────────────────────────────────────────────────────────────────────────────────────[39m
 /mnt/.../chojn/projects/kanbanAgents[38;5;103m (main*)[39m                             [38;5;217mno sandbox[38;5;103m (see /docs)[39m                              [38;5;103m/model [39mgemini-3-flash-preview
[2K[1A[2K[1A[2K[1A[2K[1A[2K[1A[2K[1A[2K[1A[2K[1A[2K[G
 [38;5;223m⠼[39m [3mEnable screen reader mode for better accessibility (/settings)…[23m [38;5;103m(esc to cancel, 10s)[39m                                                    [38;5;103m ? for shortcuts [39m
[38;5;59m────────────────────────────────────────────────────────────────────────────────────────────────────────────────────────────────────────────────────────────[39m
 [38;5;217mYOLO[38;5;103m ctrl+y[39m
[38;5;59m────────────────────────────────────────────────────────────────────────────────────────────────────────────────────────────────────────────────────────────[39m
 [38;5;217m* [38;5;103m  Type your message or @path/to/file[39m
[38;5;59m────────────────────────────────────────────────────────────────────────────────────────────────────────────────────────────────────────────────────────────[39m
 /mnt/.../chojn/projects/kanbanAgents[38;5;103m (main*)[39m                             [38;5;217mno sandbox[38;5;103m (see /docs)[39m                              [38;5;103m/model [39mgemini-3-flash-preview
[2K[1A[2K[1A[2K[1A[2K[1A[2K[1A[2K[1A[2K[1A[2K[1A[2K[G
 [38;5;223m⠴[39m [3mEnable screen reader mode for better accessibility (/settings)…[23m [38;5;103m(esc to cancel, 10s)[39m                                                    [38;5;103m ? for shortcuts [39m
[38;5;59m────────────────────────────────────────────────────────────────────────────────────────────────────────────────────────────────────────────────────────────[39m
 [38;5;217mYOLO[38;5;103m ctrl+y[39m
[38;5;59m────────────────────────────────────────────────────────────────────────────────────────────────────────────────────────────────────────────────────────────[39m
 [38;5;217m* [38;5;103m  Type your message or @path/to/file[39m
[38;5;59m────────────────────────────────────────────────────────────────────────────────────────────────────────────────────────────────────────────────────────────[39m
 /mnt/.../chojn/projects/kanbanAgents[38;5;103m (main*)[39m                             [38;5;217mno sandbox[38;5;103m (see /docs)[39m                              [38;5;103m/model [39mgemini-3-flash-preview
[2K[1A[2K[1A[2K[1A[2K[1A[2K[1A[2K[1A[2K[1A[2K[1A[2K[G
 [38;5;223m⠦[39m [3mEnable screen reader mode for better accessibility (/settings)…[23m [38;5;103m(esc to cancel, 10s)[39m                                                    [38;5;103m ? for shortcuts [39m
[38;5;59m────────────────────────────────────────────────────────────────────────────────────────────────────────────────────────────────────────────────────────────[39m
 [38;5;217mYOLO[38;5;103m ctrl+y[39m
[38;5;59m────────────────────────────────────────────────────────────────────────────────────────────────────────────────────────────────────────────────────────────[39m
 [38;5;217m* [38;5;103m  Type your message or @path/to/file[39m
[38;5;59m────────────────────────────────────────────────────────────────────────────────────────────────────────────────────────────────────────────────────────────[39m
 /mnt/.../chojn/projects/kanbanAgents[38;5;103m (main*)[39m                             [38;5;217mno sandbox[38;5;103m (see /docs)[39m                              [38;5;103m/model [39mgemini-3-flash-preview
[2K[1A[2K[1A[2K[1A[2K[1A[2K[1A[2K[1A[2K[1A[2K[1A[2K[G
 [38;5;223m⠦[39m [3mEnable screen reader mode for better accessibility (/settings)…[23m [38;5;103m(esc to cancel, 11s)[39m                                                    [38;5;103m ? for shortcuts [39m
[38;5;59m────────────────────────────────────────────────────────────────────────────────────────────────────────────────────────────────────────────────────────────[39m
 [38;5;217mYOLO[38;5;103m ctrl+y[39m
[38;5;59m────────────────────────────────────────────────────────────────────────────────────────────────────────────────────────────────────────────────────────────[39m
 [38;5;217m* [38;5;103m  Type your message or @path/to/file[39m
[38;5;59m────────────────────────────────────────────────────────────────────────────────────────────────────────────────────────────────────────────────────────────[39m
 /mnt/.../chojn/projects/kanbanAgents[38;5;103m (main*)[39m                             [38;5;217mno sandbox[38;5;103m (see /docs)[39m                              [38;5;103m/model [39mgemini-3-flash-preview
[2K[1A[2K[1A[2K[1A[2K[1A[2K[1A[2K[1A[2K[1A[2K[1A[2K[G
 [38;5;223m⠧[39m [3mEnable screen reader mode for better accessibility (/settings)…[23m [38;5;103m(esc to cancel, 11s)[39m                                                    [38;5;103m ? for shortcuts [39m
[38;5;59m────────────────────────────────────────────────────────────────────────────────────────────────────────────────────────────────────────────────────────────[39m
 [38;5;217mYOLO[38;5;103m ctrl+y[39m
[38;5;59m────────────────────────────────────────────────────────────────────────────────────────────────────────────────────────────────────────────────────────────[39m
 [38;5;217m* [38;5;103m  Type your message or @path/to/file[39m
[38;5;59m────────────────────────────────────────────────────────────────────────────────────────────────────────────────────────────────────────────────────────────[39m
 /mnt/.../chojn/projects/kanbanAgents[38;5;103m (main*)[39m                             [38;5;217mno sandbox[38;5;103m (see /docs)[39m                              [38;5;103m/model [39mgemini-3-flash-preview
[2K[1A[2K[1A[2K[1A[2K[1A[2K[1A[2K[1A[2K[1A[2K[1A[2K[G
 [38;5;223m⠇[39m [3mEnable screen reader mode for better accessibility (/settings)…[23m [38;5;103m(esc to cancel, 11s)[39m                                                    [38;5;103m ? for shortcuts [39m
[38;5;59m────────────────────────────────────────────────────────────────────────────────────────────────────────────────────────────────────────────────────────────[39m
 [38;5;217mYOLO[38;5;103m ctrl+y[39m
[38;5;59m────────────────────────────────────────────────────────────────────────────────────────────────────────────────────────────────────────────────────────────[39m
 [38;5;217m* [38;5;103m  Type your message or @path/to/file[39m
[38;5;59m────────────────────────────────────────────────────────────────────────────────────────────────────────────────────────────────────────────────────────────[39m
 /mnt/.../chojn/projects/kanbanAgents[38;5;103m (main*)[39m                             [38;5;217mno sandbox[38;5;103m (see /docs)[39m                              [38;5;103m/model [39mgemini-3-flash-preview
[2K[1A[2K[1A[2K[1A[2K[1A[2K[1A[2K[1A[2K[1A[2K[1A[2K[G
 [38;5;223m⠏[39m [3mEnable screen reader mode for better accessibility (/settings)…[23m [38;5;103m(esc to cancel, 11s)[39m                                                    [38;5;103m ? for shortcuts [39m
[38;5;59m────────────────────────────────────────────────────────────────────────────────────────────────────────────────────────────────────────────────────────────[39m
 [38;5;217mYOLO[38;5;103m ctrl+y[39m
[38;5;59m────────────────────────────────────────────────────────────────────────────────────────────────────────────────────────────────────────────────────────────[39m
 [38;5;217m* [38;5;103m  Type your message or @path/to/file[39m
[38;5;59m────────────────────────────────────────────────────────────────────────────────────────────────────────────────────────────────────────────────────────────[39m
 /mnt/.../chojn/projects/kanbanAgents[38;5;103m (main*)[39m                             [38;5;217mno sandbox[38;5;103m (see /docs)[39m                              [38;5;103m/model [39mgemini-3-flash-preview
[2K[1A[2K[1A[2K[1A[2K[1A[2K[1A[2K[1A[2K[1A[2K[1A[2K[G
 [38;5;223m⠋[39m [3mEnable screen reader mode for better accessibility (/settings)…[23m [38;5;103m(esc to cancel, 11s)[39m                                                    [38;5;103m ? for shortcuts [39m
[38;5;59m────────────────────────────────────────────────────────────────────────────────────────────────────────────────────────────────────────────────────────────[39m
 [38;5;217mYOLO[38;5;103m ctrl+y[39m
[38;5;59m────────────────────────────────────────────────────────────────────────────────────────────────────────────────────────────────────────────────────────────[39m
 [38;5;217m* [38;5;103m  Type your message or @path/to/file[39m
[38;5;59m────────────────────────────────────────────────────────────────────────────────────────────────────────────────────────────────────────────────────────────[39m
 /mnt/.../chojn/projects/kanbanAgents[38;5;103m (main*)[39m                             [38;5;217mno sandbox[38;5;103m (see /docs)[39m                              [38;5;103m/model [39mgemini-3-flash-preview
[2K[1A[2K[1A[2K[1A[2K[1A[2K[1A[2K[1A[2K[1A[2K[1A[2K[G
 [38;5;223m⠙[39m [3mEnable screen reader mode for better accessibility (/settings)…[23m [38;5;103m(esc to cancel, 11s)[39m                                                    [38;5;103m ? for shortcuts [39m
[38;5;59m────────────────────────────────────────────────────────────────────────────────────────────────────────────────────────────────────────────────────────────[39m
 [38;5;217mYOLO[38;5;103m ctrl+y[39m
[38;5;59m────────────────────────────────────────────────────────────────────────────────────────────────────────────────────────────────────────────────────────────[39m
 [38;5;217m* [38;5;103m  Type your message or @path/to/file[39m
[38;5;59m────────────────────────────────────────────────────────────────────────────────────────────────────────────────────────────────────────────────────────────[39m
 /mnt/.../chojn/projects/kanbanAgents[38;5;103m (main*)[39m                             [38;5;217mno sandbox[38;5;103m (see /docs)[39m                              [38;5;103m/model [39mgemini-3-flash-preview
[2K[1A[2K[1A[2K[1A[2K[1A[2K[1A[2K[1A[2K[1A[2K[1A[2K[G
 [38;5;217m⠙[39m [3mEnable screen reader mode for better accessibility (/settings)…[23m [38;5;103m(esc to cancel, 11s)[39m                                                    [38;5;103m ? for shortcuts [39m
[38;5;59m────────────────────────────────────────────────────────────────────────────────────────────────────────────────────────────────────────────────────────────[39m
 [38;5;217mYOLO[38;5;103m ctrl+y[39m
[38;5;59m────────────────────────────────────────────────────────────────────────────────────────────────────────────────────────────────────────────────────────────[39m
 [38;5;217m* [38;5;103m  Type your message or @path/to/file[39m
[38;5;59m────────────────────────────────────────────────────────────────────────────────────────────────────────────────────────────────────────────────────────────[39m
 /mnt/.../chojn/projects/kanbanAgents[38;5;103m (main*)[39m                             [38;5;217mno sandbox[38;5;103m (see /docs)[39m                              [38;5;103m/model [39mgemini-3-flash-preview
[2K[1A[2K[1A[2K[1A[2K[1A[2K[1A[2K[1A[2K[1A[2K[1A[2K[G
 [38;5;217m⠹[39m [3mEnable screen reader mode for better accessibility (/settings)…[23m [38;5;103m(esc to cancel, 11s)[39m                                                    [38;5;103m ? for shortcuts [39m
[38;5;59m────────────────────────────────────────────────────────────────────────────────────────────────────────────────────────────────────────────────────────────[39m
 [38;5;217mYOLO[38;5;103m ctrl+y[39m
[38;5;59m────────────────────────────────────────────────────────────────────────────────────────────────────────────────────────────────────────────────────────────[39m
 [38;5;217m* [38;5;103m  Type your message or @path/to/file[39m
[38;5;59m────────────────────────────────────────────────────────────────────────────────────────────────────────────────────────────────────────────────────────────[39m
 /mnt/.../chojn/projects/kanbanAgents[38;5;103m (main*)[39m                             [38;5;217mno sandbox[38;5;103m (see /docs)[39m                              [38;5;103m/model [39mgemini-3-flash-preview
[2K[1A[2K[1A[2K[1A[2K[1A[2K[1A[2K[1A[2K[1A[2K[1A[2K[G
 [38;5;217m⠸[39m [3mEnable screen reader mode for better accessibility (/settings)…[23m [38;5;103m(esc to cancel, 11s)[39m                                                    [38;5;103m ? for shortcuts [39m
[38;5;59m────────────────────────────────────────────────────────────────────────────────────────────────────────────────────────────────────────────────────────────[39m
 [38;5;217mYOLO[38;5;103m ctrl+y[39m
[38;5;59m────────────────────────────────────────────────────────────────────────────────────────────────────────────────────────────────────────────────────────────[39m
 [38;5;217m* [38;5;103m  Type your message or @path/to/file[39m
[38;5;59m────────────────────────────────────────────────────────────────────────────────────────────────────────────────────────────────────────────────────────────[39m
 /mnt/.../chojn/projects/kanbanAgents[38;5;103m (main*)[39m                             [38;5;217mno sandbox[38;5;103m (see /docs)[39m                              [38;5;103m/model [39mgemini-3-flash-preview
[2K[1A[2K[1A[2K[1A[2K[1A[2K[1A[2K[1A[2K[1A[2K[1A[2K[G
 [38;5;217m⠼[39m [3mEnable screen reader mode for better accessibility (/settings)…[23m [38;5;103m(esc to cancel, 11s)[39m                                                    [38;5;103m ? for shortcuts [39m
[38;5;59m────────────────────────────────────────────────────────────────────────────────────────────────────────────────────────────────────────────────────────────[39m
 [38;5;217mYOLO[38;5;103m ctrl+y[39m
[38;5;59m────────────────────────────────────────────────────────────────────────────────────────────────────────────────────────────────────────────────────────────[39m
 [38;5;217m* [38;5;103m  Type your message or @path/to/file[39m
[38;5;59m────────────────────────────────────────────────────────────────────────────────────────────────────────────────────────────────────────────────────────────[39m
 /mnt/.../chojn/projects/kanbanAgents[38;5;103m (main*)[39m                             [38;5;217mno sandbox[38;5;103m (see /docs)[39m                              [38;5;103m/model [39mgemini-3-flash-preview
[2K[1A[2K[1A[2K[1A[2K[1A[2K[1A[2K[1A[2K[1A[2K[1A[2K[G
 [38;5;217m⠴[39m [3mEnable screen reader mode for better accessibility (/settings)…[23m [38;5;103m(esc to cancel, 11s)[39m                                                    [38;5;103m ? for shortcuts [39m
[38;5;59m────────────────────────────────────────────────────────────────────────────────────────────────────────────────────────────────────────────────────────────[39m
 [38;5;217mYOLO[38;5;103m ctrl+y[39m
[38;5;59m────────────────────────────────────────────────────────────────────────────────────────────────────────────────────────────────────────────────────────────[39m
 [38;5;217m* [38;5;103m  Type your message or @path/to/file[39m
[38;5;59m────────────────────────────────────────────────────────────────────────────────────────────────────────────────────────────────────────────────────────────[39m
 /mnt/.../chojn/projects/kanbanAgents[38;5;103m (main*)[39m                             [38;5;217mno sandbox[38;5;103m (see /docs)[39m                              [38;5;103m/model [39mgemini-3-flash-preview
[2K[1A[2K[1A[2K[1A[2K[1A[2K[1A[2K[1A[2K[1A[2K[1A[2K[G
 [38;5;217m⠦[39m [3mEnable screen reader mode for better accessibility (/settings)…[23m [38;5;103m(esc to cancel, 11s)[39m                                                    [38;5;103m ? for shortcuts [39m
[38;5;59m────────────────────────────────────────────────────────────────────────────────────────────────────────────────────────────────────────────────────────────[39m
 [38;5;217mYOLO[38;5;103m ctrl+y[39m
[38;5;59m────────────────────────────────────────────────────────────────────────────────────────────────────────────────────────────────────────────────────────────[39m
 [38;5;217m* [38;5;103m  Type your message or @path/to/file[39m
[38;5;59m────────────────────────────────────────────────────────────────────────────────────────────────────────────────────────────────────────────────────────────[39m
 /mnt/.../chojn/projects/kanbanAgents[38;5;103m (main*)[39m                             [38;5;217mno sandbox[38;5;103m (see /docs)[39m                              [38;5;103m/model [39mgemini-3-flash-preview
[2K[1A[2K[1A[2K[1A[2K[1A[2K[1A[2K[1A[2K[1A[2K[1A[2K[G
 [38;5;218m⠦[39m [3mEnable screen reader mode for better accessibility (/settings)…[23m [38;5;103m(esc to cancel, 11s)[39m                                                    [38;5;103m ? for shortcuts [39m
[38;5;59m────────────────────────────────────────────────────────────────────────────────────────────────────────────────────────────────────────────────────────────[39m
 [38;5;217mYOLO[38;5;103m ctrl+y[39m
[38;5;59m────────────────────────────────────────────────────────────────────────────────────────────────────────────────────────────────────────────────────────────[39m
 [38;5;217m* [38;5;103m  Type your message or @path/to/file[39m
[38;5;59m────────────────────────────────────────────────────────────────────────────────────────────────────────────────────────────────────────────────────────────[39m
 /mnt/.../chojn/projects/kanbanAgents[38;5;103m (main*)[39m                             [38;5;217mno sandbox[38;5;103m (see /docs)[39m                              [38;5;103m/model [39mgemini-3-flash-preview
[2K[1A[2K[1A[2K[1A[2K[1A[2K[1A[2K[1A[2K[1A[2K[1A[2K[G
 [38;5;218m⠧[39m [3mEnable screen reader mode for better accessibility (/settings)…[23m [38;5;103m(esc to cancel, 11s)[39m                                                    [38;5;103m ? for shortcuts [39m
[38;5;59m────────────────────────────────────────────────────────────────────────────────────────────────────────────────────────────────────────────────────────────[39m
 [38;5;217mYOLO[38;5;103m ctrl+y[39m
[38;5;59m────────────────────────────────────────────────────────────────────────────────────────────────────────────────────────────────────────────────────────────[39m
 [38;5;217m* [38;5;103m  Type your message or @path/to/file[39m
[38;5;59m────────────────────────────────────────────────────────────────────────────────────────────────────────────────────────────────────────────────────────────[39m
 /mnt/.../chojn/projects/kanbanAgents[38;5;103m (main*)[39m                             [38;5;217mno sandbox[38;5;103m (see /docs)[39m                              [38;5;103m/model [39mgemini-3-flash-preview
[2K[1A[2K[1A[2K[1A[2K[1A[2K[1A[2K[1A[2K[1A[2K[1A[2K[G
 [38;5;218m⠇[39m [3mEnable screen reader mode for better accessibility (/settings)…[23m [38;5;103m(esc to cancel, 11s)[39m                                                    [38;5;103m ? for shortcuts [39m
[38;5;59m────────────────────────────────────────────────────────────────────────────────────────────────────────────────────────────────────────────────────────────[39m
 [38;5;217mYOLO[38;5;103m ctrl+y[39m
[38;5;59m────────────────────────────────────────────────────────────────────────────────────────────────────────────────────────────────────────────────────────────[39m
 [38;5;217m* [38;5;103m  Type your message or @path/to/file[39m
[38;5;59m────────────────────────────────────────────────────────────────────────────────────────────────────────────────────────────────────────────────────────────[39m
 /mnt/.../chojn/projects/kanbanAgents[38;5;103m (main*)[39m                             [38;5;217mno sandbox[38;5;103m (see /docs)[39m                              [38;5;103m/model [39mgemini-3-flash-preview
[2K[1A[2K[1A[2K[1A[2K[1A[2K[1A[2K[1A[2K[1A[2K[1A[2K[G
 [38;5;182m⠇[39m [3mEnable screen reader mode for better accessibility (/settings)…[23m [38;5;103m(esc to cancel, 11s)[39m                                                    [38;5;103m ? for shortcuts [39m
[38;5;59m────────────────────────────────────────────────────────────────────────────────────────────────────────────────────────────────────────────────────────────[39m
 [38;5;217mYOLO[38;5;103m ctrl+y[39m
[38;5;59m────────────────────────────────────────────────────────────────────────────────────────────────────────────────────────────────────────────────────────────[39m
 [38;5;217m* [38;5;103m  Type your message or @path/to/file[39m
[38;5;59m────────────────────────────────────────────────────────────────────────────────────────────────────────────────────────────────────────────────────────────[39m
 /mnt/.../chojn/projects/kanbanAgents[38;5;103m (main*)[39m                             [38;5;217mno sandbox[38;5;103m (see /docs)[39m                              [38;5;103m/model [39mgemini-3-flash-preview
[2K[1A[2K[1A[2K[1A[2K[1A[2K[1A[2K[1A[2K[1A[2K[1A[2K[G
 [38;5;182m⠏[39m [3mEnable screen reader mode for better accessibility (/settings)…[23m [38;5;103m(esc to cancel, 12s)[39m                                                    [38;5;103m ? for shortcuts [39m
[38;5;59m────────────────────────────────────────────────────────────────────────────────────────────────────────────────────────────────────────────────────────────[39m
 [38;5;217mYOLO[38;5;103m ctrl+y[39m
[38;5;59m────────────────────────────────────────────────────────────────────────────────────────────────────────────────────────────────────────────────────────────[39m
 [38;5;217m* [38;5;103m  Type your message or @path/to/file[39m
[38;5;59m────────────────────────────────────────────────────────────────────────────────────────────────────────────────────────────────────────────────────────────[39m
 /mnt/.../chojn/projects/kanbanAgents[38;5;103m (main*)[39m                             [38;5;217mno sandbox[38;5;103m (see /docs)[39m                              [38;5;103m/model [39mgemini-3-flash-preview
[2K[1A[2K[1A[2K[1A[2K[1A[2K[1A[2K[1A[2K[1A[2K[1A[2K[G
 [38;5;182m⠋[39m [3mEnable screen reader mode for better accessibility (/settings)…[23m [38;5;103m(esc to cancel, 12s)[39m                                                    [38;5;103m ? for shortcuts [39m
[38;5;59m────────────────────────────────────────────────────────────────────────────────────────────────────────────────────────────────────────────────────────────[39m
 [38;5;217mYOLO[38;5;103m ctrl+y[39m
[38;5;59m────────────────────────────────────────────────────────────────────────────────────────────────────────────────────────────────────────────────────────────[39m
 [38;5;217m* [38;5;103m  Type your message or @path/to/file[39m
[38;5;59m────────────────────────────────────────────────────────────────────────────────────────────────────────────────────────────────────────────────────────────[39m
 /mnt/.../chojn/projects/kanbanAgents[38;5;103m (main*)[39m                             [38;5;217mno sandbox[38;5;103m (see /docs)[39m                              [38;5;103m/model [39mgemini-3-flash-preview
[2K[1A[2K[1A[2K[1A[2K[1A[2K[1A[2K[1A[2K[1A[2K[1A[2K[G
 [38;5;182m⠙[39m [3mEnable screen reader mode for better accessibility (/settings)…[23m [38;5;103m(esc to cancel, 12s)[39m                                                    [38;5;103m ? for shortcuts [39m
[38;5;59m────────────────────────────────────────────────────────────────────────────────────────────────────────────────────────────────────────────────────────────[39m
 [38;5;217mYOLO[38;5;103m ctrl+y[39m
[38;5;59m────────────────────────────────────────────────────────────────────────────────────────────────────────────────────────────────────────────────────────────[39m
 [38;5;217m* [38;5;103m  Type your message or @path/to/file[39m
[38;5;59m────────────────────────────────────────────────────────────────────────────────────────────────────────────────────────────────────────────────────────────[39m
 /mnt/.../chojn/projects/kanbanAgents[38;5;103m (main*)[39m                             [38;5;217mno sandbox[38;5;103m (see /docs)[39m                              [38;5;103m/model [39mgemini-3-flash-preview
[2K[1A[2K[1A[2K[1A[2K[1A[2K[1A[2K[1A[2K[1A[2K[1A[2K[G
 [38;5;183m⠹[39m [3mEnable screen reader mode for better accessibility (/settings)…[23m [38;5;103m(esc to cancel, 12s)[39m                                                    [38;5;103m ? for shortcuts [39m
[38;5;59m────────────────────────────────────────────────────────────────────────────────────────────────────────────────────────────────────────────────────────────[39m
 [38;5;217mYOLO[38;5;103m ctrl+y[39m
[38;5;59m────────────────────────────────────────────────────────────────────────────────────────────────────────────────────────────────────────────────────────────[39m
 [38;5;217m* [38;5;103m  Type your message or @path/to/file[39m
[38;5;59m────────────────────────────────────────────────────────────────────────────────────────────────────────────────────────────────────────────────────────────[39m
 /mnt/.../chojn/projects/kanbanAgents[38;5;103m (main*)[39m                             [38;5;217mno sandbox[38;5;103m (see /docs)[39m                              [38;5;103m/model [39mgemini-3-flash-preview
[2K[1A[2K[1A[2K[1A[2K[1A[2K[1A[2K[1A[2K[1A[2K[1A[2K[G
 [38;5;183m⠸[39m [3mEnable screen reader mode for better accessibility (/settings)…[23m [38;5;103m(esc to cancel, 12s)[39m                                                    [38;5;103m ? for shortcuts [39m
[38;5;59m────────────────────────────────────────────────────────────────────────────────────────────────────────────────────────────────────────────────────────────[39m
 [38;5;217mYOLO[38;5;103m ctrl+y[39m
[38;5;59m────────────────────────────────────────────────────────────────────────────────────────────────────────────────────────────────────────────────────────────[39m
 [38;5;217m* [38;5;103m  Type your message or @path/to/file[39m
[38;5;59m────────────────────────────────────────────────────────────────────────────────────────────────────────────────────────────────────────────────────────────[39m
 /mnt/.../chojn/projects/kanbanAgents[38;5;103m (main*)[39m                             [38;5;217mno sandbox[38;5;103m (see /docs)[39m                              [38;5;103m/model [39mgemini-3-flash-preview
[2K[1A[2K[1A[2K[1A[2K[1A[2K[1A[2K[1A[2K[1A[2K[1A[2K[G
 [38;5;183m⠼[39m [3mEnable screen reader mode for better accessibility (/settings)…[23m [38;5;103m(esc to cancel, 12s)[39m                                                    [38;5;103m ? for shortcuts [39m
[38;5;59m────────────────────────────────────────────────────────────────────────────────────────────────────────────────────────────────────────────────────────────[39m
 [38;5;217mYOLO[38;5;103m ctrl+y[39m
[38;5;59m────────────────────────────────────────────────────────────────────────────────────────────────────────────────────────────────────────────────────────────[39m
 [38;5;217m* [38;5;103m  Type your message or @path/to/file[39m
[38;5;59m────────────────────────────────────────────────────────────────────────────────────────────────────────────────────────────────────────────────────────────[39m
 /mnt/.../chojn/projects/kanbanAgents[38;5;103m (main*)[39m                             [38;5;217mno sandbox[38;5;103m (see /docs)[39m                              [38;5;103m/model [39mgemini-3-flash-preview
[2K[1A[2K[1A[2K[1A[2K[1A[2K[1A[2K[1A[2K[1A[2K[1A[2K[G
 [38;5;183m⠴[39m [3mEnable screen reader mode for better accessibility (/settings)…[23m [38;5;103m(esc to cancel, 12s)[39m                                                    [38;5;103m ? for shortcuts [39m
[38;5;59m────────────────────────────────────────────────────────────────────────────────────────────────────────────────────────────────────────────────────────────[39m
 [38;5;217mYOLO[38;5;103m ctrl+y[39m
[38;5;59m────────────────────────────────────────────────────────────────────────────────────────────────────────────────────────────────────────────────────────────[39m
 [38;5;217m* [38;5;103m  Type your message or @path/to/file[39m
[38;5;59m────────────────────────────────────────────────────────────────────────────────────────────────────────────────────────────────────────────────────────────[39m
 /mnt/.../chojn/projects/kanbanAgents[38;5;103m (main*)[39m                             [38;5;217mno sandbox[38;5;103m (see /docs)[39m                              [38;5;103m/model [39mgemini-3-flash-preview
[2K[1A[2K[1A[2K[1A[2K[1A[2K[1A[2K[1A[2K[1A[2K[1A[2K[G
 [38;5;183m⠦[39m [3mEnable screen reader mode for better accessibility (/settings)…[23m [38;5;103m(esc to cancel, 12s)[39m                                                    [38;5;103m ? for shortcuts [39m
[38;5;59m────────────────────────────────────────────────────────────────────────────────────────────────────────────────────────────────────────────────────────────[39m
 [38;5;217mYOLO[38;5;103m ctrl+y[39m
[38;5;59m────────────────────────────────────────────────────────────────────────────────────────────────────────────────────────────────────────────────────────────[39m
 [38;5;217m* [38;5;103m  Type your message or @path/to/file[39m
[38;5;59m────────────────────────────────────────────────────────────────────────────────────────────────────────────────────────────────────────────────────────────[39m
 /mnt/.../chojn/projects/kanbanAgents[38;5;103m (main*)[39m                             [38;5;217mno sandbox[38;5;103m (see /docs)[39m                              [38;5;103m/model [39mgemini-3-flash-preview
[2K[1A[2K[1A[2K[1A[2K[1A[2K[1A[2K[1A[2K[1A[2K[1A[2K[G
 [38;5;147m⠧[39m [3mEnable screen reader mode for better accessibility (/settings)…[23m [38;5;103m(esc to cancel, 12s)[39m                                                    [38;5;103m ? for shortcuts [39m
[38;5;59m────────────────────────────────────────────────────────────────────────────────────────────────────────────────────────────────────────────────────────────[39m
 [38;5;217mYOLO[38;5;103m ctrl+y[39m
[38;5;59m────────────────────────────────────────────────────────────────────────────────────────────────────────────────────────────────────────────────────────────[39m
 [38;5;217m* [38;5;103m  Type your message or @path/to/file[39m
[38;5;59m────────────────────────────────────────────────────────────────────────────────────────────────────────────────────────────────────────────────────────────[39m
 /mnt/.../chojn/projects/kanbanAgents[38;5;103m (main*)[39m                             [38;5;217mno sandbox[38;5;103m (see /docs)[39m                              [38;5;103m/model [39mgemini-3-flash-preview
[2K[1A[2K[1A[2K[1A[2K[1A[2K[1A[2K[1A[2K[1A[2K[1A[2K[G
 [38;5;147m⠇[39m [3mEnable screen reader mode for better accessibility (/settings)…[23m [38;5;103m(esc to cancel, 12s)[39m                                                    [38;5;103m ? for shortcuts [39m
[38;5;59m────────────────────────────────────────────────────────────────────────────────────────────────────────────────────────────────────────────────────────────[39m
 [38;5;217mYOLO[38;5;103m ctrl+y[39m
[38;5;59m────────────────────────────────────────────────────────────────────────────────────────────────────────────────────────────────────────────────────────────[39m
 [38;5;217m* [38;5;103m  Type your message or @path/to/file[39m
[38;5;59m────────────────────────────────────────────────────────────────────────────────────────────────────────────────────────────────────────────────────────────[39m
 /mnt/.../chojn/projects/kanbanAgents[38;5;103m (main*)[39m                             [38;5;217mno sandbox[38;5;103m (see /docs)[39m                              [38;5;103m/model [39mgemini-3-flash-preview
[2K[1A[2K[1A[2K[1A[2K[1A[2K[1A[2K[1A[2K[1A[2K[1A[2K[G
 [38;5;147m⠏[39m [3mEnable screen reader mode for better accessibility (/settings)…[23m [38;5;103m(esc to cancel, 12s)[39m                                                    [38;5;103m ? for shortcuts [39m
[38;5;59m────────────────────────────────────────────────────────────────────────────────────────────────────────────────────────────────────────────────────────────[39m
 [38;5;217mYOLO[38;5;103m ctrl+y[39m
[38;5;59m────────────────────────────────────────────────────────────────────────────────────────────────────────────────────────────────────────────────────────────[39m
 [38;5;217m* [38;5;103m  Type your message or @path/to/file[39m
[38;5;59m────────────────────────────────────────────────────────────────────────────────────────────────────────────────────────────────────────────────────────────[39m
 /mnt/.../chojn/projects/kanbanAgents[38;5;103m (main*)[39m                             [38;5;217mno sandbox[38;5;103m (see /docs)[39m                              [38;5;103m/model [39mgemini-3-flash-preview
[2K[1A[2K[1A[2K[1A[2K[1A[2K[1A[2K[1A[2K[1A[2K[1A[2K[G
 [38;5;147m⠋[39m [3mEnable screen reader mode for better accessibility (/settings)…[23m [38;5;103m(esc to cancel, 12s)[39m                                                    [38;5;103m ? for shortcuts [39m
[38;5;59m────────────────────────────────────────────────────────────────────────────────────────────────────────────────────────────────────────────────────────────[39m
 [38;5;217mYOLO[38;5;103m ctrl+y[39m
[38;5;59m────────────────────────────────────────────────────────────────────────────────────────────────────────────────────────────────────────────────────────────[39m
 [38;5;217m* [38;5;103m  Type your message or @path/to/file[39m
[38;5;59m────────────────────────────────────────────────────────────────────────────────────────────────────────────────────────────────────────────────────────────[39m
 /mnt/.../chojn/projects/kanbanAgents[38;5;103m (main*)[39m                             [38;5;217mno sandbox[38;5;103m (see /docs)[39m                              [38;5;103m/model [39mgemini-3-flash-preview
[2K[1A[2K[1A[2K[1A[2K[1A[2K[1A[2K[1A[2K[1A[2K[1A[2K[G
 [38;5;147m⠙[39m [3mEnable screen reader mode for better accessibility (/settings)…[23m [38;5;103m(esc to cancel, 12s)[39m                                                    [38;5;103m ? for shortcuts [39m
[38;5;59m────────────────────────────────────────────────────────────────────────────────────────────────────────────────────────────────────────────────────────────[39m
 [38;5;217mYOLO[38;5;103m ctrl+y[39m
[38;5;59m────────────────────────────────────────────────────────────────────────────────────────────────────────────────────────────────────────────────────────────[39m
 [38;5;217m* [38;5;103m  Type your message or @path/to/file[39m
[38;5;59m────────────────────────────────────────────────────────────────────────────────────────────────────────────────────────────────────────────────────────────[39m
 /mnt/.../chojn/projects/kanbanAgents[38;5;103m (main*)[39m                             [38;5;217mno sandbox[38;5;103m (see /docs)[39m                              [38;5;103m/model [39mgemini-3-flash-preview
[2K[1A[2K[1A[2K[1A[2K[1A[2K[1A[2K[1A[2K[1A[2K[1A[2K[G
 [38;5;153m⠙[39m [3mEnable screen reader mode for better accessibility (/settings)…[23m [38;5;103m(esc to cancel, 13s)[39m                                                    [38;5;103m ? for shortcuts [39m
[38;5;59m────────────────────────────────────────────────────────────────────────────────────────────────────────────────────────────────────────────────────────────[39m
 [38;5;217mYOLO[38;5;103m ctrl+y[39m
[38;5;59m────────────────────────────────────────────────────────────────────────────────────────────────────────────────────────────────────────────────────────────[39m
 [38;5;217m* [38;5;103m  Type your message or @path/to/file[39m
[38;5;59m────────────────────────────────────────────────────────────────────────────────────────────────────────────────────────────────────────────────────────────[39m
 /mnt/.../chojn/projects/kanbanAgents[38;5;103m (main*)[39m                             [38;5;217mno sandbox[38;5;103m (see /docs)[39m                              [38;5;103m/model [39mgemini-3-flash-preview
[2K[1A[2K[1A[2K[1A[2K[1A[2K[1A[2K[1A[2K[1A[2K[1A[2K[G
 [38;5;153m⠹[39m [3mEnable screen reader mode for better accessibility (/settings)…[23m [38;5;103m(esc to cancel, 13s)[39m                                                    [38;5;103m ? for shortcuts [39m
[38;5;59m────────────────────────────────────────────────────────────────────────────────────────────────────────────────────────────────────────────────────────────[39m
 [38;5;217mYOLO[38;5;103m ctrl+y[39m
[38;5;59m────────────────────────────────────────────────────────────────────────────────────────────────────────────────────────────────────────────────────────────[39m
 [38;5;217m* [38;5;103m  Type your message or @path/to/file[39m
[38;5;59m────────────────────────────────────────────────────────────────────────────────────────────────────────────────────────────────────────────────────────────[39m
 /mnt/.../chojn/projects/kanbanAgents[38;5;103m (main*)[39m                             [38;5;217mno sandbox[38;5;103m (see /docs)[39m                              [38;5;103m/model [39mgemini-3-flash-preview
[2K[1A[2K[1A[2K[1A[2K[1A[2K[1A[2K[1A[2K[1A[2K[1A[2K[G
 [38;5;153m⠸[39m [3mEnable screen reader mode for better accessibility (/settings)…[23m [38;5;103m(esc to cancel, 13s)[39m                                                    [38;5;103m ? for shortcuts [39m
[38;5;59m────────────────────────────────────────────────────────────────────────────────────────────────────────────────────────────────────────────────────────────[39m
 [38;5;217mYOLO[38;5;103m ctrl+y[39m
[38;5;59m────────────────────────────────────────────────────────────────────────────────────────────────────────────────────────────────────────────────────────────[39m
 [38;5;217m* [38;5;103m  Type your message or @path/to/file[39m
[38;5;59m────────────────────────────────────────────────────────────────────────────────────────────────────────────────────────────────────────────────────────────[39m
 /mnt/.../chojn/projects/kanbanAgents[38;5;103m (main*)[39m                             [38;5;217mno sandbox[38;5;103m (see /docs)[39m                              [38;5;103m/model [39mgemini-3-flash-preview
[2K[1A[2K[1A[2K[1A[2K[1A[2K[1A[2K[1A[2K[1A[2K[1A[2K[G
 [38;5;153m⠼[39m [3mEnable screen reader mode for better accessibility (/settings)…[23m [38;5;103m(esc to cancel, 13s)[39m                                                    [38;5;103m ? for shortcuts [39m
[38;5;59m────────────────────────────────────────────────────────────────────────────────────────────────────────────────────────────────────────────────────────────[39m
 [38;5;217mYOLO[38;5;103m ctrl+y[39m
[38;5;59m────────────────────────────────────────────────────────────────────────────────────────────────────────────────────────────────────────────────────────────[39m
 [38;5;217m* [38;5;103m  Type your message or @path/to/file[39m
[38;5;59m────────────────────────────────────────────────────────────────────────────────────────────────────────────────────────────────────────────────────────────[39m
 /mnt/.../chojn/projects/kanbanAgents[38;5;103m (main*)[39m                             [38;5;217mno sandbox[38;5;103m (see /docs)[39m                              [38;5;103m/model [39mgemini-3-flash-preview
[2K[1A[2K[1A[2K[1A[2K[1A[2K[1A[2K[1A[2K[1A[2K[1A[2K[G
 [38;5;153m⠴[39m [3mEnable screen reader mode for better accessibility (/settings)…[23m [38;5;103m(esc to cancel, 13s)[39m                                                    [38;5;103m ? for shortcuts [39m
[38;5;59m────────────────────────────────────────────────────────────────────────────────────────────────────────────────────────────────────────────────────────────[39m
 [38;5;217mYOLO[38;5;103m ctrl+y[39m
[38;5;59m────────────────────────────────────────────────────────────────────────────────────────────────────────────────────────────────────────────────────────────[39m
 [38;5;217m* [38;5;103m  Type your message or @path/to/file[39m
[38;5;59m────────────────────────────────────────────────────────────────────────────────────────────────────────────────────────────────────────────────────────────[39m
 /mnt/.../chojn/projects/kanbanAgents[38;5;103m (main*)[39m                             [38;5;217mno sandbox[38;5;103m (see /docs)[39m                              [38;5;103m/model [39mgemini-3-flash-preview
[2K[1A[2K[1A[2K[1A[2K[1A[2K[1A[2K[1A[2K[1A[2K[1A[2K[G
 [38;5;153m⠦[39m [3mEnable screen reader mode for better accessibility (/settings)…[23m [38;5;103m(esc to cancel, 13s)[39m                                                    [38;5;103m ? for shortcuts [39m
[38;5;59m────────────────────────────────────────────────────────────────────────────────────────────────────────────────────────────────────────────────────────────[39m
 [38;5;217mYOLO[38;5;103m ctrl+y[39m
[38;5;59m────────────────────────────────────────────────────────────────────────────────────────────────────────────────────────────────────────────────────────────[39m
 [38;5;217m* [38;5;103m  Type your message or @path/to/file[39m
[38;5;59m────────────────────────────────────────────────────────────────────────────────────────────────────────────────────────────────────────────────────────────[39m
 /mnt/.../chojn/projects/kanbanAgents[38;5;103m (main*)[39m                             [38;5;217mno sandbox[38;5;103m (see /docs)[39m                              [38;5;103m/model [39mgemini-3-flash-preview
[2K[1A[2K[1A[2K[1A[2K[1A[2K[1A[2K[1A[2K[1A[2K[1A[2K[G
 [38;5;153m⠧[39m [3mEnable screen reader mode for better accessibility (/settings)…[23m [38;5;103m(esc to cancel, 13s)[39m                                                    [38;5;103m ? for shortcuts [39m
[38;5;59m────────────────────────────────────────────────────────────────────────────────────────────────────────────────────────────────────────────────────────────[39m
 [38;5;217mYOLO[38;5;103m ctrl+y[39m
[38;5;59m────────────────────────────────────────────────────────────────────────────────────────────────────────────────────────────────────────────────────────────[39m
 [38;5;217m* [38;5;103m  Type your message or @path/to/file[39m
[38;5;59m────────────────────────────────────────────────────────────────────────────────────────────────────────────────────────────────────────────────────────────[39m
 /mnt/.../chojn/projects/kanbanAgents[38;5;103m (main*)[39m                             [38;5;217mno sandbox[38;5;103m (see /docs)[39m                              [38;5;103m/model [39mgemini-3-flash-preview
[2K[1A[2K[1A[2K[1A[2K[1A[2K[1A[2K[1A[2K[1A[2K[1A[2K[G
 [38;5;153m⠇[39m [3mEnable screen reader mode for better accessibility (/settings)…[23m [38;5;103m(esc to cancel, 13s)[39m                                                    [38;5;103m ? for shortcuts [39m
[38;5;59m────────────────────────────────────────────────────────────────────────────────────────────────────────────────────────────────────────────────────────────[39m
 [38;5;217mYOLO[38;5;103m ctrl+y[39m
[38;5;59m────────────────────────────────────────────────────────────────────────────────────────────────────────────────────────────────────────────────────────────[39m
 [38;5;217m* [38;5;103m  Type your message or @path/to/file[39m
[38;5;59m────────────────────────────────────────────────────────────────────────────────────────────────────────────────────────────────────────────────────────────[39m
 /mnt/.../chojn/projects/kanbanAgents[38;5;103m (main*)[39m                             [38;5;217mno sandbox[38;5;103m (see /docs)[39m                              [38;5;103m/model [39mgemini-3-flash-preview
[2K[1A[2K[1A[2K[1A[2K[1A[2K[1A[2K[1A[2K[1A[2K[1A[2K[G
 [38;5;153m⠏[39m [3mEnable screen reader mode for better accessibility (/settings)…[23m [38;5;103m(esc to cancel, 13s)[39m                                                    [38;5;103m ? for shortcuts [39m
[38;5;59m────────────────────────────────────────────────────────────────────────────────────────────────────────────────────────────────────────────────────────────[39m
 [38;5;217mYOLO[38;5;103m ctrl+y[39m
[38;5;59m────────────────────────────────────────────────────────────────────────────────────────────────────────────────────────────────────────────────────────────[39m
 [38;5;217m* [38;5;103m  Type your message or @path/to/file[39m
[38;5;59m────────────────────────────────────────────────────────────────────────────────────────────────────────────────────────────────────────────────────────────[39m
 /mnt/.../chojn/projects/kanbanAgents[38;5;103m (main*)[39m                             [38;5;217mno sandbox[38;5;103m (see /docs)[39m                              [38;5;103m/model [39mgemini-3-flash-preview
[2K[1A[2K[1A[2K[1A[2K[1A[2K[1A[2K[1A[2K[1A[2K[1A[2K[G
 [38;5;153m⠋[39m [3mEnable screen reader mode for better accessibility (/settings)…[23m [38;5;103m(esc to cancel, 13s)[39m                                                    [38;5;103m ? for shortcuts [39m
[38;5;59m────────────────────────────────────────────────────────────────────────────────────────────────────────────────────────────────────────────────────────────[39m
 [38;5;217mYOLO[38;5;103m ctrl+y[39m
[38;5;59m────────────────────────────────────────────────────────────────────────────────────────────────────────────────────────────────────────────────────────────[39m
 [38;5;217m* [38;5;103m  Type your message or @path/to/file[39m
[38;5;59m────────────────────────────────────────────────────────────────────────────────────────────────────────────────────────────────────────────────────────────[39m
 /mnt/.../chojn/projects/kanbanAgents[38;5;103m (main*)[39m                             [38;5;217mno sandbox[38;5;103m (see /docs)[39m                              [38;5;103m/model [39mgemini-3-flash-preview
[2K[1A[2K[1A[2K[1A[2K[1A[2K[1A[2K[1A[2K[1A[2K[1A[2K[G
 [38;5;153m⠙[39m [3mEnable screen reader mode for better accessibility (/settings)…[23m [38;5;103m(esc to cancel, 13s)[39m                                                    [38;5;103m ? for shortcuts [39m
[38;5;59m────────────────────────────────────────────────────────────────────────────────────────────────────────────────────────────────────────────────────────────[39m
 [38;5;217mYOLO[38;5;103m ctrl+y[39m
[38;5;59m────────────────────────────────────────────────────────────────────────────────────────────────────────────────────────────────────────────────────────────[39m
 [38;5;217m* [38;5;103m  Type your message or @path/to/file[39m
[38;5;59m────────────────────────────────────────────────────────────────────────────────────────────────────────────────────────────────────────────────────────────[39m
 /mnt/.../chojn/projects/kanbanAgents[38;5;103m (main*)[39m                             [38;5;217mno sandbox[38;5;103m (see /docs)[39m                              [38;5;103m/model [39mgemini-3-flash-preview
[2K[1A[2K[1A[2K[1A[2K[1A[2K[1A[2K[1A[2K[1A[2K[1A[2K[G
 [38;5;152m⠙[39m [3mEnable screen reader mode for better accessibility (/settings)…[23m [38;5;103m(esc to cancel, 13s)[39m                                                    [38;5;103m ? for shortcuts [39m
[38;5;59m────────────────────────────────────────────────────────────────────────────────────────────────────────────────────────────────────────────────────────────[39m
 [38;5;217mYOLO[38;5;103m ctrl+y[39m
[38;5;59m────────────────────────────────────────────────────────────────────────────────────────────────────────────────────────────────────────────────────────────[39m
 [38;5;217m* [38;5;103m  Type your message or @path/to/file[39m
[38;5;59m────────────────────────────────────────────────────────────────────────────────────────────────────────────────────────────────────────────────────────────[39m
 /mnt/.../chojn/projects/kanbanAgents[38;5;103m (main*)[39m                             [38;5;217mno sandbox[38;5;103m (see /docs)[39m                              [38;5;103m/model [39mgemini-3-flash-preview
[2K[1A[2K[1A[2K[1A[2K[1A[2K[1A[2K[1A[2K[1A[2K[1A[2K[G
 [38;5;152m⠹[39m [3mEnable screen reader mode for better accessibility (/settings)…[23m [38;5;103m(esc to cancel, 13s)[39m                                                    [38;5;103m ? for shortcuts [39m
[38;5;59m────────────────────────────────────────────────────────────────────────────────────────────────────────────────────────────────────────────────────────────[39m
 [38;5;217mYOLO[38;5;103m ctrl+y[39m
[38;5;59m────────────────────────────────────────────────────────────────────────────────────────────────────────────────────────────────────────────────────────────[39m
 [38;5;217m* [38;5;103m  Type your message or @path/to/file[39m
[38;5;59m────────────────────────────────────────────────────────────────────────────────────────────────────────────────────────────────────────────────────────────[39m
 /mnt/.../chojn/projects/kanbanAgents[38;5;103m (main*)[39m                             [38;5;217mno sandbox[38;5;103m (see /docs)[39m                              [38;5;103m/model [39mgemini-3-flash-preview
[2K[1A[2K[1A[2K[1A[2K[1A[2K[1A[2K[1A[2K[1A[2K[1A[2K[G
 [38;5;152m⠸[39m [3mEnable screen reader mode for better accessibility (/settings)…[23m [38;5;103m(esc to cancel, 13s)[39m                                                    [38;5;103m ? for shortcuts [39m
[38;5;59m────────────────────────────────────────────────────────────────────────────────────────────────────────────────────────────────────────────────────────────[39m
 [38;5;217mYOLO[38;5;103m ctrl+y[39m
[38;5;59m────────────────────────────────────────────────────────────────────────────────────────────────────────────────────────────────────────────────────────────[39m
 [38;5;217m* [38;5;103m  Type your message or @path/to/file[39m
[38;5;59m────────────────────────────────────────────────────────────────────────────────────────────────────────────────────────────────────────────────────────────[39m
 /mnt/.../chojn/projects/kanbanAgents[38;5;103m (main*)[39m                             [38;5;217mno sandbox[38;5;103m (see /docs)[39m                              [38;5;103m/model [39mgemini-3-flash-preview
[2K[1A[2K[1A[2K[1A[2K[1A[2K[1A[2K[1A[2K[1A[2K[1A[2K[G
 [38;5;152m⠸[39m [3mEnable screen reader mode for better accessibility (/settings)…[23m [38;5;103m(esc to cancel, 14s)[39m                                                    [38;5;103m ? for shortcuts [39m
[38;5;59m────────────────────────────────────────────────────────────────────────────────────────────────────────────────────────────────────────────────────────────[39m
 [38;5;217mYOLO[38;5;103m ctrl+y[39m
[38;5;59m────────────────────────────────────────────────────────────────────────────────────────────────────────────────────────────────────────────────────────────[39m
 [38;5;217m* [38;5;103m  Type your message or @path/to/file[39m
[38;5;59m────────────────────────────────────────────────────────────────────────────────────────────────────────────────────────────────────────────────────────────[39m
 /mnt/.../chojn/projects/kanbanAgents[38;5;103m (main*)[39m                             [38;5;217mno sandbox[38;5;103m (see /docs)[39m                              [38;5;103m/model [39mgemini-3-flash-preview
[2K[1A[2K[1A[2K[1A[2K[1A[2K[1A[2K[1A[2K[1A[2K[1A[2K[G
 [38;5;152m⠼[39m [3mEnable screen reader mode for better accessibility (/settings)…[23m [38;5;103m(esc to cancel, 14s)[39m                                                    [38;5;103m ? for shortcuts [39m
[38;5;59m────────────────────────────────────────────────────────────────────────────────────────────────────────────────────────────────────────────────────────────[39m
 [38;5;217mYOLO[38;5;103m ctrl+y[39m
[38;5;59m────────────────────────────────────────────────────────────────────────────────────────────────────────────────────────────────────────────────────────────[39m
 [38;5;217m* [38;5;103m  Type your message or @path/to/file[39m
[38;5;59m────────────────────────────────────────────────────────────────────────────────────────────────────────────────────────────────────────────────────────────[39m
 /mnt/.../chojn/projects/kanbanAgents[38;5;103m (main*)[39m                             [38;5;217mno sandbox[38;5;103m (see /docs)[39m                              [38;5;103m/model [39mgemini-3-flash-preview
[2K[1A[2K[1A[2K[1A[2K[1A[2K[1A[2K[1A[2K[1A[2K[1A[2K[G
 [38;5;152m⠴[39m [3mEnable screen reader mode for better accessibility (/settings)…[23m [38;5;103m(esc to cancel, 14s)[39m                                                    [38;5;103m ? for shortcuts [39m
[38;5;59m────────────────────────────────────────────────────────────────────────────────────────────────────────────────────────────────────────────────────────────[39m
 [38;5;217mYOLO[38;5;103m ctrl+y[39m
[38;5;59m────────────────────────────────────────────────────────────────────────────────────────────────────────────────────────────────────────────────────────────[39m
 [38;5;217m* [38;5;103m  Type your message or @path/to/file[39m
[38;5;59m────────────────────────────────────────────────────────────────────────────────────────────────────────────────────────────────────────────────────────────[39m
 /mnt/.../chojn/projects/kanbanAgents[38;5;103m (main*)[39m                             [38;5;217mno sandbox[38;5;103m (see /docs)[39m                              [38;5;103m/model [39mgemini-3-flash-preview
[2K[1A[2K[1A[2K[1A[2K[1A[2K[1A[2K[1A[2K[1A[2K[1A[2K[G
 [38;5;152m⠦[39m [3mEnable screen reader mode for better accessibility (/settings)…[23m [38;5;103m(esc to cancel, 14s)[39m                                                    [38;5;103m ? for shortcuts [39m
[38;5;59m────────────────────────────────────────────────────────────────────────────────────────────────────────────────────────────────────────────────────────────[39m
 [38;5;217mYOLO[38;5;103m ctrl+y[39m
[38;5;59m────────────────────────────────────────────────────────────────────────────────────────────────────────────────────────────────────────────────────────────[39m
 [38;5;217m* [38;5;103m  Type your message or @path/to/file[39m
[38;5;59m────────────────────────────────────────────────────────────────────────────────────────────────────────────────────────────────────────────────────────────[39m
 /mnt/.../chojn/projects/kanbanAgents[38;5;103m (main*)[39m                             [38;5;217mno sandbox[38;5;103m (see /docs)[39m                              [38;5;103m/model [39mgemini-3-flash-preview
[2K[1A[2K[1A[2K[1A[2K[1A[2K[1A[2K[1A[2K[1A[2K[1A[2K[G
 [38;5;151m⠧[39m [3mEnable screen reader mode for better accessibility (/settings)…[23m [38;5;103m(esc to cancel, 14s)[39m                                                    [38;5;103m ? for shortcuts [39m
[38;5;59m────────────────────────────────────────────────────────────────────────────────────────────────────────────────────────────────────────────────────────────[39m
 [38;5;217mYOLO[38;5;103m ctrl+y[39m
[38;5;59m────────────────────────────────────────────────────────────────────────────────────────────────────────────────────────────────────────────────────────────[39m
 [38;5;217m* [38;5;103m  Type your message or @path/to/file[39m
[38;5;59m────────────────────────────────────────────────────────────────────────────────────────────────────────────────────────────────────────────────────────────[39m
 /mnt/.../chojn/projects/kanbanAgents[38;5;103m (main*)[39m                             [38;5;217mno sandbox[38;5;103m (see /docs)[39m                              [38;5;103m/model [39mgemini-3-flash-preview
[2K[1A[2K[1A[2K[1A[2K[1A[2K[1A[2K[1A[2K[1A[2K[1A[2K[G
 [38;5;151m⠇[39m [3mEnable screen reader mode for better accessibility (/settings)…[23m [38;5;103m(esc to cancel, 14s)[39m                                                    [38;5;103m ? for shortcuts [39m
[38;5;59m────────────────────────────────────────────────────────────────────────────────────────────────────────────────────────────────────────────────────────────[39m
 [38;5;217mYOLO[38;5;103m ctrl+y[39m
[38;5;59m────────────────────────────────────────────────────────────────────────────────────────────────────────────────────────────────────────────────────────────[39m
 [38;5;217m* [38;5;103m  Type your message or @path/to/file[39m
[38;5;59m────────────────────────────────────────────────────────────────────────────────────────────────────────────────────────────────────────────────────────────[39m
 /mnt/.../chojn/projects/kanbanAgents[38;5;103m (main*)[39m                             [38;5;217mno sandbox[38;5;103m (see /docs)[39m                              [38;5;103m/model [39mgemini-3-flash-preview
[2K[1A[2K[1A[2K[1A[2K[1A[2K[1A[2K[1A[2K[1A[2K[1A[2K[G
 [38;5;151m⠏[39m [3mEnable screen reader mode for better accessibility (/settings)…[23m [38;5;103m(esc to cancel, 14s)[39m                                                    [38;5;103m ? for shortcuts [39m
[38;5;59m────────────────────────────────────────────────────────────────────────────────────────────────────────────────────────────────────────────────────────────[39m
 [38;5;217mYOLO[38;5;103m ctrl+y[39m
[38;5;59m────────────────────────────────────────────────────────────────────────────────────────────────────────────────────────────────────────────────────────────[39m
 [38;5;217m* [38;5;103m  Type your message or @path/to/file[39m
[38;5;59m────────────────────────────────────────────────────────────────────────────────────────────────────────────────────────────────────────────────────────────[39m
 /mnt/.../chojn/projects/kanbanAgents[38;5;103m (main*)[39m                             [38;5;217mno sandbox[38;5;103m (see /docs)[39m                              [38;5;103m/model [39mgemini-3-flash-preview
[2K[1A[2K[1A[2K[1A[2K[1A[2K[1A[2K[1A[2K[1A[2K[1A[2K[G
 [38;5;151m⠋[39m [3mEnable screen reader mode for better accessibility (/settings)…[23m [38;5;103m(esc to cancel, 14s)[39m                                                    [38;5;103m ? for shortcuts [39m
[38;5;59m────────────────────────────────────────────────────────────────────────────────────────────────────────────────────────────────────────────────────────────[39m
 [38;5;217mYOLO[38;5;103m ctrl+y[39m
[38;5;59m────────────────────────────────────────────────────────────────────────────────────────────────────────────────────────────────────────────────────────────[39m
 [38;5;217m* [38;5;103m  Type your message or @path/to/file[39m
[38;5;59m────────────────────────────────────────────────────────────────────────────────────────────────────────────────────────────────────────────────────────────[39m
 /mnt/.../chojn/projects/kanbanAgents[38;5;103m (main*)[39m                             [38;5;217mno sandbox[38;5;103m (see /docs)[39m                              [38;5;103m/model [39mgemini-3-flash-preview
[2K[1A[2K[1A[2K[1A[2K[1A[2K[1A[2K[1A[2K[1A[2K[1A[2K[G
 [38;5;187m⠙[39m [3mEnable screen reader mode for better accessibility (/settings)…[23m [38;5;103m(esc to cancel, 14s)[39m                                                    [38;5;103m ? for shortcuts [39m
[38;5;59m────────────────────────────────────────────────────────────────────────────────────────────────────────────────────────────────────────────────────────────[39m
 [38;5;217mYOLO[38;5;103m ctrl+y[39m
[38;5;59m────────────────────────────────────────────────────────────────────────────────────────────────────────────────────────────────────────────────────────────[39m
 [38;5;217m* [38;5;103m  Type your message or @path/to/file[39m
[38;5;59m────────────────────────────────────────────────────────────────────────────────────────────────────────────────────────────────────────────────────────────[39m
 /mnt/.../chojn/projects/kanbanAgents[38;5;103m (main*)[39m                             [38;5;217mno sandbox[38;5;103m (see /docs)[39m                              [38;5;103m/model [39mgemini-3-flash-preview
[2K[1A[2K[1A[2K[1A[2K[1A[2K[1A[2K[1A[2K[1A[2K[1A[2K[G
 [38;5;187m⠹[39m [3mEnable screen reader mode for better accessibility (/settings)…[23m [38;5;103m(esc to cancel, 14s)[39m                                                    [38;5;103m ? for shortcuts [39m
[38;5;59m────────────────────────────────────────────────────────────────────────────────────────────────────────────────────────────────────────────────────────────[39m
 [38;5;217mYOLO[38;5;103m ctrl+y[39m
[38;5;59m────────────────────────────────────────────────────────────────────────────────────────────────────────────────────────────────────────────────────────────[39m
 [38;5;217m* [38;5;103m  Type your message or @path/to/file[39m
[38;5;59m────────────────────────────────────────────────────────────────────────────────────────────────────────────────────────────────────────────────────────────[39m
 /mnt/.../chojn/projects/kanbanAgents[38;5;103m (main*)[39m                             [38;5;217mno sandbox[38;5;103m (see /docs)[39m                              [38;5;103m/model [39mgemini-3-flash-preview
[2K[1A[2K[1A[2K[1A[2K[1A[2K[1A[2K[1A[2K[1A[2K[1A[2K[G
 [38;5;187m⠸[39m [3mEnable screen reader mode for better accessibility (/settings)…[23m [38;5;103m(esc to cancel, 14s)[39m                                                    [38;5;103m ? for shortcuts [39m
[38;5;59m────────────────────────────────────────────────────────────────────────────────────────────────────────────────────────────────────────────────────────────[39m
 [38;5;217mYOLO[38;5;103m ctrl+y[39m
[38;5;59m────────────────────────────────────────────────────────────────────────────────────────────────────────────────────────────────────────────────────────────[39m
 [38;5;217m* [38;5;103m  Type your message or @path/to/file[39m
[38;5;59m────────────────────────────────────────────────────────────────────────────────────────────────────────────────────────────────────────────────────────────[39m
 /mnt/.../chojn/projects/kanbanAgents[38;5;103m (main*)[39m                             [38;5;217mno sandbox[38;5;103m (see /docs)[39m                              [38;5;103m/model [39mgemini-3-flash-preview
[2K[1A[2K[1A[2K[1A[2K[1A[2K[1A[2K[1A[2K[1A[2K[1A[2K[G
 [38;5;187m⠼[39m [3mEnable screen reader mode for better accessibility (/settings)…[23m [38;5;103m(esc to cancel, 14s)[39m                                                    [38;5;103m ? for shortcuts [39m
[38;5;59m────────────────────────────────────────────────────────────────────────────────────────────────────────────────────────────────────────────────────────────[39m
 [38;5;217mYOLO[38;5;103m ctrl+y[39m
[38;5;59m────────────────────────────────────────────────────────────────────────────────────────────────────────────────────────────────────────────────────────────[39m
 [38;5;217m* [38;5;103m  Type your message or @path/to/file[39m
[38;5;59m────────────────────────────────────────────────────────────────────────────────────────────────────────────────────────────────────────────────────────────[39m
 /mnt/.../chojn/projects/kanbanAgents[38;5;103m (main*)[39m                             [38;5;217mno sandbox[38;5;103m (see /docs)[39m                              [38;5;103m/model [39mgemini-3-flash-preview
[2K[1A[2K[1A[2K[1A[2K[1A[2K[1A[2K[1A[2K[1A[2K[1A[2K[G
 [38;5;187m⠴[39m [3mEnable screen reader mode for better accessibility (/settings)…[23m [38;5;103m(esc to cancel, 14s)[39m                                                    [38;5;103m ? for shortcuts [39m
[38;5;59m────────────────────────────────────────────────────────────────────────────────────────────────────────────────────────────────────────────────────────────[39m
 [38;5;217mYOLO[38;5;103m ctrl+y[39m
[38;5;59m────────────────────────────────────────────────────────────────────────────────────────────────────────────────────────────────────────────────────────────[39m
 [38;5;217m* [38;5;103m  Type your message or @path/to/file[39m
[38;5;59m────────────────────────────────────────────────────────────────────────────────────────────────────────────────────────────────────────────────────────────[39m
 /mnt/.../chojn/projects/kanbanAgents[38;5;103m (main*)[39m                             [38;5;217mno sandbox[38;5;103m (see /docs)[39m                              [38;5;103m/model [39mgemini-3-flash-preview
[2K[1A[2K[1A[2K[1A[2K[1A[2K[1A[2K[1A[2K[1A[2K[1A[2K[G
 [38;5;223m⠦[39m [3mEnable screen reader mode for better accessibility (/settings)…[23m [38;5;103m(esc to cancel, 14s)[39m                                                    [38;5;103m ? for shortcuts [39m
[38;5;59m────────────────────────────────────────────────────────────────────────────────────────────────────────────────────────────────────────────────────────────[39m
 [38;5;217mYOLO[38;5;103m ctrl+y[39m
[38;5;59m────────────────────────────────────────────────────────────────────────────────────────────────────────────────────────────────────────────────────────────[39m
 [38;5;217m* [38;5;103m  Type your message or @path/to/file[39m
[38;5;59m────────────────────────────────────────────────────────────────────────────────────────────────────────────────────────────────────────────────────────────[39m
 /mnt/.../chojn/projects/kanbanAgents[38;5;103m (main*)[39m                             [38;5;217mno sandbox[38;5;103m (see /docs)[39m                              [38;5;103m/model [39mgemini-3-flash-preview
[2K[1A[2K[1A[2K[1A[2K[1A[2K[1A[2K[1A[2K[1A[2K[1A[2K[G
 [38;5;223m⠦[39m [3mMining for more Dilithium crystals…[23m [38;5;103m(esc to cancel, 14s)[39m                                                                                [38;5;103m ? for shortcuts [39m
[38;5;59m────────────────────────────────────────────────────────────────────────────────────────────────────────────────────────────────────────────────────────────[39m
 [38;5;217mYOLO[38;5;103m ctrl+y[39m
[38;5;59m────────────────────────────────────────────────────────────────────────────────────────────────────────────────────────────────────────────────────────────[39m
 [38;5;217m* [38;5;103m  Type your message or @path/to/file[39m
[38;5;59m────────────────────────────────────────────────────────────────────────────────────────────────────────────────────────────────────────────────────────────[39m
 /mnt/.../chojn/projects/kanbanAgents[38;5;103m (main*)[39m                             [38;5;217mno sandbox[38;5;103m (see /docs)[39m                              [38;5;103m/model [39mgemini-3-flash-preview
[2K[1A[2K[1A[2K[1A[2K[1A[2K[1A[2K[1A[2K[1A[2K[1A[2K[G
 [38;5;223m⠦[39m [3mMining for more Dilithium crystals…[23m [38;5;103m(esc to cancel, 15s)[39m                                                                                [38;5;103m ? for shortcuts [39m
[38;5;59m────────────────────────────────────────────────────────────────────────────────────────────────────────────────────────────────────────────────────────────[39m
 [38;5;217mYOLO[38;5;103m ctrl+y[39m
[38;5;59m────────────────────────────────────────────────────────────────────────────────────────────────────────────────────────────────────────────────────────────[39m
 [38;5;217m* [38;5;103m  Type your message or @path/to/file[39m
[38;5;59m────────────────────────────────────────────────────────────────────────────────────────────────────────────────────────────────────────────────────────────[39m
 /mnt/.../chojn/projects/kanbanAgents[38;5;103m (main*)[39m                             [38;5;217mno sandbox[38;5;103m (see /docs)[39m                              [38;5;103m/model [39mgemini-3-flash-preview
[2K[1A[2K[1A[2K[1A[2K[1A[2K[1A[2K[1A[2K[1A[2K[1A[2K[G
 [38;5;223m⠧[39m [3mMining for more Dilithium crystals…[23m [38;5;103m(esc to cancel, 15s)[39m                                                                                [38;5;103m ? for shortcuts [39m
[38;5;59m────────────────────────────────────────────────────────────────────────────────────────────────────────────────────────────────────────────────────────────[39m
 [38;5;217mYOLO[38;5;103m ctrl+y[39m
[38;5;59m────────────────────────────────────────────────────────────────────────────────────────────────────────────────────────────────────────────────────────────[39m
 [38;5;217m* [38;5;103m  Type your message or @path/to/file[39m
[38;5;59m────────────────────────────────────────────────────────────────────────────────────────────────────────────────────────────────────────────────────────────[39m
 /mnt/.../chojn/projects/kanbanAgents[38;5;103m (main*)[39m                             [38;5;217mno sandbox[38;5;103m (see /docs)[39m                              [38;5;103m/model [39mgemini-3-flash-preview
[2K[1A[2K[1A[2K[1A[2K[1A[2K[1A[2K[1A[2K[1A[2K[1A[2K[G
 [38;5;223m⠇[39m [3mMining for more Dilithium crystals…[23m [38;5;103m(esc to cancel, 15s)[39m                                                                                [38;5;103m ? for shortcuts [39m
[38;5;59m────────────────────────────────────────────────────────────────────────────────────────────────────────────────────────────────────────────────────────────[39m
 [38;5;217mYOLO[38;5;103m ctrl+y[39m
[38;5;59m────────────────────────────────────────────────────────────────────────────────────────────────────────────────────────────────────────────────────────────[39m
 [38;5;217m* [38;5;103m  Type your message or @path/to/file[39m
[38;5;59m────────────────────────────────────────────────────────────────────────────────────────────────────────────────────────────────────────────────────────────[39m
 /mnt/.../chojn/projects/kanbanAgents[38;5;103m (main*)[39m                             [38;5;217mno sandbox[38;5;103m (see /docs)[39m                              [38;5;103m/model [39mgemini-3-flash-preview
[2K[1A[2K[1A[2K[1A[2K[1A[2K[1A[2K[1A[2K[1A[2K[1A[2K[G
 [38;5;223m⠏[39m [3mMining for more Dilithium crystals…[23m [38;5;103m(esc to cancel, 15s)[39m                                                                                [38;5;103m ? for shortcuts [39m
[38;5;59m────────────────────────────────────────────────────────────────────────────────────────────────────────────────────────────────────────────────────────────[39m
 [38;5;217mYOLO[38;5;103m ctrl+y[39m
[38;5;59m────────────────────────────────────────────────────────────────────────────────────────────────────────────────────────────────────────────────────────────[39m
 [38;5;217m* [38;5;103m  Type your message or @path/to/file[39m
[38;5;59m────────────────────────────────────────────────────────────────────────────────────────────────────────────────────────────────────────────────────────────[39m
 /mnt/.../chojn/projects/kanbanAgents[38;5;103m (main*)[39m                             [38;5;217mno sandbox[38;5;103m (see /docs)[39m                              [38;5;103m/model [39mgemini-3-flash-preview
[2K[1A[2K[1A[2K[1A[2K[1A[2K[1A[2K[1A[2K[1A[2K[1A[2K[G
 [38;5;223m⠋[39m [3mMining for more Dilithium crystals…[23m [38;5;103m(esc to cancel, 15s)[39m                                                                                [38;5;103m ? for shortcuts [39m
[38;5;59m────────────────────────────────────────────────────────────────────────────────────────────────────────────────────────────────────────────────────────────[39m
 [38;5;217mYOLO[38;5;103m ctrl+y[39m
[38;5;59m────────────────────────────────────────────────────────────────────────────────────────────────────────────────────────────────────────────────────────────[39m
 [38;5;217m* [38;5;103m  Type your message or @path/to/file[39m
[38;5;59m────────────────────────────────────────────────────────────────────────────────────────────────────────────────────────────────────────────────────────────[39m
 /mnt/.../chojn/projects/kanbanAgents[38;5;103m (main*)[39m                             [38;5;217mno sandbox[38;5;103m (see /docs)[39m                              [38;5;103m/model [39mgemini-3-flash-preview
[2K[1A[2K[1A[2K[1A[2K[1A[2K[1A[2K[1A[2K[1A[2K[1A[2K[G
 [38;5;223m⠙[39m [3mMining for more Dilithium crystals…[23m [38;5;103m(esc to cancel, 15s)[39m                                                                                [38;5;103m ? for shortcuts [39m
[38;5;59m────────────────────────────────────────────────────────────────────────────────────────────────────────────────────────────────────────────────────────────[39m
 [38;5;217mYOLO[38;5;103m ctrl+y[39m
[38;5;59m────────────────────────────────────────────────────────────────────────────────────────────────────────────────────────────────────────────────────────────[39m
 [38;5;217m* [38;5;103m  Type your message or @path/to/file[39m
[38;5;59m────────────────────────────────────────────────────────────────────────────────────────────────────────────────────────────────────────────────────────────[39m
 /mnt/.../chojn/projects/kanbanAgents[38;5;103m (main*)[39m                             [38;5;217mno sandbox[38;5;103m (see /docs)[39m                              [38;5;103m/model [39mgemini-3-flash-preview
[2K[1A[2K[1A[2K[1A[2K[1A[2K[1A[2K[1A[2K[1A[2K[1A[2K[G
 [38;5;223m⠹[39m [3mMining for more Dilithium crystals…[23m [38;5;103m(esc to cancel, 15s)[39m                                                                                [38;5;103m ? for shortcuts [39m
[38;5;59m────────────────────────────────────────────────────────────────────────────────────────────────────────────────────────────────────────────────────────────[39m
 [38;5;217mYOLO[38;5;103m ctrl+y[39m
[38;5;59m────────────────────────────────────────────────────────────────────────────────────────────────────────────────────────────────────────────────────────────[39m
 [38;5;217m* [38;5;103m  Type your message or @path/to/file[39m
[38;5;59m────────────────────────────────────────────────────────────────────────────────────────────────────────────────────────────────────────────────────────────[39m
 /mnt/.../chojn/projects/kanbanAgents[38;5;103m (main*)[39m                             [38;5;217mno sandbox[38;5;103m (see /docs)[39m                              [38;5;103m/model [39mgemini-3-flash-preview
[2K[1A[2K[1A[2K[1A[2K[1A[2K[1A[2K[1A[2K[1A[2K[1A[2K[G
 [38;5;217m⠸[39m [3mMining for more Dilithium crystals…[23m [38;5;103m(esc to cancel, 15s)[39m                                                                                [38;5;103m ? for shortcuts [39m
[38;5;59m────────────────────────────────────────────────────────────────────────────────────────────────────────────────────────────────────────────────────────────[39m
 [38;5;217mYOLO[38;5;103m ctrl+y[39m
[38;5;59m────────────────────────────────────────────────────────────────────────────────────────────────────────────────────────────────────────────────────────────[39m
 [38;5;217m* [38;5;103m  Type your message or @path/to/file[39m
[38;5;59m────────────────────────────────────────────────────────────────────────────────────────────────────────────────────────────────────────────────────────────[39m
 /mnt/.../chojn/projects/kanbanAgents[38;5;103m (main*)[39m                             [38;5;217mno sandbox[38;5;103m (see /docs)[39m                              [38;5;103m/model [39mgemini-3-flash-preview
[2K[1A[2K[1A[2K[1A[2K[1A[2K[1A[2K[1A[2K[1A[2K[1A[2K[G
 [38;5;217m⠼[39m [3mMining for more Dilithium crystals…[23m [38;5;103m(esc to cancel, 15s)[39m                                                                                [38;5;103m ? for shortcuts [39m
[38;5;59m────────────────────────────────────────────────────────────────────────────────────────────────────────────────────────────────────────────────────────────[39m
 [38;5;217mYOLO[38;5;103m ctrl+y[39m
[38;5;59m────────────────────────────────────────────────────────────────────────────────────────────────────────────────────────────────────────────────────────────[39m
 [38;5;217m* [38;5;103m  Type your message or @path/to/file[39m
[38;5;59m────────────────────────────────────────────────────────────────────────────────────────────────────────────────────────────────────────────────────────────[39m
 /mnt/.../chojn/projects/kanbanAgents[38;5;103m (main*)[39m                             [38;5;217mno sandbox[38;5;103m (see /docs)[39m                              [38;5;103m/model [39mgemini-3-flash-preview
[2K[1A[2K[1A[2K[1A[2K[1A[2K[1A[2K[1A[2K[1A[2K[1A[2K[G
 [38;5;217m⠴[39m [3mMining for more Dilithium crystals…[23m [38;5;103m(esc to cancel, 15s)[39m                                                                                [38;5;103m ? for shortcuts [39m
[38;5;59m────────────────────────────────────────────────────────────────────────────────────────────────────────────────────────────────────────────────────────────[39m
 [38;5;217mYOLO[38;5;103m ctrl+y[39m
[38;5;59m────────────────────────────────────────────────────────────────────────────────────────────────────────────────────────────────────────────────────────────[39m
 [38;5;217m* [38;5;103m  Type your message or @path/to/file[39m
[38;5;59m────────────────────────────────────────────────────────────────────────────────────────────────────────────────────────────────────────────────────────────[39m
 /mnt/.../chojn/projects/kanbanAgents[38;5;103m (main*)[39m                             [38;5;217mno sandbox[38;5;103m (see /docs)[39m                              [38;5;103m/model [39mgemini-3-flash-preview
[2K[1A[2K[1A[2K[1A[2K[1A[2K[1A[2K[1A[2K[1A[2K[1A[2K[G
 [38;5;217m⠦[39m [3mMining for more Dilithium crystals…[23m [38;5;103m(esc to cancel, 15s)[39m                                                                                [38;5;103m ? for shortcuts [39m
[38;5;59m────────────────────────────────────────────────────────────────────────────────────────────────────────────────────────────────────────────────────────────[39m
 [38;5;217mYOLO[38;5;103m ctrl+y[39m
[38;5;59m────────────────────────────────────────────────────────────────────────────────────────────────────────────────────────────────────────────────────────────[39m
 [38;5;217m* [38;5;103m  Type your message or @path/to/file[39m
[38;5;59m────────────────────────────────────────────────────────────────────────────────────────────────────────────────────────────────────────────────────────────[39m
 /mnt/.../chojn/projects/kanbanAgents[38;5;103m (main*)[39m                             [38;5;217mno sandbox[38;5;103m (see /docs)[39m                              [38;5;103m/model [39mgemini-3-flash-preview
[2K[1A[2K[1A[2K[1A[2K[1A[2K[1A[2K[1A[2K[1A[2K[1A[2K[G
 [38;5;217m⠧[39m [3mMining for more Dilithium crystals…[23m [38;5;103m(esc to cancel, 15s)[39m                                                                                [38;5;103m ? for shortcuts [39m
[38;5;59m────────────────────────────────────────────────────────────────────────────────────────────────────────────────────────────────────────────────────────────[39m
 [38;5;217mYOLO[38;5;103m ctrl+y[39m
[38;5;59m────────────────────────────────────────────────────────────────────────────────────────────────────────────────────────────────────────────────────────────[39m
 [38;5;217m* [38;5;103m  Type your message or @path/to/file[39m
[38;5;59m────────────────────────────────────────────────────────────────────────────────────────────────────────────────────────────────────────────────────────────[39m
 /mnt/.../chojn/projects/kanbanAgents[38;5;103m (main*)[39m                             [38;5;217mno sandbox[38;5;103m (see /docs)[39m                              [38;5;103m/model [39mgemini-3-flash-preview
[2K[1A[2K[1A[2K[1A[2K[1A[2K[1A[2K[1A[2K[1A[2K[1A[2K[G
 [38;5;218m⠧[39m [3mMining for more Dilithium crystals…[23m [38;5;103m(esc to cancel, 15s)[39m                                                                                [38;5;103m ? for shortcuts [39m
[38;5;59m────────────────────────────────────────────────────────────────────────────────────────────────────────────────────────────────────────────────────────────[39m
 [38;5;217mYOLO[38;5;103m ctrl+y[39m
[38;5;59m────────────────────────────────────────────────────────────────────────────────────────────────────────────────────────────────────────────────────────────[39m
 [38;5;217m* [38;5;103m  Type your message or @path/to/file[39m
[38;5;59m────────────────────────────────────────────────────────────────────────────────────────────────────────────────────────────────────────────────────────────[39m
 /mnt/.../chojn/projects/kanbanAgents[38;5;103m (main*)[39m                             [38;5;217mno sandbox[38;5;103m (see /docs)[39m                              [38;5;103m/model [39mgemini-3-flash-preview
[2K[1A[2K[1A[2K[1A[2K[1A[2K[1A[2K[1A[2K[1A[2K[1A[2K[G
 [38;5;218m⠇[39m [3mMining for more Dilithium crystals…[23m [38;5;103m(esc to cancel, 15s)[39m                                                                                [38;5;103m ? for shortcuts [39m
[38;5;59m────────────────────────────────────────────────────────────────────────────────────────────────────────────────────────────────────────────────────────────[39m
 [38;5;217mYOLO[38;5;103m ctrl+y[39m
[38;5;59m────────────────────────────────────────────────────────────────────────────────────────────────────────────────────────────────────────────────────────────[39m
 [38;5;217m* [38;5;103m  Type your message or @path/to/file[39m
[38;5;59m────────────────────────────────────────────────────────────────────────────────────────────────────────────────────────────────────────────────────────────[39m
 /mnt/.../chojn/projects/kanbanAgents[38;5;103m (main*)[39m                             [38;5;217mno sandbox[38;5;103m (see /docs)[39m                              [38;5;103m/model [39mgemini-3-flash-preview
[2K[1A[2K[1A[2K[1A[2K[1A[2K[1A[2K[1A[2K[1A[2K[1A[2K[G
 [38;5;218m⠇[39m [3mMining for more Dilithium crystals…[23m [38;5;103m(esc to cancel, 16s)[39m                                                                                [38;5;103m ? for shortcuts [39m
[38;5;59m────────────────────────────────────────────────────────────────────────────────────────────────────────────────────────────────────────────────────────────[39m
 [38;5;217mYOLO[38;5;103m ctrl+y[39m
[38;5;59m────────────────────────────────────────────────────────────────────────────────────────────────────────────────────────────────────────────────────────────[39m
 [38;5;217m* [38;5;103m  Type your message or @path/to/file[39m
[38;5;59m────────────────────────────────────────────────────────────────────────────────────────────────────────────────────────────────────────────────────────────[39m
 /mnt/.../chojn/projects/kanbanAgents[38;5;103m (main*)[39m                             [38;5;217mno sandbox[38;5;103m (see /docs)[39m                              [38;5;103m/model [39mgemini-3-flash-preview
[2K[1A[2K[1A[2K[1A[2K[1A[2K[1A[2K[1A[2K[1A[2K[1A[2K[G
 [38;5;218m⠏[39m [3mMining for more Dilithium crystals…[23m [38;5;103m(esc to cancel, 16s)[39m                                                                                [38;5;103m ? for shortcuts [39m
[38;5;59m────────────────────────────────────────────────────────────────────────────────────────────────────────────────────────────────────────────────────────────[39m
 [38;5;217mYOLO[38;5;103m ctrl+y[39m
[38;5;59m────────────────────────────────────────────────────────────────────────────────────────────────────────────────────────────────────────────────────────────[39m
 [38;5;217m* [38;5;103m  Type your message or @path/to/file[39m
[38;5;59m────────────────────────────────────────────────────────────────────────────────────────────────────────────────────────────────────────────────────────────[39m
 /mnt/.../chojn/projects/kanbanAgents[38;5;103m (main*)[39m                             [38;5;217mno sandbox[38;5;103m (see /docs)[39m                              [38;5;103m/model [39mgemini-3-flash-preview
[2K[1A[2K[1A[2K[1A[2K[1A[2K[1A[2K[1A[2K[1A[2K[1A[2K[G
 [38;5;182m⠏[39m [3mMining for more Dilithium crystals…[23m [38;5;103m(esc to cancel, 16s)[39m                                                                                [38;5;103m ? for shortcuts [39m
[38;5;59m────────────────────────────────────────────────────────────────────────────────────────────────────────────────────────────────────────────────────────────[39m
 [38;5;217mYOLO[38;5;103m ctrl+y[39m
[38;5;59m────────────────────────────────────────────────────────────────────────────────────────────────────────────────────────────────────────────────────────────[39m
 [38;5;217m* [38;5;103m  Type your message or @path/to/file[39m
[38;5;59m────────────────────────────────────────────────────────────────────────────────────────────────────────────────────────────────────────────────────────────[39m
 /mnt/.../chojn/projects/kanbanAgents[38;5;103m (main*)[39m                             [38;5;217mno sandbox[38;5;103m (see /docs)[39m                              [38;5;103m/model [39mgemini-3-flash-preview
[2K[1A[2K[1A[2K[1A[2K[1A[2K[1A[2K[1A[2K[1A[2K[1A[2K[G
 [38;5;182m⠋[39m [3mMining for more Dilithium crystals…[23m [38;5;103m(esc to cancel, 16s)[39m                                                                                [38;5;103m ? for shortcuts [39m
[38;5;59m────────────────────────────────────────────────────────────────────────────────────────────────────────────────────────────────────────────────────────────[39m
 [38;5;217mYOLO[38;5;103m ctrl+y[39m
[38;5;59m────────────────────────────────────────────────────────────────────────────────────────────────────────────────────────────────────────────────────────────[39m
 [38;5;217m* [38;5;103m  Type your message or @path/to/file[39m
[38;5;59m────────────────────────────────────────────────────────────────────────────────────────────────────────────────────────────────────────────────────────────[39m
 /mnt/.../chojn/projects/kanbanAgents[38;5;103m (main*)[39m                             [38;5;217mno sandbox[38;5;103m (see /docs)[39m                              [38;5;103m/model [39mgemini-3-flash-preview
[2K[1A[2K[1A[2K[1A[2K[1A[2K[1A[2K[1A[2K[1A[2K[1A[2K[G
 [38;5;182m⠙[39m [3mMining for more Dilithium crystals…[23m [38;5;103m(esc to cancel, 16s)[39m                                                                                [38;5;103m ? for shortcuts [39m
[38;5;59m────────────────────────────────────────────────────────────────────────────────────────────────────────────────────────────────────────────────────────────[39m
 [38;5;217mYOLO[38;5;103m ctrl+y[39m
[38;5;59m────────────────────────────────────────────────────────────────────────────────────────────────────────────────────────────────────────────────────────────[39m
 [38;5;217m* [38;5;103m  Type your message or @path/to/file[39m
[38;5;59m────────────────────────────────────────────────────────────────────────────────────────────────────────────────────────────────────────────────────────────[39m
 /mnt/.../chojn/projects/kanbanAgents[38;5;103m (main*)[39m                             [38;5;217mno sandbox[38;5;103m (see /docs)[39m                              [38;5;103m/model [39mgemini-3-flash-preview
[2K[1A[2K[1A[2K[1A[2K[1A[2K[1A[2K[1A[2K[1A[2K[1A[2K[G
 [38;5;182m⠹[39m [3mMining for more Dilithium crystals…[23m [38;5;103m(esc to cancel, 16s)[39m                                                                                [38;5;103m ? for shortcuts [39m
[38;5;59m────────────────────────────────────────────────────────────────────────────────────────────────────────────────────────────────────────────────────────────[39m
 [38;5;217mYOLO[38;5;103m ctrl+y[39m
[38;5;59m────────────────────────────────────────────────────────────────────────────────────────────────────────────────────────────────────────────────────────────[39m
 [38;5;217m* [38;5;103m  Type your message or @path/to/file[39m
[38;5;59m────────────────────────────────────────────────────────────────────────────────────────────────────────────────────────────────────────────────────────────[39m
 /mnt/.../chojn/projects/kanbanAgents[38;5;103m (main*)[39m                             [38;5;217mno sandbox[38;5;103m (see /docs)[39m                              [38;5;103m/model [39mgemini-3-flash-preview
[2K[1A[2K[1A[2K[1A[2K[1A[2K[1A[2K[1A[2K[1A[2K[1A[2K[G
 [38;5;183m⠸[39m [3mMining for more Dilithium crystals…[23m [38;5;103m(esc to cancel, 16s)[39m                                                                                [38;5;103m ? for shortcuts [39m
[38;5;59m────────────────────────────────────────────────────────────────────────────────────────────────────────────────────────────────────────────────────────────[39m
 [38;5;217mYOLO[38;5;103m ctrl+y[39m
[38;5;59m────────────────────────────────────────────────────────────────────────────────────────────────────────────────────────────────────────────────────────────[39m
 [38;5;217m* [38;5;103m  Type your message or @path/to/file[39m
[38;5;59m────────────────────────────────────────────────────────────────────────────────────────────────────────────────────────────────────────────────────────────[39m
 /mnt/.../chojn/projects/kanbanAgents[38;5;103m (main*)[39m                             [38;5;217mno sandbox[38;5;103m (see /docs)[39m                              [38;5;103m/model [39mgemini-3-flash-preview
[2K[1A[2K[1A[2K[1A[2K[1A[2K[1A[2K[1A[2K[1A[2K[1A[2K[G
 [38;5;183m⠼[39m [3mMining for more Dilithium crystals…[23m [38;5;103m(esc to cancel, 16s)[39m                                                                                [38;5;103m ? for shortcuts [39m
[38;5;59m────────────────────────────────────────────────────────────────────────────────────────────────────────────────────────────────────────────────────────────[39m
 [38;5;217mYOLO[38;5;103m ctrl+y[39m
[38;5;59m────────────────────────────────────────────────────────────────────────────────────────────────────────────────────────────────────────────────────────────[39m
 [38;5;217m* [38;5;103m  Type your message or @path/to/file[39m
[38;5;59m────────────────────────────────────────────────────────────────────────────────────────────────────────────────────────────────────────────────────────────[39m
 /mnt/.../chojn/projects/kanbanAgents[38;5;103m (main*)[39m                             [38;5;217mno sandbox[38;5;103m (see /docs)[39m                              [38;5;103m/model [39mgemini-3-flash-preview
[2K[1A[2K[1A[2K[1A[2K[1A[2K[1A[2K[1A[2K[1A[2K[1A[2K[G
 [38;5;183m⠴[39m [3mMining for more Dilithium crystals…[23m [38;5;103m(esc to cancel, 16s)[39m                                                                                [38;5;103m ? for shortcuts [39m
[38;5;59m────────────────────────────────────────────────────────────────────────────────────────────────────────────────────────────────────────────────────────────[39m
 [38;5;217mYOLO[38;5;103m ctrl+y[39m
[38;5;59m────────────────────────────────────────────────────────────────────────────────────────────────────────────────────────────────────────────────────────────[39m
 [38;5;217m* [38;5;103m  Type your message or @path/to/file[39m
[38;5;59m────────────────────────────────────────────────────────────────────────────────────────────────────────────────────────────────────────────────────────────[39m
 /mnt/.../chojn/projects/kanbanAgents[38;5;103m (main*)[39m                             [38;5;217mno sandbox[38;5;103m (see /docs)[39m                              [38;5;103m/model [39mgemini-3-flash-preview
[2K[1A[2K[1A[2K[1A[2K[1A[2K[1A[2K[1A[2K[1A[2K[1A[2K[G
 [38;5;183m⠦[39m [3mMining for more Dilithium crystals…[23m [38;5;103m(esc to cancel, 16s)[39m                                                                                [38;5;103m ? for shortcuts [39m
[38;5;59m────────────────────────────────────────────────────────────────────────────────────────────────────────────────────────────────────────────────────────────[39m
 [38;5;217mYOLO[38;5;103m ctrl+y[39m
[38;5;59m────────────────────────────────────────────────────────────────────────────────────────────────────────────────────────────────────────────────────────────[39m
 [38;5;217m* [38;5;103m  Type your message or @path/to/file[39m
[38;5;59m────────────────────────────────────────────────────────────────────────────────────────────────────────────────────────────────────────────────────────────[39m
 /mnt/.../chojn/projects/kanbanAgents[38;5;103m (main*)[39m                             [38;5;217mno sandbox[38;5;103m (see /docs)[39m                              [38;5;103m/model [39mgemini-3-flash-preview
[2K[1A[2K[1A[2K[1A[2K[1A[2K[1A[2K[1A[2K[1A[2K[1A[2K[G
 [38;5;183m⠧[39m [3mMining for more Dilithium crystals…[23m [38;5;103m(esc to cancel, 16s)[39m                                                                                [38;5;103m ? for shortcuts [39m
[38;5;59m────────────────────────────────────────────────────────────────────────────────────────────────────────────────────────────────────────────────────────────[39m
 [38;5;217mYOLO[38;5;103m ctrl+y[39m
[38;5;59m────────────────────────────────────────────────────────────────────────────────────────────────────────────────────────────────────────────────────────────[39m
 [38;5;217m* [38;5;103m  Type your message or @path/to/file[39m
[38;5;59m────────────────────────────────────────────────────────────────────────────────────────────────────────────────────────────────────────────────────────────[39m
 /mnt/.../chojn/projects/kanbanAgents[38;5;103m (main*)[39m                             [38;5;217mno sandbox[38;5;103m (see /docs)[39m                              [38;5;103m/model [39mgemini-3-flash-preview
[2K[1A[2K[1A[2K[1A[2K[1A[2K[1A[2K[1A[2K[1A[2K[1A[2K[G
 [38;5;147m⠇[39m [3mMining for more Dilithium crystals…[23m [38;5;103m(esc to cancel, 16s)[39m                                                                                [38;5;103m ? for shortcuts [39m
[38;5;59m────────────────────────────────────────────────────────────────────────────────────────────────────────────────────────────────────────────────────────────[39m
 [38;5;217mYOLO[38;5;103m ctrl+y[39m
[38;5;59m────────────────────────────────────────────────────────────────────────────────────────────────────────────────────────────────────────────────────────────[39m
 [38;5;217m* [38;5;103m  Type your message or @path/to/file[39m
[38;5;59m────────────────────────────────────────────────────────────────────────────────────────────────────────────────────────────────────────────────────────────[39m
 /mnt/.../chojn/projects/kanbanAgents[38;5;103m (main*)[39m                             [38;5;217mno sandbox[38;5;103m (see /docs)[39m                              [38;5;103m/model [39mgemini-3-flash-preview
[2K[1A[2K[1A[2K[1A[2K[1A[2K[1A[2K[1A[2K[1A[2K[1A[2K[G
 [38;5;147m⠏[39m [3mMining for more Dilithium crystals…[23m [38;5;103m(esc to cancel, 16s)[39m                                                                                [38;5;103m ? for shortcuts [39m
[38;5;59m────────────────────────────────────────────────────────────────────────────────────────────────────────────────────────────────────────────────────────────[39m
 [38;5;217mYOLO[38;5;103m ctrl+y[39m
[38;5;59m────────────────────────────────────────────────────────────────────────────────────────────────────────────────────────────────────────────────────────────[39m
 [38;5;217m* [38;5;103m  Type your message or @path/to/file[39m
[38;5;59m────────────────────────────────────────────────────────────────────────────────────────────────────────────────────────────────────────────────────────────[39m
 /mnt/.../chojn/projects/kanbanAgents[38;5;103m (main*)[39m                             [38;5;217mno sandbox[38;5;103m (see /docs)[39m                              [38;5;103m/model [39mgemini-3-flash-preview
[2K[1A[2K[1A[2K[1A[2K[1A[2K[1A[2K[1A[2K[1A[2K[1A[2K[G
 [38;5;147m⠋[39m [3mMining for more Dilithium crystals…[23m [38;5;103m(esc to cancel, 16s)[39m                                                                                [38;5;103m ? for shortcuts [39m
[38;5;59m────────────────────────────────────────────────────────────────────────────────────────────────────────────────────────────────────────────────────────────[39m
 [38;5;217mYOLO[38;5;103m ctrl+y[39m
[38;5;59m────────────────────────────────────────────────────────────────────────────────────────────────────────────────────────────────────────────────────────────[39m
 [38;5;217m* [38;5;103m  Type your message or @path/to/file[39m
[38;5;59m────────────────────────────────────────────────────────────────────────────────────────────────────────────────────────────────────────────────────────────[39m
 /mnt/.../chojn/projects/kanbanAgents[38;5;103m (main*)[39m                             [38;5;217mno sandbox[38;5;103m (see /docs)[39m                              [38;5;103m/model [39mgemini-3-flash-preview
[2K[1A[2K[1A[2K[1A[2K[1A[2K[1A[2K[1A[2K[1A[2K[1A[2K[G
 [38;5;147m⠋[39m [3mMining for more Dilithium crystals…[23m [38;5;103m(esc to cancel, 17s)[39m                                                                                [38;5;103m ? for shortcuts [39m
[38;5;59m────────────────────────────────────────────────────────────────────────────────────────────────────────────────────────────────────────────────────────────[39m
 [38;5;217mYOLO[38;5;103m ctrl+y[39m
[38;5;59m────────────────────────────────────────────────────────────────────────────────────────────────────────────────────────────────────────────────────────────[39m
 [38;5;217m* [38;5;103m  Type your message or @path/to/file[39m
[38;5;59m────────────────────────────────────────────────────────────────────────────────────────────────────────────────────────────────────────────────────────────[39m
 /mnt/.../chojn/projects/kanbanAgents[38;5;103m (main*)[39m                             [38;5;217mno sandbox[38;5;103m (see /docs)[39m                              [38;5;103m/model [39mgemini-3-flash-preview
[2K[1A[2K[1A[2K[1A[2K[1A[2K[1A[2K[1A[2K[1A[2K[1A[2K[G
 [38;5;147m⠙[39m [3mMining for more Dilithium crystals…[23m [38;5;103m(esc to cancel, 17s)[39m                                                                                [38;5;103m ? for shortcuts [39m
[38;5;59m────────────────────────────────────────────────────────────────────────────────────────────────────────────────────────────────────────────────────────────[39m
 [38;5;217mYOLO[38;5;103m ctrl+y[39m
[38;5;59m────────────────────────────────────────────────────────────────────────────────────────────────────────────────────────────────────────────────────────────[39m
 [38;5;217m* [38;5;103m  Type your message or @path/to/file[39m
[38;5;59m────────────────────────────────────────────────────────────────────────────────────────────────────────────────────────────────────────────────────────────[39m
 /mnt/.../chojn/projects/kanbanAgents[38;5;103m (main*)[39m                             [38;5;217mno sandbox[38;5;103m (see /docs)[39m                              [38;5;103m/model [39mgemini-3-flash-preview
[2K[1A[2K[1A[2K[1A[2K[1A[2K[1A[2K[1A[2K[1A[2K[1A[2K[G
 [38;5;147m⠹[39m [3mMining for more Dilithium crystals…[23m [38;5;103m(esc to cancel, 17s)[39m                                                                                [38;5;103m ? for shortcuts [39m
[38;5;59m────────────────────────────────────────────────────────────────────────────────────────────────────────────────────────────────────────────────────────────[39m
 [38;5;217mYOLO[38;5;103m ctrl+y[39m
[38;5;59m────────────────────────────────────────────────────────────────────────────────────────────────────────────────────────────────────────────────────────────[39m
 [38;5;217m* [38;5;103m  Type your message or @path/to/file[39m
[38;5;59m────────────────────────────────────────────────────────────────────────────────────────────────────────────────────────────────────────────────────────────[39m
 /mnt/.../chojn/projects/kanbanAgents[38;5;103m (main*)[39m                             [38;5;217mno sandbox[38;5;103m (see /docs)[39m                              [38;5;103m/model [39mgemini-3-flash-preview
[2K[1A[2K[1A[2K[1A[2K[1A[2K[1A[2K[1A[2K[1A[2K[1A[2K[G
 [38;5;153m⠸[39m [3mMining for more Dilithium crystals…[23m [38;5;103m(esc to cancel, 17s)[39m                                                                                [38;5;103m ? for shortcuts [39m
[38;5;59m────────────────────────────────────────────────────────────────────────────────────────────────────────────────────────────────────────────────────────────[39m
 [38;5;217mYOLO[38;5;103m ctrl+y[39m
[38;5;59m────────────────────────────────────────────────────────────────────────────────────────────────────────────────────────────────────────────────────────────[39m
 [38;5;217m* [38;5;103m  Type your message or @path/to/file[39m
[38;5;59m────────────────────────────────────────────────────────────────────────────────────────────────────────────────────────────────────────────────────────────[39m
 /mnt/.../chojn/projects/kanbanAgents[38;5;103m (main*)[39m                             [38;5;217mno sandbox[38;5;103m (see /docs)[39m                              [38;5;103m/model [39mgemini-3-flash-preview
[2K[1A[2K[1A[2K[1A[2K[1A[2K[1A[2K[1A[2K[1A[2K[1A[2K[G
 [38;5;153m⠼[39m [3mMining for more Dilithium crystals…[23m [38;5;103m(esc to cancel, 17s)[39m                                                                                [38;5;103m ? for shortcuts [39m
[38;5;59m────────────────────────────────────────────────────────────────────────────────────────────────────────────────────────────────────────────────────────────[39m
 [38;5;217mYOLO[38;5;103m ctrl+y[39m
[38;5;59m────────────────────────────────────────────────────────────────────────────────────────────────────────────────────────────────────────────────────────────[39m
 [38;5;217m* [38;5;103m  Type your message or @path/to/file[39m
[38;5;59m────────────────────────────────────────────────────────────────────────────────────────────────────────────────────────────────────────────────────────────[39m
 /mnt/.../chojn/projects/kanbanAgents[38;5;103m (main*)[39m                             [38;5;217mno sandbox[38;5;103m (see /docs)[39m                              [38;5;103m/model [39mgemini-3-flash-preview
[2K[1A[2K[1A[2K[1A[2K[1A[2K[1A[2K[1A[2K[1A[2K[1A[2K[G
 [38;5;153m⠴[39m [3mMining for more Dilithium crystals…[23m [38;5;103m(esc to cancel, 17s)[39m                                                                                [38;5;103m ? for shortcuts [39m
[38;5;59m────────────────────────────────────────────────────────────────────────────────────────────────────────────────────────────────────────────────────────────[39m
 [38;5;217mYOLO[38;5;103m ctrl+y[39m
[38;5;59m────────────────────────────────────────────────────────────────────────────────────────────────────────────────────────────────────────────────────────────[39m
 [38;5;217m* [38;5;103m  Type your message or @path/to/file[39m
[38;5;59m────────────────────────────────────────────────────────────────────────────────────────────────────────────────────────────────────────────────────────────[39m
 /mnt/.../chojn/projects/kanbanAgents[38;5;103m (main*)[39m                             [38;5;217mno sandbox[38;5;103m (see /docs)[39m                              [38;5;103m/model [39mgemini-3-flash-preview
[2K[1A[2K[1A[2K[1A[2K[1A[2K[1A[2K[1A[2K[1A[2K[1A[2K[G
 [38;5;153m⠦[39m [3mMining for more Dilithium crystals…[23m [38;5;103m(esc to cancel, 17s)[39m                                                                                [38;5;103m ? for shortcuts [39m
[38;5;59m────────────────────────────────────────────────────────────────────────────────────────────────────────────────────────────────────────────────────────────[39m
 [38;5;217mYOLO[38;5;103m ctrl+y[39m
[38;5;59m────────────────────────────────────────────────────────────────────────────────────────────────────────────────────────────────────────────────────────────[39m
 [38;5;217m* [38;5;103m  Type your message or @path/to/file[39m
[38;5;59m────────────────────────────────────────────────────────────────────────────────────────────────────────────────────────────────────────────────────────────[39m
 /mnt/.../chojn/projects/kanbanAgents[38;5;103m (main*)[39m                             [38;5;217mno sandbox[38;5;103m (see /docs)[39m                              [38;5;103m/model [39mgemini-3-flash-preview
[2K[1A[2K[1A[2K[1A[2K[1A[2K[1A[2K[1A[2K[1A[2K[1A[2K[G
 [38;5;153m⠧[39m [3mMining for more Dilithium crystals…[23m [38;5;103m(esc to cancel, 17s)[39m                                                                                [38;5;103m ? for shortcuts [39m
[38;5;59m────────────────────────────────────────────────────────────────────────────────────────────────────────────────────────────────────────────────────────────[39m
 [38;5;217mYOLO[38;5;103m ctrl+y[39m
[38;5;59m────────────────────────────────────────────────────────────────────────────────────────────────────────────────────────────────────────────────────────────[39m
 [38;5;217m* [38;5;103m  Type your message or @path/to/file[39m
[38;5;59m────────────────────────────────────────────────────────────────────────────────────────────────────────────────────────────────────────────────────────────[39m
 /mnt/.../chojn/projects/kanbanAgents[38;5;103m (main*)[39m                             [38;5;217mno sandbox[38;5;103m (see /docs)[39m                              [38;5;103m/model [39mgemini-3-flash-preview
[2K[1A[2K[1A[2K[1A[2K[1A[2K[1A[2K[1A[2K[1A[2K[1A[2K[G
 [38;5;153m⠇[39m [3mMining for more Dilithium crystals…[23m [38;5;103m(esc to cancel, 17s)[39m                                                                                [38;5;103m ? for shortcuts [39m
[38;5;59m────────────────────────────────────────────────────────────────────────────────────────────────────────────────────────────────────────────────────────────[39m
 [38;5;217mYOLO[38;5;103m ctrl+y[39m
[38;5;59m────────────────────────────────────────────────────────────────────────────────────────────────────────────────────────────────────────────────────────────[39m
 [38;5;217m* [38;5;103m  Type your message or @path/to/file[39m
[38;5;59m────────────────────────────────────────────────────────────────────────────────────────────────────────────────────────────────────────────────────────────[39m
 /mnt/.../chojn/projects/kanbanAgents[38;5;103m (main*)[39m                             [38;5;217mno sandbox[38;5;103m (see /docs)[39m                              [38;5;103m/model [39mgemini-3-flash-preview
[2K[1A[2K[1A[2K[1A[2K[1A[2K[1A[2K[1A[2K[1A[2K[1A[2K[G
 [38;5;153m⠏[39m [3mMining for more Dilithium crystals…[23m [38;5;103m(esc to cancel, 17s)[39m                                                                                [38;5;103m ? for shortcuts [39m
[38;5;59m────────────────────────────────────────────────────────────────────────────────────────────────────────────────────────────────────────────────────────────[39m
 [38;5;217mYOLO[38;5;103m ctrl+y[39m
[38;5;59m────────────────────────────────────────────────────────────────────────────────────────────────────────────────────────────────────────────────────────────[39m
 [38;5;217m* [38;5;103m  Type your message or @path/to/file[39m
[38;5;59m────────────────────────────────────────────────────────────────────────────────────────────────────────────────────────────────────────────────────────────[39m
 /mnt/.../chojn/projects/kanbanAgents[38;5;103m (main*)[39m                             [38;5;217mno sandbox[38;5;103m (see /docs)[39m                              [38;5;103m/model [39mgemini-3-flash-preview
[2K[1A[2K[1A[2K[1A[2K[1A[2K[1A[2K[1A[2K[1A[2K[1A[2K[G
 [38;5;153m⠋[39m [3mMining for more Dilithium crystals…[23m [38;5;103m(esc to cancel, 17s)[39m                                                                                [38;5;103m ? for shortcuts [39m
[38;5;59m────────────────────────────────────────────────────────────────────────────────────────────────────────────────────────────────────────────────────────────[39m
 [38;5;217mYOLO[38;5;103m ctrl+y[39m
[38;5;59m────────────────────────────────────────────────────────────────────────────────────────────────────────────────────────────────────────────────────────────[39m
 [38;5;217m* [38;5;103m  Type your message or @path/to/file[39m
[38;5;59m────────────────────────────────────────────────────────────────────────────────────────────────────────────────────────────────────────────────────────────[39m
 /mnt/.../chojn/projects/kanbanAgents[38;5;103m (main*)[39m                             [38;5;217mno sandbox[38;5;103m (see /docs)[39m                              [38;5;103m/model [39mgemini-3-flash-preview
[2K[1A[2K[1A[2K[1A[2K[1A[2K[1A[2K[1A[2K[1A[2K[1A[2K[G
 [38;5;153m⠙[39m [3mMining for more Dilithium crystals…[23m [38;5;103m(esc to cancel, 17s)[39m                                                                                [38;5;103m ? for shortcuts [39m
[38;5;59m────────────────────────────────────────────────────────────────────────────────────────────────────────────────────────────────────────────────────────────[39m
 [38;5;217mYOLO[38;5;103m ctrl+y[39m
[38;5;59m────────────────────────────────────────────────────────────────────────────────────────────────────────────────────────────────────────────────────────────[39m
 [38;5;217m* [38;5;103m  Type your message or @path/to/file[39m
[38;5;59m────────────────────────────────────────────────────────────────────────────────────────────────────────────────────────────────────────────────────────────[39m
 /mnt/.../chojn/projects/kanbanAgents[38;5;103m (main*)[39m                             [38;5;217mno sandbox[38;5;103m (see /docs)[39m                              [38;5;103m/model [39mgemini-3-flash-preview
[2K[1A[2K[1A[2K[1A[2K[1A[2K[1A[2K[1A[2K[1A[2K[1A[2K[G
 [38;5;153m⠹[39m [3mMining for more Dilithium crystals…[23m [38;5;103m(esc to cancel, 17s)[39m                                                                                [38;5;103m ? for shortcuts [39m
[38;5;59m────────────────────────────────────────────────────────────────────────────────────────────────────────────────────────────────────────────────────────────[39m
 [38;5;217mYOLO[38;5;103m ctrl+y[39m
[38;5;59m────────────────────────────────────────────────────────────────────────────────────────────────────────────────────────────────────────────────────────────[39m
 [38;5;217m* [38;5;103m  Type your message or @path/to/file[39m
[38;5;59m────────────────────────────────────────────────────────────────────────────────────────────────────────────────────────────────────────────────────────────[39m
 /mnt/.../chojn/projects/kanbanAgents[38;5;103m (main*)[39m                             [38;5;217mno sandbox[38;5;103m (see /docs)[39m                              [38;5;103m/model [39mgemini-3-flash-preview
[2K[1A[2K[1A[2K[1A[2K[1A[2K[1A[2K[1A[2K[1A[2K[1A[2K[G
 [38;5;152m⠸[39m [3mMining for more Dilithium crystals…[23m [38;5;103m(esc to cancel, 17s)[39m                                                                                [38;5;103m ? for shortcuts [39m
[38;5;59m────────────────────────────────────────────────────────────────────────────────────────────────────────────────────────────────────────────────────────────[39m
 [38;5;217mYOLO[38;5;103m ctrl+y[39m
[38;5;59m────────────────────────────────────────────────────────────────────────────────────────────────────────────────────────────────────────────────────────────[39m
 [38;5;217m* [38;5;103m  Type your message or @path/to/file[39m
[38;5;59m────────────────────────────────────────────────────────────────────────────────────────────────────────────────────────────────────────────────────────────[39m
 /mnt/.../chojn/projects/kanbanAgents[38;5;103m (main*)[39m                             [38;5;217mno sandbox[38;5;103m (see /docs)[39m                              [38;5;103m/model [39mgemini-3-flash-preview
[2K[1A[2K[1A[2K[1A[2K[1A[2K[1A[2K[1A[2K[1A[2K[1A[2K[G
 [38;5;152m⠸[39m [3mMining for more Dilithium crystals…[23m [38;5;103m(esc to cancel, 18s)[39m                                                                                [38;5;103m ? for shortcuts [39m
[38;5;59m────────────────────────────────────────────────────────────────────────────────────────────────────────────────────────────────────────────────────────────[39m
 [38;5;217mYOLO[38;5;103m ctrl+y[39m
[38;5;59m────────────────────────────────────────────────────────────────────────────────────────────────────────────────────────────────────────────────────────────[39m
 [38;5;217m* [38;5;103m  Type your message or @path/to/file[39m
[38;5;59m────────────────────────────────────────────────────────────────────────────────────────────────────────────────────────────────────────────────────────────[39m
 /mnt/.../chojn/projects/kanbanAgents[38;5;103m (main*)[39m                             [38;5;217mno sandbox[38;5;103m (see /docs)[39m                              [38;5;103m/model [39mgemini-3-flash-preview
[2K[1A[2K[1A[2K[1A[2K[1A[2K[1A[2K[1A[2K[1A[2K[1A[2K[G
 [38;5;152m⠼[39m [3mMining for more Dilithium crystals…[23m [38;5;103m(esc to cancel, 18s)[39m                                                                                [38;5;103m ? for shortcuts [39m
[38;5;59m────────────────────────────────────────────────────────────────────────────────────────────────────────────────────────────────────────────────────────────[39m
 [38;5;217mYOLO[38;5;103m ctrl+y[39m
[38;5;59m────────────────────────────────────────────────────────────────────────────────────────────────────────────────────────────────────────────────────────────[39m
 [38;5;217m* [38;5;103m  Type your message or @path/to/file[39m
[38;5;59m────────────────────────────────────────────────────────────────────────────────────────────────────────────────────────────────────────────────────────────[39m
 /mnt/.../chojn/projects/kanbanAgents[38;5;103m (main*)[39m                             [38;5;217mno sandbox[38;5;103m (see /docs)[39m                              [38;5;103m/model [39mgemini-3-flash-preview
[2K[1A[2K[1A[2K[1A[2K[1A[2K[1A[2K[1A[2K[1A[2K[1A[2K[G
 [38;5;152m⠴[39m [3mMining for more Dilithium crystals…[23m [38;5;103m(esc to cancel, 18s)[39m                                                                                [38;5;103m ? for shortcuts [39m
[38;5;59m────────────────────────────────────────────────────────────────────────────────────────────────────────────────────────────────────────────────────────────[39m
 [38;5;217mYOLO[38;5;103m ctrl+y[39m
[38;5;59m────────────────────────────────────────────────────────────────────────────────────────────────────────────────────────────────────────────────────────────[39m
 [38;5;217m* [38;5;103m  Type your message or @path/to/file[39m
[38;5;59m────────────────────────────────────────────────────────────────────────────────────────────────────────────────────────────────────────────────────────────[39m
 /mnt/.../chojn/projects/kanbanAgents[38;5;103m (main*)[39m                             [38;5;217mno sandbox[38;5;103m (see /docs)[39m                              [38;5;103m/model [39mgemini-3-flash-preview
[2K[1A[2K[1A[2K[1A[2K[1A[2K[1A[2K[1A[2K[1A[2K[1A[2K[G
 [38;5;152m⠦[39m [3mMining for more Dilithium crystals…[23m [38;5;103m(esc to cancel, 18s)[39m                                                                                [38;5;103m ? for shortcuts [39m
[38;5;59m────────────────────────────────────────────────────────────────────────────────────────────────────────────────────────────────────────────────────────────[39m
 [38;5;217mYOLO[38;5;103m ctrl+y[39m
[38;5;59m────────────────────────────────────────────────────────────────────────────────────────────────────────────────────────────────────────────────────────────[39m
 [38;5;217m* [38;5;103m  Type your message or @path/to/file[39m
[38;5;59m────────────────────────────────────────────────────────────────────────────────────────────────────────────────────────────────────────────────────────────[39m
 /mnt/.../chojn/projects/kanbanAgents[38;5;103m (main*)[39m                             [38;5;217mno sandbox[38;5;103m (see /docs)[39m                              [38;5;103m/model [39mgemini-3-flash-preview
[2K[1A[2K[1A[2K[1A[2K[1A[2K[1A[2K[1A[2K[1A[2K[1A[2K[G
 [38;5;152m⠧[39m [3mMining for more Dilithium crystals…[23m [38;5;103m(esc to cancel, 18s)[39m                                                                                [38;5;103m ? for shortcuts [39m
[38;5;59m────────────────────────────────────────────────────────────────────────────────────────────────────────────────────────────────────────────────────────────[39m
 [38;5;217mYOLO[38;5;103m ctrl+y[39m
[38;5;59m────────────────────────────────────────────────────────────────────────────────────────────────────────────────────────────────────────────────────────────[39m
 [38;5;217m* [38;5;103m  Type your message or @path/to/file[39m
[38;5;59m────────────────────────────────────────────────────────────────────────────────────────────────────────────────────────────────────────────────────────────[39m
 /mnt/.../chojn/projects/kanbanAgents[38;5;103m (main*)[39m                             [38;5;217mno sandbox[38;5;103m (see /docs)[39m                              [38;5;103m/model [39mgemini-3-flash-preview
[2K[1A[2K[1A[2K[1A[2K[1A[2K[1A[2K[1A[2K[1A[2K[1A[2K[G
 [38;5;152m⠇[39m [3mMining for more Dilithium crystals…[23m [38;5;103m(esc to cancel, 18s)[39m                                                                                [38;5;103m ? for shortcuts [39m
[38;5;59m────────────────────────────────────────────────────────────────────────────────────────────────────────────────────────────────────────────────────────────[39m
 [38;5;217mYOLO[38;5;103m ctrl+y[39m
[38;5;59m────────────────────────────────────────────────────────────────────────────────────────────────────────────────────────────────────────────────────────────[39m
 [38;5;217m* [38;5;103m  Type your message or @path/to/file[39m
[38;5;59m────────────────────────────────────────────────────────────────────────────────────────────────────────────────────────────────────────────────────────────[39m
 /mnt/.../chojn/projects/kanbanAgents[38;5;103m (main*)[39m                             [38;5;217mno sandbox[38;5;103m (see /docs)[39m                              [38;5;103m/model [39mgemini-3-flash-preview
[2K[1A[2K[1A[2K[1A[2K[1A[2K[1A[2K[1A[2K[1A[2K[1A[2K[G
 [38;5;151m⠇[39m [3mMining for more Dilithium crystals…[23m [38;5;103m(esc to cancel, 18s)[39m                                                                                [38;5;103m ? for shortcuts [39m
[38;5;59m────────────────────────────────────────────────────────────────────────────────────────────────────────────────────────────────────────────────────────────[39m
 [38;5;217mYOLO[38;5;103m ctrl+y[39m
[38;5;59m────────────────────────────────────────────────────────────────────────────────────────────────────────────────────────────────────────────────────────────[39m
 [38;5;217m* [38;5;103m  Type your message or @path/to/file[39m
[38;5;59m────────────────────────────────────────────────────────────────────────────────────────────────────────────────────────────────────────────────────────────[39m
 /mnt/.../chojn/projects/kanbanAgents[38;5;103m (main*)[39m                             [38;5;217mno sandbox[38;5;103m (see /docs)[39m                              [38;5;103m/model [39mgemini-3-flash-preview
[2K[1A[2K[1A[2K[1A[2K[1A[2K[1A[2K[1A[2K[1A[2K[1A[2K[G
 [38;5;151m⠏[39m [3mMining for more Dilithium crystals…[23m [38;5;103m(esc to cancel, 18s)[39m                                                                                [38;5;103m ? for shortcuts [39m
[38;5;59m────────────────────────────────────────────────────────────────────────────────────────────────────────────────────────────────────────────────────────────[39m
 [38;5;217mYOLO[38;5;103m ctrl+y[39m
[38;5;59m────────────────────────────────────────────────────────────────────────────────────────────────────────────────────────────────────────────────────────────[39m
 [38;5;217m* [38;5;103m  Type your message or @path/to/file[39m
[38;5;59m────────────────────────────────────────────────────────────────────────────────────────────────────────────────────────────────────────────────────────────[39m
 /mnt/.../chojn/projects/kanbanAgents[38;5;103m (main*)[39m                             [38;5;217mno sandbox[38;5;103m (see /docs)[39m                              [38;5;103m/model [39mgemini-3-flash-preview
[2K[1A[2K[1A[2K[1A[2K[1A[2K[1A[2K[1A[2K[1A[2K[1A[2K[G
 [38;5;151m⠋[39m [3mMining for more Dilithium crystals…[23m [38;5;103m(esc to cancel, 18s)[39m                                                                                [38;5;103m ? for shortcuts [39m
[38;5;59m────────────────────────────────────────────────────────────────────────────────────────────────────────────────────────────────────────────────────────────[39m
 [38;5;217mYOLO[38;5;103m ctrl+y[39m
[38;5;59m────────────────────────────────────────────────────────────────────────────────────────────────────────────────────────────────────────────────────────────[39m
 [38;5;217m* [38;5;103m  Type your message or @path/to/file[39m
[38;5;59m────────────────────────────────────────────────────────────────────────────────────────────────────────────────────────────────────────────────────────────[39m
 /mnt/.../chojn/projects/kanbanAgents[38;5;103m (main*)[39m                             [38;5;217mno sandbox[38;5;103m (see /docs)[39m                              [38;5;103m/model [39mgemini-3-flash-preview
[2K[1A[2K[1A[2K[1A[2K[1A[2K[1A[2K[1A[2K[1A[2K[1A[2K[G
 [38;5;151m⠙[39m [3mMining for more Dilithium crystals…[23m [38;5;103m(esc to cancel, 18s)[39m                                                                                [38;5;103m ? for shortcuts [39m
[38;5;59m────────────────────────────────────────────────────────────────────────────────────────────────────────────────────────────────────────────────────────────[39m
 [38;5;217mYOLO[38;5;103m ctrl+y[39m
[38;5;59m────────────────────────────────────────────────────────────────────────────────────────────────────────────────────────────────────────────────────────────[39m
 [38;5;217m* [38;5;103m  Type your message or @path/to/file[39m
[38;5;59m────────────────────────────────────────────────────────────────────────────────────────────────────────────────────────────────────────────────────────────[39m
 /mnt/.../chojn/projects/kanbanAgents[38;5;103m (main*)[39m                             [38;5;217mno sandbox[38;5;103m (see /docs)[39m                              [38;5;103m/model [39mgemini-3-flash-preview
[2K[1A[2K[1A[2K[1A[2K[1A[2K[1A[2K[1A[2K[1A[2K[1A[2K[G
 [38;5;187m⠹[39m [3mMining for more Dilithium crystals…[23m [38;5;103m(esc to cancel, 18s)[39m                                                                                [38;5;103m ? for shortcuts [39m
[38;5;59m────────────────────────────────────────────────────────────────────────────────────────────────────────────────────────────────────────────────────────────[39m
 [38;5;217mYOLO[38;5;103m ctrl+y[39m
[38;5;59m────────────────────────────────────────────────────────────────────────────────────────────────────────────────────────────────────────────────────────────[39m
 [38;5;217m* [38;5;103m  Type your message or @path/to/file[39m
[38;5;59m────────────────────────────────────────────────────────────────────────────────────────────────────────────────────────────────────────────────────────────[39m
 /mnt/.../chojn/projects/kanbanAgents[38;5;103m (main*)[39m                             [38;5;217mno sandbox[38;5;103m (see /docs)[39m                              [38;5;103m/model [39mgemini-3-flash-preview
[2K[1A[2K[1A[2K[1A[2K[1A[2K[1A[2K[1A[2K[1A[2K[1A[2K[G
 [38;5;187m⠸[39m [3mMining for more Dilithium crystals…[23m [38;5;103m(esc to cancel, 18s)[39m                                                                                [38;5;103m ? for shortcuts [39m
[38;5;59m────────────────────────────────────────────────────────────────────────────────────────────────────────────────────────────────────────────────────────────[39m
 [38;5;217mYOLO[38;5;103m ctrl+y[39m
[38;5;59m────────────────────────────────────────────────────────────────────────────────────────────────────────────────────────────────────────────────────────────[39m
 [38;5;217m* [38;5;103m  Type your message or @path/to/file[39m
[38;5;59m────────────────────────────────────────────────────────────────────────────────────────────────────────────────────────────────────────────────────────────[39m
 /mnt/.../chojn/projects/kanbanAgents[38;5;103m (main*)[39m                             [38;5;217mno sandbox[38;5;103m (see /docs)[39m                              [38;5;103m/model [39mgemini-3-flash-preview
[2K[1A[2K[1A[2K[1A[2K[1A[2K[1A[2K[1A[2K[1A[2K[1A[2K[G
 [38;5;187m⠼[39m [3mMining for more Dilithium crystals…[23m [38;5;103m(esc to cancel, 18s)[39m                                                                                [38;5;103m ? for shortcuts [39m
[38;5;59m────────────────────────────────────────────────────────────────────────────────────────────────────────────────────────────────────────────────────────────[39m
 [38;5;217mYOLO[38;5;103m ctrl+y[39m
[38;5;59m────────────────────────────────────────────────────────────────────────────────────────────────────────────────────────────────────────────────────────────[39m
 [38;5;217m* [38;5;103m  Type your message or @path/to/file[39m
[38;5;59m────────────────────────────────────────────────────────────────────────────────────────────────────────────────────────────────────────────────────────────[39m
 /mnt/.../chojn/projects/kanbanAgents[38;5;103m (main*)[39m                             [38;5;217mno sandbox[38;5;103m (see /docs)[39m                              [38;5;103m/model [39mgemini-3-flash-preview
[2K[1A[2K[1A[2K[1A[2K[1A[2K[1A[2K[1A[2K[1A[2K[1A[2K[G
 [38;5;187m⠴[39m [3mMining for more Dilithium crystals…[23m [38;5;103m(esc to cancel, 18s)[39m                                                                                [38;5;103m ? for shortcuts [39m
[38;5;59m────────────────────────────────────────────────────────────────────────────────────────────────────────────────────────────────────────────────────────────[39m
 [38;5;217mYOLO[38;5;103m ctrl+y[39m
[38;5;59m────────────────────────────────────────────────────────────────────────────────────────────────────────────────────────────────────────────────────────────[39m
 [38;5;217m* [38;5;103m  Type your message or @path/to/file[39m
[38;5;59m────────────────────────────────────────────────────────────────────────────────────────────────────────────────────────────────────────────────────────────[39m
 /mnt/.../chojn/projects/kanbanAgents[38;5;103m (main*)[39m                             [38;5;217mno sandbox[38;5;103m (see /docs)[39m                              [38;5;103m/model [39mgemini-3-flash-preview
[2K[1A[2K[1A[2K[1A[2K[1A[2K[1A[2K[1A[2K[1A[2K[1A[2K[G
 [38;5;187m⠴[39m [3mMining for more Dilithium crystals…[23m [38;5;103m(esc to cancel, 19s)[39m                                                                                [38;5;103m ? for shortcuts [39m
[38;5;59m────────────────────────────────────────────────────────────────────────────────────────────────────────────────────────────────────────────────────────────[39m
 [38;5;217mYOLO[38;5;103m ctrl+y[39m
[38;5;59m────────────────────────────────────────────────────────────────────────────────────────────────────────────────────────────────────────────────────────────[39m
 [38;5;217m* [38;5;103m  Type your message or @path/to/file[39m
[38;5;59m────────────────────────────────────────────────────────────────────────────────────────────────────────────────────────────────────────────────────────────[39m
 /mnt/.../chojn/projects/kanbanAgents[38;5;103m (main*)[39m                             [38;5;217mno sandbox[38;5;103m (see /docs)[39m                              [38;5;103m/model [39mgemini-3-flash-preview
[2K[1A[2K[1A[2K[1A[2K[1A[2K[1A[2K[1A[2K[1A[2K[1A[2K[G
 [38;5;187m⠦[39m [3mMining for more Dilithium crystals…[23m [38;5;103m(esc to cancel, 19s)[39m                                                                                [38;5;103m ? for shortcuts [39m
[38;5;59m────────────────────────────────────────────────────────────────────────────────────────────────────────────────────────────────────────────────────────────[39m
 [38;5;217mYOLO[38;5;103m ctrl+y[39m
[38;5;59m────────────────────────────────────────────────────────────────────────────────────────────────────────────────────────────────────────────────────────────[39m
 [38;5;217m* [38;5;103m  Type your message or @path/to/file[39m
[38;5;59m────────────────────────────────────────────────────────────────────────────────────────────────────────────────────────────────────────────────────────────[39m
 /mnt/.../chojn/projects/kanbanAgents[38;5;103m (main*)[39m                             [38;5;217mno sandbox[38;5;103m (see /docs)[39m                              [38;5;103m/model [39mgemini-3-flash-preview
[2K[1A[2K[1A[2K[1A[2K[1A[2K[1A[2K[1A[2K[1A[2K[1A[2K[G
 [38;5;223m⠧[39m [3mMining for more Dilithium crystals…[23m [38;5;103m(esc to cancel, 19s)[39m                                                                                [38;5;103m ? for shortcuts [39m
[38;5;59m────────────────────────────────────────────────────────────────────────────────────────────────────────────────────────────────────────────────────────────[39m
 [38;5;217mYOLO[38;5;103m ctrl+y[39m
[38;5;59m────────────────────────────────────────────────────────────────────────────────────────────────────────────────────────────────────────────────────────────[39m
 [38;5;217m* [38;5;103m  Type your message or @path/to/file[39m
[38;5;59m────────────────────────────────────────────────────────────────────────────────────────────────────────────────────────────────────────────────────────────[39m
 /mnt/.../chojn/projects/kanbanAgents[38;5;103m (main*)[39m                             [38;5;217mno sandbox[38;5;103m (see /docs)[39m                              [38;5;103m/model [39mgemini-3-flash-preview
[2K[1A[2K[1A[2K[1A[2K[1A[2K[1A[2K[1A[2K[1A[2K[1A[2K[G
 [38;5;223m⠇[39m [3mMining for more Dilithium crystals…[23m [38;5;103m(esc to cancel, 19s)[39m                                                                                [38;5;103m ? for shortcuts [39m
[38;5;59m────────────────────────────────────────────────────────────────────────────────────────────────────────────────────────────────────────────────────────────[39m
 [38;5;217mYOLO[38;5;103m ctrl+y[39m
[38;5;59m────────────────────────────────────────────────────────────────────────────────────────────────────────────────────────────────────────────────────────────[39m
 [38;5;217m* [38;5;103m  Type your message or @path/to/file[39m
[38;5;59m────────────────────────────────────────────────────────────────────────────────────────────────────────────────────────────────────────────────────────────[39m
 /mnt/.../chojn/projects/kanbanAgents[38;5;103m (main*)[39m                             [38;5;217mno sandbox[38;5;103m (see /docs)[39m                              [38;5;103m/model [39mgemini-3-flash-preview
[2K[1A[2K[1A[2K[1A[2K[1A[2K[1A[2K[1A[2K[1A[2K[1A[2K[G
 [38;5;223m⠏[39m [3mMining for more Dilithium crystals…[23m [38;5;103m(esc to cancel, 19s)[39m                                                                                [38;5;103m ? for shortcuts [39m
[38;5;59m────────────────────────────────────────────────────────────────────────────────────────────────────────────────────────────────────────────────────────────[39m
 [38;5;217mYOLO[38;5;103m ctrl+y[39m
[38;5;59m────────────────────────────────────────────────────────────────────────────────────────────────────────────────────────────────────────────────────────────[39m
 [38;5;217m* [38;5;103m  Type your message or @path/to/file[39m
[38;5;59m────────────────────────────────────────────────────────────────────────────────────────────────────────────────────────────────────────────────────────────[39m
 /mnt/.../chojn/projects/kanbanAgents[38;5;103m (main*)[39m                             [38;5;217mno sandbox[38;5;103m (see /docs)[39m                              [38;5;103m/model [39mgemini-3-flash-preview
[2K[1A[2K[1A[2K[1A[2K[1A[2K[1A[2K[1A[2K[1A[2K[1A[2K[G
 [38;5;223m⠋[39m [3mMining for more Dilithium crystals…[23m [38;5;103m(esc to cancel, 19s)[39m                                                                                [38;5;103m ? for shortcuts [39m
[38;5;59m────────────────────────────────────────────────────────────────────────────────────────────────────────────────────────────────────────────────────────────[39m
 [38;5;217mYOLO[38;5;103m ctrl+y[39m
[38;5;59m────────────────────────────────────────────────────────────────────────────────────────────────────────────────────────────────────────────────────────────[39m
 [38;5;217m* [38;5;103m  Type your message or @path/to/file[39m
[38;5;59m────────────────────────────────────────────────────────────────────────────────────────────────────────────────────────────────────────────────────────────[39m
 /mnt/.../chojn/projects/kanbanAgents[38;5;103m (main*)[39m                             [38;5;217mno sandbox[38;5;103m (see /docs)[39m                              [38;5;103m/model [39mgemini-3-flash-preview
[2K[1A[2K[1A[2K[1A[2K[1A[2K[1A[2K[1A[2K[1A[2K[1A[2K[G
 [38;5;223m⠙[39m [3mMining for more Dilithium crystals…[23m [38;5;103m(esc to cancel, 19s)[39m                                                                                [38;5;103m ? for shortcuts [39m
[38;5;59m────────────────────────────────────────────────────────────────────────────────────────────────────────────────────────────────────────────────────────────[39m
 [38;5;217mYOLO[38;5;103m ctrl+y[39m
[38;5;59m────────────────────────────────────────────────────────────────────────────────────────────────────────────────────────────────────────────────────────────[39m
 [38;5;217m* [38;5;103m  Type your message or @path/to/file[39m
[38;5;59m────────────────────────────────────────────────────────────────────────────────────────────────────────────────────────────────────────────────────────────[39m
 /mnt/.../chojn/projects/kanbanAgents[38;5;103m (main*)[39m                             [38;5;217mno sandbox[38;5;103m (see /docs)[39m                              [38;5;103m/model [39mgemini-3-flash-preview
[2K[1A[2K[1A[2K[1A[2K[1A[2K[1A[2K[1A[2K[1A[2K[1A[2K[G
 [38;5;223m⠹[39m [3mMining for more Dilithium crystals…[23m [38;5;103m(esc to cancel, 19s)[39m                                                                                [38;5;103m ? for shortcuts [39m
[38;5;59m────────────────────────────────────────────────────────────────────────────────────────────────────────────────────────────────────────────────────────────[39m
 [38;5;217mYOLO[38;5;103m ctrl+y[39m
[38;5;59m────────────────────────────────────────────────────────────────────────────────────────────────────────────────────────────────────────────────────────────[39m
 [38;5;217m* [38;5;103m  Type your message or @path/to/file[39m
[38;5;59m────────────────────────────────────────────────────────────────────────────────────────────────────────────────────────────────────────────────────────────[39m
 /mnt/.../chojn/projects/kanbanAgents[38;5;103m (main*)[39m                             [38;5;217mno sandbox[38;5;103m (see /docs)[39m                              [38;5;103m/model [39mgemini-3-flash-preview
[2K[1A[2K[1A[2K[1A[2K[1A[2K[1A[2K[1A[2K[1A[2K[1A[2K[G
 [38;5;223m⠸[39m [3mMining for more Dilithium crystals…[23m [38;5;103m(esc to cancel, 19s)[39m                                                                                [38;5;103m ? for shortcuts [39m
[38;5;59m────────────────────────────────────────────────────────────────────────────────────────────────────────────────────────────────────────────────────────────[39m
 [38;5;217mYOLO[38;5;103m ctrl+y[39m
[38;5;59m────────────────────────────────────────────────────────────────────────────────────────────────────────────────────────────────────────────────────────────[39m
 [38;5;217m* [38;5;103m  Type your message or @path/to/file[39m
[38;5;59m────────────────────────────────────────────────────────────────────────────────────────────────────────────────────────────────────────────────────────────[39m
 /mnt/.../chojn/projects/kanbanAgents[38;5;103m (main*)[39m                             [38;5;217mno sandbox[38;5;103m (see /docs)[39m                              [38;5;103m/model [39mgemini-3-flash-preview
[2K[1A[2K[1A[2K[1A[2K[1A[2K[1A[2K[1A[2K[1A[2K[1A[2K[G
 [38;5;217m⠼[39m [3mMining for more Dilithium crystals…[23m [38;5;103m(esc to cancel, 19s)[39m                                                                                [38;5;103m ? for shortcuts [39m
[38;5;59m────────────────────────────────────────────────────────────────────────────────────────────────────────────────────────────────────────────────────────────[39m
 [38;5;217mYOLO[38;5;103m ctrl+y[39m
[38;5;59m────────────────────────────────────────────────────────────────────────────────────────────────────────────────────────────────────────────────────────────[39m
 [38;5;217m* [38;5;103m  Type your message or @path/to/file[39m
[38;5;59m────────────────────────────────────────────────────────────────────────────────────────────────────────────────────────────────────────────────────────────[39m
 /mnt/.../chojn/projects/kanbanAgents[38;5;103m (main*)[39m                             [38;5;217mno sandbox[38;5;103m (see /docs)[39m                              [38;5;103m/model [39mgemini-3-flash-preview
[2K[1A[2K[1A[2K[1A[2K[1A[2K[1A[2K[1A[2K[1A[2K[1A[2K[G
 [38;5;217m⠴[39m [3mMining for more Dilithium crystals…[23m [38;5;103m(esc to cancel, 19s)[39m                                                                                [38;5;103m ? for shortcuts [39m
[38;5;59m────────────────────────────────────────────────────────────────────────────────────────────────────────────────────────────────────────────────────────────[39m
 [38;5;217mYOLO[38;5;103m ctrl+y[39m
[38;5;59m────────────────────────────────────────────────────────────────────────────────────────────────────────────────────────────────────────────────────────────[39m
 [38;5;217m* [38;5;103m  Type your message or @path/to/file[39m
[38;5;59m────────────────────────────────────────────────────────────────────────────────────────────────────────────────────────────────────────────────────────────[39m
 /mnt/.../chojn/projects/kanbanAgents[38;5;103m (main*)[39m                             [38;5;217mno sandbox[38;5;103m (see /docs)[39m                              [38;5;103m/model [39mgemini-3-flash-preview
[2K[1A[2K[1A[2K[1A[2K[1A[2K[1A[2K[1A[2K[1A[2K[1A[2K[G
 [38;5;217m⠦[39m [3mMining for more Dilithium crystals…[23m [38;5;103m(esc to cancel, 19s)[39m                                                                                [38;5;103m ? for shortcuts [39m
[38;5;59m────────────────────────────────────────────────────────────────────────────────────────────────────────────────────────────────────────────────────────────[39m
 [38;5;217mYOLO[38;5;103m ctrl+y[39m
[38;5;59m────────────────────────────────────────────────────────────────────────────────────────────────────────────────────────────────────────────────────────────[39m
 [38;5;217m* [38;5;103m  Type your message or @path/to/file[39m
[38;5;59m────────────────────────────────────────────────────────────────────────────────────────────────────────────────────────────────────────────────────────────[39m
 /mnt/.../chojn/projects/kanbanAgents[38;5;103m (main*)[39m                             [38;5;217mno sandbox[38;5;103m (see /docs)[39m                              [38;5;103m/model [39mgemini-3-flash-preview
[2K[1A[2K[1A[2K[1A[2K[1A[2K[1A[2K[1A[2K[1A[2K[1A[2K[G
 [38;5;217m⠧[39m [3mMining for more Dilithium crystals…[23m [38;5;103m(esc to cancel, 19s)[39m                                                                                [38;5;103m ? for shortcuts [39m
[38;5;59m────────────────────────────────────────────────────────────────────────────────────────────────────────────────────────────────────────────────────────────[39m
 [38;5;217mYOLO[38;5;103m ctrl+y[39m
[38;5;59m────────────────────────────────────────────────────────────────────────────────────────────────────────────────────────────────────────────────────────────[39m
 [38;5;217m* [38;5;103m  Type your message or @path/to/file[39m
[38;5;59m────────────────────────────────────────────────────────────────────────────────────────────────────────────────────────────────────────────────────────────[39m
 /mnt/.../chojn/projects/kanbanAgents[38;5;103m (main*)[39m                             [38;5;217mno sandbox[38;5;103m (see /docs)[39m                              [38;5;103m/model [39mgemini-3-flash-preview
[2K[1A[2K[1A[2K[1A[2K[1A[2K[1A[2K[1A[2K[1A[2K[1A[2K[G
 [38;5;217m⠇[39m [3mMining for more Dilithium crystals…[23m [38;5;103m(esc to cancel, 19s)[39m                                                                                [38;5;103m ? for shortcuts [39m
[38;5;59m────────────────────────────────────────────────────────────────────────────────────────────────────────────────────────────────────────────────────────────[39m
 [38;5;217mYOLO[38;5;103m ctrl+y[39m
[38;5;59m────────────────────────────────────────────────────────────────────────────────────────────────────────────────────────────────────────────────────────────[39m
 [38;5;217m* [38;5;103m  Type your message or @path/to/file[39m
[38;5;59m────────────────────────────────────────────────────────────────────────────────────────────────────────────────────────────────────────────────────────────[39m
 /mnt/.../chojn/projects/kanbanAgents[38;5;103m (main*)[39m                             [38;5;217mno sandbox[38;5;103m (see /docs)[39m                              [38;5;103m/model [39mgemini-3-flash-preview
[2K[1A[2K[1A[2K[1A[2K[1A[2K[1A[2K[1A[2K[1A[2K[1A[2K[G
 [38;5;217m⠇[39m [3mMining for more Dilithium crystals…[23m [38;5;103m(esc to cancel, 20s)[39m                                                                                [38;5;103m ? for shortcuts [39m
[38;5;59m────────────────────────────────────────────────────────────────────────────────────────────────────────────────────────────────────────────────────────────[39m
 [38;5;217mYOLO[38;5;103m ctrl+y[39m
[38;5;59m────────────────────────────────────────────────────────────────────────────────────────────────────────────────────────────────────────────────────────────[39m
 [38;5;217m* [38;5;103m  Type your message or @path/to/file[39m
[38;5;59m────────────────────────────────────────────────────────────────────────────────────────────────────────────────────────────────────────────────────────────[39m
 /mnt/.../chojn/projects/kanbanAgents[38;5;103m (main*)[39m                             [38;5;217mno sandbox[38;5;103m (see /docs)[39m                              [38;5;103m/model [39mgemini-3-flash-preview
[2K[1A[2K[1A[2K[1A[2K[1A[2K[1A[2K[1A[2K[1A[2K[1A[2K[G
 [38;5;218m⠏[39m [3mMining for more Dilithium crystals…[23m [38;5;103m(esc to cancel, 20s)[39m                                                                                [38;5;103m ? for shortcuts [39m
[38;5;59m────────────────────────────────────────────────────────────────────────────────────────────────────────────────────────────────────────────────────────────[39m
 [38;5;217mYOLO[38;5;103m ctrl+y[39m
[38;5;59m────────────────────────────────────────────────────────────────────────────────────────────────────────────────────────────────────────────────────────────[39m
 [38;5;217m* [38;5;103m  Type your message or @path/to/file[39m
[38;5;59m────────────────────────────────────────────────────────────────────────────────────────────────────────────────────────────────────────────────────────────[39m
 /mnt/.../chojn/projects/kanbanAgents[38;5;103m (main*)[39m                             [38;5;217mno sandbox[38;5;103m (see /docs)[39m                              [38;5;103m/model [39mgemini-3-flash-preview
[2K[1A[2K[1A[2K[1A[2K[1A[2K[1A[2K[1A[2K[1A[2K[1A[2K[G
 [38;5;218m⠋[39m [3mMining for more Dilithium crystals…[23m [38;5;103m(esc to cancel, 20s)[39m                                                                                [38;5;103m ? for shortcuts [39m
[38;5;59m────────────────────────────────────────────────────────────────────────────────────────────────────────────────────────────────────────────────────────────[39m
 [38;5;217mYOLO[38;5;103m ctrl+y[39m
[38;5;59m────────────────────────────────────────────────────────────────────────────────────────────────────────────────────────────────────────────────────────────[39m
 [38;5;217m* [38;5;103m  Type your message or @path/to/file[39m
[38;5;59m────────────────────────────────────────────────────────────────────────────────────────────────────────────────────────────────────────────────────────────[39m
 /mnt/.../chojn/projects/kanbanAgents[38;5;103m (main*)[39m                             [38;5;217mno sandbox[38;5;103m (see /docs)[39m                              [38;5;103m/model [39mgemini-3-flash-preview
[2K[1A[2K[1A[2K[1A[2K[1A[2K[1A[2K[1A[2K[1A[2K[1A[2K[G
 [38;5;182m⠋[39m [3mMining for more Dilithium crystals…[23m [38;5;103m(esc to cancel, 20s)[39m                                                                                [38;5;103m ? for shortcuts [39m
[38;5;59m────────────────────────────────────────────────────────────────────────────────────────────────────────────────────────────────────────────────────────────[39m
 [38;5;217mYOLO[38;5;103m ctrl+y[39m
[38;5;59m────────────────────────────────────────────────────────────────────────────────────────────────────────────────────────────────────────────────────────────[39m
 [38;5;217m* [38;5;103m  Type your message or @path/to/file[39m
[38;5;59m────────────────────────────────────────────────────────────────────────────────────────────────────────────────────────────────────────────────────────────[39m
 /mnt/.../chojn/projects/kanbanAgents[38;5;103m (main*)[39m                             [38;5;217mno sandbox[38;5;103m (see /docs)[39m                              [38;5;103m/model [39mgemini-3-flash-preview
[2K[1A[2K[1A[2K[1A[2K[1A[2K[1A[2K[1A[2K[1A[2K[1A[2K[G
 [38;5;182m⠙[39m [3mMining for more Dilithium crystals…[23m [38;5;103m(esc to cancel, 20s)[39m                                                                                [38;5;103m ? for shortcuts [39m
[38;5;59m────────────────────────────────────────────────────────────────────────────────────────────────────────────────────────────────────────────────────────────[39m
 [38;5;217mYOLO[38;5;103m ctrl+y[39m
[38;5;59m────────────────────────────────────────────────────────────────────────────────────────────────────────────────────────────────────────────────────────────[39m
 [38;5;217m* [38;5;103m  Type your message or @path/to/file[39m
[38;5;59m────────────────────────────────────────────────────────────────────────────────────────────────────────────────────────────────────────────────────────────[39m
 /mnt/.../chojn/projects/kanbanAgents[38;5;103m (main*)[39m                             [38;5;217mno sandbox[38;5;103m (see /docs)[39m                              [38;5;103m/model [39mgemini-3-flash-preview
[2K[1A[2K[1A[2K[1A[2K[1A[2K[1A[2K[1A[2K[1A[2K[1A[2K[G
 [38;5;182m⠹[39m [3mMining for more Dilithium crystals…[23m [38;5;103m(esc to cancel, 20s)[39m                                                                                [38;5;103m ? for shortcuts [39m
[38;5;59m────────────────────────────────────────────────────────────────────────────────────────────────────────────────────────────────────────────────────────────[39m
 [38;5;217mYOLO[38;5;103m ctrl+y[39m
[38;5;59m────────────────────────────────────────────────────────────────────────────────────────────────────────────────────────────────────────────────────────────[39m
 [38;5;217m* [38;5;103m  Type your message or @path/to/file[39m
[38;5;59m────────────────────────────────────────────────────────────────────────────────────────────────────────────────────────────────────────────────────────────[39m
 /mnt/.../chojn/projects/kanbanAgents[38;5;103m (main*)[39m                             [38;5;217mno sandbox[38;5;103m (see /docs)[39m                              [38;5;103m/model [39mgemini-3-flash-preview
[2K[1A[2K[1A[2K[1A[2K[1A[2K[1A[2K[1A[2K[1A[2K[1A[2K[G
 [38;5;182m⠸[39m [3mMining for more Dilithium crystals…[23m [38;5;103m(esc to cancel, 20s)[39m                                                                                [38;5;103m ? for shortcuts [39m
[38;5;59m────────────────────────────────────────────────────────────────────────────────────────────────────────────────────────────────────────────────────────────[39m
 [38;5;217mYOLO[38;5;103m ctrl+y[39m
[38;5;59m────────────────────────────────────────────────────────────────────────────────────────────────────────────────────────────────────────────────────────────[39m
 [38;5;217m* [38;5;103m  Type your message or @path/to/file[39m
[38;5;59m────────────────────────────────────────────────────────────────────────────────────────────────────────────────────────────────────────────────────────────[39m
 /mnt/.../chojn/projects/kanbanAgents[38;5;103m (main*)[39m                             [38;5;217mno sandbox[38;5;103m (see /docs)[39m                              [38;5;103m/model [39mgemini-3-flash-preview
[2K[1A[2K[1A[2K[1A[2K[1A[2K[1A[2K[1A[2K[1A[2K[1A[2K[G
 [38;5;183m⠼[39m [3mMining for more Dilithium crystals…[23m [38;5;103m(esc to cancel, 20s)[39m                                                                                [38;5;103m ? for shortcuts [39m
[38;5;59m────────────────────────────────────────────────────────────────────────────────────────────────────────────────────────────────────────────────────────────[39m
 [38;5;217mYOLO[38;5;103m ctrl+y[39m
[38;5;59m────────────────────────────────────────────────────────────────────────────────────────────────────────────────────────────────────────────────────────────[39m
 [38;5;217m* [38;5;103m  Type your message or @path/to/file[39m
[38;5;59m────────────────────────────────────────────────────────────────────────────────────────────────────────────────────────────────────────────────────────────[39m
 /mnt/.../chojn/projects/kanbanAgents[38;5;103m (main*)[39m                             [38;5;217mno sandbox[38;5;103m (see /docs)[39m                              [38;5;103m/model [39mgemini-3-flash-preview
[2K[1A[2K[1A[2K[1A[2K[1A[2K[1A[2K[1A[2K[1A[2K[1A[2K[G
 [38;5;183m⠴[39m [3mMining for more Dilithium crystals…[23m [38;5;103m(esc to cancel, 20s)[39m                                                                                [38;5;103m ? for shortcuts [39m
[38;5;59m────────────────────────────────────────────────────────────────────────────────────────────────────────────────────────────────────────────────────────────[39m
 [38;5;217mYOLO[38;5;103m ctrl+y[39m
[38;5;59m────────────────────────────────────────────────────────────────────────────────────────────────────────────────────────────────────────────────────────────[39m
 [38;5;217m* [38;5;103m  Type your message or @path/to/file[39m
[38;5;59m────────────────────────────────────────────────────────────────────────────────────────────────────────────────────────────────────────────────────────────[39m
 /mnt/.../chojn/projects/kanbanAgents[38;5;103m (main*)[39m                             [38;5;217mno sandbox[38;5;103m (see /docs)[39m                              [38;5;103m/model [39mgemini-3-flash-preview
[2K[1A[2K[1A[2K[1A[2K[1A[2K[1A[2K[1A[2K[1A[2K[1A[2K[G
 [38;5;183m⠦[39m [3mMining for more Dilithium crystals…[23m [38;5;103m(esc to cancel, 20s)[39m                                                                                [38;5;103m ? for shortcuts [39m
[38;5;59m────────────────────────────────────────────────────────────────────────────────────────────────────────────────────────────────────────────────────────────[39m
 [38;5;217mYOLO[38;5;103m ctrl+y[39m
[38;5;59m────────────────────────────────────────────────────────────────────────────────────────────────────────────────────────────────────────────────────────────[39m
 [38;5;217m* [38;5;103m  Type your message or @path/to/file[39m
[38;5;59m────────────────────────────────────────────────────────────────────────────────────────────────────────────────────────────────────────────────────────────[39m
 /mnt/.../chojn/projects/kanbanAgents[38;5;103m (main*)[39m                             [38;5;217mno sandbox[38;5;103m (see /docs)[39m                              [38;5;103m/model [39mgemini-3-flash-preview
[2K[1A[2K[1A[2K[1A[2K[1A[2K[1A[2K[1A[2K[1A[2K[1A[2K[G
 [38;5;183m⠧[39m [3mMining for more Dilithium crystals…[23m [38;5;103m(esc to cancel, 20s)[39m                                                                                [38;5;103m ? for shortcuts [39m
[38;5;59m────────────────────────────────────────────────────────────────────────────────────────────────────────────────────────────────────────────────────────────[39m
 [38;5;217mYOLO[38;5;103m ctrl+y[39m
[38;5;59m────────────────────────────────────────────────────────────────────────────────────────────────────────────────────────────────────────────────────────────[39m
 [38;5;217m* [38;5;103m  Type your message or @path/to/file[39m
[38;5;59m────────────────────────────────────────────────────────────────────────────────────────────────────────────────────────────────────────────────────────────[39m
 /mnt/.../chojn/projects/kanbanAgents[38;5;103m (main*)[39m                             [38;5;217mno sandbox[38;5;103m (see /docs)[39m                              [38;5;103m/model [39mgemini-3-flash-preview
[2K[1A[2K[1A[2K[1A[2K[1A[2K[1A[2K[1A[2K[1A[2K[1A[2K[G
 [38;5;183m⠇[39m [3mMining for more Dilithium crystals…[23m [38;5;103m(esc to cancel, 20s)[39m                                                                                [38;5;103m ? for shortcuts [39m
[38;5;59m────────────────────────────────────────────────────────────────────────────────────────────────────────────────────────────────────────────────────────────[39m
 [38;5;217mYOLO[38;5;103m ctrl+y[39m
[38;5;59m────────────────────────────────────────────────────────────────────────────────────────────────────────────────────────────────────────────────────────────[39m
 [38;5;217m* [38;5;103m  Type your message or @path/to/file[39m
[38;5;59m────────────────────────────────────────────────────────────────────────────────────────────────────────────────────────────────────────────────────────────[39m
 /mnt/.../chojn/projects/kanbanAgents[38;5;103m (main*)[39m                             [38;5;217mno sandbox[38;5;103m (see /docs)[39m                              [38;5;103m/model [39mgemini-3-flash-preview
[2K[1A[2K[1A[2K[1A[2K[1A[2K[1A[2K[1A[2K[1A[2K[1A[2K[G
 [38;5;147m⠏[39m [3mMining for more Dilithium crystals…[23m [38;5;103m(esc to cancel, 20s)[39m                                                                                [38;5;103m ? for shortcuts [39m
[38;5;59m────────────────────────────────────────────────────────────────────────────────────────────────────────────────────────────────────────────────────────────[39m
 [38;5;217mYOLO[38;5;103m ctrl+y[39m
[38;5;59m────────────────────────────────────────────────────────────────────────────────────────────────────────────────────────────────────────────────────────────[39m
 [38;5;217m* [38;5;103m  Type your message or @path/to/file[39m
[38;5;59m────────────────────────────────────────────────────────────────────────────────────────────────────────────────────────────────────────────────────────────[39m
 /mnt/.../chojn/projects/kanbanAgents[38;5;103m (main*)[39m                             [38;5;217mno sandbox[38;5;103m (see /docs)[39m                              [38;5;103m/model [39mgemini-3-flash-preview
[2K[1A[2K[1A[2K[1A[2K[1A[2K[1A[2K[1A[2K[1A[2K[1A[2K[G
 [38;5;147m⠋[39m [3mMining for more Dilithium crystals…[23m [38;5;103m(esc to cancel, 20s)[39m                                                                                [38;5;103m ? for shortcuts [39m
[38;5;59m────────────────────────────────────────────────────────────────────────────────────────────────────────────────────────────────────────────────────────────[39m
 [38;5;217mYOLO[38;5;103m ctrl+y[39m
[38;5;59m────────────────────────────────────────────────────────────────────────────────────────────────────────────────────────────────────────────────────────────[39m
 [38;5;217m* [38;5;103m  Type your message or @path/to/file[39m
[38;5;59m────────────────────────────────────────────────────────────────────────────────────────────────────────────────────────────────────────────────────────────[39m
 /mnt/.../chojn/projects/kanbanAgents[38;5;103m (main*)[39m                             [38;5;217mno sandbox[38;5;103m (see /docs)[39m                              [38;5;103m/model [39mgemini-3-flash-preview
[2K[1A[2K[1A[2K[1A[2K[1A[2K[1A[2K[1A[2K[1A[2K[1A[2K[G
 [38;5;147m⠋[39m [3mMining for more Dilithium crystals…[23m [38;5;103m(esc to cancel, 21s)[39m                                                                                [38;5;103m ? for shortcuts [39m
[38;5;59m────────────────────────────────────────────────────────────────────────────────────────────────────────────────────────────────────────────────────────────[39m
 [38;5;217mYOLO[38;5;103m ctrl+y[39m
[38;5;59m────────────────────────────────────────────────────────────────────────────────────────────────────────────────────────────────────────────────────────────[39m
 [38;5;217m* [38;5;103m  Type your message or @path/to/file[39m
[38;5;59m────────────────────────────────────────────────────────────────────────────────────────────────────────────────────────────────────────────────────────────[39m
 /mnt/.../chojn/projects/kanbanAgents[38;5;103m (main*)[39m                             [38;5;217mno sandbox[38;5;103m (see /docs)[39m                              [38;5;103m/model [39mgemini-3-flash-preview
[2K[1A[2K[1A[2K[1A[2K[1A[2K[1A[2K[1A[2K[1A[2K[1A[2K[G
 [38;5;147m⠙[39m [3mMining for more Dilithium crystals…[23m [38;5;103m(esc to cancel, 21s)[39m                                                                                [38;5;103m ? for shortcuts [39m
[38;5;59m────────────────────────────────────────────────────────────────────────────────────────────────────────────────────────────────────────────────────────────[39m
 [38;5;217mYOLO[38;5;103m ctrl+y[39m
[38;5;59m────────────────────────────────────────────────────────────────────────────────────────────────────────────────────────────────────────────────────────────[39m
 [38;5;217m* [38;5;103m  Type your message or @path/to/file[39m
[38;5;59m────────────────────────────────────────────────────────────────────────────────────────────────────────────────────────────────────────────────────────────[39m
 /mnt/.../chojn/projects/kanbanAgents[38;5;103m (main*)[39m                             [38;5;217mno sandbox[38;5;103m (see /docs)[39m                              [38;5;103m/model [39mgemini-3-flash-preview
[2K[1A[2K[1A[2K[1A[2K[1A[2K[1A[2K[1A[2K[1A[2K[1A[2K[G
 [38;5;147m⠹[39m [3mMining for more Dilithium crystals…[23m [38;5;103m(esc to cancel, 21s)[39m                                                                                [38;5;103m ? for shortcuts [39m
[38;5;59m────────────────────────────────────────────────────────────────────────────────────────────────────────────────────────────────────────────────────────────[39m
 [38;5;217mYOLO[38;5;103m ctrl+y[39m
[38;5;59m────────────────────────────────────────────────────────────────────────────────────────────────────────────────────────────────────────────────────────────[39m
 [38;5;217m* [38;5;103m  Type your message or @path/to/file[39m
[38;5;59m────────────────────────────────────────────────────────────────────────────────────────────────────────────────────────────────────────────────────────────[39m
 /mnt/.../chojn/projects/kanbanAgents[38;5;103m (main*)[39m                             [38;5;217mno sandbox[38;5;103m (see /docs)[39m                              [38;5;103m/model [39mgemini-3-flash-preview
[2K[1A[2K[1A[2K[1A[2K[1A[2K[1A[2K[1A[2K[1A[2K[1A[2K[G
 [38;5;147m⠸[39m [3mMining for more Dilithium crystals…[23m [38;5;103m(esc to cancel, 21s)[39m                                                                                [38;5;103m ? for shortcuts [39m
[38;5;59m────────────────────────────────────────────────────────────────────────────────────────────────────────────────────────────────────────────────────────────[39m
 [38;5;217mYOLO[38;5;103m ctrl+y[39m
[38;5;59m────────────────────────────────────────────────────────────────────────────────────────────────────────────────────────────────────────────────────────────[39m
 [38;5;217m* [38;5;103m  Type your message or @path/to/file[39m
[38;5;59m────────────────────────────────────────────────────────────────────────────────────────────────────────────────────────────────────────────────────────────[39m
 /mnt/.../chojn/projects/kanbanAgents[38;5;103m (main*)[39m                             [38;5;217mno sandbox[38;5;103m (see /docs)[39m                              [38;5;103m/model [39mgemini-3-flash-preview
[2K[1A[2K[1A[2K[1A[2K[1A[2K[1A[2K[1A[2K[1A[2K[1A[2K[G
 [38;5;153m⠼[39m [3mMining for more Dilithium crystals…[23m [38;5;103m(esc to cancel, 21s)[39m                                                                                [38;5;103m ? for shortcuts [39m
[38;5;59m────────────────────────────────────────────────────────────────────────────────────────────────────────────────────────────────────────────────────────────[39m
 [38;5;217mYOLO[38;5;103m ctrl+y[39m
[38;5;59m────────────────────────────────────────────────────────────────────────────────────────────────────────────────────────────────────────────────────────────[39m
 [38;5;217m* [38;5;103m  Type your message or @path/to/file[39m
[38;5;59m────────────────────────────────────────────────────────────────────────────────────────────────────────────────────────────────────────────────────────────[39m
 /mnt/.../chojn/projects/kanbanAgents[38;5;103m (main*)[39m                             [38;5;217mno sandbox[38;5;103m (see /docs)[39m                              [38;5;103m/model [39mgemini-3-flash-preview
[2K[1A[2K[1A[2K[1A[2K[1A[2K[1A[2K[1A[2K[1A[2K[1A[2K[G
 [38;5;153m⠴[39m [3mMining for more Dilithium crystals…[23m [38;5;103m(esc to cancel, 21s)[39m                                                                                [38;5;103m ? for shortcuts [39m
[38;5;59m────────────────────────────────────────────────────────────────────────────────────────────────────────────────────────────────────────────────────────────[39m
 [38;5;217mYOLO[38;5;103m ctrl+y[39m
[38;5;59m────────────────────────────────────────────────────────────────────────────────────────────────────────────────────────────────────────────────────────────[39m
 [38;5;217m* [38;5;103m  Type your message or @path/to/file[39m
[38;5;59m────────────────────────────────────────────────────────────────────────────────────────────────────────────────────────────────────────────────────────────[39m
 /mnt/.../chojn/projects/kanbanAgents[38;5;103m (main*)[39m                             [38;5;217mno sandbox[38;5;103m (see /docs)[39m                              [38;5;103m/model [39mgemini-3-flash-preview
[2K[1A[2K[1A[2K[1A[2K[1A[2K[1A[2K[1A[2K[1A[2K[1A[2K[G
 [38;5;153m⠦[39m [3mMining for more Dilithium crystals…[23m [38;5;103m(esc to cancel, 21s)[39m                                                                                [38;5;103m ? for shortcuts [39m
[38;5;59m────────────────────────────────────────────────────────────────────────────────────────────────────────────────────────────────────────────────────────────[39m
 [38;5;217mYOLO[38;5;103m ctrl+y[39m
[38;5;59m────────────────────────────────────────────────────────────────────────────────────────────────────────────────────────────────────────────────────────────[39m
 [38;5;217m* [38;5;103m  Type your message or @path/to/file[39m
[38;5;59m────────────────────────────────────────────────────────────────────────────────────────────────────────────────────────────────────────────────────────────[39m
 /mnt/.../chojn/projects/kanbanAgents[38;5;103m (main*)[39m                             [38;5;217mno sandbox[38;5;103m (see /docs)[39m                              [38;5;103m/model [39mgemini-3-flash-preview
[2K[1A[2K[1A[2K[1A[2K[1A[2K[1A[2K[1A[2K[1A[2K[1A[2K[G
 [38;5;153m⠧[39m [3mMining for more Dilithium crystals…[23m [38;5;103m(esc to cancel, 21s)[39m                                                                                [38;5;103m ? for shortcuts [39m
[38;5;59m────────────────────────────────────────────────────────────────────────────────────────────────────────────────────────────────────────────────────────────[39m
 [38;5;217mYOLO[38;5;103m ctrl+y[39m
[38;5;59m────────────────────────────────────────────────────────────────────────────────────────────────────────────────────────────────────────────────────────────[39m
 [38;5;217m* [38;5;103m  Type your message or @path/to/file[39m
[38;5;59m────────────────────────────────────────────────────────────────────────────────────────────────────────────────────────────────────────────────────────────[39m
 /mnt/.../chojn/projects/kanbanAgents[38;5;103m (main*)[39m                             [38;5;217mno sandbox[38;5;103m (see /docs)[39m                              [38;5;103m/model [39mgemini-3-flash-preview
[2K[1A[2K[1A[2K[1A[2K[1A[2K[1A[2K[1A[2K[1A[2K[1A[2K[G
 [38;5;153m⠇[39m [3mMining for more Dilithium crystals…[23m [38;5;103m(esc to cancel, 21s)[39m                                                                                [38;5;103m ? for shortcuts [39m
[38;5;59m────────────────────────────────────────────────────────────────────────────────────────────────────────────────────────────────────────────────────────────[39m
 [38;5;217mYOLO[38;5;103m ctrl+y[39m
[38;5;59m────────────────────────────────────────────────────────────────────────────────────────────────────────────────────────────────────────────────────────────[39m
 [38;5;217m* [38;5;103m  Type your message or @path/to/file[39m
[38;5;59m────────────────────────────────────────────────────────────────────────────────────────────────────────────────────────────────────────────────────────────[39m
 /mnt/.../chojn/projects/kanbanAgents[38;5;103m (main*)[39m                             [38;5;217mno sandbox[38;5;103m (see /docs)[39m                              [38;5;103m/model [39mgemini-3-flash-preview
[2K[1A[2K[1A[2K[1A[2K[1A[2K[1A[2K[1A[2K[1A[2K[1A[2K[G
 [38;5;153m⠏[39m [3mMining for more Dilithium crystals…[23m [38;5;103m(esc to cancel, 21s)[39m                                                                                [38;5;103m ? for shortcuts [39m
[38;5;59m────────────────────────────────────────────────────────────────────────────────────────────────────────────────────────────────────────────────────────────[39m
 [38;5;217mYOLO[38;5;103m ctrl+y[39m
[38;5;59m────────────────────────────────────────────────────────────────────────────────────────────────────────────────────────────────────────────────────────────[39m
 [38;5;217m* [38;5;103m  Type your message or @path/to/file[39m
[38;5;59m────────────────────────────────────────────────────────────────────────────────────────────────────────────────────────────────────────────────────────────[39m
 /mnt/.../chojn/projects/kanbanAgents[38;5;103m (main*)[39m                             [38;5;217mno sandbox[38;5;103m (see /docs)[39m                              [38;5;103m/model [39mgemini-3-flash-preview
[2K[1A[2K[1A[2K[1A[2K[1A[2K[1A[2K[1A[2K[1A[2K[1A[2K[G
 [38;5;153m⠋[39m [3mMining for more Dilithium crystals…[23m [38;5;103m(esc to cancel, 21s)[39m                                                                                [38;5;103m ? for shortcuts [39m
[38;5;59m────────────────────────────────────────────────────────────────────────────────────────────────────────────────────────────────────────────────────────────[39m
 [38;5;217mYOLO[38;5;103m ctrl+y[39m
[38;5;59m────────────────────────────────────────────────────────────────────────────────────────────────────────────────────────────────────────────────────────────[39m
 [38;5;217m* [38;5;103m  Type your message or @path/to/file[39m
[38;5;59m────────────────────────────────────────────────────────────────────────────────────────────────────────────────────────────────────────────────────────────[39m
 /mnt/.../chojn/projects/kanbanAgents[38;5;103m (main*)[39m                             [38;5;217mno sandbox[38;5;103m (see /docs)[39m                              [38;5;103m/model [39mgemini-3-flash-preview
[2K[1A[2K[1A[2K[1A[2K[1A[2K[1A[2K[1A[2K[1A[2K[1A[2K[G
 [38;5;153m⠙[39m [3mMining for more Dilithium crystals…[23m [38;5;103m(esc to cancel, 21s)[39m                                                                                [38;5;103m ? for shortcuts [39m
[38;5;59m────────────────────────────────────────────────────────────────────────────────────────────────────────────────────────────────────────────────────────────[39m
 [38;5;217mYOLO[38;5;103m ctrl+y[39m
[38;5;59m────────────────────────────────────────────────────────────────────────────────────────────────────────────────────────────────────────────────────────────[39m
 [38;5;217m* [38;5;103m  Type your message or @path/to/file[39m
[38;5;59m────────────────────────────────────────────────────────────────────────────────────────────────────────────────────────────────────────────────────────────[39m
 /mnt/.../chojn/projects/kanbanAgents[38;5;103m (main*)[39m                             [38;5;217mno sandbox[38;5;103m (see /docs)[39m                              [38;5;103m/model [39mgemini-3-flash-preview
[2K[1A[2K[1A[2K[1A[2K[1A[2K[1A[2K[1A[2K[1A[2K[1A[2K[G
 [38;5;153m⠹[39m [3mMining for more Dilithium crystals…[23m [38;5;103m(esc to cancel, 21s)[39m                                                                                [38;5;103m ? for shortcuts [39m
[38;5;59m────────────────────────────────────────────────────────────────────────────────────────────────────────────────────────────────────────────────────────────[39m
 [38;5;217mYOLO[38;5;103m ctrl+y[39m
[38;5;59m────────────────────────────────────────────────────────────────────────────────────────────────────────────────────────────────────────────────────────────[39m
 [38;5;217m* [38;5;103m  Type your message or @path/to/file[39m
[38;5;59m────────────────────────────────────────────────────────────────────────────────────────────────────────────────────────────────────────────────────────────[39m
 /mnt/.../chojn/projects/kanbanAgents[38;5;103m (main*)[39m                             [38;5;217mno sandbox[38;5;103m (see /docs)[39m                              [38;5;103m/model [39mgemini-3-flash-preview
[2K[1A[2K[1A[2K[1A[2K[1A[2K[1A[2K[1A[2K[1A[2K[1A[2K[G
 [38;5;153m⠹[39m [3mMining for more Dilithium crystals…[23m [38;5;103m(esc to cancel, 22s)[39m                                                                                [38;5;103m ? for shortcuts [39m
[38;5;59m────────────────────────────────────────────────────────────────────────────────────────────────────────────────────────────────────────────────────────────[39m
 [38;5;217mYOLO[38;5;103m ctrl+y[39m
[38;5;59m────────────────────────────────────────────────────────────────────────────────────────────────────────────────────────────────────────────────────────────[39m
 [38;5;217m* [38;5;103m  Type your message or @path/to/file[39m
[38;5;59m────────────────────────────────────────────────────────────────────────────────────────────────────────────────────────────────────────────────────────────[39m
 /mnt/.../chojn/projects/kanbanAgents[38;5;103m (main*)[39m                             [38;5;217mno sandbox[38;5;103m (see /docs)[39m                              [38;5;103m/model [39mgemini-3-flash-preview
[2K[1A[2K[1A[2K[1A[2K[1A[2K[1A[2K[1A[2K[1A[2K[1A[2K[G
 [38;5;153m⠸[39m [3mMining for more Dilithium crystals…[23m [38;5;103m(esc to cancel, 22s)[39m                                                                                [38;5;103m ? for shortcuts [39m
[38;5;59m────────────────────────────────────────────────────────────────────────────────────────────────────────────────────────────────────────────────────────────[39m
 [38;5;217mYOLO[38;5;103m ctrl+y[39m
[38;5;59m────────────────────────────────────────────────────────────────────────────────────────────────────────────────────────────────────────────────────────────[39m
 [38;5;217m* [38;5;103m  Type your message or @path/to/file[39m
[38;5;59m────────────────────────────────────────────────────────────────────────────────────────────────────────────────────────────────────────────────────────────[39m
 /mnt/.../chojn/projects/kanbanAgents[38;5;103m (main*)[39m                             [38;5;217mno sandbox[38;5;103m (see /docs)[39m                              [38;5;103m/model [39mgemini-3-flash-preview
[2K[1A[2K[1A[2K[1A[2K[1A[2K[1A[2K[1A[2K[1A[2K[1A[2K[G
 [38;5;152m⠼[39m [3mMining for more Dilithium crystals…[23m [38;5;103m(esc to cancel, 22s)[39m                                                                                [38;5;103m ? for shortcuts [39m
[38;5;59m────────────────────────────────────────────────────────────────────────────────────────────────────────────────────────────────────────────────────────────[39m
 [38;5;217mYOLO[38;5;103m ctrl+y[39m
[38;5;59m────────────────────────────────────────────────────────────────────────────────────────────────────────────────────────────────────────────────────────────[39m
 [38;5;217m* [38;5;103m  Type your message or @path/to/file[39m
[38;5;59m────────────────────────────────────────────────────────────────────────────────────────────────────────────────────────────────────────────────────────────[39m
 /mnt/.../chojn/projects/kanbanAgents[38;5;103m (main*)[39m                             [38;5;217mno sandbox[38;5;103m (see /docs)[39m                              [38;5;103m/model [39mgemini-3-flash-preview
[2K[1A[2K[1A[2K[1A[2K[1A[2K[1A[2K[1A[2K[1A[2K[1A[2K[G
 [38;5;152m⠴[39m [3mMining for more Dilithium crystals…[23m [38;5;103m(esc to cancel, 22s)[39m                                                                                [38;5;103m ? for shortcuts [39m
[38;5;59m────────────────────────────────────────────────────────────────────────────────────────────────────────────────────────────────────────────────────────────[39m
 [38;5;217mYOLO[38;5;103m ctrl+y[39m
[38;5;59m────────────────────────────────────────────────────────────────────────────────────────────────────────────────────────────────────────────────────────────[39m
 [38;5;217m* [38;5;103m  Type your message or @path/to/file[39m
[38;5;59m────────────────────────────────────────────────────────────────────────────────────────────────────────────────────────────────────────────────────────────[39m
 /mnt/.../chojn/projects/kanbanAgents[38;5;103m (main*)[39m                             [38;5;217mno sandbox[38;5;103m (see /docs)[39m                              [38;5;103m/model [39mgemini-3-flash-preview
[2K[1A[2K[1A[2K[1A[2K[1A[2K[1A[2K[1A[2K[1A[2K[1A[2K[G
 [38;5;152m⠦[39m [3mMining for more Dilithium crystals…[23m [38;5;103m(esc to cancel, 22s)[39m                                                                                [38;5;103m ? for shortcuts [39m
[38;5;59m────────────────────────────────────────────────────────────────────────────────────────────────────────────────────────────────────────────────────────────[39m
 [38;5;217mYOLO[38;5;103m ctrl+y[39m
[38;5;59m────────────────────────────────────────────────────────────────────────────────────────────────────────────────────────────────────────────────────────────[39m
 [38;5;217m* [38;5;103m  Type your message or @path/to/file[39m
[38;5;59m────────────────────────────────────────────────────────────────────────────────────────────────────────────────────────────────────────────────────────────[39m
 /mnt/.../chojn/projects/kanbanAgents[38;5;103m (main*)[39m                             [38;5;217mno sandbox[38;5;103m (see /docs)[39m                              [38;5;103m/model [39mgemini-3-flash-preview
[2K[1A[2K[1A[2K[1A[2K[1A[2K[1A[2K[1A[2K[1A[2K[1A[2K[G
 [38;5;152m⠧[39m [3mMining for more Dilithium crystals…[23m [38;5;103m(esc to cancel, 22s)[39m                                                                                [38;5;103m ? for shortcuts [39m
[38;5;59m────────────────────────────────────────────────────────────────────────────────────────────────────────────────────────────────────────────────────────────[39m
 [38;5;217mYOLO[38;5;103m ctrl+y[39m
[38;5;59m────────────────────────────────────────────────────────────────────────────────────────────────────────────────────────────────────────────────────────────[39m
 [38;5;217m* [38;5;103m  Type your message or @path/to/file[39m
[38;5;59m────────────────────────────────────────────────────────────────────────────────────────────────────────────────────────────────────────────────────────────[39m
 /mnt/.../chojn/projects/kanbanAgents[38;5;103m (main*)[39m                             [38;5;217mno sandbox[38;5;103m (see /docs)[39m                              [38;5;103m/model [39mgemini-3-flash-preview
[2K[1A[2K[1A[2K[1A[2K[1A[2K[1A[2K[1A[2K[1A[2K[1A[2K[G
 [38;5;152m⠇[39m [3mMining for more Dilithium crystals…[23m [38;5;103m(esc to cancel, 22s)[39m                                                                                [38;5;103m ? for shortcuts [39m
[38;5;59m────────────────────────────────────────────────────────────────────────────────────────────────────────────────────────────────────────────────────────────[39m
 [38;5;217mYOLO[38;5;103m ctrl+y[39m
[38;5;59m────────────────────────────────────────────────────────────────────────────────────────────────────────────────────────────────────────────────────────────[39m
 [38;5;217m* [38;5;103m  Type your message or @path/to/file[39m
[38;5;59m────────────────────────────────────────────────────────────────────────────────────────────────────────────────────────────────────────────────────────────[39m
 /mnt/.../chojn/projects/kanbanAgents[38;5;103m (main*)[39m                             [38;5;217mno sandbox[38;5;103m (see /docs)[39m                              [38;5;103m/model [39mgemini-3-flash-preview
[2K[1A[2K[1A[2K[1A[2K[1A[2K[1A[2K[1A[2K[1A[2K[1A[2K[G
 [38;5;152m⠏[39m [3mMining for more Dilithium crystals…[23m [38;5;103m(esc to cancel, 22s)[39m                                                                                [38;5;103m ? for shortcuts [39m
[38;5;59m────────────────────────────────────────────────────────────────────────────────────────────────────────────────────────────────────────────────────────────[39m
 [38;5;217mYOLO[38;5;103m ctrl+y[39m
[38;5;59m────────────────────────────────────────────────────────────────────────────────────────────────────────────────────────────────────────────────────────────[39m
 [38;5;217m* [38;5;103m  Type your message or @path/to/file[39m
[38;5;59m────────────────────────────────────────────────────────────────────────────────────────────────────────────────────────────────────────────────────────────[39m
 /mnt/.../chojn/projects/kanbanAgents[38;5;103m (main*)[39m                             [38;5;217mno sandbox[38;5;103m (see /docs)[39m                              [38;5;103m/model [39mgemini-3-flash-preview
[2K[1A[2K[1A[2K[1A[2K[1A[2K[1A[2K[1A[2K[1A[2K[1A[2K[G
 [38;5;152m⠋[39m [3mMining for more Dilithium crystals…[23m [38;5;103m(esc to cancel, 22s)[39m                                                                                [38;5;103m ? for shortcuts [39m
[38;5;59m────────────────────────────────────────────────────────────────────────────────────────────────────────────────────────────────────────────────────────────[39m
 [38;5;217mYOLO[38;5;103m ctrl+y[39m
[38;5;59m────────────────────────────────────────────────────────────────────────────────────────────────────────────────────────────────────────────────────────────[39m
 [38;5;217m* [38;5;103m  Type your message or @path/to/file[39m
[38;5;59m────────────────────────────────────────────────────────────────────────────────────────────────────────────────────────────────────────────────────────────[39m
 /mnt/.../chojn/projects/kanbanAgents[38;5;103m (main*)[39m                             [38;5;217mno sandbox[38;5;103m (see /docs)[39m                              [38;5;103m/model [39mgemini-3-flash-preview
[2K[1A[2K[1A[2K[1A[2K[1A[2K[1A[2K[1A[2K[1A[2K[1A[2K[G
 [38;5;151m⠋[39m [3mMining for more Dilithium crystals…[23m [38;5;103m(esc to cancel, 22s)[39m                                                                                [38;5;103m ? for shortcuts [39m
[38;5;59m────────────────────────────────────────────────────────────────────────────────────────────────────────────────────────────────────────────────────────────[39m
 [38;5;217mYOLO[38;5;103m ctrl+y[39m
[38;5;59m────────────────────────────────────────────────────────────────────────────────────────────────────────────────────────────────────────────────────────────[39m
 [38;5;217m* [38;5;103m  Type your message or @path/to/file[39m
[38;5;59m────────────────────────────────────────────────────────────────────────────────────────────────────────────────────────────────────────────────────────────[39m
 /mnt/.../chojn/projects/kanbanAgents[38;5;103m (main*)[39m                             [38;5;217mno sandbox[38;5;103m (see /docs)[39m                              [38;5;103m/model [39mgemini-3-flash-preview
[2K[1A[2K[1A[2K[1A[2K[1A[2K[1A[2K[1A[2K[1A[2K[1A[2K[G
 [38;5;151m⠙[39m [3mMining for more Dilithium crystals…[23m [38;5;103m(esc to cancel, 22s)[39m                                                                                [38;5;103m ? for shortcuts [39m
[38;5;59m────────────────────────────────────────────────────────────────────────────────────────────────────────────────────────────────────────────────────────────[39m
 [38;5;217mYOLO[38;5;103m ctrl+y[39m
[38;5;59m────────────────────────────────────────────────────────────────────────────────────────────────────────────────────────────────────────────────────────────[39m
 [38;5;217m* [38;5;103m  Type your message or @path/to/file[39m
[38;5;59m────────────────────────────────────────────────────────────────────────────────────────────────────────────────────────────────────────────────────────────[39m
 /mnt/.../chojn/projects/kanbanAgents[38;5;103m (main*)[39m                             [38;5;217mno sandbox[38;5;103m (see /docs)[39m                              [38;5;103m/model [39mgemini-3-flash-preview
[2K[1A[2K[1A[2K[1A[2K[1A[2K[1A[2K[1A[2K[1A[2K[1A[2K[G
 [38;5;151m⠹[39m [3mMining for more Dilithium crystals…[23m [38;5;103m(esc to cancel, 22s)[39m                                                                                [38;5;103m ? for shortcuts [39m
[38;5;59m────────────────────────────────────────────────────────────────────────────────────────────────────────────────────────────────────────────────────────────[39m
 [38;5;217mYOLO[38;5;103m ctrl+y[39m
[38;5;59m────────────────────────────────────────────────────────────────────────────────────────────────────────────────────────────────────────────────────────────[39m
 [38;5;217m* [38;5;103m  Type your message or @path/to/file[39m
[38;5;59m────────────────────────────────────────────────────────────────────────────────────────────────────────────────────────────────────────────────────────────[39m
 /mnt/.../chojn/projects/kanbanAgents[38;5;103m (main*)[39m                             [38;5;217mno sandbox[38;5;103m (see /docs)[39m                              [38;5;103m/model [39mgemini-3-flash-preview
[2K[1A[2K[1A[2K[1A[2K[1A[2K[1A[2K[1A[2K[1A[2K[1A[2K[G
 [38;5;151m⠸[39m [3mMining for more Dilithium crystals…[23m [38;5;103m(esc to cancel, 22s)[39m                                                                                [38;5;103m ? for shortcuts [39m
[38;5;59m────────────────────────────────────────────────────────────────────────────────────────────────────────────────────────────────────────────────────────────[39m
 [38;5;217mYOLO[38;5;103m ctrl+y[39m
[38;5;59m────────────────────────────────────────────────────────────────────────────────────────────────────────────────────────────────────────────────────────────[39m
 [38;5;217m* [38;5;103m  Type your message or @path/to/file[39m
[38;5;59m────────────────────────────────────────────────────────────────────────────────────────────────────────────────────────────────────────────────────────────[39m
 /mnt/.../chojn/projects/kanbanAgents[38;5;103m (main*)[39m                             [38;5;217mno sandbox[38;5;103m (see /docs)[39m                              [38;5;103m/model [39mgemini-3-flash-preview
[2K[1A[2K[1A[2K[1A[2K[1A[2K[1A[2K[1A[2K[1A[2K[1A[2K[G
 [38;5;187m⠸[39m [3mMining for more Dilithium crystals…[23m [38;5;103m(esc to cancel, 22s)[39m                                                                                [38;5;103m ? for shortcuts [39m
[38;5;59m────────────────────────────────────────────────────────────────────────────────────────────────────────────────────────────────────────────────────────────[39m
 [38;5;217mYOLO[38;5;103m ctrl+y[39m
[38;5;59m────────────────────────────────────────────────────────────────────────────────────────────────────────────────────────────────────────────────────────────[39m
 [38;5;217m* [38;5;103m  Type your message or @path/to/file[39m
[38;5;59m────────────────────────────────────────────────────────────────────────────────────────────────────────────────────────────────────────────────────────────[39m
 /mnt/.../chojn/projects/kanbanAgents[38;5;103m (main*)[39m                             [38;5;217mno sandbox[38;5;103m (see /docs)[39m                              [38;5;103m/model [39mgemini-3-flash-preview
[2K[1A[2K[1A[2K[1A[2K[1A[2K[1A[2K[1A[2K[1A[2K[1A[2K[G
 [38;5;187m⠼[39m [3mMining for more Dilithium crystals…[23m [38;5;103m(esc to cancel, 22s)[39m                                                                                [38;5;103m ? for shortcuts [39m
[38;5;59m────────────────────────────────────────────────────────────────────────────────────────────────────────────────────────────────────────────────────────────[39m
 [38;5;217mYOLO[38;5;103m ctrl+y[39m
[38;5;59m────────────────────────────────────────────────────────────────────────────────────────────────────────────────────────────────────────────────────────────[39m
 [38;5;217m* [38;5;103m  Type your message or @path/to/file[39m
[38;5;59m────────────────────────────────────────────────────────────────────────────────────────────────────────────────────────────────────────────────────────────[39m
 /mnt/.../chojn/projects/kanbanAgents[38;5;103m (main*)[39m                             [38;5;217mno sandbox[38;5;103m (see /docs)[39m                              [38;5;103m/model [39mgemini-3-flash-preview
[2K[1A[2K[1A[2K[1A[2K[1A[2K[1A[2K[1A[2K[1A[2K[1A[2K[G
 [38;5;187m⠴[39m [3mMining for more Dilithium crystals…[23m [38;5;103m(esc to cancel, 23s)[39m                                                                                [38;5;103m ? for shortcuts [39m
[38;5;59m────────────────────────────────────────────────────────────────────────────────────────────────────────────────────────────────────────────────────────────[39m
 [38;5;217mYOLO[38;5;103m ctrl+y[39m
[38;5;59m────────────────────────────────────────────────────────────────────────────────────────────────────────────────────────────────────────────────────────────[39m
 [38;5;217m* [38;5;103m  Type your message or @path/to/file[39m
[38;5;59m────────────────────────────────────────────────────────────────────────────────────────────────────────────────────────────────────────────────────────────[39m
 /mnt/.../chojn/projects/kanbanAgents[38;5;103m (main*)[39m                             [38;5;217mno sandbox[38;5;103m (see /docs)[39m                              [38;5;103m/model [39mgemini-3-flash-preview
[2K[1A[2K[1A[2K[1A[2K[1A[2K[1A[2K[1A[2K[1A[2K[1A[2K[G
 [38;5;187m⠦[39m [3mMining for more Dilithium crystals…[23m [38;5;103m(esc to cancel, 23s)[39m                                                                                [38;5;103m ? for shortcuts [39m
[38;5;59m────────────────────────────────────────────────────────────────────────────────────────────────────────────────────────────────────────────────────────────[39m
 [38;5;217mYOLO[38;5;103m ctrl+y[39m
[38;5;59m────────────────────────────────────────────────────────────────────────────────────────────────────────────────────────────────────────────────────────────[39m
 [38;5;217m* [38;5;103m  Type your message or @path/to/file[39m
[38;5;59m────────────────────────────────────────────────────────────────────────────────────────────────────────────────────────────────────────────────────────────[39m
 /mnt/.../chojn/projects/kanbanAgents[38;5;103m (main*)[39m                             [38;5;217mno sandbox[38;5;103m (see /docs)[39m                              [38;5;103m/model [39mgemini-3-flash-preview
[2K[1A[2K[1A[2K[1A[2K[1A[2K[1A[2K[1A[2K[1A[2K[1A[2K[G
 [38;5;187m⠧[39m [3mMining for more Dilithium crystals…[23m [38;5;103m(esc to cancel, 23s)[39m                                                                                [38;5;103m ? for shortcuts [39m
[38;5;59m────────────────────────────────────────────────────────────────────────────────────────────────────────────────────────────────────────────────────────────[39m
 [38;5;217mYOLO[38;5;103m ctrl+y[39m
[38;5;59m────────────────────────────────────────────────────────────────────────────────────────────────────────────────────────────────────────────────────────────[39m
 [38;5;217m* [38;5;103m  Type your message or @path/to/file[39m
[38;5;59m────────────────────────────────────────────────────────────────────────────────────────────────────────────────────────────────────────────────────────────[39m
 /mnt/.../chojn/projects/kanbanAgents[38;5;103m (main*)[39m                             [38;5;217mno sandbox[38;5;103m (see /docs)[39m                              [38;5;103m/model [39mgemini-3-flash-preview
[2K[1A[2K[1A[2K[1A[2K[1A[2K[1A[2K[1A[2K[1A[2K[1A[2K[G
 [38;5;187m⠇[39m [3mMining for more Dilithium crystals…[23m [38;5;103m(esc to cancel, 23s)[39m                                                                                [38;5;103m ? for shortcuts [39m
[38;5;59m────────────────────────────────────────────────────────────────────────────────────────────────────────────────────────────────────────────────────────────[39m
 [38;5;217mYOLO[38;5;103m ctrl+y[39m
[38;5;59m────────────────────────────────────────────────────────────────────────────────────────────────────────────────────────────────────────────────────────────[39m
 [38;5;217m* [38;5;103m  Type your message or @path/to/file[39m
[38;5;59m────────────────────────────────────────────────────────────────────────────────────────────────────────────────────────────────────────────────────────────[39m
 /mnt/.../chojn/projects/kanbanAgents[38;5;103m (main*)[39m                             [38;5;217mno sandbox[38;5;103m (see /docs)[39m                              [38;5;103m/model [39mgemini-3-flash-preview
[2K[1A[2K[1A[2K[1A[2K[1A[2K[1A[2K[1A[2K[1A[2K[1A[2K[G
 [38;5;223m⠇[39m [3mMining for more Dilithium crystals…[23m [38;5;103m(esc to cancel, 23s)[39m                                                                                [38;5;103m ? for shortcuts [39m
[38;5;59m────────────────────────────────────────────────────────────────────────────────────────────────────────────────────────────────────────────────────────────[39m
 [38;5;217mYOLO[38;5;103m ctrl+y[39m
[38;5;59m────────────────────────────────────────────────────────────────────────────────────────────────────────────────────────────────────────────────────────────[39m
 [38;5;217m* [38;5;103m  Type your message or @path/to/file[39m
[38;5;59m────────────────────────────────────────────────────────────────────────────────────────────────────────────────────────────────────────────────────────────[39m
 /mnt/.../chojn/projects/kanbanAgents[38;5;103m (main*)[39m                             [38;5;217mno sandbox[38;5;103m (see /docs)[39m                              [38;5;103m/model [39mgemini-3-flash-preview
[2K[1A[2K[1A[2K[1A[2K[1A[2K[1A[2K[1A[2K[1A[2K[1A[2K[G
 [38;5;223m⠏[39m [3mMining for more Dilithium crystals…[23m [38;5;103m(esc to cancel, 23s)[39m                                                                                [38;5;103m ? for shortcuts [39m
[38;5;59m────────────────────────────────────────────────────────────────────────────────────────────────────────────────────────────────────────────────────────────[39m
 [38;5;217mYOLO[38;5;103m ctrl+y[39m
[38;5;59m────────────────────────────────────────────────────────────────────────────────────────────────────────────────────────────────────────────────────────────[39m
 [38;5;217m* [38;5;103m  Type your message or @path/to/file[39m
[38;5;59m────────────────────────────────────────────────────────────────────────────────────────────────────────────────────────────────────────────────────────────[39m
 /mnt/.../chojn/projects/kanbanAgents[38;5;103m (main*)[39m                             [38;5;217mno sandbox[38;5;103m (see /docs)[39m                              [38;5;103m/model [39mgemini-3-flash-preview
[2K[1A[2K[1A[2K[1A[2K[1A[2K[1A[2K[1A[2K[1A[2K[1A[2K[G
 [38;5;223m⠋[39m [3mMining for more Dilithium crystals…[23m [38;5;103m(esc to cancel, 23s)[39m                                                                                [38;5;103m ? for shortcuts [39m
[38;5;59m────────────────────────────────────────────────────────────────────────────────────────────────────────────────────────────────────────────────────────────[39m
 [38;5;217mYOLO[38;5;103m ctrl+y[39m
[38;5;59m────────────────────────────────────────────────────────────────────────────────────────────────────────────────────────────────────────────────────────────[39m
 [38;5;217m* [38;5;103m  Type your message or @path/to/file[39m
[38;5;59m────────────────────────────────────────────────────────────────────────────────────────────────────────────────────────────────────────────────────────────[39m
 /mnt/.../chojn/projects/kanbanAgents[38;5;103m (main*)[39m                             [38;5;217mno sandbox[38;5;103m (see /docs)[39m                              [38;5;103m/model [39mgemini-3-flash-preview
[2K[1A[2K[1A[2K[1A[2K[1A[2K[1A[2K[1A[2K[1A[2K[1A[2K[G
 [38;5;223m⠙[39m [3mMining for more Dilithium crystals…[23m [38;5;103m(esc to cancel, 23s)[39m                                                                                [38;5;103m ? for shortcuts [39m
[38;5;59m────────────────────────────────────────────────────────────────────────────────────────────────────────────────────────────────────────────────────────────[39m
 [38;5;217mYOLO[38;5;103m ctrl+y[39m
[38;5;59m────────────────────────────────────────────────────────────────────────────────────────────────────────────────────────────────────────────────────────────[39m
 [38;5;217m* [38;5;103m  Type your message or @path/to/file[39m
[38;5;59m────────────────────────────────────────────────────────────────────────────────────────────────────────────────────────────────────────────────────────────[39m
 /mnt/.../chojn/projects/kanbanAgents[38;5;103m (main*)[39m                             [38;5;217mno sandbox[38;5;103m (see /docs)[39m                              [38;5;103m/model [39mgemini-3-flash-preview
[2K[1A[2K[1A[2K[1A[2K[1A[2K[1A[2K[1A[2K[1A[2K[1A[2K[G
 [38;5;223m⠹[39m [3mMining for more Dilithium crystals…[23m [38;5;103m(esc to cancel, 23s)[39m                                                                                [38;5;103m ? for shortcuts [39m
[38;5;59m────────────────────────────────────────────────────────────────────────────────────────────────────────────────────────────────────────────────────────────[39m
 [38;5;217mYOLO[38;5;103m ctrl+y[39m
[38;5;59m────────────────────────────────────────────────────────────────────────────────────────────────────────────────────────────────────────────────────────────[39m
 [38;5;217m* [38;5;103m  Type your message or @path/to/file[39m
[38;5;59m────────────────────────────────────────────────────────────────────────────────────────────────────────────────────────────────────────────────────────────[39m
 /mnt/.../chojn/projects/kanbanAgents[38;5;103m (main*)[39m                             [38;5;217mno sandbox[38;5;103m (see /docs)[39m                              [38;5;103m/model [39mgemini-3-flash-preview
[2K[1A[2K[1A[2K[1A[2K[1A[2K[1A[2K[1A[2K[1A[2K[1A[2K[G
 [38;5;223m⠸[39m [3mMining for more Dilithium crystals…[23m [38;5;103m(esc to cancel, 23s)[39m                                                                                [38;5;103m ? for shortcuts [39m
[38;5;59m────────────────────────────────────────────────────────────────────────────────────────────────────────────────────────────────────────────────────────────[39m
 [38;5;217mYOLO[38;5;103m ctrl+y[39m
[38;5;59m────────────────────────────────────────────────────────────────────────────────────────────────────────────────────────────────────────────────────────────[39m
 [38;5;217m* [38;5;103m  Type your message or @path/to/file[39m
[38;5;59m────────────────────────────────────────────────────────────────────────────────────────────────────────────────────────────────────────────────────────────[39m
 /mnt/.../chojn/projects/kanbanAgents[38;5;103m (main*)[39m                             [38;5;217mno sandbox[38;5;103m (see /docs)[39m                              [38;5;103m/model [39mgemini-3-flash-preview
[2K[1A[2K[1A[2K[1A[2K[1A[2K[1A[2K[1A[2K[1A[2K[1A[2K[G
 [38;5;223m⠼[39m [3mMining for more Dilithium crystals…[23m [38;5;103m(esc to cancel, 23s)[39m                                                                                [38;5;103m ? for shortcuts [39m
[38;5;59m────────────────────────────────────────────────────────────────────────────────────────────────────────────────────────────────────────────────────────────[39m
 [38;5;217mYOLO[38;5;103m ctrl+y[39m
[38;5;59m────────────────────────────────────────────────────────────────────────────────────────────────────────────────────────────────────────────────────────────[39m
 [38;5;217m* [38;5;103m  Type your message or @path/to/file[39m
[38;5;59m────────────────────────────────────────────────────────────────────────────────────────────────────────────────────────────────────────────────────────────[39m
 /mnt/.../chojn/projects/kanbanAgents[38;5;103m (main*)[39m                             [38;5;217mno sandbox[38;5;103m (see /docs)[39m                              [38;5;103m/model [39mgemini-3-flash-preview
[2K[1A[2K[1A[2K[1A[2K[1A[2K[1A[2K[1A[2K[1A[2K[1A[2K[G
 [38;5;217m⠴[39m [3mMining for more Dilithium crystals…[23m [38;5;103m(esc to cancel, 23s)[39m                                                                                [38;5;103m ? for shortcuts [39m
[38;5;59m────────────────────────────────────────────────────────────────────────────────────────────────────────────────────────────────────────────────────────────[39m
 [38;5;217mYOLO[38;5;103m ctrl+y[39m
[38;5;59m────────────────────────────────────────────────────────────────────────────────────────────────────────────────────────────────────────────────────────────[39m
 [38;5;217m* [38;5;103m  Type your message or @path/to/file[39m
[38;5;59m────────────────────────────────────────────────────────────────────────────────────────────────────────────────────────────────────────────────────────────[39m
 /mnt/.../chojn/projects/kanbanAgents[38;5;103m (main*)[39m                             [38;5;217mno sandbox[38;5;103m (see /docs)[39m                              [38;5;103m/model [39mgemini-3-flash-preview
[2K[1A[2K[1A[2K[1A[2K[1A[2K[1A[2K[1A[2K[1A[2K[1A[2K[G
 [38;5;217m⠦[39m [3mMining for more Dilithium crystals…[23m [38;5;103m(esc to cancel, 23s)[39m                                                                                [38;5;103m ? for shortcuts [39m
[38;5;59m────────────────────────────────────────────────────────────────────────────────────────────────────────────────────────────────────────────────────────────[39m
 [38;5;217mYOLO[38;5;103m ctrl+y[39m
[38;5;59m────────────────────────────────────────────────────────────────────────────────────────────────────────────────────────────────────────────────────────────[39m
 [38;5;217m* [38;5;103m  Type your message or @path/to/file[39m
[38;5;59m────────────────────────────────────────────────────────────────────────────────────────────────────────────────────────────────────────────────────────────[39m
 /mnt/.../chojn/projects/kanbanAgents[38;5;103m (main*)[39m                             [38;5;217mno sandbox[38;5;103m (see /docs)[39m                              [38;5;103m/model [39mgemini-3-flash-preview
[2K[1A[2K[1A[2K[1A[2K[1A[2K[1A[2K[1A[2K[1A[2K[1A[2K[G
 [38;5;217m⠧[39m [3mMining for more Dilithium crystals…[23m [38;5;103m(esc to cancel, 23s)[39m                                                                                [38;5;103m ? for shortcuts [39m
[38;5;59m────────────────────────────────────────────────────────────────────────────────────────────────────────────────────────────────────────────────────────────[39m
 [38;5;217mYOLO[38;5;103m ctrl+y[39m
[38;5;59m────────────────────────────────────────────────────────────────────────────────────────────────────────────────────────────────────────────────────────────[39m
 [38;5;217m* [38;5;103m  Type your message or @path/to/file[39m
[38;5;59m────────────────────────────────────────────────────────────────────────────────────────────────────────────────────────────────────────────────────────────[39m
 /mnt/.../chojn/projects/kanbanAgents[38;5;103m (main*)[39m                             [38;5;217mno sandbox[38;5;103m (see /docs)[39m                              [38;5;103m/model [39mgemini-3-flash-preview
[2K[1A[2K[1A[2K[1A[2K[1A[2K[1A[2K[1A[2K[1A[2K[1A[2K[G
 [38;5;217m⠧[39m [3mMining for more Dilithium crystals…[23m [38;5;103m(esc to cancel, 24s)[39m                                                                                [38;5;103m ? for shortcuts [39m
[38;5;59m────────────────────────────────────────────────────────────────────────────────────────────────────────────────────────────────────────────────────────────[39m
 [38;5;217mYOLO[38;5;103m ctrl+y[39m
[38;5;59m────────────────────────────────────────────────────────────────────────────────────────────────────────────────────────────────────────────────────────────[39m
 [38;5;217m* [38;5;103m  Type your message or @path/to/file[39m
[38;5;59m────────────────────────────────────────────────────────────────────────────────────────────────────────────────────────────────────────────────────────────[39m
 /mnt/.../chojn/projects/kanbanAgents[38;5;103m (main*)[39m                             [38;5;217mno sandbox[38;5;103m (see /docs)[39m                              [38;5;103m/model [39mgemini-3-flash-preview
[2K[1A[2K[1A[2K[1A[2K[1A[2K[1A[2K[1A[2K[1A[2K[1A[2K[G
 [38;5;217m⠇[39m [3m💬 Developing Kanban Tools[23m [38;5;103m(esc to cancel, 24s)[39m                                                                                         [38;5;103m ? for shortcuts [39m
[38;5;59m────────────────────────────────────────────────────────────────────────────────────────────────────────────────────────────────────────────────────────────[39m
 [38;5;217mYOLO[38;5;103m ctrl+y[39m
[38;5;59m────────────────────────────────────────────────────────────────────────────────────────────────────────────────────────────────────────────────────────────[39m
 [38;5;217m* [38;5;103m  Type your message or @path/to/file[39m
[38;5;59m────────────────────────────────────────────────────────────────────────────────────────────────────────────────────────────────────────────────────────────[39m
 /mnt/.../chojn/projects/kanbanAgents[38;5;103m (main*)[39m                             [38;5;217mno sandbox[38;5;103m (see /docs)[39m                              [38;5;103m/model [39mgemini-3-flash-preview
[2K[1A[2K[1A[2K[1A[2K[1A[2K[1A[2K[1A[2K[1A[2K[1A[2K[G
 [38;5;217m⠏[39m [3m💬 Developing Kanban Tools[23m [38;5;103m(esc to cancel, 24s)[39m                                                                                         [38;5;103m ? for shortcuts [39m
[38;5;59m────────────────────────────────────────────────────────────────────────────────────────────────────────────────────────────────────────────────────────────[39m
 [38;5;217mYOLO[38;5;103m ctrl+y[39m
[38;5;59m────────────────────────────────────────────────────────────────────────────────────────────────────────────────────────────────────────────────────────────[39m
 [38;5;217m* [38;5;103m  Type your message or @path/to/file[39m
[38;5;59m────────────────────────────────────────────────────────────────────────────────────────────────────────────────────────────────────────────────────────────[39m
 /mnt/.../chojn/projects/kanbanAgents[38;5;103m (main*)[39m                             [38;5;217mno sandbox[38;5;103m (see /docs)[39m                              [38;5;103m/model [39mgemini-3-flash-preview
[2K[1A[2K[1A[2K[1A[2K[1A[2K[1A[2K[1A[2K[1A[2K[1A[2K[G
 [38;5;218m⠋[39m [3m💬 Developing Kanban Tools[23m [38;5;103m(esc to cancel, 24s)[39m                                                                                         [38;5;103m ? for shortcuts [39m
[38;5;59m────────────────────────────────────────────────────────────────────────────────────────────────────────────────────────────────────────────────────────────[39m
 [38;5;217mYOLO[38;5;103m ctrl+y[39m
[38;5;59m────────────────────────────────────────────────────────────────────────────────────────────────────────────────────────────────────────────────────────────[39m
 [38;5;217m* [38;5;103m  Type your message or @path/to/file[39m
[38;5;59m────────────────────────────────────────────────────────────────────────────────────────────────────────────────────────────────────────────────────────────[39m
 /mnt/.../chojn/projects/kanbanAgents[38;5;103m (main*)[39m                             [38;5;217mno sandbox[38;5;103m (see /docs)[39m                              [38;5;103m/model [39mgemini-3-flash-preview
[2K[1A[2K[1A[2K[1A[2K[1A[2K[1A[2K[1A[2K[1A[2K[1A[2K[G
 [38;5;218m⠙[39m [3m💬 Developing Kanban Tools[23m [38;5;103m(esc to cancel, 24s)[39m                                                                                         [38;5;103m ? for shortcuts [39m
[38;5;59m────────────────────────────────────────────────────────────────────────────────────────────────────────────────────────────────────────────────────────────[39m
 [38;5;217mYOLO[38;5;103m ctrl+y[39m
[38;5;59m────────────────────────────────────────────────────────────────────────────────────────────────────────────────────────────────────────────────────────────[39m
 [38;5;217m* [38;5;103m  Type your message or @path/to/file[39m
[38;5;59m────────────────────────────────────────────────────────────────────────────────────────────────────────────────────────────────────────────────────────────[39m
 /mnt/.../chojn/projects/kanbanAgents[38;5;103m (main*)[39m                             [38;5;217mno sandbox[38;5;103m (see /docs)[39m                              [38;5;103m/model [39mgemini-3-flash-preview
[2K[1A[2K[1A[2K[1A[2K[1A[2K[1A[2K[1A[2K[1A[2K[1A[2K[G
 [38;5;182m⠹[39m [3m💬 Developing Kanban Tools[23m [38;5;103m(esc to cancel, 24s)[39m                                                                                         [38;5;103m ? for shortcuts [39m
[38;5;59m────────────────────────────────────────────────────────────────────────────────────────────────────────────────────────────────────────────────────────────[39m
 [38;5;217mYOLO[38;5;103m ctrl+y[39m
[38;5;59m────────────────────────────────────────────────────────────────────────────────────────────────────────────────────────────────────────────────────────────[39m
 [38;5;217m* [38;5;103m  Type your message or @path/to/file[39m
[38;5;59m────────────────────────────────────────────────────────────────────────────────────────────────────────────────────────────────────────────────────────────[39m
 /mnt/.../chojn/projects/kanbanAgents[38;5;103m (main*)[39m                             [38;5;217mno sandbox[38;5;103m (see /docs)[39m                              [38;5;103m/model [39mgemini-3-flash-preview
[2K[1A[2K[1A[2K[1A[2K[1A[2K[1A[2K[1A[2K[1A[2K[1A[2K[G
 [38;5;182m⠸[39m [3m💬 Developing Kanban Tools[23m [38;5;103m(esc to cancel, 24s)[39m                                                                                         [38;5;103m ? for shortcuts [39m
[38;5;59m────────────────────────────────────────────────────────────────────────────────────────────────────────────────────────────────────────────────────────────[39m
 [38;5;217mYOLO[38;5;103m ctrl+y[39m
[38;5;59m────────────────────────────────────────────────────────────────────────────────────────────────────────────────────────────────────────────────────────────[39m
 [38;5;217m* [38;5;103m  Type your message or @path/to/file[39m
[38;5;59m────────────────────────────────────────────────────────────────────────────────────────────────────────────────────────────────────────────────────────────[39m
 /mnt/.../chojn/projects/kanbanAgents[38;5;103m (main*)[39m                             [38;5;217mno sandbox[38;5;103m (see /docs)[39m                              [38;5;103m/model [39mgemini-3-flash-preview
[2K[1A[2K[1A[2K[1A[2K[1A[2K[1A[2K[1A[2K[1A[2K[1A[2K[G
 [38;5;182m⠼[39m [3m💬 Developing Kanban Tools[23m [38;5;103m(esc to cancel, 24s)[39m                                                                                         [38;5;103m ? for shortcuts [39m
[38;5;59m────────────────────────────────────────────────────────────────────────────────────────────────────────────────────────────────────────────────────────────[39m
 [38;5;217mYOLO[38;5;103m ctrl+y[39m
[38;5;59m────────────────────────────────────────────────────────────────────────────────────────────────────────────────────────────────────────────────────────────[39m
 [38;5;217m* [38;5;103m  Type your message or @path/to/file[39m
[38;5;59m────────────────────────────────────────────────────────────────────────────────────────────────────────────────────────────────────────────────────────────[39m
 /mnt/.../chojn/projects/kanbanAgents[38;5;103m (main*)[39m                             [38;5;217mno sandbox[38;5;103m (see /docs)[39m                              [38;5;103m/model [39mgemini-3-flash-preview
[2K[1A[2K[1A[2K[1A[2K[1A[2K[1A[2K[1A[2K[1A[2K[1A[2K[G
 [38;5;182m⠴[39m [3m💬 Developing Kanban Tools[23m [38;5;103m(esc to cancel, 24s)[39m                                                                                         [38;5;103m ? for shortcuts [39m
[38;5;59m────────────────────────────────────────────────────────────────────────────────────────────────────────────────────────────────────────────────────────────[39m
 [38;5;217mYOLO[38;5;103m ctrl+y[39m
[38;5;59m────────────────────────────────────────────────────────────────────────────────────────────────────────────────────────────────────────────────────────────[39m
 [38;5;217m* [38;5;103m  Type your message or @path/to/file[39m
[38;5;59m────────────────────────────────────────────────────────────────────────────────────────────────────────────────────────────────────────────────────────────[39m
 /mnt/.../chojn/projects/kanbanAgents[38;5;103m (main*)[39m                             [38;5;217mno sandbox[38;5;103m (see /docs)[39m                              [38;5;103m/model [39mgemini-3-flash-preview
[2K[1A[2K[1A[2K[1A[2K[1A[2K[1A[2K[1A[2K[1A[2K[1A[2K[G
 [38;5;183m⠴[39m [3m💬 Developing Kanban Tools[23m [38;5;103m(esc to cancel, 24s)[39m                                                                                         [38;5;103m ? for shortcuts [39m
[38;5;59m────────────────────────────────────────────────────────────────────────────────────────────────────────────────────────────────────────────────────────────[39m
 [38;5;217mYOLO[38;5;103m ctrl+y[39m
[38;5;59m────────────────────────────────────────────────────────────────────────────────────────────────────────────────────────────────────────────────────────────[39m
 [38;5;217m* [38;5;103m  Type your message or @path/to/file[39m
[38;5;59m────────────────────────────────────────────────────────────────────────────────────────────────────────────────────────────────────────────────────────────[39m
 /mnt/.../chojn/projects/kanbanAgents[38;5;103m (main*)[39m                             [38;5;217mno sandbox[38;5;103m (see /docs)[39m                              [38;5;103m/model [39mgemini-3-flash-preview
[2K[1A[2K[1A[2K[1A[2K[1A[2K[1A[2K[1A[2K[1A[2K[1A[2K[G
 [38;5;183m⠦[39m [3m💬 Developing Kanban Tools[23m [38;5;103m(esc to cancel, 24s)[39m                                                                                         [38;5;103m ? for shortcuts [39m
[38;5;59m────────────────────────────────────────────────────────────────────────────────────────────────────────────────────────────────────────────────────────────[39m
 [38;5;217mYOLO[38;5;103m ctrl+y[39m
[38;5;59m────────────────────────────────────────────────────────────────────────────────────────────────────────────────────────────────────────────────────────────[39m
 [38;5;217m* [38;5;103m  Type your message or @path/to/file[39m
[38;5;59m────────────────────────────────────────────────────────────────────────────────────────────────────────────────────────────────────────────────────────────[39m
 /mnt/.../chojn/projects/kanbanAgents[38;5;103m (main*)[39m                             [38;5;217mno sandbox[38;5;103m (see /docs)[39m                              [38;5;103m/model [39mgemini-3-flash-preview
[2K[1A[2K[1A[2K[1A[2K[1A[2K[1A[2K[1A[2K[1A[2K[1A[2K[G
 [38;5;183m⠧[39m [3m💬 Developing Kanban Tools[23m [38;5;103m(esc to cancel, 24s)[39m                                                                                         [38;5;103m ? for shortcuts [39m
[38;5;59m────────────────────────────────────────────────────────────────────────────────────────────────────────────────────────────────────────────────────────────[39m
 [38;5;217mYOLO[38;5;103m ctrl+y[39m
[38;5;59m────────────────────────────────────────────────────────────────────────────────────────────────────────────────────────────────────────────────────────────[39m
 [38;5;217m* [38;5;103m  Type your message or @path/to/file[39m
[38;5;59m────────────────────────────────────────────────────────────────────────────────────────────────────────────────────────────────────────────────────────────[39m
 /mnt/.../chojn/projects/kanbanAgents[38;5;103m (main*)[39m                             [38;5;217mno sandbox[38;5;103m (see /docs)[39m                              [38;5;103m/model [39mgemini-3-flash-preview
[2K[1A[2K[1A[2K[1A[2K[1A[2K[1A[2K[1A[2K[1A[2K[1A[2K[G
 [38;5;183m⠇[39m [3m💬 Developing Kanban Tools[23m [38;5;103m(esc to cancel, 24s)[39m                                                                                         [38;5;103m ? for shortcuts [39m
[38;5;59m────────────────────────────────────────────────────────────────────────────────────────────────────────────────────────────────────────────────────────────[39m
 [38;5;217mYOLO[38;5;103m ctrl+y[39m
[38;5;59m────────────────────────────────────────────────────────────────────────────────────────────────────────────────────────────────────────────────────────────[39m
 [38;5;217m* [38;5;103m  Type your message or @path/to/file[39m
[38;5;59m────────────────────────────────────────────────────────────────────────────────────────────────────────────────────────────────────────────────────────────[39m
 /mnt/.../chojn/projects/kanbanAgents[38;5;103m (main*)[39m                             [38;5;217mno sandbox[38;5;103m (see /docs)[39m                              [38;5;103m/model [39mgemini-3-flash-preview
[2K[1A[2K[1A[2K[1A[2K[1A[2K[1A[2K[1A[2K[1A[2K[1A[2K[G
 [38;5;183m⠏[39m [3m💬 Developing Kanban Tools[23m [38;5;103m(esc to cancel, 24s)[39m                                                                                         [38;5;103m ? for shortcuts [39m
[38;5;59m────────────────────────────────────────────────────────────────────────────────────────────────────────────────────────────────────────────────────────────[39m
 [38;5;217mYOLO[38;5;103m ctrl+y[39m
[38;5;59m────────────────────────────────────────────────────────────────────────────────────────────────────────────────────────────────────────────────────────────[39m
 [38;5;217m* [38;5;103m  Type your message or @path/to/file[39m
[38;5;59m────────────────────────────────────────────────────────────────────────────────────────────────────────────────────────────────────────────────────────────[39m
 /mnt/.../chojn/projects/kanbanAgents[38;5;103m (main*)[39m                             [38;5;217mno sandbox[38;5;103m (see /docs)[39m                              [38;5;103m/model [39mgemini-3-flash-preview
[2K[1A[2K[1A[2K[1A[2K[1A[2K[1A[2K[1A[2K[1A[2K[1A[2K[G
 [38;5;183m⠋[39m [3m💬 Developing Kanban Tools[23m [38;5;103m(esc to cancel, 24s)[39m                                                                                         [38;5;103m ? for shortcuts [39m
[38;5;59m────────────────────────────────────────────────────────────────────────────────────────────────────────────────────────────────────────────────────────────[39m
 [38;5;217mYOLO[38;5;103m ctrl+y[39m
[38;5;59m────────────────────────────────────────────────────────────────────────────────────────────────────────────────────────────────────────────────────────────[39m
 [38;5;217m* [38;5;103m  Type your message or @path/to/file[39m
[38;5;59m────────────────────────────────────────────────────────────────────────────────────────────────────────────────────────────────────────────────────────────[39m
 /mnt/.../chojn/projects/kanbanAgents[38;5;103m (main*)[39m                             [38;5;217mno sandbox[38;5;103m (see /docs)[39m                              [38;5;103m/model [39mgemini-3-flash-preview
[2K[1A[2K[1A[2K[1A[2K[1A[2K[1A[2K[1A[2K[1A[2K[1A[2K[G
 [38;5;183m⠋[39m [3m💬 Developing Kanban Tools[23m [38;5;103m(esc to cancel, 25s)[39m                                                                                         [38;5;103m ? for shortcuts [39m
[38;5;59m────────────────────────────────────────────────────────────────────────────────────────────────────────────────────────────────────────────────────────────[39m
 [38;5;217mYOLO[38;5;103m ctrl+y[39m
[38;5;59m────────────────────────────────────────────────────────────────────────────────────────────────────────────────────────────────────────────────────────────[39m
 [38;5;217m* [38;5;103m  Type your message or @path/to/file[39m
[38;5;59m────────────────────────────────────────────────────────────────────────────────────────────────────────────────────────────────────────────────────────────[39m
 /mnt/.../chojn/projects/kanbanAgents[38;5;103m (main*)[39m                             [38;5;217mno sandbox[38;5;103m (see /docs)[39m                              [38;5;103m/model [39mgemini-3-flash-preview
[2K[1A[2K[1A[2K[1A[2K[1A[2K[1A[2K[1A[2K[1A[2K[1A[2K[G
 [38;5;147m⠋[39m [3m💬 Developing Kanban Tools[23m [38;5;103m(esc to cancel, 25s)[39m                                                                                         [38;5;103m ? for shortcuts [39m
[38;5;59m────────────────────────────────────────────────────────────────────────────────────────────────────────────────────────────────────────────────────────────[39m
 [38;5;217mYOLO[38;5;103m ctrl+y[39m
[38;5;59m────────────────────────────────────────────────────────────────────────────────────────────────────────────────────────────────────────────────────────────[39m
 [38;5;217m* [38;5;103m  Type your message or @path/to/file[39m
[38;5;59m────────────────────────────────────────────────────────────────────────────────────────────────────────────────────────────────────────────────────────────[39m
 /mnt/.../chojn/projects/kanbanAgents[38;5;103m (main*)[39m                             [38;5;217mno sandbox[38;5;103m (see /docs)[39m                              [38;5;103m/model [39mgemini-3-flash-preview
[2K[1A[2K[1A[2K[1A[2K[1A[2K[1A[2K[1A[2K[1A[2K[1A[2K[G
 [38;5;147m⠙[39m [3m💬 Developing Kanban Tools[23m [38;5;103m(esc to cancel, 25s)[39m                                                                                         [38;5;103m ? for shortcuts [39m
[38;5;59m────────────────────────────────────────────────────────────────────────────────────────────────────────────────────────────────────────────────────────────[39m
 [38;5;217mYOLO[38;5;103m ctrl+y[39m
[38;5;59m────────────────────────────────────────────────────────────────────────────────────────────────────────────────────────────────────────────────────────────[39m
 [38;5;217m* [38;5;103m  Type your message or @path/to/file[39m
[38;5;59m────────────────────────────────────────────────────────────────────────────────────────────────────────────────────────────────────────────────────────────[39m
 /mnt/.../chojn/projects/kanbanAgents[38;5;103m (main*)[39m                             [38;5;217mno sandbox[38;5;103m (see /docs)[39m                              [38;5;103m/model [39mgemini-3-flash-preview
[2K[1A[2K[1A[2K[1A[2K[1A[2K[1A[2K[1A[2K[1A[2K[1A[2K[G
 [38;5;147m⠹[39m [3m💬 Developing Kanban Tools[23m [38;5;103m(esc to cancel, 25s)[39m                                                                                         [38;5;103m ? for shortcuts [39m
[38;5;59m────────────────────────────────────────────────────────────────────────────────────────────────────────────────────────────────────────────────────────────[39m
 [38;5;217mYOLO[38;5;103m ctrl+y[39m
[38;5;59m────────────────────────────────────────────────────────────────────────────────────────────────────────────────────────────────────────────────────────────[39m
 [38;5;217m* [38;5;103m  Type your message or @path/to/file[39m
[38;5;59m────────────────────────────────────────────────────────────────────────────────────────────────────────────────────────────────────────────────────────────[39m
 /mnt/.../chojn/projects/kanbanAgents[38;5;103m (main*)[39m                             [38;5;217mno sandbox[38;5;103m (see /docs)[39m                              [38;5;103m/model [39mgemini-3-flash-preview
[2K[1A[2K[1A[2K[1A[2K[1A[2K[1A[2K[1A[2K[1A[2K[1A[2K[G
 [38;5;147m⠸[39m [3m💬 Developing Kanban Tools[23m [38;5;103m(esc to cancel, 25s)[39m                                                                                         [38;5;103m ? for shortcuts [39m
[38;5;59m────────────────────────────────────────────────────────────────────────────────────────────────────────────────────────────────────────────────────────────[39m
 [38;5;217mYOLO[38;5;103m ctrl+y[39m
[38;5;59m────────────────────────────────────────────────────────────────────────────────────────────────────────────────────────────────────────────────────────────[39m
 [38;5;217m* [38;5;103m  Type your message or @path/to/file[39m
[38;5;59m────────────────────────────────────────────────────────────────────────────────────────────────────────────────────────────────────────────────────────────[39m
 /mnt/.../chojn/projects/kanbanAgents[38;5;103m (main*)[39m                             [38;5;217mno sandbox[38;5;103m (see /docs)[39m                              [38;5;103m/model [39mgemini-3-flash-preview
[2K[1A[2K[1A[2K[1A[2K[1A[2K[1A[2K[1A[2K[1A[2K[1A[2K[G
 [38;5;147m⠼[39m [3m💬 Developing Kanban Tools[23m [38;5;103m(esc to cancel, 25s)[39m                                                                                         [38;5;103m ? for shortcuts [39m
[38;5;59m────────────────────────────────────────────────────────────────────────────────────────────────────────────────────────────────────────────────────────────[39m
 [38;5;217mYOLO[38;5;103m ctrl+y[39m
[38;5;59m────────────────────────────────────────────────────────────────────────────────────────────────────────────────────────────────────────────────────────────[39m
 [38;5;217m* [38;5;103m  Type your message or @path/to/file[39m
[38;5;59m────────────────────────────────────────────────────────────────────────────────────────────────────────────────────────────────────────────────────────────[39m
 /mnt/.../chojn/projects/kanbanAgents[38;5;103m (main*)[39m                             [38;5;217mno sandbox[38;5;103m (see /docs)[39m                              [38;5;103m/model [39mgemini-3-flash-preview
[2K[1A[2K[1A[2K[1A[2K[1A[2K[1A[2K[1A[2K[1A[2K[1A[2K[G
 [38;5;153m⠴[39m [3m💬 Developing Kanban Tools[23m [38;5;103m(esc to cancel, 25s)[39m                                                                                         [38;5;103m ? for shortcuts [39m
[38;5;59m────────────────────────────────────────────────────────────────────────────────────────────────────────────────────────────────────────────────────────────[39m
 [38;5;217mYOLO[38;5;103m ctrl+y[39m
[38;5;59m────────────────────────────────────────────────────────────────────────────────────────────────────────────────────────────────────────────────────────────[39m
 [38;5;217m* [38;5;103m  Type your message or @path/to/file[39m
[38;5;59m────────────────────────────────────────────────────────────────────────────────────────────────────────────────────────────────────────────────────────────[39m
 /mnt/.../chojn/projects/kanbanAgents[38;5;103m (main*)[39m                             [38;5;217mno sandbox[38;5;103m (see /docs)[39m                              [38;5;103m/model [39mgemini-3-flash-preview
[2K[1A[2K[1A[2K[1A[2K[1A[2K[1A[2K[1A[2K[1A[2K[1A[2K[G
 [38;5;153m⠦[39m [3m💬 Developing Kanban Tools[23m [38;5;103m(esc to cancel, 25s)[39m                                                                                         [38;5;103m ? for shortcuts [39m
[38;5;59m────────────────────────────────────────────────────────────────────────────────────────────────────────────────────────────────────────────────────────────[39m
 [38;5;217mYOLO[38;5;103m ctrl+y[39m
[38;5;59m────────────────────────────────────────────────────────────────────────────────────────────────────────────────────────────────────────────────────────────[39m
 [38;5;217m* [38;5;103m  Type your message or @path/to/file[39m
[38;5;59m────────────────────────────────────────────────────────────────────────────────────────────────────────────────────────────────────────────────────────────[39m
 /mnt/.../chojn/projects/kanbanAgents[38;5;103m (main*)[39m                             [38;5;217mno sandbox[38;5;103m (see /docs)[39m                              [38;5;103m/model [39mgemini-3-flash-preview
[2K[1A[2K[1A[2K[1A[2K[1A[2K[1A[2K[1A[2K[1A[2K[1A[2K[G
 [38;5;153m⠧[39m [3m💬 Developing Kanban Tools[23m [38;5;103m(esc to cancel, 25s)[39m                                                                                         [38;5;103m ? for shortcuts [39m
[38;5;59m────────────────────────────────────────────────────────────────────────────────────────────────────────────────────────────────────────────────────────────[39m
 [38;5;217mYOLO[38;5;103m ctrl+y[39m
[38;5;59m────────────────────────────────────────────────────────────────────────────────────────────────────────────────────────────────────────────────────────────[39m
 [38;5;217m* [38;5;103m  Type your message or @path/to/file[39m
[38;5;59m────────────────────────────────────────────────────────────────────────────────────────────────────────────────────────────────────────────────────────────[39m
 /mnt/.../chojn/projects/kanbanAgents[38;5;103m (main*)[39m                             [38;5;217mno sandbox[38;5;103m (see /docs)[39m                              [38;5;103m/model [39mgemini-3-flash-preview
[2K[1A[2K[1A[2K[1A[2K[1A[2K[1A[2K[1A[2K[1A[2K[1A[2K[G
 [38;5;153m⠇[39m [3m💬 Developing Kanban Tools[23m [38;5;103m(esc to cancel, 25s)[39m                                                                                         [38;5;103m ? for shortcuts [39m
[38;5;59m────────────────────────────────────────────────────────────────────────────────────────────────────────────────────────────────────────────────────────────[39m
 [38;5;217mYOLO[38;5;103m ctrl+y[39m
[38;5;59m────────────────────────────────────────────────────────────────────────────────────────────────────────────────────────────────────────────────────────────[39m
 [38;5;217m* [38;5;103m  Type your message or @path/to/file[39m
[38;5;59m────────────────────────────────────────────────────────────────────────────────────────────────────────────────────────────────────────────────────────────[39m
 /mnt/.../chojn/projects/kanbanAgents[38;5;103m (main*)[39m                             [38;5;217mno sandbox[38;5;103m (see /docs)[39m                              [38;5;103m/model [39mgemini-3-flash-preview
[2K[1A[2K[1A[2K[1A[2K[1A[2K[1A[2K[1A[2K[1A[2K[1A[2K[G
 [38;5;153m⠏[39m [3m💬 Developing Kanban Tools[23m [38;5;103m(esc to cancel, 25s)[39m                                                                                         [38;5;103m ? for shortcuts [39m
[38;5;59m────────────────────────────────────────────────────────────────────────────────────────────────────────────────────────────────────────────────────────────[39m
 [38;5;217mYOLO[38;5;103m ctrl+y[39m
[38;5;59m────────────────────────────────────────────────────────────────────────────────────────────────────────────────────────────────────────────────────────────[39m
 [38;5;217m* [38;5;103m  Type your message or @path/to/file[39m
[38;5;59m────────────────────────────────────────────────────────────────────────────────────────────────────────────────────────────────────────────────────────────[39m
 /mnt/.../chojn/projects/kanbanAgents[38;5;103m (main*)[39m                             [38;5;217mno sandbox[38;5;103m (see /docs)[39m                              [38;5;103m/model [39mgemini-3-flash-preview
[2K[1A[2K[1A[2K[1A[2K[1A[2K[1A[2K[1A[2K[1A[2K[1A[2K[G
 [38;5;153m⠋[39m [3m💬 Developing Kanban Tools[23m [38;5;103m(esc to cancel, 25s)[39m                                                                                         [38;5;103m ? for shortcuts [39m
[38;5;59m────────────────────────────────────────────────────────────────────────────────────────────────────────────────────────────────────────────────────────────[39m
 [38;5;217mYOLO[38;5;103m ctrl+y[39m
[38;5;59m────────────────────────────────────────────────────────────────────────────────────────────────────────────────────────────────────────────────────────────[39m
 [38;5;217m* [38;5;103m  Type your message or @path/to/file[39m
[38;5;59m────────────────────────────────────────────────────────────────────────────────────────────────────────────────────────────────────────────────────────────[39m
 /mnt/.../chojn/projects/kanbanAgents[38;5;103m (main*)[39m                             [38;5;217mno sandbox[38;5;103m (see /docs)[39m                              [38;5;103m/model [39mgemini-3-flash-preview
[2K[1A[2K[1A[2K[1A[2K[1A[2K[1A[2K[1A[2K[1A[2K[1A[2K[G
 [38;5;153m⠙[39m [3m💬 Developing Kanban Tools[23m [38;5;103m(esc to cancel, 25s)[39m                                                                                         [38;5;103m ? for shortcuts [39m
[38;5;59m────────────────────────────────────────────────────────────────────────────────────────────────────────────────────────────────────────────────────────────[39m
 [38;5;217mYOLO[38;5;103m ctrl+y[39m
[38;5;59m────────────────────────────────────────────────────────────────────────────────────────────────────────────────────────────────────────────────────────────[39m
 [38;5;217m* [38;5;103m  Type your message or @path/to/file[39m
[38;5;59m────────────────────────────────────────────────────────────────────────────────────────────────────────────────────────────────────────────────────────────[39m
 /mnt/.../chojn/projects/kanbanAgents[38;5;103m (main*)[39m                             [38;5;217mno sandbox[38;5;103m (see /docs)[39m                              [38;5;103m/model [39mgemini-3-flash-preview
[2K[1A[2K[1A[2K[1A[2K[1A[2K[1A[2K[1A[2K[1A[2K[1A[2K[G
 [38;5;153m⠹[39m [3m💬 Developing Kanban Tools[23m [38;5;103m(esc to cancel, 25s)[39m                                                                                         [38;5;103m ? for shortcuts [39m
[38;5;59m────────────────────────────────────────────────────────────────────────────────────────────────────────────────────────────────────────────────────────────[39m
 [38;5;217mYOLO[38;5;103m ctrl+y[39m
[38;5;59m────────────────────────────────────────────────────────────────────────────────────────────────────────────────────────────────────────────────────────────[39m
 [38;5;217m* [38;5;103m  Type your message or @path/to/file[39m
[38;5;59m────────────────────────────────────────────────────────────────────────────────────────────────────────────────────────────────────────────────────────────[39m
 /mnt/.../chojn/projects/kanbanAgents[38;5;103m (main*)[39m                             [38;5;217mno sandbox[38;5;103m (see /docs)[39m                              [38;5;103m/model [39mgemini-3-flash-preview
[2K[1A[2K[1A[2K[1A[2K[1A[2K[1A[2K[1A[2K[1A[2K[1A[2K[G
 [38;5;153m⠹[39m [3m💬 Developing Kanban Tools[23m [38;5;103m(esc to cancel, 26s)[39m                                                                                         [38;5;103m ? for shortcuts [39m
[38;5;59m────────────────────────────────────────────────────────────────────────────────────────────────────────────────────────────────────────────────────────────[39m
 [38;5;217mYOLO[38;5;103m ctrl+y[39m
[38;5;59m────────────────────────────────────────────────────────────────────────────────────────────────────────────────────────────────────────────────────────────[39m
 [38;5;217m* [38;5;103m  Type your message or @path/to/file[39m
[38;5;59m────────────────────────────────────────────────────────────────────────────────────────────────────────────────────────────────────────────────────────────[39m
 /mnt/.../chojn/projects/kanbanAgents[38;5;103m (main*)[39m                             [38;5;217mno sandbox[38;5;103m (see /docs)[39m                              [38;5;103m/model [39mgemini-3-flash-preview
[2K[1A[2K[1A[2K[1A[2K[1A[2K[1A[2K[1A[2K[1A[2K[1A[2K[G
 [38;5;153m⠸[39m [3m💬 Developing Kanban Tools[23m [38;5;103m(esc to cancel, 26s)[39m                                                                                         [38;5;103m ? for shortcuts [39m
[38;5;59m────────────────────────────────────────────────────────────────────────────────────────────────────────────────────────────────────────────────────────────[39m
 [38;5;217mYOLO[38;5;103m ctrl+y[39m
[38;5;59m────────────────────────────────────────────────────────────────────────────────────────────────────────────────────────────────────────────────────────────[39m
 [38;5;217m* [38;5;103m  Type your message or @path/to/file[39m
[38;5;59m────────────────────────────────────────────────────────────────────────────────────────────────────────────────────────────────────────────────────────────[39m
 /mnt/.../chojn/projects/kanbanAgents[38;5;103m (main*)[39m                             [38;5;217mno sandbox[38;5;103m (see /docs)[39m                              [38;5;103m/model [39mgemini-3-flash-preview
[2K[1A[2K[1A[2K[1A[2K[1A[2K[1A[2K[1A[2K[1A[2K[1A[2K[G
 [38;5;153m⠼[39m [3m💬 Developing Kanban Tools[23m [38;5;103m(esc to cancel, 26s)[39m                                                                                         [38;5;103m ? for shortcuts [39m
[38;5;59m────────────────────────────────────────────────────────────────────────────────────────────────────────────────────────────────────────────────────────────[39m
 [38;5;217mYOLO[38;5;103m ctrl+y[39m
[38;5;59m────────────────────────────────────────────────────────────────────────────────────────────────────────────────────────────────────────────────────────────[39m
 [38;5;217m* [38;5;103m  Type your message or @path/to/file[39m
[38;5;59m────────────────────────────────────────────────────────────────────────────────────────────────────────────────────────────────────────────────────────────[39m
 /mnt/.../chojn/projects/kanbanAgents[38;5;103m (main*)[39m                             [38;5;217mno sandbox[38;5;103m (see /docs)[39m                              [38;5;103m/model [39mgemini-3-flash-preview
[2K[1A[2K[1A[2K[1A[2K[1A[2K[1A[2K[1A[2K[1A[2K[1A[2K[G
 [38;5;153m⠴[39m [3m💬 Developing Kanban Tools[23m [38;5;103m(esc to cancel, 26s)[39m                                                                                         [38;5;103m ? for shortcuts [39m
[38;5;59m────────────────────────────────────────────────────────────────────────────────────────────────────────────────────────────────────────────────────────────[39m
 [38;5;217mYOLO[38;5;103m ctrl+y[39m
[38;5;59m────────────────────────────────────────────────────────────────────────────────────────────────────────────────────────────────────────────────────────────[39m
 [38;5;217m* [38;5;103m  Type your message or @path/to/file[39m
[38;5;59m────────────────────────────────────────────────────────────────────────────────────────────────────────────────────────────────────────────────────────────[39m
 /mnt/.../chojn/projects/kanbanAgents[38;5;103m (main*)[39m                             [38;5;217mno sandbox[38;5;103m (see /docs)[39m                              [38;5;103m/model [39mgemini-3-flash-preview
[2K[1A[2K[1A[2K[1A[2K[1A[2K[1A[2K[1A[2K[1A[2K[1A[2K[G
 [38;5;152m⠴[39m [3m💬 Developing Kanban Tools[23m [38;5;103m(esc to cancel, 26s)[39m                                                                                         [38;5;103m ? for shortcuts [39m
[38;5;59m────────────────────────────────────────────────────────────────────────────────────────────────────────────────────────────────────────────────────────────[39m
 [38;5;217mYOLO[38;5;103m ctrl+y[39m
[38;5;59m────────────────────────────────────────────────────────────────────────────────────────────────────────────────────────────────────────────────────────────[39m
 [38;5;217m* [38;5;103m  Type your message or @path/to/file[39m
[38;5;59m────────────────────────────────────────────────────────────────────────────────────────────────────────────────────────────────────────────────────────────[39m
 /mnt/.../chojn/projects/kanbanAgents[38;5;103m (main*)[39m                             [38;5;217mno sandbox[38;5;103m (see /docs)[39m                              [38;5;103m/model [39mgemini-3-flash-preview
[2K[1A[2K[1A[2K[1A[2K[1A[2K[1A[2K[1A[2K[1A[2K[1A[2K[G
 [38;5;152m⠦[39m [3m💬 Developing Kanban Tools[23m [38;5;103m(esc to cancel, 26s)[39m                                                                                         [38;5;103m ? for shortcuts [39m
[38;5;59m────────────────────────────────────────────────────────────────────────────────────────────────────────────────────────────────────────────────────────────[39m
 [38;5;217mYOLO[38;5;103m ctrl+y[39m
[38;5;59m────────────────────────────────────────────────────────────────────────────────────────────────────────────────────────────────────────────────────────────[39m
 [38;5;217m* [38;5;103m  Type your message or @path/to/file[39m
[38;5;59m────────────────────────────────────────────────────────────────────────────────────────────────────────────────────────────────────────────────────────────[39m
 /mnt/.../chojn/projects/kanbanAgents[38;5;103m (main*)[39m                             [38;5;217mno sandbox[38;5;103m (see /docs)[39m                              [38;5;103m/model [39mgemini-3-flash-preview
[2K[1A[2K[1A[2K[1A[2K[1A[2K[1A[2K[1A[2K[1A[2K[1A[2K[G
 [38;5;152m⠧[39m [3m💬 Developing Kanban Tools[23m [38;5;103m(esc to cancel, 26s)[39m                                                                                         [38;5;103m ? for shortcuts [39m
[38;5;59m────────────────────────────────────────────────────────────────────────────────────────────────────────────────────────────────────────────────────────────[39m
 [38;5;217mYOLO[38;5;103m ctrl+y[39m
[38;5;59m────────────────────────────────────────────────────────────────────────────────────────────────────────────────────────────────────────────────────────────[39m
 [38;5;217m* [38;5;103m  Type your message or @path/to/file[39m
[38;5;59m────────────────────────────────────────────────────────────────────────────────────────────────────────────────────────────────────────────────────────────[39m
 /mnt/.../chojn/projects/kanbanAgents[38;5;103m (main*)[39m                             [38;5;217mno sandbox[38;5;103m (see /docs)[39m                              [38;5;103m/model [39mgemini-3-flash-preview
[2K[1A[2K[1A[2K[1A[2K[1A[2K[1A[2K[1A[2K[1A[2K[1A[2K[G
 [38;5;152m⠇[39m [3m💬 Developing Kanban Tools[23m [38;5;103m(esc to cancel, 26s)[39m                                                                                         [38;5;103m ? for shortcuts [39m
[38;5;59m────────────────────────────────────────────────────────────────────────────────────────────────────────────────────────────────────────────────────────────[39m
 [38;5;217mYOLO[38;5;103m ctrl+y[39m
[38;5;59m────────────────────────────────────────────────────────────────────────────────────────────────────────────────────────────────────────────────────────────[39m
 [38;5;217m* [38;5;103m  Type your message or @path/to/file[39m
[38;5;59m────────────────────────────────────────────────────────────────────────────────────────────────────────────────────────────────────────────────────────────[39m
 /mnt/.../chojn/projects/kanbanAgents[38;5;103m (main*)[39m                             [38;5;217mno sandbox[38;5;103m (see /docs)[39m                              [38;5;103m/model [39mgemini-3-flash-preview
[2K[1A[2K[1A[2K[1A[2K[1A[2K[1A[2K[1A[2K[1A[2K[1A[2K[G
 [38;5;152m⠏[39m [3m💬 Developing Kanban Tools[23m [38;5;103m(esc to cancel, 26s)[39m                                                                                         [38;5;103m ? for shortcuts [39m
[38;5;59m────────────────────────────────────────────────────────────────────────────────────────────────────────────────────────────────────────────────────────────[39m
 [38;5;217mYOLO[38;5;103m ctrl+y[39m
[38;5;59m────────────────────────────────────────────────────────────────────────────────────────────────────────────────────────────────────────────────────────────[39m
 [38;5;217m* [38;5;103m  Type your message or @path/to/file[39m
[38;5;59m────────────────────────────────────────────────────────────────────────────────────────────────────────────────────────────────────────────────────────────[39m
 /mnt/.../chojn/projects/kanbanAgents[38;5;103m (main*)[39m                             [38;5;217mno sandbox[38;5;103m (see /docs)[39m                              [38;5;103m/model [39mgemini-3-flash-preview
[2K[1A[2K[1A[2K[1A[2K[1A[2K[1A[2K[1A[2K[1A[2K[1A[2K[G
 [38;5;152m⠋[39m [3m💬 Developing Kanban Tools[23m [38;5;103m(esc to cancel, 26s)[39m                                                                                         [38;5;103m ? for shortcuts [39m
[38;5;59m────────────────────────────────────────────────────────────────────────────────────────────────────────────────────────────────────────────────────────────[39m
 [38;5;217mYOLO[38;5;103m ctrl+y[39m
[38;5;59m────────────────────────────────────────────────────────────────────────────────────────────────────────────────────────────────────────────────────────────[39m
 [38;5;217m* [38;5;103m  Type your message or @path/to/file[39m
[38;5;59m────────────────────────────────────────────────────────────────────────────────────────────────────────────────────────────────────────────────────────────[39m
 /mnt/.../chojn/projects/kanbanAgents[38;5;103m (main*)[39m                             [38;5;217mno sandbox[38;5;103m (see /docs)[39m                              [38;5;103m/model [39mgemini-3-flash-preview
[2K[1A[2K[1A[2K[1A[2K[1A[2K[1A[2K[1A[2K[1A[2K[1A[2K[G
 [38;5;151m⠙[39m [3m💬 Developing Kanban Tools[23m [38;5;103m(esc to cancel, 26s)[39m                                                                                         [38;5;103m ? for shortcuts [39m
[38;5;59m────────────────────────────────────────────────────────────────────────────────────────────────────────────────────────────────────────────────────────────[39m
 [38;5;217mYOLO[38;5;103m ctrl+y[39m
[38;5;59m────────────────────────────────────────────────────────────────────────────────────────────────────────────────────────────────────────────────────────────[39m
 [38;5;217m* [38;5;103m  Type your message or @path/to/file[39m
[38;5;59m────────────────────────────────────────────────────────────────────────────────────────────────────────────────────────────────────────────────────────────[39m
 /mnt/.../chojn/projects/kanbanAgents[38;5;103m (main*)[39m                             [38;5;217mno sandbox[38;5;103m (see /docs)[39m                              [38;5;103m/model [39mgemini-3-flash-preview
[2K[1A[2K[1A[2K[1A[2K[1A[2K[1A[2K[1A[2K[1A[2K[1A[2K[G
 [38;5;151m⠹[39m [3m💬 Developing Kanban Tools[23m [38;5;103m(esc to cancel, 26s)[39m                                                                                         [38;5;103m ? for shortcuts [39m
[38;5;59m────────────────────────────────────────────────────────────────────────────────────────────────────────────────────────────────────────────────────────────[39m
 [38;5;217mYOLO[38;5;103m ctrl+y[39m
[38;5;59m────────────────────────────────────────────────────────────────────────────────────────────────────────────────────────────────────────────────────────────[39m
 [38;5;217m* [38;5;103m  Type your message or @path/to/file[39m
[38;5;59m────────────────────────────────────────────────────────────────────────────────────────────────────────────────────────────────────────────────────────────[39m
 /mnt/.../chojn/projects/kanbanAgents[38;5;103m (main*)[39m                             [38;5;217mno sandbox[38;5;103m (see /docs)[39m                              [38;5;103m/model [39mgemini-3-flash-preview
[2K[1A[2K[1A[2K[1A[2K[1A[2K[1A[2K[1A[2K[1A[2K[1A[2K[G
 [38;5;151m⠸[39m [3m💬 Developing Kanban Tools[23m [38;5;103m(esc to cancel, 26s)[39m                                                                                         [38;5;103m ? for shortcuts [39m
[38;5;59m────────────────────────────────────────────────────────────────────────────────────────────────────────────────────────────────────────────────────────────[39m
 [38;5;217mYOLO[38;5;103m ctrl+y[39m
[38;5;59m────────────────────────────────────────────────────────────────────────────────────────────────────────────────────────────────────────────────────────────[39m
 [38;5;217m* [38;5;103m  Type your message or @path/to/file[39m
[38;5;59m────────────────────────────────────────────────────────────────────────────────────────────────────────────────────────────────────────────────────────────[39m
 /mnt/.../chojn/projects/kanbanAgents[38;5;103m (main*)[39m                             [38;5;217mno sandbox[38;5;103m (see /docs)[39m                              [38;5;103m/model [39mgemini-3-flash-preview
[2K[1A[2K[1A[2K[1A[2K[1A[2K[1A[2K[1A[2K[1A[2K[1A[2K[G
 [38;5;187m⠼[39m [3m💬 Developing Kanban Tools[23m [38;5;103m(esc to cancel, 26s)[39m                                                                                         [38;5;103m ? for shortcuts [39m
[38;5;59m────────────────────────────────────────────────────────────────────────────────────────────────────────────────────────────────────────────────────────────[39m
 [38;5;217mYOLO[38;5;103m ctrl+y[39m
[38;5;59m────────────────────────────────────────────────────────────────────────────────────────────────────────────────────────────────────────────────────────────[39m
 [38;5;217m* [38;5;103m  Type your message or @path/to/file[39m
[38;5;59m────────────────────────────────────────────────────────────────────────────────────────────────────────────────────────────────────────────────────────────[39m
 /mnt/.../chojn/projects/kanbanAgents[38;5;103m (main*)[39m                             [38;5;217mno sandbox[38;5;103m (see /docs)[39m                              [38;5;103m/model [39mgemini-3-flash-preview
[2K[1A[2K[1A[2K[1A[2K[1A[2K[1A[2K[1A[2K[1A[2K[1A[2K[G
 [38;5;187m⠴[39m [3m💬 Developing Kanban Tools[23m [38;5;103m(esc to cancel, 27s)[39m                                                                                         [38;5;103m ? for shortcuts [39m
[38;5;59m────────────────────────────────────────────────────────────────────────────────────────────────────────────────────────────────────────────────────────────[39m
 [38;5;217mYOLO[38;5;103m ctrl+y[39m
[38;5;59m────────────────────────────────────────────────────────────────────────────────────────────────────────────────────────────────────────────────────────────[39m
 [38;5;217m* [38;5;103m  Type your message or @path/to/file[39m
[38;5;59m────────────────────────────────────────────────────────────────────────────────────────────────────────────────────────────────────────────────────────────[39m
 /mnt/.../chojn/projects/kanbanAgents[38;5;103m (main*)[39m                             [38;5;217mno sandbox[38;5;103m (see /docs)[39m                              [38;5;103m/model [39mgemini-3-flash-preview
[2K[1A[2K[1A[2K[1A[2K[1A[2K[1A[2K[1A[2K[1A[2K[1A[2K[G
 [38;5;187m⠦[39m [3m💬 Developing Kanban Tools[23m [38;5;103m(esc to cancel, 27s)[39m                                                                                         [38;5;103m ? for shortcuts [39m
[38;5;59m────────────────────────────────────────────────────────────────────────────────────────────────────────────────────────────────────────────────────────────[39m
 [38;5;217mYOLO[38;5;103m ctrl+y[39m
[38;5;59m────────────────────────────────────────────────────────────────────────────────────────────────────────────────────────────────────────────────────────────[39m
 [38;5;217m* [38;5;103m  Type your message or @path/to/file[39m
[38;5;59m────────────────────────────────────────────────────────────────────────────────────────────────────────────────────────────────────────────────────────────[39m
 /mnt/.../chojn/projects/kanbanAgents[38;5;103m (main*)[39m                             [38;5;217mno sandbox[38;5;103m (see /docs)[39m                              [38;5;103m/model [39mgemini-3-flash-preview
[2K[1A[2K[1A[2K[1A[2K[1A[2K[1A[2K[1A[2K[1A[2K[1A[2K[G
 [38;5;187m⠧[39m [3m💬 Developing Kanban Tools[23m [38;5;103m(esc to cancel, 27s)[39m                                                                                         [38;5;103m ? for shortcuts [39m
[38;5;59m────────────────────────────────────────────────────────────────────────────────────────────────────────────────────────────────────────────────────────────[39m
 [38;5;217mYOLO[38;5;103m ctrl+y[39m
[38;5;59m────────────────────────────────────────────────────────────────────────────────────────────────────────────────────────────────────────────────────────────[39m
 [38;5;217m* [38;5;103m  Type your message or @path/to/file[39m
[38;5;59m────────────────────────────────────────────────────────────────────────────────────────────────────────────────────────────────────────────────────────────[39m
 /mnt/.../chojn/projects/kanbanAgents[38;5;103m (main*)[39m                             [38;5;217mno sandbox[38;5;103m (see /docs)[39m                              [38;5;103m/model [39mgemini-3-flash-preview
[2K[1A[2K[1A[2K[1A[2K[1A[2K[1A[2K[1A[2K[1A[2K[1A[2K[G
 [38;5;187m⠇[39m [3m💬 Developing Kanban Tools[23m [38;5;103m(esc to cancel, 27s)[39m                                                                                         [38;5;103m ? for shortcuts [39m
[38;5;59m────────────────────────────────────────────────────────────────────────────────────────────────────────────────────────────────────────────────────────────[39m
 [38;5;217mYOLO[38;5;103m ctrl+y[39m
[38;5;59m────────────────────────────────────────────────────────────────────────────────────────────────────────────────────────────────────────────────────────────[39m
 [38;5;217m* [38;5;103m  Type your message or @path/to/file[39m
[38;5;59m────────────────────────────────────────────────────────────────────────────────────────────────────────────────────────────────────────────────────────────[39m
 /mnt/.../chojn/projects/kanbanAgents[38;5;103m (main*)[39m                             [38;5;217mno sandbox[38;5;103m (see /docs)[39m                              [38;5;103m/model [39mgemini-3-flash-preview
[2K[1A[2K[1A[2K[1A[2K[1A[2K[1A[2K[1A[2K[1A[2K[1A[2K[G
 [38;5;223m⠏[39m [3m💬 Developing Kanban Tools[23m [38;5;103m(esc to cancel, 27s)[39m                                                                                         [38;5;103m ? for shortcuts [39m
[38;5;59m────────────────────────────────────────────────────────────────────────────────────────────────────────────────────────────────────────────────────────────[39m
 [38;5;217mYOLO[38;5;103m ctrl+y[39m
[38;5;59m────────────────────────────────────────────────────────────────────────────────────────────────────────────────────────────────────────────────────────────[39m
 [38;5;217m* [38;5;103m  Type your message or @path/to/file[39m
[38;5;59m────────────────────────────────────────────────────────────────────────────────────────────────────────────────────────────────────────────────────────────[39m
 /mnt/.../chojn/projects/kanbanAgents[38;5;103m (main*)[39m                             [38;5;217mno sandbox[38;5;103m (see /docs)[39m                              [38;5;103m/model [39mgemini-3-flash-preview
[2K[1A[2K[1A[2K[1A[2K[1A[2K[1A[2K[1A[2K[1A[2K[1A[2K[G
 [38;5;223m⠋[39m [3m💬 Developing Kanban Tools[23m [38;5;103m(esc to cancel, 27s)[39m                                                                                         [38;5;103m ? for shortcuts [39m
[38;5;59m────────────────────────────────────────────────────────────────────────────────────────────────────────────────────────────────────────────────────────────[39m
 [38;5;217mYOLO[38;5;103m ctrl+y[39m
[38;5;59m────────────────────────────────────────────────────────────────────────────────────────────────────────────────────────────────────────────────────────────[39m
 [38;5;217m* [38;5;103m  Type your message or @path/to/file[39m
[38;5;59m────────────────────────────────────────────────────────────────────────────────────────────────────────────────────────────────────────────────────────────[39m
 /mnt/.../chojn/projects/kanbanAgents[38;5;103m (main*)[39m                             [38;5;217mno sandbox[38;5;103m (see /docs)[39m                              [38;5;103m/model [39mgemini-3-flash-preview
[2K[1A[2K[1A[2K[1A[2K[1A[2K[1A[2K[1A[2K[1A[2K[1A[2K[G
 [38;5;223m⠙[39m [3m💬 Developing Kanban Tools[23m [38;5;103m(esc to cancel, 27s)[39m                                                                                         [38;5;103m ? for shortcuts [39m
[38;5;59m────────────────────────────────────────────────────────────────────────────────────────────────────────────────────────────────────────────────────────────[39m
 [38;5;217mYOLO[38;5;103m ctrl+y[39m
[38;5;59m────────────────────────────────────────────────────────────────────────────────────────────────────────────────────────────────────────────────────────────[39m
 [38;5;217m* [38;5;103m  Type your message or @path/to/file[39m
[38;5;59m────────────────────────────────────────────────────────────────────────────────────────────────────────────────────────────────────────────────────────────[39m
 /mnt/.../chojn/projects/kanbanAgents[38;5;103m (main*)[39m                             [38;5;217mno sandbox[38;5;103m (see /docs)[39m                              [38;5;103m/model [39mgemini-3-flash-preview
[2K[1A[2K[1A[2K[1A[2K[1A[2K[1A[2K[1A[2K[1A[2K[1A[2K[G
 [38;5;223m⠹[39m [3m💬 Developing Kanban Tools[23m [38;5;103m(esc to cancel, 27s)[39m                                                                                         [38;5;103m ? for shortcuts [39m
[38;5;59m────────────────────────────────────────────────────────────────────────────────────────────────────────────────────────────────────────────────────────────[39m
 [38;5;217mYOLO[38;5;103m ctrl+y[39m
[38;5;59m────────────────────────────────────────────────────────────────────────────────────────────────────────────────────────────────────────────────────────────[39m
 [38;5;217m* [38;5;103m  Type your message or @path/to/file[39m
[38;5;59m────────────────────────────────────────────────────────────────────────────────────────────────────────────────────────────────────────────────────────────[39m
 /mnt/.../chojn/projects/kanbanAgents[38;5;103m (main*)[39m                             [38;5;217mno sandbox[38;5;103m (see /docs)[39m                              [38;5;103m/model [39mgemini-3-flash-preview
[2K[1A[2K[1A[2K[1A[2K[1A[2K[1A[2K[1A[2K[1A[2K[1A[2K[G
 [38;5;223m⠸[39m [3m💬 Developing Kanban Tools[23m [38;5;103m(esc to cancel, 27s)[39m                                                                                         [38;5;103m ? for shortcuts [39m
[38;5;59m────────────────────────────────────────────────────────────────────────────────────────────────────────────────────────────────────────────────────────────[39m
 [38;5;217mYOLO[38;5;103m ctrl+y[39m
[38;5;59m────────────────────────────────────────────────────────────────────────────────────────────────────────────────────────────────────────────────────────────[39m
 [38;5;217m* [38;5;103m  Type your message or @path/to/file[39m
[38;5;59m────────────────────────────────────────────────────────────────────────────────────────────────────────────────────────────────────────────────────────────[39m
 /mnt/.../chojn/projects/kanbanAgents[38;5;103m (main*)[39m                             [38;5;217mno sandbox[38;5;103m (see /docs)[39m                              [38;5;103m/model [39mgemini-3-flash-preview
[2K[1A[2K[1A[2K[1A[2K[1A[2K[1A[2K[1A[2K[1A[2K[1A[2K[G
 [38;5;223m⠼[39m [3m💬 Developing Kanban Tools[23m [38;5;103m(esc to cancel, 27s)[39m                                                                                         [38;5;103m ? for shortcuts [39m
[38;5;59m────────────────────────────────────────────────────────────────────────────────────────────────────────────────────────────────────────────────────────────[39m
 [38;5;217mYOLO[38;5;103m ctrl+y[39m
[38;5;59m────────────────────────────────────────────────────────────────────────────────────────────────────────────────────────────────────────────────────────────[39m
 [38;5;217m* [38;5;103m  Type your message or @path/to/file[39m
[38;5;59m────────────────────────────────────────────────────────────────────────────────────────────────────────────────────────────────────────────────────────────[39m
 /mnt/.../chojn/projects/kanbanAgents[38;5;103m (main*)[39m                             [38;5;217mno sandbox[38;5;103m (see /docs)[39m                              [38;5;103m/model [39mgemini-3-flash-preview
[2K[1A[2K[1A[2K[1A[2K[1A[2K[1A[2K[1A[2K[1A[2K[1A[2K[G
 [38;5;223m⠴[39m [3m💬 Developing Kanban Tools[23m [38;5;103m(esc to cancel, 27s)[39m                                                                                         [38;5;103m ? for shortcuts [39m
[38;5;59m────────────────────────────────────────────────────────────────────────────────────────────────────────────────────────────────────────────────────────────[39m
 [38;5;217mYOLO[38;5;103m ctrl+y[39m
[38;5;59m────────────────────────────────────────────────────────────────────────────────────────────────────────────────────────────────────────────────────────────[39m
 [38;5;217m* [38;5;103m  Type your message or @path/to/file[39m
[38;5;59m────────────────────────────────────────────────────────────────────────────────────────────────────────────────────────────────────────────────────────────[39m
 /mnt/.../chojn/projects/kanbanAgents[38;5;103m (main*)[39m                             [38;5;217mno sandbox[38;5;103m (see /docs)[39m                              [38;5;103m/model [39mgemini-3-flash-preview
[2K[1A[2K[1A[2K[1A[2K[1A[2K[1A[2K[1A[2K[1A[2K[1A[2K[G
 [38;5;223m⠦[39m [3m💬 Developing Kanban Tools[23m [38;5;103m(esc to cancel, 27s)[39m                                                                                         [38;5;103m ? for shortcuts [39m
[38;5;59m────────────────────────────────────────────────────────────────────────────────────────────────────────────────────────────────────────────────────────────[39m
 [38;5;217mYOLO[38;5;103m ctrl+y[39m
[38;5;59m────────────────────────────────────────────────────────────────────────────────────────────────────────────────────────────────────────────────────────────[39m
 [38;5;217m* [38;5;103m  Type your message or @path/to/file[39m
[38;5;59m────────────────────────────────────────────────────────────────────────────────────────────────────────────────────────────────────────────────────────────[39m
 /mnt/.../chojn/projects/kanbanAgents[38;5;103m (main*)[39m                             [38;5;217mno sandbox[38;5;103m (see /docs)[39m                              [38;5;103m/model [39mgemini-3-flash-preview
[2K[1A[2K[1A[2K[1A[2K[1A[2K[1A[2K[1A[2K[1A[2K[1A[2K[G
 [38;5;217m⠦[39m [3m💬 Developing Kanban Tools[23m [38;5;103m(esc to cancel, 27s)[39m                                                                                         [38;5;103m ? for shortcuts [39m
[38;5;59m────────────────────────────────────────────────────────────────────────────────────────────────────────────────────────────────────────────────────────────[39m
 [38;5;217mYOLO[38;5;103m ctrl+y[39m
[38;5;59m────────────────────────────────────────────────────────────────────────────────────────────────────────────────────────────────────────────────────────────[39m
 [38;5;217m* [38;5;103m  Type your message or @path/to/file[39m
[38;5;59m────────────────────────────────────────────────────────────────────────────────────────────────────────────────────────────────────────────────────────────[39m
 /mnt/.../chojn/projects/kanbanAgents[38;5;103m (main*)[39m                             [38;5;217mno sandbox[38;5;103m (see /docs)[39m                              [38;5;103m/model [39mgemini-3-flash-preview
[2K[1A[2K[1A[2K[1A[2K[1A[2K[1A[2K[1A[2K[1A[2K[1A[2K[G
 [38;5;217m⠧[39m [3m💬 Developing Kanban Tools[23m [38;5;103m(esc to cancel, 28s)[39m                                                                                         [38;5;103m ? for shortcuts [39m
[38;5;59m────────────────────────────────────────────────────────────────────────────────────────────────────────────────────────────────────────────────────────────[39m
 [38;5;217mYOLO[38;5;103m ctrl+y[39m
[38;5;59m────────────────────────────────────────────────────────────────────────────────────────────────────────────────────────────────────────────────────────────[39m
 [38;5;217m* [38;5;103m  Type your message or @path/to/file[39m
[38;5;59m────────────────────────────────────────────────────────────────────────────────────────────────────────────────────────────────────────────────────────────[39m
 /mnt/.../chojn/projects/kanbanAgents[38;5;103m (main*)[39m                             [38;5;217mno sandbox[38;5;103m (see /docs)[39m                              [38;5;103m/model [39mgemini-3-flash-preview
[2K[1A[2K[1A[2K[1A[2K[1A[2K[1A[2K[1A[2K[1A[2K[1A[2K[G
 [38;5;217m⠇[39m [3m💬 Developing Kanban Tools[23m [38;5;103m(esc to cancel, 28s)[39m                                                                                         [38;5;103m ? for shortcuts [39m
[38;5;59m────────────────────────────────────────────────────────────────────────────────────────────────────────────────────────────────────────────────────────────[39m
 [38;5;217mYOLO[38;5;103m ctrl+y[39m
[38;5;59m────────────────────────────────────────────────────────────────────────────────────────────────────────────────────────────────────────────────────────────[39m
 [38;5;217m* [38;5;103m  Type your message or @path/to/file[39m
[38;5;59m────────────────────────────────────────────────────────────────────────────────────────────────────────────────────────────────────────────────────────────[39m
 /mnt/.../chojn/projects/kanbanAgents[38;5;103m (main*)[39m                             [38;5;217mno sandbox[38;5;103m (see /docs)[39m                              [38;5;103m/model [39mgemini-3-flash-preview
[2K[1A[2K[1A[2K[1A[2K[1A[2K[1A[2K[1A[2K[1A[2K[1A[2K[G
 [38;5;217m⠏[39m [3m💬 Developing Kanban Tools[23m [38;5;103m(esc to cancel, 28s)[39m                                                                                         [38;5;103m ? for shortcuts [39m
[38;5;59m────────────────────────────────────────────────────────────────────────────────────────────────────────────────────────────────────────────────────────────[39m
 [38;5;217mYOLO[38;5;103m ctrl+y[39m
[38;5;59m────────────────────────────────────────────────────────────────────────────────────────────────────────────────────────────────────────────────────────────[39m
 [38;5;217m* [38;5;103m  Type your message or @path/to/file[39m
[38;5;59m────────────────────────────────────────────────────────────────────────────────────────────────────────────────────────────────────────────────────────────[39m
 /mnt/.../chojn/projects/kanbanAgents[38;5;103m (main*)[39m                             [38;5;217mno sandbox[38;5;103m (see /docs)[39m                              [38;5;103m/model [39mgemini-3-flash-preview
[2K[1A[2K[1A[2K[1A[2K[1A[2K[1A[2K[1A[2K[1A[2K[1A[2K[G
 [38;5;217m⠋[39m [3m💬 Developing Kanban Tools[23m [38;5;103m(esc to cancel, 28s)[39m                                                                                         [38;5;103m ? for shortcuts [39m
[38;5;59m────────────────────────────────────────────────────────────────────────────────────────────────────────────────────────────────────────────────────────────[39m
 [38;5;217mYOLO[38;5;103m ctrl+y[39m
[38;5;59m────────────────────────────────────────────────────────────────────────────────────────────────────────────────────────────────────────────────────────────[39m
 [38;5;217m* [38;5;103m  Type your message or @path/to/file[39m
[38;5;59m────────────────────────────────────────────────────────────────────────────────────────────────────────────────────────────────────────────────────────────[39m
 /mnt/.../chojn/projects/kanbanAgents[38;5;103m (main*)[39m                             [38;5;217mno sandbox[38;5;103m (see /docs)[39m                              [38;5;103m/model [39mgemini-3-flash-preview
[2K[1A[2K[1A[2K[1A[2K[1A[2K[1A[2K[1A[2K[1A[2K[1A[2K[G
 [38;5;217m⠙[39m [3m💬 Developing Kanban Tools[23m [38;5;103m(esc to cancel, 28s)[39m                                                                                         [38;5;103m ? for shortcuts [39m
[38;5;59m────────────────────────────────────────────────────────────────────────────────────────────────────────────────────────────────────────────────────────────[39m
 [38;5;217mYOLO[38;5;103m ctrl+y[39m
[38;5;59m────────────────────────────────────────────────────────────────────────────────────────────────────────────────────────────────────────────────────────────[39m
 [38;5;217m* [38;5;103m  Type your message or @path/to/file[39m
[38;5;59m────────────────────────────────────────────────────────────────────────────────────────────────────────────────────────────────────────────────────────────[39m
 /mnt/.../chojn/projects/kanbanAgents[38;5;103m (main*)[39m                             [38;5;217mno sandbox[38;5;103m (see /docs)[39m                              [38;5;103m/model [39mgemini-3-flash-preview
[2K[1A[2K[1A[2K[1A[2K[1A[2K[1A[2K[1A[2K[1A[2K[1A[2K[G
 [38;5;218m⠙[39m [3m💬 Developing Kanban Tools[23m [38;5;103m(esc to cancel, 28s)[39m                                                                                         [38;5;103m ? for shortcuts [39m
[38;5;59m────────────────────────────────────────────────────────────────────────────────────────────────────────────────────────────────────────────────────────────[39m
 [38;5;217mYOLO[38;5;103m ctrl+y[39m
[38;5;59m────────────────────────────────────────────────────────────────────────────────────────────────────────────────────────────────────────────────────────────[39m
 [38;5;217m* [38;5;103m  Type your message or @path/to/file[39m
[38;5;59m────────────────────────────────────────────────────────────────────────────────────────────────────────────────────────────────────────────────────────────[39m
 /mnt/.../chojn/projects/kanbanAgents[38;5;103m (main*)[39m                             [38;5;217mno sandbox[38;5;103m (see /docs)[39m                              [38;5;103m/model [39mgemini-3-flash-preview
[2K[1A[2K[1A[2K[1A[2K[1A[2K[1A[2K[1A[2K[1A[2K[1A[2K[G
 [38;5;218m⠹[39m [3m💬 Developing Kanban Tools[23m [38;5;103m(esc to cancel, 28s)[39m                                                                                         [38;5;103m ? for shortcuts [39m
[38;5;59m────────────────────────────────────────────────────────────────────────────────────────────────────────────────────────────────────────────────────────────[39m
 [38;5;217mYOLO[38;5;103m ctrl+y[39m
[38;5;59m────────────────────────────────────────────────────────────────────────────────────────────────────────────────────────────────────────────────────────────[39m
 [38;5;217m* [38;5;103m  Type your message or @path/to/file[39m
[38;5;59m────────────────────────────────────────────────────────────────────────────────────────────────────────────────────────────────────────────────────────────[39m
 /mnt/.../chojn/projects/kanbanAgents[38;5;103m (main*)[39m                             [38;5;217mno sandbox[38;5;103m (see /docs)[39m                              [38;5;103m/model [39mgemini-3-flash-preview
[2K[1A[2K[1A[2K[1A[2K[1A[2K[1A[2K[1A[2K[1A[2K[1A[2K[G
 [38;5;182m⠸[39m [3m💬 Developing Kanban Tools[23m [38;5;103m(esc to cancel, 28s)[39m                                                                                         [38;5;103m ? for shortcuts [39m
[38;5;59m────────────────────────────────────────────────────────────────────────────────────────────────────────────────────────────────────────────────────────────[39m
 [38;5;217mYOLO[38;5;103m ctrl+y[39m
[38;5;59m────────────────────────────────────────────────────────────────────────────────────────────────────────────────────────────────────────────────────────────[39m
 [38;5;217m* [38;5;103m  Type your message or @path/to/file[39m
[38;5;59m────────────────────────────────────────────────────────────────────────────────────────────────────────────────────────────────────────────────────────────[39m
 /mnt/.../chojn/projects/kanbanAgents[38;5;103m (main*)[39m                             [38;5;217mno sandbox[38;5;103m (see /docs)[39m                              [38;5;103m/model [39mgemini-3-flash-preview
[2K[1A[2K[1A[2K[1A[2K[1A[2K[1A[2K[1A[2K[1A[2K[1A[2K[G
 [38;5;182m⠼[39m [3m💬 Developing Kanban Tools[23m [38;5;103m(esc to cancel, 28s)[39m                                                                                         [38;5;103m ? for shortcuts [39m
[38;5;59m────────────────────────────────────────────────────────────────────────────────────────────────────────────────────────────────────────────────────────────[39m
 [38;5;217mYOLO[38;5;103m ctrl+y[39m
[38;5;59m────────────────────────────────────────────────────────────────────────────────────────────────────────────────────────────────────────────────────────────[39m
 [38;5;217m* [38;5;103m  Type your message or @path/to/file[39m
[38;5;59m────────────────────────────────────────────────────────────────────────────────────────────────────────────────────────────────────────────────────────────[39m
 /mnt/.../chojn/projects/kanbanAgents[38;5;103m (main*)[39m                             [38;5;217mno sandbox[38;5;103m (see /docs)[39m                              [38;5;103m/model [39mgemini-3-flash-preview
[2K[1A[2K[1A[2K[1A[2K[1A[2K[1A[2K[1A[2K[1A[2K[1A[2K[G
 [38;5;182m⠴[39m [3m💬 Developing Kanban Tools[23m [38;5;103m(esc to cancel, 28s)[39m                                                                                         [38;5;103m ? for shortcuts [39m
[38;5;59m────────────────────────────────────────────────────────────────────────────────────────────────────────────────────────────────────────────────────────────[39m
 [38;5;217mYOLO[38;5;103m ctrl+y[39m
[38;5;59m────────────────────────────────────────────────────────────────────────────────────────────────────────────────────────────────────────────────────────────[39m
 [38;5;217m* [38;5;103m  Type your message or @path/to/file[39m
[38;5;59m────────────────────────────────────────────────────────────────────────────────────────────────────────────────────────────────────────────────────────────[39m
 /mnt/.../chojn/projects/kanbanAgents[38;5;103m (main*)[39m                             [38;5;217mno sandbox[38;5;103m (see /docs)[39m                              [38;5;103m/model [39mgemini-3-flash-preview
[2K[1A[2K[1A[2K[1A[2K[1A[2K[1A[2K[1A[2K[1A[2K[1A[2K[G
 [38;5;182m⠦[39m [3m💬 Developing Kanban Tools[23m [38;5;103m(esc to cancel, 28s)[39m                                                                                         [38;5;103m ? for shortcuts [39m
[38;5;59m────────────────────────────────────────────────────────────────────────────────────────────────────────────────────────────────────────────────────────────[39m
 [38;5;217mYOLO[38;5;103m ctrl+y[39m
[38;5;59m────────────────────────────────────────────────────────────────────────────────────────────────────────────────────────────────────────────────────────────[39m
 [38;5;217m* [38;5;103m  Type your message or @path/to/file[39m
[38;5;59m────────────────────────────────────────────────────────────────────────────────────────────────────────────────────────────────────────────────────────────[39m
 /mnt/.../chojn/projects/kanbanAgents[38;5;103m (main*)[39m                             [38;5;217mno sandbox[38;5;103m (see /docs)[39m                              [38;5;103m/model [39mgemini-3-flash-preview
[2K[1A[2K[1A[2K[1A[2K[1A[2K[1A[2K[1A[2K[1A[2K[1A[2K[G
 [38;5;183m⠦[39m [3m💬 Developing Kanban Tools[23m [38;5;103m(esc to cancel, 28s)[39m                                                                                         [38;5;103m ? for shortcuts [39m
[38;5;59m────────────────────────────────────────────────────────────────────────────────────────────────────────────────────────────────────────────────────────────[39m
 [38;5;217mYOLO[38;5;103m ctrl+y[39m
[38;5;59m────────────────────────────────────────────────────────────────────────────────────────────────────────────────────────────────────────────────────────────[39m
 [38;5;217m* [38;5;103m  Type your message or @path/to/file[39m
[38;5;59m────────────────────────────────────────────────────────────────────────────────────────────────────────────────────────────────────────────────────────────[39m
 /mnt/.../chojn/projects/kanbanAgents[38;5;103m (main*)[39m                             [38;5;217mno sandbox[38;5;103m (see /docs)[39m                              [38;5;103m/model [39mgemini-3-flash-preview
[2K[1A[2K[1A[2K[1A[2K[1A[2K[1A[2K[1A[2K[1A[2K[1A[2K[G
 [38;5;183m⠧[39m [3m💬 Developing Kanban Tools[23m [38;5;103m(esc to cancel, 28s)[39m                                                                                         [38;5;103m ? for shortcuts [39m
[38;5;59m────────────────────────────────────────────────────────────────────────────────────────────────────────────────────────────────────────────────────────────[39m
 [38;5;217mYOLO[38;5;103m ctrl+y[39m
[38;5;59m────────────────────────────────────────────────────────────────────────────────────────────────────────────────────────────────────────────────────────────[39m
 [38;5;217m* [38;5;103m  Type your message or @path/to/file[39m
[38;5;59m────────────────────────────────────────────────────────────────────────────────────────────────────────────────────────────────────────────────────────────[39m
 /mnt/.../chojn/projects/kanbanAgents[38;5;103m (main*)[39m                             [38;5;217mno sandbox[38;5;103m (see /docs)[39m                              [38;5;103m/model [39mgemini-3-flash-preview
[2K[1A[2K[1A[2K[1A[2K[1A[2K[1A[2K[1A[2K[1A[2K[1A[2K[G
 [38;5;183m⠇[39m [3m💬 Developing Kanban Tools[23m [38;5;103m(esc to cancel, 28s)[39m                                                                                         [38;5;103m ? for shortcuts [39m
[38;5;59m────────────────────────────────────────────────────────────────────────────────────────────────────────────────────────────────────────────────────────────[39m
 [38;5;217mYOLO[38;5;103m ctrl+y[39m
[38;5;59m────────────────────────────────────────────────────────────────────────────────────────────────────────────────────────────────────────────────────────────[39m
 [38;5;217m* [38;5;103m  Type your message or @path/to/file[39m
[38;5;59m────────────────────────────────────────────────────────────────────────────────────────────────────────────────────────────────────────────────────────────[39m
 /mnt/.../chojn/projects/kanbanAgents[38;5;103m (main*)[39m                             [38;5;217mno sandbox[38;5;103m (see /docs)[39m                              [38;5;103m/model [39mgemini-3-flash-preview
[2K[1A[2K[1A[2K[1A[2K[1A[2K[1A[2K[1A[2K[1A[2K[1A[2K[G
 [38;5;183m⠏[39m [3m💬 Developing Kanban Tools[23m [38;5;103m(esc to cancel, 28s)[39m                                                                                         [38;5;103m ? for shortcuts [39m
[38;5;59m────────────────────────────────────────────────────────────────────────────────────────────────────────────────────────────────────────────────────────────[39m
 [38;5;217mYOLO[38;5;103m ctrl+y[39m
[38;5;59m────────────────────────────────────────────────────────────────────────────────────────────────────────────────────────────────────────────────────────────[39m
 [38;5;217m* [38;5;103m  Type your message or @path/to/file[39m
[38;5;59m────────────────────────────────────────────────────────────────────────────────────────────────────────────────────────────────────────────────────────────[39m
 /mnt/.../chojn/projects/kanbanAgents[38;5;103m (main*)[39m                             [38;5;217mno sandbox[38;5;103m (see /docs)[39m                              [38;5;103m/model [39mgemini-3-flash-preview
[2K[1A[2K[1A[2K[1A[2K[1A[2K[1A[2K[1A[2K[1A[2K[1A[2K[G
 [38;5;183m⠏[39m [3m💬 Developing Kanban Tools[23m [38;5;103m(esc to cancel, 29s)[39m                                                                                         [38;5;103m ? for shortcuts [39m
[38;5;59m────────────────────────────────────────────────────────────────────────────────────────────────────────────────────────────────────────────────────────────[39m
 [38;5;217mYOLO[38;5;103m ctrl+y[39m
[38;5;59m────────────────────────────────────────────────────────────────────────────────────────────────────────────────────────────────────────────────────────────[39m
 [38;5;217m* [38;5;103m  Type your message or @path/to/file[39m
[38;5;59m────────────────────────────────────────────────────────────────────────────────────────────────────────────────────────────────────────────────────────────[39m
 /mnt/.../chojn/projects/kanbanAgents[38;5;103m (main*)[39m                             [38;5;217mno sandbox[38;5;103m (see /docs)[39m                              [38;5;103m/model [39mgemini-3-flash-preview
[2K[1A[2K[1A[2K[1A[2K[1A[2K[1A[2K[1A[2K[1A[2K[1A[2K[G
 [38;5;183m⠋[39m [3m💬 Developing Kanban Tools[23m [38;5;103m(esc to cancel, 29s)[39m                                                                                         [38;5;103m ? for shortcuts [39m
[38;5;59m────────────────────────────────────────────────────────────────────────────────────────────────────────────────────────────────────────────────────────────[39m
 [38;5;217mYOLO[38;5;103m ctrl+y[39m
[38;5;59m────────────────────────────────────────────────────────────────────────────────────────────────────────────────────────────────────────────────────────────[39m
 [38;5;217m* [38;5;103m  Type your message or @path/to/file[39m
[38;5;59m────────────────────────────────────────────────────────────────────────────────────────────────────────────────────────────────────────────────────────────[39m
 /mnt/.../chojn/projects/kanbanAgents[38;5;103m (main*)[39m                             [38;5;217mno sandbox[38;5;103m (see /docs)[39m                              [38;5;103m/model [39mgemini-3-flash-preview
[2K[1A[2K[1A[2K[1A[2K[1A[2K[1A[2K[1A[2K[1A[2K[1A[2K[G
 [38;5;183m⠙[39m [3m💬 Developing Kanban Tools[23m [38;5;103m(esc to cancel, 29s)[39m                                                                                         [38;5;103m ? for shortcuts [39m
[38;5;59m────────────────────────────────────────────────────────────────────────────────────────────────────────────────────────────────────────────────────────────[39m
 [38;5;217mYOLO[38;5;103m ctrl+y[39m
[38;5;59m────────────────────────────────────────────────────────────────────────────────────────────────────────────────────────────────────────────────────────────[39m
 [38;5;217m* [38;5;103m  Type your message or @path/to/file[39m
[38;5;59m────────────────────────────────────────────────────────────────────────────────────────────────────────────────────────────────────────────────────────────[39m
 /mnt/.../chojn/projects/kanbanAgents[38;5;103m (main*)[39m                             [38;5;217mno sandbox[38;5;103m (see /docs)[39m                              [38;5;103m/model [39mgemini-3-flash-preview
[2K[1A[2K[1A[2K[1A[2K[1A[2K[1A[2K[1A[2K[1A[2K[1A[2K[G
 [38;5;147m⠙[39m [3m💬 Developing Kanban Tools[23m [38;5;103m(esc to cancel, 29s)[39m                                                                                         [38;5;103m ? for shortcuts [39m
[38;5;59m────────────────────────────────────────────────────────────────────────────────────────────────────────────────────────────────────────────────────────────[39m
 [38;5;217mYOLO[38;5;103m ctrl+y[39m
[38;5;59m────────────────────────────────────────────────────────────────────────────────────────────────────────────────────────────────────────────────────────────[39m
 [38;5;217m* [38;5;103m  Type your message or @path/to/file[39m
[38;5;59m────────────────────────────────────────────────────────────────────────────────────────────────────────────────────────────────────────────────────────────[39m
 /mnt/.../chojn/projects/kanbanAgents[38;5;103m (main*)[39m                             [38;5;217mno sandbox[38;5;103m (see /docs)[39m                              [38;5;103m/model [39mgemini-3-flash-preview
[2K[1A[2K[1A[2K[1A[2K[1A[2K[1A[2K[1A[2K[1A[2K[1A[2K[G
 [38;5;147m⠹[39m [3m💬 Developing Kanban Tools[23m [38;5;103m(esc to cancel, 29s)[39m                                                                                         [38;5;103m ? for shortcuts [39m
[38;5;59m────────────────────────────────────────────────────────────────────────────────────────────────────────────────────────────────────────────────────────────[39m
 [38;5;217mYOLO[38;5;103m ctrl+y[39m
[38;5;59m────────────────────────────────────────────────────────────────────────────────────────────────────────────────────────────────────────────────────────────[39m
 [38;5;217m* [38;5;103m  Type your message or @path/to/file[39m
[38;5;59m────────────────────────────────────────────────────────────────────────────────────────────────────────────────────────────────────────────────────────────[39m
 /mnt/.../chojn/projects/kanbanAgents[38;5;103m (main*)[39m                             [38;5;217mno sandbox[38;5;103m (see /docs)[39m                              [38;5;103m/model [39mgemini-3-flash-preview
[2K[1A[2K[1A[2K[1A[2K[1A[2K[1A[2K[1A[2K[1A[2K[1A[2K[G
 [38;5;147m⠸[39m [3m💬 Developing Kanban Tools[23m [38;5;103m(esc to cancel, 29s)[39m                                                                                         [38;5;103m ? for shortcuts [39m
[38;5;59m────────────────────────────────────────────────────────────────────────────────────────────────────────────────────────────────────────────────────────────[39m
 [38;5;217mYOLO[38;5;103m ctrl+y[39m
[38;5;59m────────────────────────────────────────────────────────────────────────────────────────────────────────────────────────────────────────────────────────────[39m
 [38;5;217m* [38;5;103m  Type your message or @path/to/file[39m
[38;5;59m────────────────────────────────────────────────────────────────────────────────────────────────────────────────────────────────────────────────────────────[39m
 /mnt/.../chojn/projects/kanbanAgents[38;5;103m (main*)[39m                             [38;5;217mno sandbox[38;5;103m (see /docs)[39m                              [38;5;103m/model [39mgemini-3-flash-preview
[2K[1A[2K[1A[2K[1A[2K[1A[2K[1A[2K[1A[2K[1A[2K[1A[2K[G
 [38;5;147m⠼[39m [3m💬 Developing Kanban Tools[23m [38;5;103m(esc to cancel, 29s)[39m                                                                                         [38;5;103m ? for shortcuts [39m
[38;5;59m────────────────────────────────────────────────────────────────────────────────────────────────────────────────────────────────────────────────────────────[39m
 [38;5;217mYOLO[38;5;103m ctrl+y[39m
[38;5;59m────────────────────────────────────────────────────────────────────────────────────────────────────────────────────────────────────────────────────────────[39m
 [38;5;217m* [38;5;103m  Type your message or @path/to/file[39m
[38;5;59m────────────────────────────────────────────────────────────────────────────────────────────────────────────────────────────────────────────────────────────[39m
 /mnt/.../chojn/projects/kanbanAgents[38;5;103m (main*)[39m                             [38;5;217mno sandbox[38;5;103m (see /docs)[39m                              [38;5;103m/model [39mgemini-3-flash-preview
[2K[1A[2K[1A[2K[1A[2K[1A[2K[1A[2K[1A[2K[1A[2K[1A[2K[G
 [38;5;147m⠴[39m [3m💬 Developing Kanban Tools[23m [38;5;103m(esc to cancel, 29s)[39m                                                                                         [38;5;103m ? for shortcuts [39m
[38;5;59m────────────────────────────────────────────────────────────────────────────────────────────────────────────────────────────────────────────────────────────[39m
 [38;5;217mYOLO[38;5;103m ctrl+y[39m
[38;5;59m────────────────────────────────────────────────────────────────────────────────────────────────────────────────────────────────────────────────────────────[39m
 [38;5;217m* [38;5;103m  Type your message or @path/to/file[39m
[38;5;59m────────────────────────────────────────────────────────────────────────────────────────────────────────────────────────────────────────────────────────────[39m
 /mnt/.../chojn/projects/kanbanAgents[38;5;103m (main*)[39m                             [38;5;217mno sandbox[38;5;103m (see /docs)[39m                              [38;5;103m/model [39mgemini-3-flash-preview
[2K[1A[2K[1A[2K[1A[2K[1A[2K[1A[2K[1A[2K[1A[2K[1A[2K[G
 [38;5;147m⠦[39m [3m💬 Developing Kanban Tools[23m [38;5;103m(esc to cancel, 29s)[39m                                                                                         [38;5;103m ? for shortcuts [39m
[38;5;59m────────────────────────────────────────────────────────────────────────────────────────────────────────────────────────────────────────────────────────────[39m
 [38;5;217mYOLO[38;5;103m ctrl+y[39m
[38;5;59m────────────────────────────────────────────────────────────────────────────────────────────────────────────────────────────────────────────────────────────[39m
 [38;5;217m* [38;5;103m  Type your message or @path/to/file[39m
[38;5;59m────────────────────────────────────────────────────────────────────────────────────────────────────────────────────────────────────────────────────────────[39m
 /mnt/.../chojn/projects/kanbanAgents[38;5;103m (main*)[39m                             [38;5;217mno sandbox[38;5;103m (see /docs)[39m                              [38;5;103m/model [39mgemini-3-flash-preview
[2K[1A[2K[1A[2K[1A[2K[1A[2K[1A[2K[1A[2K[1A[2K[1A[2K[G
 [38;5;153m⠦[39m [3m💬 Developing Kanban Tools[23m [38;5;103m(esc to cancel, 29s)[39m                                                                                         [38;5;103m ? for shortcuts [39m
[38;5;59m────────────────────────────────────────────────────────────────────────────────────────────────────────────────────────────────────────────────────────────[39m
 [38;5;217mYOLO[38;5;103m ctrl+y[39m
[38;5;59m────────────────────────────────────────────────────────────────────────────────────────────────────────────────────────────────────────────────────────────[39m
 [38;5;217m* [38;5;103m  Type your message or @path/to/file[39m
[38;5;59m────────────────────────────────────────────────────────────────────────────────────────────────────────────────────────────────────────────────────────────[39m
 /mnt/.../chojn/projects/kanbanAgents[38;5;103m (main*)[39m                             [38;5;217mno sandbox[38;5;103m (see /docs)[39m                              [38;5;103m/model [39mgemini-3-flash-preview
[2K[1A[2K[1A[2K[1A[2K[1A[2K[1A[2K[1A[2K[1A[2K[1A[2K[G
 [38;5;153m⠧[39m [3m💬 Developing Kanban Tools[23m [38;5;103m(esc to cancel, 29s)[39m                                                                                         [38;5;103m ? for shortcuts [39m
[38;5;59m────────────────────────────────────────────────────────────────────────────────────────────────────────────────────────────────────────────────────────────[39m
 [38;5;217mYOLO[38;5;103m ctrl+y[39m
[38;5;59m────────────────────────────────────────────────────────────────────────────────────────────────────────────────────────────────────────────────────────────[39m
 [38;5;217m* [38;5;103m  Type your message or @path/to/file[39m
[38;5;59m────────────────────────────────────────────────────────────────────────────────────────────────────────────────────────────────────────────────────────────[39m
 /mnt/.../chojn/projects/kanbanAgents[38;5;103m (main*)[39m                             [38;5;217mno sandbox[38;5;103m (see /docs)[39m                              [38;5;103m/model [39mgemini-3-flash-preview
[2K[1A[2K[1A[2K[1A[2K[1A[2K[1A[2K[1A[2K[1A[2K[1A[2K[G
 [38;5;153m⠇[39m [3m💬 Developing Kanban Tools[23m [38;5;103m(esc to cancel, 29s)[39m                                                                                         [38;5;103m ? for shortcuts [39m
[38;5;59m────────────────────────────────────────────────────────────────────────────────────────────────────────────────────────────────────────────────────────────[39m
 [38;5;217mYOLO[38;5;103m ctrl+y[39m
[38;5;59m────────────────────────────────────────────────────────────────────────────────────────────────────────────────────────────────────────────────────────────[39m
 [38;5;217m* [38;5;103m  Type your message or @path/to/file[39m
[38;5;59m────────────────────────────────────────────────────────────────────────────────────────────────────────────────────────────────────────────────────────────[39m
 /mnt/.../chojn/projects/kanbanAgents[38;5;103m (main*)[39m                             [38;5;217mno sandbox[38;5;103m (see /docs)[39m                              [38;5;103m/model [39mgemini-3-flash-preview
[2K[1A[2K[1A[2K[1A[2K[1A[2K[1A[2K[1A[2K[1A[2K[1A[2K[G
 [38;5;153m⠏[39m [3m💬 Developing Kanban Tools[23m [38;5;103m(esc to cancel, 29s)[39m                                                                                         [38;5;103m ? for shortcuts [39m
[38;5;59m────────────────────────────────────────────────────────────────────────────────────────────────────────────────────────────────────────────────────────────[39m
 [38;5;217mYOLO[38;5;103m ctrl+y[39m
[38;5;59m────────────────────────────────────────────────────────────────────────────────────────────────────────────────────────────────────────────────────────────[39m
 [38;5;217m* [38;5;103m  Type your message or @path/to/file[39m
[38;5;59m────────────────────────────────────────────────────────────────────────────────────────────────────────────────────────────────────────────────────────────[39m
 /mnt/.../chojn/projects/kanbanAgents[38;5;103m (main*)[39m                             [38;5;217mno sandbox[38;5;103m (see /docs)[39m                              [38;5;103m/model [39mgemini-3-flash-preview
[2K[1A[2K[1A[2K[1A[2K[1A[2K[1A[2K[1A[2K[1A[2K[1A[2K[G
 [38;5;153m⠋[39m [3m💬 Developing Kanban Tools[23m [38;5;103m(esc to cancel, 29s)[39m                                                                                         [38;5;103m ? for shortcuts [39m
[38;5;59m────────────────────────────────────────────────────────────────────────────────────────────────────────────────────────────────────────────────────────────[39m
 [38;5;217mYOLO[38;5;103m ctrl+y[39m
[38;5;59m────────────────────────────────────────────────────────────────────────────────────────────────────────────────────────────────────────────────────────────[39m
 [38;5;217m* [38;5;103m  Type your message or @path/to/file[39m
[38;5;59m────────────────────────────────────────────────────────────────────────────────────────────────────────────────────────────────────────────────────────────[39m
 /mnt/.../chojn/projects/kanbanAgents[38;5;103m (main*)[39m                             [38;5;217mno sandbox[38;5;103m (see /docs)[39m                              [38;5;103m/model [39mgemini-3-flash-preview
[2K[1A[2K[1A[2K[1A[2K[1A[2K[1A[2K[1A[2K[1A[2K[1A[2K[G
 [38;5;153m⠙[39m [3m💬 Developing Kanban Tools[23m [38;5;103m(esc to cancel, 29s)[39m                                                                                         [38;5;103m ? for shortcuts [39m
[38;5;59m────────────────────────────────────────────────────────────────────────────────────────────────────────────────────────────────────────────────────────────[39m
 [38;5;217mYOLO[38;5;103m ctrl+y[39m
[38;5;59m────────────────────────────────────────────────────────────────────────────────────────────────────────────────────────────────────────────────────────────[39m
 [38;5;217m* [38;5;103m  Type your message or @path/to/file[39m
[38;5;59m────────────────────────────────────────────────────────────────────────────────────────────────────────────────────────────────────────────────────────────[39m
 /mnt/.../chojn/projects/kanbanAgents[38;5;103m (main*)[39m                             [38;5;217mno sandbox[38;5;103m (see /docs)[39m                              [38;5;103m/model [39mgemini-3-flash-preview
[2K[1A[2K[1A[2K[1A[2K[1A[2K[1A[2K[1A[2K[1A[2K[1A[2K[G
 [38;5;153m⠹[39m [3m💬 Developing Kanban Tools[23m [38;5;103m(esc to cancel, 29s)[39m                                                                                         [38;5;103m ? for shortcuts [39m
[38;5;59m────────────────────────────────────────────────────────────────────────────────────────────────────────────────────────────────────────────────────────────[39m
 [38;5;217mYOLO[38;5;103m ctrl+y[39m
[38;5;59m────────────────────────────────────────────────────────────────────────────────────────────────────────────────────────────────────────────────────────────[39m
 [38;5;217m* [38;5;103m  Type your message or @path/to/file[39m
[38;5;59m────────────────────────────────────────────────────────────────────────────────────────────────────────────────────────────────────────────────────────────[39m
 /mnt/.../chojn/projects/kanbanAgents[38;5;103m (main*)[39m                             [38;5;217mno sandbox[38;5;103m (see /docs)[39m                              [38;5;103m/model [39mgemini-3-flash-preview
[2K[1A[2K[1A[2K[1A[2K[1A[2K[1A[2K[1A[2K[1A[2K[1A[2K[G
 [38;5;153m⠹[39m [3m💬 Developing Kanban Tools[23m [38;5;103m(esc to cancel, 30s)[39m                                                                                         [38;5;103m ? for shortcuts [39m
[38;5;59m────────────────────────────────────────────────────────────────────────────────────────────────────────────────────────────────────────────────────────────[39m
 [38;5;217mYOLO[38;5;103m ctrl+y[39m
[38;5;59m────────────────────────────────────────────────────────────────────────────────────────────────────────────────────────────────────────────────────────────[39m
 [38;5;217m* [38;5;103m  Type your message or @path/to/file[39m
[38;5;59m────────────────────────────────────────────────────────────────────────────────────────────────────────────────────────────────────────────────────────────[39m
 /mnt/.../chojn/projects/kanbanAgents[38;5;103m (main*)[39m                             [38;5;217mno sandbox[38;5;103m (see /docs)[39m                              [38;5;103m/model [39mgemini-3-flash-preview
[2K[1A[2K[1A[2K[1A[2K[1A[2K[1A[2K[1A[2K[1A[2K[1A[2K[G
 [38;5;153m⠸[39m [3m💬 Developing Kanban Tools[23m [38;5;103m(esc to cancel, 30s)[39m                                                                                         [38;5;103m ? for shortcuts [39m
[38;5;59m────────────────────────────────────────────────────────────────────────────────────────────────────────────────────────────────────────────────────────────[39m
 [38;5;217mYOLO[38;5;103m ctrl+y[39m
[38;5;59m────────────────────────────────────────────────────────────────────────────────────────────────────────────────────────────────────────────────────────────[39m
 [38;5;217m* [38;5;103m  Type your message or @path/to/file[39m
[38;5;59m────────────────────────────────────────────────────────────────────────────────────────────────────────────────────────────────────────────────────────────[39m
 /mnt/.../chojn/projects/kanbanAgents[38;5;103m (main*)[39m                             [38;5;217mno sandbox[38;5;103m (see /docs)[39m                              [38;5;103m/model [39mgemini-3-flash-preview
[2K[1A[2K[1A[2K[1A[2K[1A[2K[1A[2K[1A[2K[1A[2K[1A[2K[G
 [38;5;151m⠼[39m [3m💬 Developing Kanban Tools[23m [38;5;103m(esc to cancel, 31s)[39m                                                                                         [38;5;103m ? for shortcuts [39m
[38;5;59m────────────────────────────────────────────────────────────────────────────────────────────────────────────────────────────────────────────────────────────[39m
 [38;5;217mYOLO[38;5;103m ctrl+y[39m
[38;5;59m────────────────────────────────────────────────────────────────────────────────────────────────────────────────────────────────────────────────────────────[39m
 [38;5;217m* [38;5;103m  Type your message or @path/to/file[39m
[38;5;59m────────────────────────────────────────────────────────────────────────────────────────────────────────────────────────────────────────────────────────────[39m
 /mnt/.../chojn/projects/kanbanAgents[38;5;103m (main*)[39m                             [38;5;217mno sandbox[38;5;103m (see /docs)[39m                              [38;5;103m/model [39mgemini-3-flash-preview
[2K[1A[2K[1A[2K[1A[2K[1A[2K[1A[2K[1A[2K[1A[2K[1A[2K[G
 [38;5;223m⠹[39m [3m💬 Developing Kanban Tools[23m [38;5;103m(esc to cancel, 31s)[39m                                                                                         [38;5;103m ? for shortcuts [39m
[38;5;59m────────────────────────────────────────────────────────────────────────────────────────────────────────────────────────────────────────────────────────────[39m
 [38;5;217mYOLO[38;5;103m ctrl+y[39m
[38;5;59m────────────────────────────────────────────────────────────────────────────────────────────────────────────────────────────────────────────────────────────[39m
 [38;5;217m* [38;5;103m  Type your message or @path/to/file[39m
[38;5;59m────────────────────────────────────────────────────────────────────────────────────────────────────────────────────────────────────────────────────────────[39m
 /mnt/.../chojn/projects/kanbanAgents[38;5;103m (main*)[39m                             [38;5;217mno sandbox[38;5;103m (see /docs)[39m                              [38;5;103m/model [39mgemini-3-flash-preview
[2K[1A[2K[1A[2K[1A[2K[1A[2K[1A[2K[1A[2K[1A[2K[1A[2K[G
 [38;5;223m⠸[39m [3m💬 Developing Kanban Tools[23m [38;5;103m(esc to cancel, 31s)[39m                                                                                         [38;5;103m ? for shortcuts [39m
[38;5;59m────────────────────────────────────────────────────────────────────────────────────────────────────────────────────────────────────────────────────────────[39m
 [38;5;217mYOLO[38;5;103m ctrl+y[39m
[38;5;59m────────────────────────────────────────────────────────────────────────────────────────────────────────────────────────────────────────────────────────────[39m
 [38;5;217m* [38;5;103m  Type your message or @path/to/file[39m
[38;5;59m────────────────────────────────────────────────────────────────────────────────────────────────────────────────────────────────────────────────────────────[39m
 /mnt/.../chojn/projects/kanbanAgents[38;5;103m (main*)[39m                             [38;5;217mno sandbox[38;5;103m (see /docs)[39m                              [38;5;103m/model [39mgemini-3-flash-preview
[2K[1A[2K[1A[2K[1A[2K[1A[2K[1A[2K[1A[2K[1A[2K[1A[2K[G
 [38;5;223m⠼[39m [3m💬 Developing Kanban Tools[23m [38;5;103m(esc to cancel, 31s)[39m                                                                                         [38;5;103m ? for shortcuts [39m
[38;5;59m────────────────────────────────────────────────────────────────────────────────────────────────────────────────────────────────────────────────────────────[39m
 [38;5;217mYOLO[38;5;103m ctrl+y[39m
[38;5;59m────────────────────────────────────────────────────────────────────────────────────────────────────────────────────────────────────────────────────────────[39m
 [38;5;217m* [38;5;103m  Type your message or @path/to/file[39m
[38;5;59m────────────────────────────────────────────────────────────────────────────────────────────────────────────────────────────────────────────────────────────[39m
 /mnt/.../chojn/projects/kanbanAgents[38;5;103m (main*)[39m                             [38;5;217mno sandbox[38;5;103m (see /docs)[39m                              [38;5;103m/model [39mgemini-3-flash-preview
[2K[1A[2K[1A[2K[1A[2K[1A[2K[1A[2K[1A[2K[1A[2K[1A[2K[G
 [38;5;223m⠴[39m [3m💬 Developing Kanban Tools[23m [38;5;103m(esc to cancel, 31s)[39m                                                                                         [38;5;103m ? for shortcuts [39m
[38;5;59m────────────────────────────────────────────────────────────────────────────────────────────────────────────────────────────────────────────────────────────[39m
 [38;5;217mYOLO[38;5;103m ctrl+y[39m
[38;5;59m────────────────────────────────────────────────────────────────────────────────────────────────────────────────────────────────────────────────────────────[39m
 [38;5;217m* [38;5;103m  Type your message or @path/to/file[39m
[38;5;59m────────────────────────────────────────────────────────────────────────────────────────────────────────────────────────────────────────────────────────────[39m
 /mnt/.../chojn/projects/kanbanAgents[38;5;103m (main*)[39m                             [38;5;217mno sandbox[38;5;103m (see /docs)[39m                              [38;5;103m/model [39mgemini-3-flash-preview
[2K[1A[2K[1A[2K[1A[2K[1A[2K[1A[2K[1A[2K[1A[2K[1A[2K[G
 [38;5;223m⠦[39m [3m💬 Developing Kanban Tools[23m [38;5;103m(esc to cancel, 31s)[39m                                                                                         [38;5;103m ? for shortcuts [39m
[38;5;59m────────────────────────────────────────────────────────────────────────────────────────────────────────────────────────────────────────────────────────────[39m
 [38;5;217mYOLO[38;5;103m ctrl+y[39m
[38;5;59m────────────────────────────────────────────────────────────────────────────────────────────────────────────────────────────────────────────────────────────[39m
 [38;5;217m* [38;5;103m  Type your message or @path/to/file[39m
[38;5;59m────────────────────────────────────────────────────────────────────────────────────────────────────────────────────────────────────────────────────────────[39m
 /mnt/.../chojn/projects/kanbanAgents[38;5;103m (main*)[39m                             [38;5;217mno sandbox[38;5;103m (see /docs)[39m                              [38;5;103m/model [39mgemini-3-flash-preview
[2K[1A[2K[1A[2K[1A[2K[1A[2K[1A[2K[1A[2K[1A[2K[1A[2K[G
 [38;5;217m⠧[39m [3m💬 Developing Kanban Tools[23m [38;5;103m(esc to cancel, 32s)[39m                                                                                         [38;5;103m ? for shortcuts [39m
[38;5;59m────────────────────────────────────────────────────────────────────────────────────────────────────────────────────────────────────────────────────────────[39m
 [38;5;217mYOLO[38;5;103m ctrl+y[39m
[38;5;59m────────────────────────────────────────────────────────────────────────────────────────────────────────────────────────────────────────────────────────────[39m
 [38;5;217m* [38;5;103m  Type your message or @path/to/file[39m
[38;5;59m────────────────────────────────────────────────────────────────────────────────────────────────────────────────────────────────────────────────────────────[39m
 /mnt/.../chojn/projects/kanbanAgents[38;5;103m (main*)[39m                             [38;5;217mno sandbox[38;5;103m (see /docs)[39m                              [38;5;103m/model [39mgemini-3-flash-preview
[2K[1A[2K[1A[2K[1A[2K[1A[2K[1A[2K[1A[2K[1A[2K[1A[2K[G
 [38;5;217m⠇[39m [3m💬 Developing Kanban Tools[23m [38;5;103m(esc to cancel, 32s)[39m                                                                                         [38;5;103m ? for shortcuts [39m
[38;5;59m────────────────────────────────────────────────────────────────────────────────────────────────────────────────────────────────────────────────────────────[39m
 [38;5;217mYOLO[38;5;103m ctrl+y[39m
[38;5;59m────────────────────────────────────────────────────────────────────────────────────────────────────────────────────────────────────────────────────────────[39m
 [38;5;217m* [38;5;103m  Type your message or @path/to/file[39m
[38;5;59m────────────────────────────────────────────────────────────────────────────────────────────────────────────────────────────────────────────────────────────[39m
 /mnt/.../chojn/projects/kanbanAgents[38;5;103m (main*)[39m                             [38;5;217mno sandbox[38;5;103m (see /docs)[39m                              [38;5;103m/model [39mgemini-3-flash-preview
[2K[1A[2K[1A[2K[1A[2K[1A[2K[1A[2K[1A[2K[1A[2K[1A[2K[G
 [38;5;217m⠏[39m [3m💬 Developing Kanban Tools[23m [38;5;103m(esc to cancel, 32s)[39m                                                                                         [38;5;103m ? for shortcuts [39m
[38;5;59m────────────────────────────────────────────────────────────────────────────────────────────────────────────────────────────────────────────────────────────[39m
 [38;5;217mYOLO[38;5;103m ctrl+y[39m
[38;5;59m────────────────────────────────────────────────────────────────────────────────────────────────────────────────────────────────────────────────────────────[39m
 [38;5;217m* [38;5;103m  Type your message or @path/to/file[39m
[38;5;59m────────────────────────────────────────────────────────────────────────────────────────────────────────────────────────────────────────────────────────────[39m
 /mnt/.../chojn/projects/kanbanAgents[38;5;103m (main*)[39m                             [38;5;217mno sandbox[38;5;103m (see /docs)[39m                              [38;5;103m/model [39mgemini-3-flash-preview
[2K[1A[2K[1A[2K[1A[2K[1A[2K[1A[2K[1A[2K[1A[2K[1A[2K[G
 [38;5;217m⠋[39m [3m💬 Developing Kanban Tools[23m [38;5;103m(esc to cancel, 32s)[39m                                                                                         [38;5;103m ? for shortcuts [39m
[38;5;59m────────────────────────────────────────────────────────────────────────────────────────────────────────────────────────────────────────────────────────────[39m
 [38;5;217mYOLO[38;5;103m ctrl+y[39m
[38;5;59m────────────────────────────────────────────────────────────────────────────────────────────────────────────────────────────────────────────────────────────[39m
 [38;5;217m* [38;5;103m  Type your message or @path/to/file[39m
[38;5;59m────────────────────────────────────────────────────────────────────────────────────────────────────────────────────────────────────────────────────────────[39m
 /mnt/.../chojn/projects/kanbanAgents[38;5;103m (main*)[39m                             [38;5;217mno sandbox[38;5;103m (see /docs)[39m                              [38;5;103m/model [39mgemini-3-flash-preview
[2K[1A[2K[1A[2K[1A[2K[1A[2K[1A[2K[1A[2K[1A[2K[1A[2K[G
 [38;5;217m⠙[39m [3m💬 Developing Kanban Tools[23m [38;5;103m(esc to cancel, 32s)[39m                                                                                         [38;5;103m ? for shortcuts [39m
[38;5;59m────────────────────────────────────────────────────────────────────────────────────────────────────────────────────────────────────────────────────────────[39m
 [38;5;217mYOLO[38;5;103m ctrl+y[39m
[38;5;59m────────────────────────────────────────────────────────────────────────────────────────────────────────────────────────────────────────────────────────────[39m
 [38;5;217m* [38;5;103m  Type your message or @path/to/file[39m
[38;5;59m────────────────────────────────────────────────────────────────────────────────────────────────────────────────────────────────────────────────────────────[39m
 /mnt/.../chojn/projects/kanbanAgents[38;5;103m (main*)[39m                             [38;5;217mno sandbox[38;5;103m (see /docs)[39m                              [38;5;103m/model [39mgemini-3-flash-preview
[2K[1A[2K[1A[2K[1A[2K[1A[2K[1A[2K[1A[2K[1A[2K[1A[2K[G
 [38;5;218m⠹[39m [3m💬 Developing Kanban Tools[23m [38;5;103m(esc to cancel, 32s)[39m                                                                                         [38;5;103m ? for shortcuts [39m
[38;5;59m────────────────────────────────────────────────────────────────────────────────────────────────────────────────────────────────────────────────────────────[39m
 [38;5;217mYOLO[38;5;103m ctrl+y[39m
[38;5;59m────────────────────────────────────────────────────────────────────────────────────────────────────────────────────────────────────────────────────────────[39m
 [38;5;217m* [38;5;103m  Type your message or @path/to/file[39m
[38;5;59m────────────────────────────────────────────────────────────────────────────────────────────────────────────────────────────────────────────────────────────[39m
 /mnt/.../chojn/projects/kanbanAgents[38;5;103m (main*)[39m                             [38;5;217mno sandbox[38;5;103m (see /docs)[39m                              [38;5;103m/model [39mgemini-3-flash-preview
[2K[1A[2K[1A[2K[1A[2K[1A[2K[1A[2K[1A[2K[1A[2K[1A[2K[G
 [38;5;182m⠸[39m [3m💬 Developing Kanban Tools[23m [38;5;103m(esc to cancel, 32s)[39m                                                                                         [38;5;103m ? for shortcuts [39m
[38;5;59m────────────────────────────────────────────────────────────────────────────────────────────────────────────────────────────────────────────────────────────[39m
 [38;5;217mYOLO[38;5;103m ctrl+y[39m
[38;5;59m────────────────────────────────────────────────────────────────────────────────────────────────────────────────────────────────────────────────────────────[39m
 [38;5;217m* [38;5;103m  Type your message or @path/to/file[39m
[38;5;59m────────────────────────────────────────────────────────────────────────────────────────────────────────────────────────────────────────────────────────────[39m
 /mnt/.../chojn/projects/kanbanAgents[38;5;103m (main*)[39m                             [38;5;217mno sandbox[38;5;103m (see /docs)[39m                              [38;5;103m/model [39mgemini-3-flash-preview
[2K[1A[2K[1A[2K[1A[2K[1A[2K[1A[2K[1A[2K[1A[2K[1A[2K[G
 [38;5;182m⠼[39m [3m💬 Developing Kanban Tools[23m [38;5;103m(esc to cancel, 32s)[39m                                                                                         [38;5;103m ? for shortcuts [39m
[38;5;59m────────────────────────────────────────────────────────────────────────────────────────────────────────────────────────────────────────────────────────────[39m
 [38;5;217mYOLO[38;5;103m ctrl+y[39m
[38;5;59m────────────────────────────────────────────────────────────────────────────────────────────────────────────────────────────────────────────────────────────[39m
 [38;5;217m* [38;5;103m  Type your message or @path/to/file[39m
[38;5;59m────────────────────────────────────────────────────────────────────────────────────────────────────────────────────────────────────────────────────────────[39m
 /mnt/.../chojn/projects/kanbanAgents[38;5;103m (main*)[39m                             [38;5;217mno sandbox[38;5;103m (see /docs)[39m                              [38;5;103m/model [39mgemini-3-flash-preview
[2K[1A[2K[1A[2K[1A[2K[1A[2K[1A[2K[1A[2K[1A[2K[1A[2K[G
 [38;5;182m⠴[39m [3m💬 Developing Kanban Tools[23m [38;5;103m(esc to cancel, 32s)[39m                                                                                         [38;5;103m ? for shortcuts [39m
[38;5;59m────────────────────────────────────────────────────────────────────────────────────────────────────────────────────────────────────────────────────────────[39m
 [38;5;217mYOLO[38;5;103m ctrl+y[39m
[38;5;59m────────────────────────────────────────────────────────────────────────────────────────────────────────────────────────────────────────────────────────────[39m
 [38;5;217m* [38;5;103m  Type your message or @path/to/file[39m
[38;5;59m────────────────────────────────────────────────────────────────────────────────────────────────────────────────────────────────────────────────────────────[39m
 /mnt/.../chojn/projects/kanbanAgents[38;5;103m (main*)[39m                             [38;5;217mno sandbox[38;5;103m (see /docs)[39m                              [38;5;103m/model [39mgemini-3-flash-preview
[2K[1A[2K[1A[2K[1A[2K[1A[2K[1A[2K[1A[2K[1A[2K[1A[2K[G
 [38;5;182m⠦[39m [3m💬 Developing Kanban Tools[23m [38;5;103m(esc to cancel, 32s)[39m                                                                                         [38;5;103m ? for shortcuts [39m
[38;5;59m────────────────────────────────────────────────────────────────────────────────────────────────────────────────────────────────────────────────────────────[39m
 [38;5;217mYOLO[38;5;103m ctrl+y[39m
[38;5;59m────────────────────────────────────────────────────────────────────────────────────────────────────────────────────────────────────────────────────────────[39m
 [38;5;217m* [38;5;103m  Type your message or @path/to/file[39m
[38;5;59m────────────────────────────────────────────────────────────────────────────────────────────────────────────────────────────────────────────────────────────[39m
 /mnt/.../chojn/projects/kanbanAgents[38;5;103m (main*)[39m                             [38;5;217mno sandbox[38;5;103m (see /docs)[39m                              [38;5;103m/model [39mgemini-3-flash-preview
[2K[1A[2K[1A[2K[1A[2K[1A[2K[1A[2K[1A[2K[1A[2K[1A[2K[G
 [38;5;182m⠧[39m [3m💬 Developing Kanban Tools[23m [38;5;103m(esc to cancel, 32s)[39m                                                                                         [38;5;103m ? for shortcuts [39m
[38;5;59m────────────────────────────────────────────────────────────────────────────────────────────────────────────────────────────────────────────────────────────[39m
 [38;5;217mYOLO[38;5;103m ctrl+y[39m
[38;5;59m────────────────────────────────────────────────────────────────────────────────────────────────────────────────────────────────────────────────────────────[39m
 [38;5;217m* [38;5;103m  Type your message or @path/to/file[39m
[38;5;59m────────────────────────────────────────────────────────────────────────────────────────────────────────────────────────────────────────────────────────────[39m
 /mnt/.../chojn/projects/kanbanAgents[38;5;103m (main*)[39m                             [38;5;217mno sandbox[38;5;103m (see /docs)[39m                              [38;5;103m/model [39mgemini-3-flash-preview
[2K[1A[2K[1A[2K[1A[2K[1A[2K[1A[2K[1A[2K[1A[2K[1A[2K[G
 [38;5;183m⠧[39m [3m💬 Developing Kanban Tools[23m [38;5;103m(esc to cancel, 32s)[39m                                                                                         [38;5;103m ? for shortcuts [39m
[38;5;59m────────────────────────────────────────────────────────────────────────────────────────────────────────────────────────────────────────────────────────────[39m
 [38;5;217mYOLO[38;5;103m ctrl+y[39m
[38;5;59m────────────────────────────────────────────────────────────────────────────────────────────────────────────────────────────────────────────────────────────[39m
 [38;5;217m* [38;5;103m  Type your message or @path/to/file[39m
[38;5;59m────────────────────────────────────────────────────────────────────────────────────────────────────────────────────────────────────────────────────────────[39m
 /mnt/.../chojn/projects/kanbanAgents[38;5;103m (main*)[39m                             [38;5;217mno sandbox[38;5;103m (see /docs)[39m                              [38;5;103m/model [39mgemini-3-flash-preview
[2K[1A[2K[1A[2K[1A[2K[1A[2K[1A[2K[1A[2K[1A[2K[1A[2K[G
 [38;5;183m⠇[39m [3m💬 Developing Kanban Tools[23m [38;5;103m(esc to cancel, 32s)[39m                                                                                         [38;5;103m ? for shortcuts [39m
[38;5;59m────────────────────────────────────────────────────────────────────────────────────────────────────────────────────────────────────────────────────────────[39m
 [38;5;217mYOLO[38;5;103m ctrl+y[39m
[38;5;59m────────────────────────────────────────────────────────────────────────────────────────────────────────────────────────────────────────────────────────────[39m
 [38;5;217m* [38;5;103m  Type your message or @path/to/file[39m
[38;5;59m────────────────────────────────────────────────────────────────────────────────────────────────────────────────────────────────────────────────────────────[39m
 /mnt/.../chojn/projects/kanbanAgents[38;5;103m (main*)[39m                             [38;5;217mno sandbox[38;5;103m (see /docs)[39m                              [38;5;103m/model [39mgemini-3-flash-preview
[2K[1A[2K[1A[2K[1A[2K[1A[2K[1A[2K[1A[2K[1A[2K[1A[2K[G
 [38;5;183m⠏[39m [3m💬 Developing Kanban Tools[23m [38;5;103m(esc to cancel, 32s)[39m                                                                                         [38;5;103m ? for shortcuts [39m
[38;5;59m────────────────────────────────────────────────────────────────────────────────────────────────────────────────────────────────────────────────────────────[39m
 [38;5;217mYOLO[38;5;103m ctrl+y[39m
[38;5;59m────────────────────────────────────────────────────────────────────────────────────────────────────────────────────────────────────────────────────────────[39m
 [38;5;217m* [38;5;103m  Type your message or @path/to/file[39m
[38;5;59m────────────────────────────────────────────────────────────────────────────────────────────────────────────────────────────────────────────────────────────[39m
 /mnt/.../chojn/projects/kanbanAgents[38;5;103m (main*)[39m                             [38;5;217mno sandbox[38;5;103m (see /docs)[39m                              [38;5;103m/model [39mgemini-3-flash-preview
[2K[1A[2K[1A[2K[1A[2K[1A[2K[1A[2K[1A[2K[1A[2K[1A[2K[G
 [38;5;183m⠏[39m [3m💬 Developing Kanban Tools[23m [38;5;103m(esc to cancel, 33s)[39m                                                                                         [38;5;103m ? for shortcuts [39m
[38;5;59m────────────────────────────────────────────────────────────────────────────────────────────────────────────────────────────────────────────────────────────[39m
 [38;5;217mYOLO[38;5;103m ctrl+y[39m
[38;5;59m────────────────────────────────────────────────────────────────────────────────────────────────────────────────────────────────────────────────────────────[39m
 [38;5;217m* [38;5;103m  Type your message or @path/to/file[39m
[38;5;59m────────────────────────────────────────────────────────────────────────────────────────────────────────────────────────────────────────────────────────────[39m
 /mnt/.../chojn/projects/kanbanAgents[38;5;103m (main*)[39m                             [38;5;217mno sandbox[38;5;103m (see /docs)[39m                              [38;5;103m/model [39mgemini-3-flash-preview
[2K[1A[2K[1A[2K[1A[2K[1A[2K[1A[2K[1A[2K[1A[2K[1A[2K[G
 [38;5;183m⠋[39m [3m💬 Developing Kanban Tools[23m [38;5;103m(esc to cancel, 33s)[39m                                                                                         [38;5;103m ? for shortcuts [39m
[38;5;59m────────────────────────────────────────────────────────────────────────────────────────────────────────────────────────────────────────────────────────────[39m
 [38;5;217mYOLO[38;5;103m ctrl+y[39m
[38;5;59m────────────────────────────────────────────────────────────────────────────────────────────────────────────────────────────────────────────────────────────[39m
 [38;5;217m* [38;5;103m  Type your message or @path/to/file[39m
[38;5;59m────────────────────────────────────────────────────────────────────────────────────────────────────────────────────────────────────────────────────────────[39m
 /mnt/.../chojn/projects/kanbanAgents[38;5;103m (main*)[39m                             [38;5;217mno sandbox[38;5;103m (see /docs)[39m                              [38;5;103m/model [39mgemini-3-flash-preview
[2K[1A[2K[1A[2K[1A[2K[1A[2K[1A[2K[1A[2K[1A[2K[1A[2K[G
 [38;5;183m⠋[39m [3m💬 Defining Core Functionality[23m [38;5;103m(esc to cancel, 33s)[39m                                                                                     [38;5;103m ? for shortcuts [39m
[38;5;59m────────────────────────────────────────────────────────────────────────────────────────────────────────────────────────────────────────────────────────────[39m
 [38;5;217mYOLO[38;5;103m ctrl+y[39m
[38;5;59m────────────────────────────────────────────────────────────────────────────────────────────────────────────────────────────────────────────────────────────[39m
 [38;5;217m* [38;5;103m  Type your message or @path/to/file[39m
[38;5;59m────────────────────────────────────────────────────────────────────────────────────────────────────────────────────────────────────────────────────────────[39m
 /mnt/.../chojn/projects/kanbanAgents[38;5;103m (main*)[39m                             [38;5;217mno sandbox[38;5;103m (see /docs)[39m                              [38;5;103m/model [39mgemini-3-flash-preview
[2K[1A[2K[1A[2K[1A[2K[1A[2K[1A[2K[1A[2K[1A[2K[1A[2K[G
 [38;5;183m⠙[39m [3m💬 Defining Core Functionality[23m [38;5;103m(esc to cancel, 33s)[39m                                                                                     [38;5;103m ? for shortcuts [39m
[38;5;59m────────────────────────────────────────────────────────────────────────────────────────────────────────────────────────────────────────────────────────────[39m
 [38;5;217mYOLO[38;5;103m ctrl+y[39m
[38;5;59m────────────────────────────────────────────────────────────────────────────────────────────────────────────────────────────────────────────────────────────[39m
 [38;5;217m* [38;5;103m  Type your message or @path/to/file[39m
[38;5;59m────────────────────────────────────────────────────────────────────────────────────────────────────────────────────────────────────────────────────────────[39m
 /mnt/.../chojn/projects/kanbanAgents[38;5;103m (main*)[39m                             [38;5;217mno sandbox[38;5;103m (see /docs)[39m                              [38;5;103m/model [39mgemini-3-flash-preview
[2K[1A[2K[1A[2K[1A[2K[1A[2K[1A[2K[1A[2K[1A[2K[1A[2K[G
 [38;5;183m⠹[39m [3m💬 Defining Core Functionality[23m [38;5;103m(esc to cancel, 33s)[39m                                                                                     [38;5;103m ? for shortcuts [39m
[38;5;59m────────────────────────────────────────────────────────────────────────────────────────────────────────────────────────────────────────────────────────────[39m
 [38;5;217mYOLO[38;5;103m ctrl+y[39m
[38;5;59m────────────────────────────────────────────────────────────────────────────────────────────────────────────────────────────────────────────────────────────[39m
 [38;5;217m* [38;5;103m  Type your message or @path/to/file[39m
[38;5;59m────────────────────────────────────────────────────────────────────────────────────────────────────────────────────────────────────────────────────────────[39m
 /mnt/.../chojn/projects/kanbanAgents[38;5;103m (main*)[39m                             [38;5;217mno sandbox[38;5;103m (see /docs)[39m                              [38;5;103m/model [39mgemini-3-flash-preview
[2K[1A[2K[1A[2K[1A[2K[1A[2K[1A[2K[1A[2K[1A[2K[1A[2K[G
 [38;5;147m⠹[39m [3m💬 Defining Core Functionality[23m [38;5;103m(esc to cancel, 33s)[39m                                                                                     [38;5;103m ? for shortcuts [39m
[38;5;59m────────────────────────────────────────────────────────────────────────────────────────────────────────────────────────────────────────────────────────────[39m
 [38;5;217mYOLO[38;5;103m ctrl+y[39m
[38;5;59m────────────────────────────────────────────────────────────────────────────────────────────────────────────────────────────────────────────────────────────[39m
 [38;5;217m* [38;5;103m  Type your message or @path/to/file[39m
[38;5;59m────────────────────────────────────────────────────────────────────────────────────────────────────────────────────────────────────────────────────────────[39m
 /mnt/.../chojn/projects/kanbanAgents[38;5;103m (main*)[39m                             [38;5;217mno sandbox[38;5;103m (see /docs)[39m                              [38;5;103m/model [39mgemini-3-flash-preview
[2K[1A[2K[1A[2K[1A[2K[1A[2K[1A[2K[1A[2K[1A[2K[1A[2K[G
 [38;5;147m⠸[39m [3m💬 Defining Core Functionality[23m [38;5;103m(esc to cancel, 33s)[39m                                                                                     [38;5;103m ? for shortcuts [39m
[38;5;59m────────────────────────────────────────────────────────────────────────────────────────────────────────────────────────────────────────────────────────────[39m
 [38;5;217mYOLO[38;5;103m ctrl+y[39m
[38;5;59m────────────────────────────────────────────────────────────────────────────────────────────────────────────────────────────────────────────────────────────[39m
 [38;5;217m* [38;5;103m  Type your message or @path/to/file[39m
[38;5;59m────────────────────────────────────────────────────────────────────────────────────────────────────────────────────────────────────────────────────────────[39m
 /mnt/.../chojn/projects/kanbanAgents[38;5;103m (main*)[39m                             [38;5;217mno sandbox[38;5;103m (see /docs)[39m                              [38;5;103m/model [39mgemini-3-flash-preview
[2K[1A[2K[1A[2K[1A[2K[1A[2K[1A[2K[1A[2K[1A[2K[1A[2K[G
 [38;5;147m⠼[39m [3m💬 Defining Core Functionality[23m [38;5;103m(esc to cancel, 33s)[39m                                                                                     [38;5;103m ? for shortcuts [39m
[38;5;59m────────────────────────────────────────────────────────────────────────────────────────────────────────────────────────────────────────────────────────────[39m
 [38;5;217mYOLO[38;5;103m ctrl+y[39m
[38;5;59m────────────────────────────────────────────────────────────────────────────────────────────────────────────────────────────────────────────────────────────[39m
 [38;5;217m* [38;5;103m  Type your message or @path/to/file[39m
[38;5;59m────────────────────────────────────────────────────────────────────────────────────────────────────────────────────────────────────────────────────────────[39m
 /mnt/.../chojn/projects/kanbanAgents[38;5;103m (main*)[39m                             [38;5;217mno sandbox[38;5;103m (see /docs)[39m                              [38;5;103m/model [39mgemini-3-flash-preview
[2K[1A[2K[1A[2K[1A[2K[1A[2K[1A[2K[1A[2K[1A[2K[1A[2K[G
 [38;5;147m⠴[39m [3m💬 Defining Core Functionality[23m [38;5;103m(esc to cancel, 33s)[39m                                                                                     [38;5;103m ? for shortcuts [39m
[38;5;59m────────────────────────────────────────────────────────────────────────────────────────────────────────────────────────────────────────────────────────────[39m
 [38;5;217mYOLO[38;5;103m ctrl+y[39m
[38;5;59m────────────────────────────────────────────────────────────────────────────────────────────────────────────────────────────────────────────────────────────[39m
 [38;5;217m* [38;5;103m  Type your message or @path/to/file[39m
[38;5;59m────────────────────────────────────────────────────────────────────────────────────────────────────────────────────────────────────────────────────────────[39m
 /mnt/.../chojn/projects/kanbanAgents[38;5;103m (main*)[39m                             [38;5;217mno sandbox[38;5;103m (see /docs)[39m                              [38;5;103m/model [39mgemini-3-flash-preview
[2K[1A[2K[1A[2K[1A[2K[1A[2K[1A[2K[1A[2K[1A[2K[1A[2K[G
 [38;5;147m⠦[39m [3m💬 Defining Core Functionality[23m [38;5;103m(esc to cancel, 33s)[39m                                                                                     [38;5;103m ? for shortcuts [39m
[38;5;59m────────────────────────────────────────────────────────────────────────────────────────────────────────────────────────────────────────────────────────────[39m
 [38;5;217mYOLO[38;5;103m ctrl+y[39m
[38;5;59m────────────────────────────────────────────────────────────────────────────────────────────────────────────────────────────────────────────────────────────[39m
 [38;5;217m* [38;5;103m  Type your message or @path/to/file[39m
[38;5;59m────────────────────────────────────────────────────────────────────────────────────────────────────────────────────────────────────────────────────────────[39m
 /mnt/.../chojn/projects/kanbanAgents[38;5;103m (main*)[39m                             [38;5;217mno sandbox[38;5;103m (see /docs)[39m                              [38;5;103m/model [39mgemini-3-flash-preview
[2K[1A[2K[1A[2K[1A[2K[1A[2K[1A[2K[1A[2K[1A[2K[1A[2K[G
 [38;5;153m⠧[39m [3m💬 Defining Core Functionality[23m [38;5;103m(esc to cancel, 33s)[39m                                                                                     [38;5;103m ? for shortcuts [39m
[38;5;59m────────────────────────────────────────────────────────────────────────────────────────────────────────────────────────────────────────────────────────────[39m
 [38;5;217mYOLO[38;5;103m ctrl+y[39m
[38;5;59m────────────────────────────────────────────────────────────────────────────────────────────────────────────────────────────────────────────────────────────[39m
 [38;5;217m* [38;5;103m  Type your message or @path/to/file[39m
[38;5;59m────────────────────────────────────────────────────────────────────────────────────────────────────────────────────────────────────────────────────────────[39m
 /mnt/.../chojn/projects/kanbanAgents[38;5;103m (main*)[39m                             [38;5;217mno sandbox[38;5;103m (see /docs)[39m                              [38;5;103m/model [39mgemini-3-flash-preview
[2K[1A[2K[1A[2K[1A[2K[1A[2K[1A[2K[1A[2K[1A[2K[1A[2K[G
 [38;5;153m⠇[39m [3m💬 Defining Core Functionality[23m [38;5;103m(esc to cancel, 33s)[39m                                                                                     [38;5;103m ? for shortcuts [39m
[38;5;59m────────────────────────────────────────────────────────────────────────────────────────────────────────────────────────────────────────────────────────────[39m
 [38;5;217mYOLO[38;5;103m ctrl+y[39m
[38;5;59m────────────────────────────────────────────────────────────────────────────────────────────────────────────────────────────────────────────────────────────[39m
 [38;5;217m* [38;5;103m  Type your message or @path/to/file[39m
[38;5;59m────────────────────────────────────────────────────────────────────────────────────────────────────────────────────────────────────────────────────────────[39m
 /mnt/.../chojn/projects/kanbanAgents[38;5;103m (main*)[39m                             [38;5;217mno sandbox[38;5;103m (see /docs)[39m                              [38;5;103m/model [39mgemini-3-flash-preview
[2K[1A[2K[1A[2K[1A[2K[1A[2K[1A[2K[1A[2K[1A[2K[1A[2K[G
 [38;5;153m⠏[39m [3m💬 Defining Core Functionality[23m [38;5;103m(esc to cancel, 33s)[39m                                                                                     [38;5;103m ? for shortcuts [39m
[38;5;59m────────────────────────────────────────────────────────────────────────────────────────────────────────────────────────────────────────────────────────────[39m
 [38;5;217mYOLO[38;5;103m ctrl+y[39m
[38;5;59m────────────────────────────────────────────────────────────────────────────────────────────────────────────────────────────────────────────────────────────[39m
 [38;5;217m* [38;5;103m  Type your message or @path/to/file[39m
[38;5;59m────────────────────────────────────────────────────────────────────────────────────────────────────────────────────────────────────────────────────────────[39m
 /mnt/.../chojn/projects/kanbanAgents[38;5;103m (main*)[39m                             [38;5;217mno sandbox[38;5;103m (see /docs)[39m                              [38;5;103m/model [39mgemini-3-flash-preview
[2K[1A[2K[1A[2K[1A[2K[1A[2K[1A[2K[1A[2K[1A[2K[1A[2K[G
 [38;5;153m⠋[39m [3m💬 Defining Core Functionality[23m [38;5;103m(esc to cancel, 33s)[39m                                                                                     [38;5;103m ? for shortcuts [39m
[38;5;59m────────────────────────────────────────────────────────────────────────────────────────────────────────────────────────────────────────────────────────────[39m
 [38;5;217mYOLO[38;5;103m ctrl+y[39m
[38;5;59m────────────────────────────────────────────────────────────────────────────────────────────────────────────────────────────────────────────────────────────[39m
 [38;5;217m* [38;5;103m  Type your message or @path/to/file[39m
[38;5;59m────────────────────────────────────────────────────────────────────────────────────────────────────────────────────────────────────────────────────────────[39m
 /mnt/.../chojn/projects/kanbanAgents[38;5;103m (main*)[39m                             [38;5;217mno sandbox[38;5;103m (see /docs)[39m                              [38;5;103m/model [39mgemini-3-flash-preview
[2K[1A[2K[1A[2K[1A[2K[1A[2K[1A[2K[1A[2K[1A[2K[1A[2K[G
 [38;5;153m⠙[39m [3m💬 Defining Core Functionality[23m [38;5;103m(esc to cancel, 33s)[39m                                                                                     [38;5;103m ? for shortcuts [39m
[38;5;59m────────────────────────────────────────────────────────────────────────────────────────────────────────────────────────────────────────────────────────────[39m
 [38;5;217mYOLO[38;5;103m ctrl+y[39m
[38;5;59m────────────────────────────────────────────────────────────────────────────────────────────────────────────────────────────────────────────────────────────[39m
 [38;5;217m* [38;5;103m  Type your message or @path/to/file[39m
[38;5;59m────────────────────────────────────────────────────────────────────────────────────────────────────────────────────────────────────────────────────────────[39m
 /mnt/.../chojn/projects/kanbanAgents[38;5;103m (main*)[39m                             [38;5;217mno sandbox[38;5;103m (see /docs)[39m                              [38;5;103m/model [39mgemini-3-flash-preview
[2K[1A[2K[1A[2K[1A[2K[1A[2K[1A[2K[1A[2K[1A[2K[1A[2K[G
 [38;5;153m⠙[39m [3m💬 Defining Core Functionality[23m [38;5;103m(esc to cancel, 34s)[39m                                                                                     [38;5;103m ? for shortcuts [39m
[38;5;59m────────────────────────────────────────────────────────────────────────────────────────────────────────────────────────────────────────────────────────────[39m
 [38;5;217mYOLO[38;5;103m ctrl+y[39m
[38;5;59m────────────────────────────────────────────────────────────────────────────────────────────────────────────────────────────────────────────────────────────[39m
 [38;5;217m* [38;5;103m  Type your message or @path/to/file[39m
[38;5;59m────────────────────────────────────────────────────────────────────────────────────────────────────────────────────────────────────────────────────────────[39m
 /mnt/.../chojn/projects/kanbanAgents[38;5;103m (main*)[39m                             [38;5;217mno sandbox[38;5;103m (see /docs)[39m                              [38;5;103m/model [39mgemini-3-flash-preview
[2K[1A[2K[1A[2K[1A[2K[1A[2K[1A[2K[1A[2K[1A[2K[1A[2K[G
 [38;5;153m⠹[39m [3m💬 Defining Core Functionality[23m [38;5;103m(esc to cancel, 34s)[39m                                                                                     [38;5;103m ? for shortcuts [39m
[38;5;59m────────────────────────────────────────────────────────────────────────────────────────────────────────────────────────────────────────────────────────────[39m
 [38;5;217mYOLO[38;5;103m ctrl+y[39m
[38;5;59m────────────────────────────────────────────────────────────────────────────────────────────────────────────────────────────────────────────────────────────[39m
 [38;5;217m* [38;5;103m  Type your message or @path/to/file[39m
[38;5;59m────────────────────────────────────────────────────────────────────────────────────────────────────────────────────────────────────────────────────────────[39m
 /mnt/.../chojn/projects/kanbanAgents[38;5;103m (main*)[39m                             [38;5;217mno sandbox[38;5;103m (see /docs)[39m                              [38;5;103m/model [39mgemini-3-flash-preview
[2K[1A[2K[1A[2K[1A[2K[1A[2K[1A[2K[1A[2K[1A[2K[1A[2K[G
 [38;5;153m⠸[39m [3m💬 Defining Core Functionality[23m [38;5;103m(esc to cancel, 34s)[39m                                                                                     [38;5;103m ? for shortcuts [39m
[38;5;59m────────────────────────────────────────────────────────────────────────────────────────────────────────────────────────────────────────────────────────────[39m
 [38;5;217mYOLO[38;5;103m ctrl+y[39m
[38;5;59m────────────────────────────────────────────────────────────────────────────────────────────────────────────────────────────────────────────────────────────[39m
 [38;5;217m* [38;5;103m  Type your message or @path/to/file[39m
[38;5;59m────────────────────────────────────────────────────────────────────────────────────────────────────────────────────────────────────────────────────────────[39m
 /mnt/.../chojn/projects/kanbanAgents[38;5;103m (main*)[39m                             [38;5;217mno sandbox[38;5;103m (see /docs)[39m                              [38;5;103m/model [39mgemini-3-flash-preview
[2K[1A[2K[1A[2K[1A[2K[1A[2K[1A[2K[1A[2K[1A[2K[1A[2K[G
 [38;5;153m⠼[39m [3m💬 Defining Core Functionality[23m [38;5;103m(esc to cancel, 34s)[39m                                                                                     [38;5;103m ? for shortcuts [39m
[38;5;59m────────────────────────────────────────────────────────────────────────────────────────────────────────────────────────────────────────────────────────────[39m
 [38;5;217mYOLO[38;5;103m ctrl+y[39m
[38;5;59m────────────────────────────────────────────────────────────────────────────────────────────────────────────────────────────────────────────────────────────[39m
 [38;5;217m* [38;5;103m  Type your message or @path/to/file[39m
[38;5;59m────────────────────────────────────────────────────────────────────────────────────────────────────────────────────────────────────────────────────────────[39m
 /mnt/.../chojn/projects/kanbanAgents[38;5;103m (main*)[39m                             [38;5;217mno sandbox[38;5;103m (see /docs)[39m                              [38;5;103m/model [39mgemini-3-flash-preview
[2K[1A[2K[1A[2K[1A[2K[1A[2K[1A[2K[1A[2K[1A[2K[1A[2K[G
 [38;5;153m⠴[39m [3m💬 Defining Core Functionality[23m [38;5;103m(esc to cancel, 34s)[39m                                                                                     [38;5;103m ? for shortcuts [39m
[38;5;59m────────────────────────────────────────────────────────────────────────────────────────────────────────────────────────────────────────────────────────────[39m
 [38;5;217mYOLO[38;5;103m ctrl+y[39m
[38;5;59m────────────────────────────────────────────────────────────────────────────────────────────────────────────────────────────────────────────────────────────[39m
 [38;5;217m* [38;5;103m  Type your message or @path/to/file[39m
[38;5;59m────────────────────────────────────────────────────────────────────────────────────────────────────────────────────────────────────────────────────────────[39m
 /mnt/.../chojn/projects/kanbanAgents[38;5;103m (main*)[39m                             [38;5;217mno sandbox[38;5;103m (see /docs)[39m                              [38;5;103m/model [39mgemini-3-flash-preview
[2K[1A[2K[1A[2K[1A[2K[1A[2K[1A[2K[1A[2K[1A[2K[1A[2K[G
 [38;5;153m⠦[39m [3m💬 Defining Core Functionality[23m [38;5;103m(esc to cancel, 34s)[39m                                                                                     [38;5;103m ? for shortcuts [39m
[38;5;59m────────────────────────────────────────────────────────────────────────────────────────────────────────────────────────────────────────────────────────────[39m
 [38;5;217mYOLO[38;5;103m ctrl+y[39m
[38;5;59m────────────────────────────────────────────────────────────────────────────────────────────────────────────────────────────────────────────────────────────[39m
 [38;5;217m* [38;5;103m  Type your message or @path/to/file[39m
[38;5;59m────────────────────────────────────────────────────────────────────────────────────────────────────────────────────────────────────────────────────────────[39m
 /mnt/.../chojn/projects/kanbanAgents[38;5;103m (main*)[39m                             [38;5;217mno sandbox[38;5;103m (see /docs)[39m                              [38;5;103m/model [39mgemini-3-flash-preview
[2K[1A[2K[1A[2K[1A[2K[1A[2K[1A[2K[1A[2K[1A[2K[1A[2K[G
 [38;5;152m⠧[39m [3m💬 Defining Core Functionality[23m [38;5;103m(esc to cancel, 34s)[39m                                                                                     [38;5;103m ? for shortcuts [39m
[38;5;59m────────────────────────────────────────────────────────────────────────────────────────────────────────────────────────────────────────────────────────────[39m
 [38;5;217mYOLO[38;5;103m ctrl+y[39m
[38;5;59m────────────────────────────────────────────────────────────────────────────────────────────────────────────────────────────────────────────────────────────[39m
 [38;5;217m* [38;5;103m  Type your message or @path/to/file[39m
[38;5;59m────────────────────────────────────────────────────────────────────────────────────────────────────────────────────────────────────────────────────────────[39m
 /mnt/.../chojn/projects/kanbanAgents[38;5;103m (main*)[39m                             [38;5;217mno sandbox[38;5;103m (see /docs)[39m                              [38;5;103m/model [39mgemini-3-flash-preview
[2K[1A[2K[1A[2K[1A[2K[1A[2K[1A[2K[1A[2K[1A[2K[1A[2K[G
 [38;5;152m⠇[39m [3m💬 Defining Core Functionality[23m [38;5;103m(esc to cancel, 34s)[39m                                                                                     [38;5;103m ? for shortcuts [39m
[38;5;59m────────────────────────────────────────────────────────────────────────────────────────────────────────────────────────────────────────────────────────────[39m
 [38;5;217mYOLO[38;5;103m ctrl+y[39m
[38;5;59m────────────────────────────────────────────────────────────────────────────────────────────────────────────────────────────────────────────────────────────[39m
 [38;5;217m* [38;5;103m  Type your message or @path/to/file[39m
[38;5;59m────────────────────────────────────────────────────────────────────────────────────────────────────────────────────────────────────────────────────────────[39m
 /mnt/.../chojn/projects/kanbanAgents[38;5;103m (main*)[39m                             [38;5;217mno sandbox[38;5;103m (see /docs)[39m                              [38;5;103m/model [39mgemini-3-flash-preview
[2K[1A[2K[1A[2K[1A[2K[1A[2K[1A[2K[1A[2K[1A[2K[1A[2K[G
 [38;5;152m⠏[39m [3m💬 Defining Core Functionality[23m [38;5;103m(esc to cancel, 34s)[39m                                                                                     [38;5;103m ? for shortcuts [39m
[38;5;59m────────────────────────────────────────────────────────────────────────────────────────────────────────────────────────────────────────────────────────────[39m
 [38;5;217mYOLO[38;5;103m ctrl+y[39m
[38;5;59m────────────────────────────────────────────────────────────────────────────────────────────────────────────────────────────────────────────────────────────[39m
 [38;5;217m* [38;5;103m  Type your message or @path/to/file[39m
[38;5;59m────────────────────────────────────────────────────────────────────────────────────────────────────────────────────────────────────────────────────────────[39m
 /mnt/.../chojn/projects/kanbanAgents[38;5;103m (main*)[39m                             [38;5;217mno sandbox[38;5;103m (see /docs)[39m                              [38;5;103m/model [39mgemini-3-flash-preview
[2K[1A[2K[1A[2K[1A[2K[1A[2K[1A[2K[1A[2K[1A[2K[1A[2K[G
 [38;5;152m⠋[39m [3m💬 Defining Core Functionality[23m [38;5;103m(esc to cancel, 34s)[39m                                                                                     [38;5;103m ? for shortcuts [39m
[38;5;59m────────────────────────────────────────────────────────────────────────────────────────────────────────────────────────────────────────────────────────────[39m
 [38;5;217mYOLO[38;5;103m ctrl+y[39m
[38;5;59m────────────────────────────────────────────────────────────────────────────────────────────────────────────────────────────────────────────────────────────[39m
 [38;5;217m* [38;5;103m  Type your message or @path/to/file[39m
[38;5;59m────────────────────────────────────────────────────────────────────────────────────────────────────────────────────────────────────────────────────────────[39m
 /mnt/.../chojn/projects/kanbanAgents[38;5;103m (main*)[39m                             [38;5;217mno sandbox[38;5;103m (see /docs)[39m                              [38;5;103m/model [39mgemini-3-flash-preview
[2K[1A[2K[1A[2K[1A[2K[1A[2K[1A[2K[1A[2K[1A[2K[1A[2K[G
 [38;5;152m⠙[39m [3m💬 Defining Core Functionality[23m [38;5;103m(esc to cancel, 34s)[39m                                                                                     [38;5;103m ? for shortcuts [39m
[38;5;59m────────────────────────────────────────────────────────────────────────────────────────────────────────────────────────────────────────────────────────────[39m
 [38;5;217mYOLO[38;5;103m ctrl+y[39m
[38;5;59m────────────────────────────────────────────────────────────────────────────────────────────────────────────────────────────────────────────────────────────[39m
 [38;5;217m* [38;5;103m  Type your message or @path/to/file[39m
[38;5;59m────────────────────────────────────────────────────────────────────────────────────────────────────────────────────────────────────────────────────────────[39m
 /mnt/.../chojn/projects/kanbanAgents[38;5;103m (main*)[39m                             [38;5;217mno sandbox[38;5;103m (see /docs)[39m                              [38;5;103m/model [39mgemini-3-flash-preview
[2K[1A[2K[1A[2K[1A[2K[1A[2K[1A[2K[1A[2K[1A[2K[1A[2K[G
 [38;5;152m⠹[39m [3m💬 Defining Core Functionality[23m [38;5;103m(esc to cancel, 34s)[39m                                                                                     [38;5;103m ? for shortcuts [39m
[38;5;59m────────────────────────────────────────────────────────────────────────────────────────────────────────────────────────────────────────────────────────────[39m
 [38;5;217mYOLO[38;5;103m ctrl+y[39m
[38;5;59m────────────────────────────────────────────────────────────────────────────────────────────────────────────────────────────────────────────────────────────[39m
 [38;5;217m* [38;5;103m  Type your message or @path/to/file[39m
[38;5;59m────────────────────────────────────────────────────────────────────────────────────────────────────────────────────────────────────────────────────────────[39m
 /mnt/.../chojn/projects/kanbanAgents[38;5;103m (main*)[39m                             [38;5;217mno sandbox[38;5;103m (see /docs)[39m                              [38;5;103m/model [39mgemini-3-flash-preview
[2K[1A[2K[1A[2K[1A[2K[1A[2K[1A[2K[1A[2K[1A[2K[1A[2K[G
 [38;5;151m⠸[39m [3m💬 Defining Core Functionality[23m [38;5;103m(esc to cancel, 34s)[39m                                                                                     [38;5;103m ? for shortcuts [39m
[38;5;59m────────────────────────────────────────────────────────────────────────────────────────────────────────────────────────────────────────────────────────────[39m
 [38;5;217mYOLO[38;5;103m ctrl+y[39m
[38;5;59m────────────────────────────────────────────────────────────────────────────────────────────────────────────────────────────────────────────────────────────[39m
 [38;5;217m* [38;5;103m  Type your message or @path/to/file[39m
[38;5;59m────────────────────────────────────────────────────────────────────────────────────────────────────────────────────────────────────────────────────────────[39m
 /mnt/.../chojn/projects/kanbanAgents[38;5;103m (main*)[39m                             [38;5;217mno sandbox[38;5;103m (see /docs)[39m                              [38;5;103m/model [39mgemini-3-flash-preview
[2K[1A[2K[1A[2K[1A[2K[1A[2K[1A[2K[1A[2K[1A[2K[1A[2K[G
 [38;5;151m⠼[39m [3m💬 Defining Core Functionality[23m [38;5;103m(esc to cancel, 35s)[39m                                                                                     [38;5;103m ? for shortcuts [39m
[38;5;59m────────────────────────────────────────────────────────────────────────────────────────────────────────────────────────────────────────────────────────────[39m
 [38;5;217mYOLO[38;5;103m ctrl+y[39m
[38;5;59m────────────────────────────────────────────────────────────────────────────────────────────────────────────────────────────────────────────────────────────[39m
 [38;5;217m* [38;5;103m  Type your message or @path/to/file[39m
[38;5;59m────────────────────────────────────────────────────────────────────────────────────────────────────────────────────────────────────────────────────────────[39m
 /mnt/.../chojn/projects/kanbanAgents[38;5;103m (main*)[39m                             [38;5;217mno sandbox[38;5;103m (see /docs)[39m                              [38;5;103m/model [39mgemini-3-flash-preview
[2K[1A[2K[1A[2K[1A[2K[1A[2K[1A[2K[1A[2K[1A[2K[1A[2K[G
 [38;5;151m⠴[39m [3m💬 Defining Core Functionality[23m [38;5;103m(esc to cancel, 35s)[39m                                                                                     [38;5;103m ? for shortcuts [39m
[38;5;59m────────────────────────────────────────────────────────────────────────────────────────────────────────────────────────────────────────────────────────────[39m
 [38;5;217mYOLO[38;5;103m ctrl+y[39m
[38;5;59m────────────────────────────────────────────────────────────────────────────────────────────────────────────────────────────────────────────────────────────[39m
 [38;5;217m* [38;5;103m  Type your message or @path/to/file[39m
[38;5;59m────────────────────────────────────────────────────────────────────────────────────────────────────────────────────────────────────────────────────────────[39m
 /mnt/.../chojn/projects/kanbanAgents[38;5;103m (main*)[39m                             [38;5;217mno sandbox[38;5;103m (see /docs)[39m                              [38;5;103m/model [39mgemini-3-flash-preview
[2K[1A[2K[1A[2K[1A[2K[1A[2K[1A[2K[1A[2K[1A[2K[1A[2K[G
 [38;5;187m⠦[39m [3m💬 Defining Core Functionality[23m [38;5;103m(esc to cancel, 35s)[39m                                                                                     [38;5;103m ? for shortcuts [39m
[38;5;59m────────────────────────────────────────────────────────────────────────────────────────────────────────────────────────────────────────────────────────────[39m
 [38;5;217mYOLO[38;5;103m ctrl+y[39m
[38;5;59m────────────────────────────────────────────────────────────────────────────────────────────────────────────────────────────────────────────────────────────[39m
 [38;5;217m* [38;5;103m  Type your message or @path/to/file[39m
[38;5;59m────────────────────────────────────────────────────────────────────────────────────────────────────────────────────────────────────────────────────────────[39m
 /mnt/.../chojn/projects/kanbanAgents[38;5;103m (main*)[39m                             [38;5;217mno sandbox[38;5;103m (see /docs)[39m                              [38;5;103m/model [39mgemini-3-flash-preview
[2K[1A[2K[1A[2K[1A[2K[1A[2K[1A[2K[1A[2K[1A[2K[1A[2K[G
 [38;5;187m⠧[39m [3m💬 Defining Core Functionality[23m [38;5;103m(esc to cancel, 35s)[39m                                                                                     [38;5;103m ? for shortcuts [39m
[38;5;59m────────────────────────────────────────────────────────────────────────────────────────────────────────────────────────────────────────────────────────────[39m
 [38;5;217mYOLO[38;5;103m ctrl+y[39m
[38;5;59m────────────────────────────────────────────────────────────────────────────────────────────────────────────────────────────────────────────────────────────[39m
 [38;5;217m* [38;5;103m  Type your message or @path/to/file[39m
[38;5;59m────────────────────────────────────────────────────────────────────────────────────────────────────────────────────────────────────────────────────────────[39m
 /mnt/.../chojn/projects/kanbanAgents[38;5;103m (main*)[39m                             [38;5;217mno sandbox[38;5;103m (see /docs)[39m                              [38;5;103m/model [39mgemini-3-flash-preview
[2K[1A[2K[1A[2K[1A[2K[1A[2K[1A[2K[1A[2K[1A[2K[1A[2K[G
 [38;5;187m⠇[39m [3m💬 Defining Core Functionality[23m [38;5;103m(esc to cancel, 35s)[39m                                                                                     [38;5;103m ? for shortcuts [39m
[38;5;59m────────────────────────────────────────────────────────────────────────────────────────────────────────────────────────────────────────────────────────────[39m
 [38;5;217mYOLO[38;5;103m ctrl+y[39m
[38;5;59m────────────────────────────────────────────────────────────────────────────────────────────────────────────────────────────────────────────────────────────[39m
 [38;5;217m* [38;5;103m  Type your message or @path/to/file[39m
[38;5;59m────────────────────────────────────────────────────────────────────────────────────────────────────────────────────────────────────────────────────────────[39m
 /mnt/.../chojn/projects/kanbanAgents[38;5;103m (main*)[39m                             [38;5;217mno sandbox[38;5;103m (see /docs)[39m                              [38;5;103m/model [39mgemini-3-flash-preview
[2K[1A[2K[1A[2K[1A[2K[1A[2K[1A[2K[1A[2K[1A[2K[1A[2K[G
 [38;5;187m⠏[39m [3m💬 Defining Core Functionality[23m [38;5;103m(esc to cancel, 35s)[39m                                                                                     [38;5;103m ? for shortcuts [39m
[38;5;59m────────────────────────────────────────────────────────────────────────────────────────────────────────────────────────────────────────────────────────────[39m
 [38;5;217mYOLO[38;5;103m ctrl+y[39m
[38;5;59m────────────────────────────────────────────────────────────────────────────────────────────────────────────────────────────────────────────────────────────[39m
 [38;5;217m* [38;5;103m  Type your message or @path/to/file[39m
[38;5;59m────────────────────────────────────────────────────────────────────────────────────────────────────────────────────────────────────────────────────────────[39m
 /mnt/.../chojn/projects/kanbanAgents[38;5;103m (main*)[39m                             [38;5;217mno sandbox[38;5;103m (see /docs)[39m                              [38;5;103m/model [39mgemini-3-flash-preview
[2K[1A[2K[1A[2K[1A[2K[1A[2K[1A[2K[1A[2K[1A[2K[1A[2K[G
 [38;5;187m⠋[39m [3m💬 Defining Core Functionality[23m [38;5;103m(esc to cancel, 35s)[39m                                                                                     [38;5;103m ? for shortcuts [39m
[38;5;59m────────────────────────────────────────────────────────────────────────────────────────────────────────────────────────────────────────────────────────────[39m
 [38;5;217mYOLO[38;5;103m ctrl+y[39m
[38;5;59m────────────────────────────────────────────────────────────────────────────────────────────────────────────────────────────────────────────────────────────[39m
 [38;5;217m* [38;5;103m  Type your message or @path/to/file[39m
[38;5;59m────────────────────────────────────────────────────────────────────────────────────────────────────────────────────────────────────────────────────────────[39m
 /mnt/.../chojn/projects/kanbanAgents[38;5;103m (main*)[39m                             [38;5;217mno sandbox[38;5;103m (see /docs)[39m                              [38;5;103m/model [39mgemini-3-flash-preview
[2K[1A[2K[1A[2K[1A[2K[1A[2K[1A[2K[1A[2K[1A[2K[1A[2K[G
 [38;5;187m⠙[39m [3m💬 Defining Core Functionality[23m [38;5;103m(esc to cancel, 35s)[39m                                                                                     [38;5;103m ? for shortcuts [39m
[38;5;59m────────────────────────────────────────────────────────────────────────────────────────────────────────────────────────────────────────────────────────────[39m
 [38;5;217mYOLO[38;5;103m ctrl+y[39m
[38;5;59m────────────────────────────────────────────────────────────────────────────────────────────────────────────────────────────────────────────────────────────[39m
 [38;5;217m* [38;5;103m  Type your message or @path/to/file[39m
[38;5;59m────────────────────────────────────────────────────────────────────────────────────────────────────────────────────────────────────────────────────────────[39m
 /mnt/.../chojn/projects/kanbanAgents[38;5;103m (main*)[39m                             [38;5;217mno sandbox[38;5;103m (see /docs)[39m                              [38;5;103m/model [39mgemini-3-flash-preview
[2K[1A[2K[1A[2K[1A[2K[1A[2K[1A[2K[1A[2K[1A[2K[1A[2K[G
 [38;5;223m⠙[39m [3m💬 Defining Core Functionality[23m [38;5;103m(esc to cancel, 35s)[39m                                                                                     [38;5;103m ? for shortcuts [39m
[38;5;59m────────────────────────────────────────────────────────────────────────────────────────────────────────────────────────────────────────────────────────────[39m
 [38;5;217mYOLO[38;5;103m ctrl+y[39m
[38;5;59m────────────────────────────────────────────────────────────────────────────────────────────────────────────────────────────────────────────────────────────[39m
 [38;5;217m* [38;5;103m  Type your message or @path/to/file[39m
[38;5;59m────────────────────────────────────────────────────────────────────────────────────────────────────────────────────────────────────────────────────────────[39m
 /mnt/.../chojn/projects/kanbanAgents[38;5;103m (main*)[39m                             [38;5;217mno sandbox[38;5;103m (see /docs)[39m                              [38;5;103m/model [39mgemini-3-flash-preview
[2K[1A[2K[1A[2K[1A[2K[1A[2K[1A[2K[1A[2K[1A[2K[1A[2K[G
 [38;5;223m⠹[39m [3m💬 Defining Core Functionality[23m [38;5;103m(esc to cancel, 35s)[39m                                                                                     [38;5;103m ? for shortcuts [39m
[38;5;59m────────────────────────────────────────────────────────────────────────────────────────────────────────────────────────────────────────────────────────────[39m
 [38;5;217mYOLO[38;5;103m ctrl+y[39m
[38;5;59m────────────────────────────────────────────────────────────────────────────────────────────────────────────────────────────────────────────────────────────[39m
 [38;5;217m* [38;5;103m  Type your message or @path/to/file[39m
[38;5;59m────────────────────────────────────────────────────────────────────────────────────────────────────────────────────────────────────────────────────────────[39m
 /mnt/.../chojn/projects/kanbanAgents[38;5;103m (main*)[39m                             [38;5;217mno sandbox[38;5;103m (see /docs)[39m                              [38;5;103m/model [39mgemini-3-flash-preview
[2K[1A[2K[1A[2K[1A[2K[1A[2K[1A[2K[1A[2K[1A[2K[1A[2K[G
 [38;5;223m⠸[39m [3m💬 Defining Core Functionality[23m [38;5;103m(esc to cancel, 35s)[39m                                                                                     [38;5;103m ? for shortcuts [39m
[38;5;59m────────────────────────────────────────────────────────────────────────────────────────────────────────────────────────────────────────────────────────────[39m
 [38;5;217mYOLO[38;5;103m ctrl+y[39m
[38;5;59m────────────────────────────────────────────────────────────────────────────────────────────────────────────────────────────────────────────────────────────[39m
 [38;5;217m* [38;5;103m  Type your message or @path/to/file[39m
[38;5;59m────────────────────────────────────────────────────────────────────────────────────────────────────────────────────────────────────────────────────────────[39m
 /mnt/.../chojn/projects/kanbanAgents[38;5;103m (main*)[39m                             [38;5;217mno sandbox[38;5;103m (see /docs)[39m                              [38;5;103m/model [39mgemini-3-flash-preview
[2K[1A[2K[1A[2K[1A[2K[1A[2K[1A[2K[1A[2K[1A[2K[1A[2K[G
 [38;5;223m⠼[39m [3m💬 Defining Core Functionality[23m [38;5;103m(esc to cancel, 35s)[39m                                                                                     [38;5;103m ? for shortcuts [39m
[38;5;59m────────────────────────────────────────────────────────────────────────────────────────────────────────────────────────────────────────────────────────────[39m
 [38;5;217mYOLO[38;5;103m ctrl+y[39m
[38;5;59m────────────────────────────────────────────────────────────────────────────────────────────────────────────────────────────────────────────────────────────[39m
 [38;5;217m* [38;5;103m  Type your message or @path/to/file[39m
[38;5;59m────────────────────────────────────────────────────────────────────────────────────────────────────────────────────────────────────────────────────────────[39m
 /mnt/.../chojn/projects/kanbanAgents[38;5;103m (main*)[39m                             [38;5;217mno sandbox[38;5;103m (see /docs)[39m                              [38;5;103m/model [39mgemini-3-flash-preview
[2K[1A[2K[1A[2K[1A[2K[1A[2K[1A[2K[1A[2K[1A[2K[1A[2K[G
 [38;5;223m⠴[39m [3m💬 Defining Core Functionality[23m [38;5;103m(esc to cancel, 35s)[39m                                                                                     [38;5;103m ? for shortcuts [39m
[38;5;59m────────────────────────────────────────────────────────────────────────────────────────────────────────────────────────────────────────────────────────────[39m
 [38;5;217mYOLO[38;5;103m ctrl+y[39m
[38;5;59m────────────────────────────────────────────────────────────────────────────────────────────────────────────────────────────────────────────────────────────[39m
 [38;5;217m* [38;5;103m  Type your message or @path/to/file[39m
[38;5;59m────────────────────────────────────────────────────────────────────────────────────────────────────────────────────────────────────────────────────────────[39m
 /mnt/.../chojn/projects/kanbanAgents[38;5;103m (main*)[39m                             [38;5;217mno sandbox[38;5;103m (see /docs)[39m                              [38;5;103m/model [39mgemini-3-flash-preview
[2K[1A[2K[1A[2K[1A[2K[1A[2K[1A[2K[1A[2K[1A[2K[1A[2K[G
 [38;5;223m⠦[39m [3m💬 Defining Core Functionality[23m [38;5;103m(esc to cancel, 35s)[39m                                                                                     [38;5;103m ? for shortcuts [39m
[38;5;59m────────────────────────────────────────────────────────────────────────────────────────────────────────────────────────────────────────────────────────────[39m
 [38;5;217mYOLO[38;5;103m ctrl+y[39m
[38;5;59m────────────────────────────────────────────────────────────────────────────────────────────────────────────────────────────────────────────────────────────[39m
 [38;5;217m* [38;5;103m  Type your message or @path/to/file[39m
[38;5;59m────────────────────────────────────────────────────────────────────────────────────────────────────────────────────────────────────────────────────────────[39m
 /mnt/.../chojn/projects/kanbanAgents[38;5;103m (main*)[39m                             [38;5;217mno sandbox[38;5;103m (see /docs)[39m                              [38;5;103m/model [39mgemini-3-flash-preview
[2K[1A[2K[1A[2K[1A[2K[1A[2K[1A[2K[1A[2K[1A[2K[1A[2K[G
 [38;5;223m⠦[39m [3m💬 Defining Core Functionality[23m [38;5;103m(esc to cancel, 36s)[39m                                                                                     [38;5;103m ? for shortcuts [39m
[38;5;59m────────────────────────────────────────────────────────────────────────────────────────────────────────────────────────────────────────────────────────────[39m
 [38;5;217mYOLO[38;5;103m ctrl+y[39m
[38;5;59m────────────────────────────────────────────────────────────────────────────────────────────────────────────────────────────────────────────────────────────[39m
 [38;5;217m* [38;5;103m  Type your message or @path/to/file[39m
[38;5;59m────────────────────────────────────────────────────────────────────────────────────────────────────────────────────────────────────────────────────────────[39m
 /mnt/.../chojn/projects/kanbanAgents[38;5;103m (main*)[39m                             [38;5;217mno sandbox[38;5;103m (see /docs)[39m                              [38;5;103m/model [39mgemini-3-flash-preview
[2K[1A[2K[1A[2K[1A[2K[1A[2K[1A[2K[1A[2K[1A[2K[1A[2K[G
 [38;5;223m⠧[39m [3m💬 Defining Core Functionality[23m [38;5;103m(esc to cancel, 36s)[39m                                                                                     [38;5;103m ? for shortcuts [39m
[38;5;59m────────────────────────────────────────────────────────────────────────────────────────────────────────────────────────────────────────────────────────────[39m
 [38;5;217mYOLO[38;5;103m ctrl+y[39m
[38;5;59m────────────────────────────────────────────────────────────────────────────────────────────────────────────────────────────────────────────────────────────[39m
 [38;5;217m* [38;5;103m  Type your message or @path/to/file[39m
[38;5;59m────────────────────────────────────────────────────────────────────────────────────────────────────────────────────────────────────────────────────────────[39m
 /mnt/.../chojn/projects/kanbanAgents[38;5;103m (main*)[39m                             [38;5;217mno sandbox[38;5;103m (see /docs)[39m                              [38;5;103m/model [39mgemini-3-flash-preview
[2K[1A[2K[1A[2K[1A[2K[1A[2K[1A[2K[1A[2K[1A[2K[1A[2K[G
 [38;5;217m⠧[39m [3m💬 Defining Core Functionality[23m [38;5;103m(esc to cancel, 36s)[39m                                                                                     [38;5;103m ? for shortcuts [39m
[38;5;59m────────────────────────────────────────────────────────────────────────────────────────────────────────────────────────────────────────────────────────────[39m
 [38;5;217mYOLO[38;5;103m ctrl+y[39m
[38;5;59m────────────────────────────────────────────────────────────────────────────────────────────────────────────────────────────────────────────────────────────[39m
 [38;5;217m* [38;5;103m  Type your message or @path/to/file[39m
[38;5;59m────────────────────────────────────────────────────────────────────────────────────────────────────────────────────────────────────────────────────────────[39m
 /mnt/.../chojn/projects/kanbanAgents[38;5;103m (main*)[39m                             [38;5;217mno sandbox[38;5;103m (see /docs)[39m                              [38;5;103m/model [39mgemini-3-flash-preview
[2K[1A[2K[1A[2K[1A[2K[1A[2K[1A[2K[1A[2K[1A[2K[1A[2K[G
 [38;5;217m⠇[39m [3m💬 Defining Core Functionality[23m [38;5;103m(esc to cancel, 36s)[39m                                                                                     [38;5;103m ? for shortcuts [39m
[38;5;59m────────────────────────────────────────────────────────────────────────────────────────────────────────────────────────────────────────────────────────────[39m
 [38;5;217mYOLO[38;5;103m ctrl+y[39m
[38;5;59m────────────────────────────────────────────────────────────────────────────────────────────────────────────────────────────────────────────────────────────[39m
 [38;5;217m* [38;5;103m  Type your message or @path/to/file[39m
[38;5;59m────────────────────────────────────────────────────────────────────────────────────────────────────────────────────────────────────────────────────────────[39m
 /mnt/.../chojn/projects/kanbanAgents[38;5;103m (main*)[39m                             [38;5;217mno sandbox[38;5;103m (see /docs)[39m                              [38;5;103m/model [39mgemini-3-flash-preview
[2K[1A[2K[1A[2K[1A[2K[1A[2K[1A[2K[1A[2K[1A[2K[1A[2K[G
 [38;5;217m⠏[39m [3m💬 Defining Core Functionality[23m [38;5;103m(esc to cancel, 36s)[39m                                                                                     [38;5;103m ? for shortcuts [39m
[38;5;59m────────────────────────────────────────────────────────────────────────────────────────────────────────────────────────────────────────────────────────────[39m
 [38;5;217mYOLO[38;5;103m ctrl+y[39m
[38;5;59m────────────────────────────────────────────────────────────────────────────────────────────────────────────────────────────────────────────────────────────[39m
 [38;5;217m* [38;5;103m  Type your message or @path/to/file[39m
[38;5;59m────────────────────────────────────────────────────────────────────────────────────────────────────────────────────────────────────────────────────────────[39m
 /mnt/.../chojn/projects/kanbanAgents[38;5;103m (main*)[39m                             [38;5;217mno sandbox[38;5;103m (see /docs)[39m                              [38;5;103m/model [39mgemini-3-flash-preview
[2K[1A[2K[1A[2K[1A[2K[1A[2K[1A[2K[1A[2K[1A[2K[1A[2K[G
 [38;5;217m⠋[39m [3m💬 Defining Core Functionality[23m [38;5;103m(esc to cancel, 36s)[39m                                                                                     [38;5;103m ? for shortcuts [39m
[38;5;59m────────────────────────────────────────────────────────────────────────────────────────────────────────────────────────────────────────────────────────────[39m
 [38;5;217mYOLO[38;5;103m ctrl+y[39m
[38;5;59m────────────────────────────────────────────────────────────────────────────────────────────────────────────────────────────────────────────────────────────[39m
 [38;5;217m* [38;5;103m  Type your message or @path/to/file[39m
[38;5;59m────────────────────────────────────────────────────────────────────────────────────────────────────────────────────────────────────────────────────────────[39m
 /mnt/.../chojn/projects/kanbanAgents[38;5;103m (main*)[39m                             [38;5;217mno sandbox[38;5;103m (see /docs)[39m                              [38;5;103m/model [39mgemini-3-flash-preview
[2K[1A[2K[1A[2K[1A[2K[1A[2K[1A[2K[1A[2K[1A[2K[1A[2K[G
 [38;5;217m⠙[39m [3m💬 Defining Core Functionality[23m [38;5;103m(esc to cancel, 36s)[39m                                                                                     [38;5;103m ? for shortcuts [39m
[38;5;59m────────────────────────────────────────────────────────────────────────────────────────────────────────────────────────────────────────────────────────────[39m
 [38;5;217mYOLO[38;5;103m ctrl+y[39m
[38;5;59m────────────────────────────────────────────────────────────────────────────────────────────────────────────────────────────────────────────────────────────[39m
 [38;5;217m* [38;5;103m  Type your message or @path/to/file[39m
[38;5;59m────────────────────────────────────────────────────────────────────────────────────────────────────────────────────────────────────────────────────────────[39m
 /mnt/.../chojn/projects/kanbanAgents[38;5;103m (main*)[39m                             [38;5;217mno sandbox[38;5;103m (see /docs)[39m                              [38;5;103m/model [39mgemini-3-flash-preview
[2K[1A[2K[1A[2K[1A[2K[1A[2K[1A[2K[1A[2K[1A[2K[1A[2K[G
 [38;5;217m⠹[39m [3m💬 Defining Core Functionality[23m [38;5;103m(esc to cancel, 36s)[39m                                                                                     [38;5;103m ? for shortcuts [39m
[38;5;59m────────────────────────────────────────────────────────────────────────────────────────────────────────────────────────────────────────────────────────────[39m
 [38;5;217mYOLO[38;5;103m ctrl+y[39m
[38;5;59m────────────────────────────────────────────────────────────────────────────────────────────────────────────────────────────────────────────────────────────[39m
 [38;5;217m* [38;5;103m  Type your message or @path/to/file[39m
[38;5;59m────────────────────────────────────────────────────────────────────────────────────────────────────────────────────────────────────────────────────────────[39m
 /mnt/.../chojn/projects/kanbanAgents[38;5;103m (main*)[39m                             [38;5;217mno sandbox[38;5;103m (see /docs)[39m                              [38;5;103m/model [39mgemini-3-flash-preview
[2K[1A[2K[1A[2K[1A[2K[1A[2K[1A[2K[1A[2K[1A[2K[1A[2K[G
 [38;5;218m⠹[39m [3m💬 Defining Core Functionality[23m [38;5;103m(esc to cancel, 36s)[39m                                                                                     [38;5;103m ? for shortcuts [39m
[38;5;59m────────────────────────────────────────────────────────────────────────────────────────────────────────────────────────────────────────────────────────────[39m
 [38;5;217mYOLO[38;5;103m ctrl+y[39m
[38;5;59m────────────────────────────────────────────────────────────────────────────────────────────────────────────────────────────────────────────────────────────[39m
 [38;5;217m* [38;5;103m  Type your message or @path/to/file[39m
[38;5;59m────────────────────────────────────────────────────────────────────────────────────────────────────────────────────────────────────────────────────────────[39m
 /mnt/.../chojn/projects/kanbanAgents[38;5;103m (main*)[39m                             [38;5;217mno sandbox[38;5;103m (see /docs)[39m                              [38;5;103m/model [39mgemini-3-flash-preview
[2K[1A[2K[1A[2K[1A[2K[1A[2K[1A[2K[1A[2K[1A[2K[1A[2K[G
 [38;5;218m⠸[39m [3m💬 Defining Core Functionality[23m [38;5;103m(esc to cancel, 36s)[39m                                                                                     [38;5;103m ? for shortcuts [39m
[38;5;59m────────────────────────────────────────────────────────────────────────────────────────────────────────────────────────────────────────────────────────────[39m
 [38;5;217mYOLO[38;5;103m ctrl+y[39m
[38;5;59m────────────────────────────────────────────────────────────────────────────────────────────────────────────────────────────────────────────────────────────[39m
 [38;5;217m* [38;5;103m  Type your message or @path/to/file[39m
[38;5;59m────────────────────────────────────────────────────────────────────────────────────────────────────────────────────────────────────────────────────────────[39m
 /mnt/.../chojn/projects/kanbanAgents[38;5;103m (main*)[39m                             [38;5;217mno sandbox[38;5;103m (see /docs)[39m                              [38;5;103m/model [39mgemini-3-flash-preview
[2K[1A[2K[1A[2K[1A[2K[1A[2K[1A[2K[1A[2K[1A[2K[1A[2K[G
 [38;5;218m⠼[39m [3m💬 Defining Core Functionality[23m [38;5;103m(esc to cancel, 36s)[39m                                                                                     [38;5;103m ? for shortcuts [39m
[38;5;59m────────────────────────────────────────────────────────────────────────────────────────────────────────────────────────────────────────────────────────────[39m
 [38;5;217mYOLO[38;5;103m ctrl+y[39m
[38;5;59m────────────────────────────────────────────────────────────────────────────────────────────────────────────────────────────────────────────────────────────[39m
 [38;5;217m* [38;5;103m  Type your message or @path/to/file[39m
[38;5;59m────────────────────────────────────────────────────────────────────────────────────────────────────────────────────────────────────────────────────────────[39m
 /mnt/.../chojn/projects/kanbanAgents[38;5;103m (main*)[39m                             [38;5;217mno sandbox[38;5;103m (see /docs)[39m                              [38;5;103m/model [39mgemini-3-flash-preview
[2K[1A[2K[1A[2K[1A[2K[1A[2K[1A[2K[1A[2K[1A[2K[1A[2K[G
 [38;5;182m⠼[39m [3m💬 Defining Core Functionality[23m [38;5;103m(esc to cancel, 36s)[39m                                                                                     [38;5;103m ? for shortcuts [39m
[38;5;59m────────────────────────────────────────────────────────────────────────────────────────────────────────────────────────────────────────────────────────────[39m
 [38;5;217mYOLO[38;5;103m ctrl+y[39m
[38;5;59m────────────────────────────────────────────────────────────────────────────────────────────────────────────────────────────────────────────────────────────[39m
 [38;5;217m* [38;5;103m  Type your message or @path/to/file[39m
[38;5;59m────────────────────────────────────────────────────────────────────────────────────────────────────────────────────────────────────────────────────────────[39m
 /mnt/.../chojn/projects/kanbanAgents[38;5;103m (main*)[39m                             [38;5;217mno sandbox[38;5;103m (see /docs)[39m                              [38;5;103m/model [39mgemini-3-flash-preview
[2K[1A[2K[1A[2K[1A[2K[1A[2K[1A[2K[1A[2K[1A[2K[1A[2K[G
 [38;5;182m⠴[39m [3m💬 Defining Core Functionality[23m [38;5;103m(esc to cancel, 36s)[39m                                                                                     [38;5;103m ? for shortcuts [39m
[38;5;59m────────────────────────────────────────────────────────────────────────────────────────────────────────────────────────────────────────────────────────────[39m
 [38;5;217mYOLO[38;5;103m ctrl+y[39m
[38;5;59m────────────────────────────────────────────────────────────────────────────────────────────────────────────────────────────────────────────────────────────[39m
 [38;5;217m* [38;5;103m  Type your message or @path/to/file[39m
[38;5;59m────────────────────────────────────────────────────────────────────────────────────────────────────────────────────────────────────────────────────────────[39m
 /mnt/.../chojn/projects/kanbanAgents[38;5;103m (main*)[39m                             [38;5;217mno sandbox[38;5;103m (see /docs)[39m                              [38;5;103m/model [39mgemini-3-flash-preview
[2K[1A[2K[1A[2K[1A[2K[1A[2K[1A[2K[1A[2K[1A[2K[1A[2K[G
 [38;5;182m⠴[39m [3m💬 Understanding System Architecture[23m [38;5;103m(esc to cancel, 36s)[39m                                                                               [38;5;103m ? for shortcuts [39m
[38;5;59m────────────────────────────────────────────────────────────────────────────────────────────────────────────────────────────────────────────────────────────[39m
 [38;5;217mYOLO[38;5;103m ctrl+y[39m
[38;5;59m────────────────────────────────────────────────────────────────────────────────────────────────────────────────────────────────────────────────────────────[39m
 [38;5;217m* [38;5;103m  Type your message or @path/to/file[39m
[38;5;59m────────────────────────────────────────────────────────────────────────────────────────────────────────────────────────────────────────────────────────────[39m
 /mnt/.../chojn/projects/kanbanAgents[38;5;103m (main*)[39m                             [38;5;217mno sandbox[38;5;103m (see /docs)[39m                              [38;5;103m/model [39mgemini-3-flash-preview
[2K[1A[2K[1A[2K[1A[2K[1A[2K[1A[2K[1A[2K[1A[2K[1A[2K[G
 [38;5;182m⠦[39m [3m💬 Understanding System Architecture[23m [38;5;103m(esc to cancel, 36s)[39m                                                                               [38;5;103m ? for shortcuts [39m
[38;5;59m────────────────────────────────────────────────────────────────────────────────────────────────────────────────────────────────────────────────────────────[39m
 [38;5;217mYOLO[38;5;103m ctrl+y[39m
[38;5;59m────────────────────────────────────────────────────────────────────────────────────────────────────────────────────────────────────────────────────────────[39m
 [38;5;217m* [38;5;103m  Type your message or @path/to/file[39m
[38;5;59m────────────────────────────────────────────────────────────────────────────────────────────────────────────────────────────────────────────────────────────[39m
 /mnt/.../chojn/projects/kanbanAgents[38;5;103m (main*)[39m                             [38;5;217mno sandbox[38;5;103m (see /docs)[39m                              [38;5;103m/model [39mgemini-3-flash-preview
[2K[1A[2K[1A[2K[1A[2K[1A[2K[1A[2K[1A[2K[1A[2K[1A[2K[G
 [38;5;182m⠧[39m [3m💬 Understanding System Architecture[23m [38;5;103m(esc to cancel, 36s)[39m                                                                               [38;5;103m ? for shortcuts [39m
[38;5;59m────────────────────────────────────────────────────────────────────────────────────────────────────────────────────────────────────────────────────────────[39m
 [38;5;217mYOLO[38;5;103m ctrl+y[39m
[38;5;59m────────────────────────────────────────────────────────────────────────────────────────────────────────────────────────────────────────────────────────────[39m
 [38;5;217m* [38;5;103m  Type your message or @path/to/file[39m
[38;5;59m────────────────────────────────────────────────────────────────────────────────────────────────────────────────────────────────────────────────────────────[39m
 /mnt/.../chojn/projects/kanbanAgents[38;5;103m (main*)[39m                             [38;5;217mno sandbox[38;5;103m (see /docs)[39m                              [38;5;103m/model [39mgemini-3-flash-preview
[2K[1A[2K[1A[2K[1A[2K[1A[2K[1A[2K[1A[2K[1A[2K[1A[2K[G
 [38;5;183m⠇[39m [3m💬 Understanding System Architecture[23m [38;5;103m(esc to cancel, 36s)[39m                                                                               [38;5;103m ? for shortcuts [39m
[38;5;59m────────────────────────────────────────────────────────────────────────────────────────────────────────────────────────────────────────────────────────────[39m
 [38;5;217mYOLO[38;5;103m ctrl+y[39m
[38;5;59m────────────────────────────────────────────────────────────────────────────────────────────────────────────────────────────────────────────────────────────[39m
 [38;5;217m* [38;5;103m  Type your message or @path/to/file[39m
[38;5;59m────────────────────────────────────────────────────────────────────────────────────────────────────────────────────────────────────────────────────────────[39m
 /mnt/.../chojn/projects/kanbanAgents[38;5;103m (main*)[39m                             [38;5;217mno sandbox[38;5;103m (see /docs)[39m                              [38;5;103m/model [39mgemini-3-flash-preview
[2K[1A[2K[1A[2K[1A[2K[1A[2K[1A[2K[1A[2K[1A[2K[1A[2K[G
 [38;5;183m⠏[39m [3m💬 Understanding System Architecture[23m [38;5;103m(esc to cancel, 36s)[39m                                                                               [38;5;103m ? for shortcuts [39m
[38;5;59m────────────────────────────────────────────────────────────────────────────────────────────────────────────────────────────────────────────────────────────[39m
 [38;5;217mYOLO[38;5;103m ctrl+y[39m
[38;5;59m────────────────────────────────────────────────────────────────────────────────────────────────────────────────────────────────────────────────────────────[39m
 [38;5;217m* [38;5;103m  Type your message or @path/to/file[39m
[38;5;59m────────────────────────────────────────────────────────────────────────────────────────────────────────────────────────────────────────────────────────────[39m
 /mnt/.../chojn/projects/kanbanAgents[38;5;103m (main*)[39m                             [38;5;217mno sandbox[38;5;103m (see /docs)[39m                              [38;5;103m/model [39mgemini-3-flash-preview
[2K[1A[2K[1A[2K[1A[2K[1A[2K[1A[2K[1A[2K[1A[2K[1A[2K[G
 [38;5;183m⠏[39m [3m💬 Understanding System Architecture[23m [38;5;103m(esc to cancel, 37s)[39m                                                                               [38;5;103m ? for shortcuts [39m
[38;5;59m────────────────────────────────────────────────────────────────────────────────────────────────────────────────────────────────────────────────────────────[39m
 [38;5;217mYOLO[38;5;103m ctrl+y[39m
[38;5;59m────────────────────────────────────────────────────────────────────────────────────────────────────────────────────────────────────────────────────────────[39m
 [38;5;217m* [38;5;103m  Type your message or @path/to/file[39m
[38;5;59m────────────────────────────────────────────────────────────────────────────────────────────────────────────────────────────────────────────────────────────[39m
 /mnt/.../chojn/projects/kanbanAgents[38;5;103m (main*)[39m                             [38;5;217mno sandbox[38;5;103m (see /docs)[39m                              [38;5;103m/model [39mgemini-3-flash-preview
[2K[1A[2K[1A[2K[1A[2K[1A[2K[1A[2K[1A[2K[1A[2K[1A[2K[G
 [38;5;183m⠋[39m [3m💬 Understanding System Architecture[23m [38;5;103m(esc to cancel, 37s)[39m                                                                               [38;5;103m ? for shortcuts [39m
[38;5;59m────────────────────────────────────────────────────────────────────────────────────────────────────────────────────────────────────────────────────────────[39m
 [38;5;217mYOLO[38;5;103m ctrl+y[39m
[38;5;59m────────────────────────────────────────────────────────────────────────────────────────────────────────────────────────────────────────────────────────────[39m
 [38;5;217m* [38;5;103m  Type your message or @path/to/file[39m
[38;5;59m────────────────────────────────────────────────────────────────────────────────────────────────────────────────────────────────────────────────────────────[39m
 /mnt/.../chojn/projects/kanbanAgents[38;5;103m (main*)[39m                             [38;5;217mno sandbox[38;5;103m (see /docs)[39m                              [38;5;103m/model [39mgemini-3-flash-preview
[2K[1A[2K[1A[2K[1A[2K[1A[2K[1A[2K[1A[2K[1A[2K[1A[2K[G
 [38;5;183m⠙[39m [3m💬 Understanding System Architecture[23m [38;5;103m(esc to cancel, 37s)[39m                                                                               [38;5;103m ? for shortcuts [39m
[38;5;59m────────────────────────────────────────────────────────────────────────────────────────────────────────────────────────────────────────────────────────────[39m
 [38;5;217mYOLO[38;5;103m ctrl+y[39m
[38;5;59m────────────────────────────────────────────────────────────────────────────────────────────────────────────────────────────────────────────────────────────[39m
 [38;5;217m* [38;5;103m  Type your message or @path/to/file[39m
[38;5;59m────────────────────────────────────────────────────────────────────────────────────────────────────────────────────────────────────────────────────────────[39m
 /mnt/.../chojn/projects/kanbanAgents[38;5;103m (main*)[39m                             [38;5;217mno sandbox[38;5;103m (see /docs)[39m                              [38;5;103m/model [39mgemini-3-flash-preview
[2K[1A[2K[1A[2K[1A[2K[1A[2K[1A[2K[1A[2K[1A[2K[1A[2K[G
 [38;5;183m⠹[39m [3m💬 Understanding System Architecture[23m [38;5;103m(esc to cancel, 37s)[39m                                                                               [38;5;103m ? for shortcuts [39m
[38;5;59m────────────────────────────────────────────────────────────────────────────────────────────────────────────────────────────────────────────────────────────[39m
 [38;5;217mYOLO[38;5;103m ctrl+y[39m
[38;5;59m────────────────────────────────────────────────────────────────────────────────────────────────────────────────────────────────────────────────────────────[39m
 [38;5;217m* [38;5;103m  Type your message or @path/to/file[39m
[38;5;59m────────────────────────────────────────────────────────────────────────────────────────────────────────────────────────────────────────────────────────────[39m
 /mnt/.../chojn/projects/kanbanAgents[38;5;103m (main*)[39m                             [38;5;217mno sandbox[38;5;103m (see /docs)[39m                              [38;5;103m/model [39mgemini-3-flash-preview
[2K[1A[2K[1A[2K[1A[2K[1A[2K[1A[2K[1A[2K[1A[2K[1A[2K[G
 [38;5;183m⠸[39m [3m💬 Understanding System Architecture[23m [38;5;103m(esc to cancel, 37s)[39m                                                                               [38;5;103m ? for shortcuts [39m
[38;5;59m────────────────────────────────────────────────────────────────────────────────────────────────────────────────────────────────────────────────────────────[39m
 [38;5;217mYOLO[38;5;103m ctrl+y[39m
[38;5;59m────────────────────────────────────────────────────────────────────────────────────────────────────────────────────────────────────────────────────────────[39m
 [38;5;217m* [38;5;103m  Type your message or @path/to/file[39m
[38;5;59m────────────────────────────────────────────────────────────────────────────────────────────────────────────────────────────────────────────────────────────[39m
 /mnt/.../chojn/projects/kanbanAgents[38;5;103m (main*)[39m                             [38;5;217mno sandbox[38;5;103m (see /docs)[39m                              [38;5;103m/model [39mgemini-3-flash-preview
[2K[1A[2K[1A[2K[1A[2K[1A[2K[1A[2K[1A[2K[1A[2K[1A[2K[G
 [38;5;147m⠸[39m [3m💬 Understanding System Architecture[23m [38;5;103m(esc to cancel, 37s)[39m                                                                               [38;5;103m ? for shortcuts [39m
[38;5;59m────────────────────────────────────────────────────────────────────────────────────────────────────────────────────────────────────────────────────────────[39m
 [38;5;217mYOLO[38;5;103m ctrl+y[39m
[38;5;59m────────────────────────────────────────────────────────────────────────────────────────────────────────────────────────────────────────────────────────────[39m
 [38;5;217m* [38;5;103m  Type your message or @path/to/file[39m
[38;5;59m────────────────────────────────────────────────────────────────────────────────────────────────────────────────────────────────────────────────────────────[39m
 /mnt/.../chojn/projects/kanbanAgents[38;5;103m (main*)[39m                             [38;5;217mno sandbox[38;5;103m (see /docs)[39m                              [38;5;103m/model [39mgemini-3-flash-preview
[2K[1A[2K[1A[2K[1A[2K[1A[2K[1A[2K[1A[2K[1A[2K[1A[2K[G
 [38;5;147m⠼[39m [3m💬 Understanding System Architecture[23m [38;5;103m(esc to cancel, 37s)[39m                                                                               [38;5;103m ? for shortcuts [39m
[38;5;59m────────────────────────────────────────────────────────────────────────────────────────────────────────────────────────────────────────────────────────────[39m
 [38;5;217mYOLO[38;5;103m ctrl+y[39m
[38;5;59m────────────────────────────────────────────────────────────────────────────────────────────────────────────────────────────────────────────────────────────[39m
 [38;5;217m* [38;5;103m  Type your message or @path/to/file[39m
[38;5;59m────────────────────────────────────────────────────────────────────────────────────────────────────────────────────────────────────────────────────────────[39m
 /mnt/.../chojn/projects/kanbanAgents[38;5;103m (main*)[39m                             [38;5;217mno sandbox[38;5;103m (see /docs)[39m                              [38;5;103m/model [39mgemini-3-flash-preview
[2K[1A[2K[1A[2K[1A[2K[1A[2K[1A[2K[1A[2K[1A[2K[1A[2K[G
 [38;5;147m⠴[39m [3m💬 Understanding System Architecture[23m [38;5;103m(esc to cancel, 37s)[39m                                                                               [38;5;103m ? for shortcuts [39m
[38;5;59m────────────────────────────────────────────────────────────────────────────────────────────────────────────────────────────────────────────────────────────[39m
 [38;5;217mYOLO[38;5;103m ctrl+y[39m
[38;5;59m────────────────────────────────────────────────────────────────────────────────────────────────────────────────────────────────────────────────────────────[39m
 [38;5;217m* [38;5;103m  Type your message or @path/to/file[39m
[38;5;59m────────────────────────────────────────────────────────────────────────────────────────────────────────────────────────────────────────────────────────────[39m
 /mnt/.../chojn/projects/kanbanAgents[38;5;103m (main*)[39m                             [38;5;217mno sandbox[38;5;103m (see /docs)[39m                              [38;5;103m/model [39mgemini-3-flash-preview
[2K[1A[2K[1A[2K[1A[2K[1A[2K[1A[2K[1A[2K[1A[2K[1A[2K[G
 [38;5;147m⠦[39m [3m💬 Understanding System Architecture[23m [38;5;103m(esc to cancel, 37s)[39m                                                                               [38;5;103m ? for shortcuts [39m
[38;5;59m────────────────────────────────────────────────────────────────────────────────────────────────────────────────────────────────────────────────────────────[39m
 [38;5;217mYOLO[38;5;103m ctrl+y[39m
[38;5;59m────────────────────────────────────────────────────────────────────────────────────────────────────────────────────────────────────────────────────────────[39m
 [38;5;217m* [38;5;103m  Type your message or @path/to/file[39m
[38;5;59m────────────────────────────────────────────────────────────────────────────────────────────────────────────────────────────────────────────────────────────[39m
 /mnt/.../chojn/projects/kanbanAgents[38;5;103m (main*)[39m                             [38;5;217mno sandbox[38;5;103m (see /docs)[39m                              [38;5;103m/model [39mgemini-3-flash-preview
[2K[1A[2K[1A[2K[1A[2K[1A[2K[1A[2K[1A[2K[1A[2K[1A[2K[G
 [38;5;147m⠧[39m [3m💬 Understanding System Architecture[23m [38;5;103m(esc to cancel, 37s)[39m                                                                               [38;5;103m ? for shortcuts [39m
[38;5;59m────────────────────────────────────────────────────────────────────────────────────────────────────────────────────────────────────────────────────────────[39m
 [38;5;217mYOLO[38;5;103m ctrl+y[39m
[38;5;59m────────────────────────────────────────────────────────────────────────────────────────────────────────────────────────────────────────────────────────────[39m
 [38;5;217m* [38;5;103m  Type your message or @path/to/file[39m
[38;5;59m────────────────────────────────────────────────────────────────────────────────────────────────────────────────────────────────────────────────────────────[39m
 /mnt/.../chojn/projects/kanbanAgents[38;5;103m (main*)[39m                             [38;5;217mno sandbox[38;5;103m (see /docs)[39m                              [38;5;103m/model [39mgemini-3-flash-preview
[2K[1A[2K[1A[2K[1A[2K[1A[2K[1A[2K[1A[2K[1A[2K[1A[2K[G
 [38;5;153m⠧[39m [3m💬 Understanding System Architecture[23m [38;5;103m(esc to cancel, 37s)[39m                                                                               [38;5;103m ? for shortcuts [39m
[38;5;59m────────────────────────────────────────────────────────────────────────────────────────────────────────────────────────────────────────────────────────────[39m
 [38;5;217mYOLO[38;5;103m ctrl+y[39m
[38;5;59m────────────────────────────────────────────────────────────────────────────────────────────────────────────────────────────────────────────────────────────[39m
 [38;5;217m* [38;5;103m  Type your message or @path/to/file[39m
[38;5;59m────────────────────────────────────────────────────────────────────────────────────────────────────────────────────────────────────────────────────────────[39m
 /mnt/.../chojn/projects/kanbanAgents[38;5;103m (main*)[39m                             [38;5;217mno sandbox[38;5;103m (see /docs)[39m                              [38;5;103m/model [39mgemini-3-flash-preview
[2K[1A[2K[1A[2K[1A[2K[1A[2K[1A[2K[1A[2K[1A[2K[1A[2K[G
 [38;5;153m⠇[39m [3m💬 Understanding System Architecture[23m [38;5;103m(esc to cancel, 37s)[39m                                                                               [38;5;103m ? for shortcuts [39m
[38;5;59m────────────────────────────────────────────────────────────────────────────────────────────────────────────────────────────────────────────────────────────[39m
 [38;5;217mYOLO[38;5;103m ctrl+y[39m
[38;5;59m────────────────────────────────────────────────────────────────────────────────────────────────────────────────────────────────────────────────────────────[39m
 [38;5;217m* [38;5;103m  Type your message or @path/to/file[39m
[38;5;59m────────────────────────────────────────────────────────────────────────────────────────────────────────────────────────────────────────────────────────────[39m
 /mnt/.../chojn/projects/kanbanAgents[38;5;103m (main*)[39m                             [38;5;217mno sandbox[38;5;103m (see /docs)[39m                              [38;5;103m/model [39mgemini-3-flash-preview
[2K[1A[2K[1A[2K[1A[2K[1A[2K[1A[2K[1A[2K[1A[2K[1A[2K[G
 [38;5;153m⠏[39m [3m💬 Understanding System Architecture[23m [38;5;103m(esc to cancel, 37s)[39m                                                                               [38;5;103m ? for shortcuts [39m
[38;5;59m────────────────────────────────────────────────────────────────────────────────────────────────────────────────────────────────────────────────────────────[39m
 [38;5;217mYOLO[38;5;103m ctrl+y[39m
[38;5;59m────────────────────────────────────────────────────────────────────────────────────────────────────────────────────────────────────────────────────────────[39m
 [38;5;217m* [38;5;103m  Type your message or @path/to/file[39m
[38;5;59m────────────────────────────────────────────────────────────────────────────────────────────────────────────────────────────────────────────────────────────[39m
 /mnt/.../chojn/projects/kanbanAgents[38;5;103m (main*)[39m                             [38;5;217mno sandbox[38;5;103m (see /docs)[39m                              [38;5;103m/model [39mgemini-3-flash-preview
[2K[1A[2K[1A[2K[1A[2K[1A[2K[1A[2K[1A[2K[1A[2K[1A[2K[G
 [38;5;153m⠋[39m [3m💬 Understanding System Architecture[23m [38;5;103m(esc to cancel, 37s)[39m                                                                               [38;5;103m ? for shortcuts [39m
[38;5;59m────────────────────────────────────────────────────────────────────────────────────────────────────────────────────────────────────────────────────────────[39m
 [38;5;217mYOLO[38;5;103m ctrl+y[39m
[38;5;59m────────────────────────────────────────────────────────────────────────────────────────────────────────────────────────────────────────────────────────────[39m
 [38;5;217m* [38;5;103m  Type your message or @path/to/file[39m
[38;5;59m────────────────────────────────────────────────────────────────────────────────────────────────────────────────────────────────────────────────────────────[39m
 /mnt/.../chojn/projects/kanbanAgents[38;5;103m (main*)[39m                             [38;5;217mno sandbox[38;5;103m (see /docs)[39m                              [38;5;103m/model [39mgemini-3-flash-preview
[2K[1A[2K[1A[2K[1A[2K[1A[2K[1A[2K[1A[2K[1A[2K[1A[2K[G
 [38;5;153m⠙[39m [3m💬 Understanding System Architecture[23m [38;5;103m(esc to cancel, 37s)[39m                                                                               [38;5;103m ? for shortcuts [39m
[38;5;59m────────────────────────────────────────────────────────────────────────────────────────────────────────────────────────────────────────────────────────────[39m
 [38;5;217mYOLO[38;5;103m ctrl+y[39m
[38;5;59m────────────────────────────────────────────────────────────────────────────────────────────────────────────────────────────────────────────────────────────[39m
 [38;5;217m* [38;5;103m  Type your message or @path/to/file[39m
[38;5;59m────────────────────────────────────────────────────────────────────────────────────────────────────────────────────────────────────────────────────────────[39m
 /mnt/.../chojn/projects/kanbanAgents[38;5;103m (main*)[39m                             [38;5;217mno sandbox[38;5;103m (see /docs)[39m                              [38;5;103m/model [39mgemini-3-flash-preview
[2K[1A[2K[1A[2K[1A[2K[1A[2K[1A[2K[1A[2K[1A[2K[1A[2K[G
 [38;5;153m⠙[39m [3m💬 Understanding System Architecture[23m [38;5;103m(esc to cancel, 38s)[39m                                                                               [38;5;103m ? for shortcuts [39m
[38;5;59m────────────────────────────────────────────────────────────────────────────────────────────────────────────────────────────────────────────────────────────[39m
 [38;5;217mYOLO[38;5;103m ctrl+y[39m
[38;5;59m────────────────────────────────────────────────────────────────────────────────────────────────────────────────────────────────────────────────────────────[39m
 [38;5;217m* [38;5;103m  Type your message or @path/to/file[39m
[38;5;59m────────────────────────────────────────────────────────────────────────────────────────────────────────────────────────────────────────────────────────────[39m
 /mnt/.../chojn/projects/kanbanAgents[38;5;103m (main*)[39m                             [38;5;217mno sandbox[38;5;103m (see /docs)[39m                              [38;5;103m/model [39mgemini-3-flash-preview
[2K[1A[2K[1A[2K[1A[2K[1A[2K[1A[2K[1A[2K[1A[2K[1A[2K[G
 [38;5;153m⠹[39m [3m💬 Understanding System Architecture[23m [38;5;103m(esc to cancel, 38s)[39m                                                                               [38;5;103m ? for shortcuts [39m
[38;5;59m────────────────────────────────────────────────────────────────────────────────────────────────────────────────────────────────────────────────────────────[39m
 [38;5;217mYOLO[38;5;103m ctrl+y[39m
[38;5;59m────────────────────────────────────────────────────────────────────────────────────────────────────────────────────────────────────────────────────────────[39m
 [38;5;217m* [38;5;103m  Type your message or @path/to/file[39m
[38;5;59m────────────────────────────────────────────────────────────────────────────────────────────────────────────────────────────────────────────────────────────[39m
 /mnt/.../chojn/projects/kanbanAgents[38;5;103m (main*)[39m                             [38;5;217mno sandbox[38;5;103m (see /docs)[39m                              [38;5;103m/model [39mgemini-3-flash-preview
[2K[1A[2K[1A[2K[1A[2K[1A[2K[1A[2K[1A[2K[1A[2K[1A[2K[G
 [38;5;153m⠸[39m [3m💬 Understanding System Architecture[23m [38;5;103m(esc to cancel, 38s)[39m                                                                               [38;5;103m ? for shortcuts [39m
[38;5;59m────────────────────────────────────────────────────────────────────────────────────────────────────────────────────────────────────────────────────────────[39m
 [38;5;217mYOLO[38;5;103m ctrl+y[39m
[38;5;59m────────────────────────────────────────────────────────────────────────────────────────────────────────────────────────────────────────────────────────────[39m
 [38;5;217m* [38;5;103m  Type your message or @path/to/file[39m
[38;5;59m────────────────────────────────────────────────────────────────────────────────────────────────────────────────────────────────────────────────────────────[39m
 /mnt/.../chojn/projects/kanbanAgents[38;5;103m (main*)[39m                             [38;5;217mno sandbox[38;5;103m (see /docs)[39m                              [38;5;103m/model [39mgemini-3-flash-preview
[2K[1A[2K[1A[2K[1A[2K[1A[2K[1A[2K[1A[2K[1A[2K[1A[2K[G
 [38;5;153m⠼[39m [3m💬 Understanding System Architecture[23m [38;5;103m(esc to cancel, 38s)[39m                                                                               [38;5;103m ? for shortcuts [39m
[38;5;59m────────────────────────────────────────────────────────────────────────────────────────────────────────────────────────────────────────────────────────────[39m
 [38;5;217mYOLO[38;5;103m ctrl+y[39m
[38;5;59m────────────────────────────────────────────────────────────────────────────────────────────────────────────────────────────────────────────────────────────[39m
 [38;5;217m* [38;5;103m  Type your message or @path/to/file[39m
[38;5;59m────────────────────────────────────────────────────────────────────────────────────────────────────────────────────────────────────────────────────────────[39m
 /mnt/.../chojn/projects/kanbanAgents[38;5;103m (main*)[39m                             [38;5;217mno sandbox[38;5;103m (see /docs)[39m                              [38;5;103m/model [39mgemini-3-flash-preview
[2K[1A[2K[1A[2K[1A[2K[1A[2K[1A[2K[1A[2K[1A[2K[1A[2K[G
 [38;5;153m⠴[39m [3m💬 Understanding System Architecture[23m [38;5;103m(esc to cancel, 38s)[39m                                                                               [38;5;103m ? for shortcuts [39m
[38;5;59m────────────────────────────────────────────────────────────────────────────────────────────────────────────────────────────────────────────────────────────[39m
 [38;5;217mYOLO[38;5;103m ctrl+y[39m
[38;5;59m────────────────────────────────────────────────────────────────────────────────────────────────────────────────────────────────────────────────────────────[39m
 [38;5;217m* [38;5;103m  Type your message or @path/to/file[39m
[38;5;59m────────────────────────────────────────────────────────────────────────────────────────────────────────────────────────────────────────────────────────────[39m
 /mnt/.../chojn/projects/kanbanAgents[38;5;103m (main*)[39m                             [38;5;217mno sandbox[38;5;103m (see /docs)[39m                              [38;5;103m/model [39mgemini-3-flash-preview
[2K[1A[2K[1A[2K[1A[2K[1A[2K[1A[2K[1A[2K[1A[2K[1A[2K[G
 [38;5;153m⠦[39m [3m💬 Understanding System Architecture[23m [38;5;103m(esc to cancel, 38s)[39m                                                                               [38;5;103m ? for shortcuts [39m
[38;5;59m────────────────────────────────────────────────────────────────────────────────────────────────────────────────────────────────────────────────────────────[39m
 [38;5;217mYOLO[38;5;103m ctrl+y[39m
[38;5;59m────────────────────────────────────────────────────────────────────────────────────────────────────────────────────────────────────────────────────────────[39m
 [38;5;217m* [38;5;103m  Type your message or @path/to/file[39m
[38;5;59m────────────────────────────────────────────────────────────────────────────────────────────────────────────────────────────────────────────────────────────[39m
 /mnt/.../chojn/projects/kanbanAgents[38;5;103m (main*)[39m                             [38;5;217mno sandbox[38;5;103m (see /docs)[39m                              [38;5;103m/model [39mgemini-3-flash-preview
[2K[1A[2K[1A[2K[1A[2K[1A[2K[1A[2K[1A[2K[1A[2K[1A[2K[G
 [38;5;153m⠧[39m [3m💬 Understanding System Architecture[23m [38;5;103m(esc to cancel, 38s)[39m                                                                               [38;5;103m ? for shortcuts [39m
[38;5;59m────────────────────────────────────────────────────────────────────────────────────────────────────────────────────────────────────────────────────────────[39m
 [38;5;217mYOLO[38;5;103m ctrl+y[39m
[38;5;59m────────────────────────────────────────────────────────────────────────────────────────────────────────────────────────────────────────────────────────────[39m
 [38;5;217m* [38;5;103m  Type your message or @path/to/file[39m
[38;5;59m────────────────────────────────────────────────────────────────────────────────────────────────────────────────────────────────────────────────────────────[39m
 /mnt/.../chojn/projects/kanbanAgents[38;5;103m (main*)[39m                             [38;5;217mno sandbox[38;5;103m (see /docs)[39m                              [38;5;103m/model [39mgemini-3-flash-preview
[2K[1A[2K[1A[2K[1A[2K[1A[2K[1A[2K[1A[2K[1A[2K[1A[2K[G
 [38;5;152m⠇[39m [3m💬 Understanding System Architecture[23m [38;5;103m(esc to cancel, 38s)[39m                                                                               [38;5;103m ? for shortcuts [39m
[38;5;59m────────────────────────────────────────────────────────────────────────────────────────────────────────────────────────────────────────────────────────────[39m
 [38;5;217mYOLO[38;5;103m ctrl+y[39m
[38;5;59m────────────────────────────────────────────────────────────────────────────────────────────────────────────────────────────────────────────────────────────[39m
 [38;5;217m* [38;5;103m  Type your message or @path/to/file[39m
[38;5;59m────────────────────────────────────────────────────────────────────────────────────────────────────────────────────────────────────────────────────────────[39m
 /mnt/.../chojn/projects/kanbanAgents[38;5;103m (main*)[39m                             [38;5;217mno sandbox[38;5;103m (see /docs)[39m                              [38;5;103m/model [39mgemini-3-flash-preview
[2K[1A[2K[1A[2K[1A[2K[1A[2K[1A[2K[1A[2K[1A[2K[1A[2K[G
 [38;5;152m⠏[39m [3m💬 Understanding System Architecture[23m [38;5;103m(esc to cancel, 38s)[39m                                                                               [38;5;103m ? for shortcuts [39m
[38;5;59m────────────────────────────────────────────────────────────────────────────────────────────────────────────────────────────────────────────────────────────[39m
 [38;5;217mYOLO[38;5;103m ctrl+y[39m
[38;5;59m────────────────────────────────────────────────────────────────────────────────────────────────────────────────────────────────────────────────────────────[39m
 [38;5;217m* [38;5;103m  Type your message or @path/to/file[39m
[38;5;59m────────────────────────────────────────────────────────────────────────────────────────────────────────────────────────────────────────────────────────────[39m
 /mnt/.../chojn/projects/kanbanAgents[38;5;103m (main*)[39m                             [38;5;217mno sandbox[38;5;103m (see /docs)[39m                              [38;5;103m/model [39mgemini-3-flash-preview
[2K[1A[2K[1A[2K[1A[2K[1A[2K[1A[2K[1A[2K[1A[2K[1A[2K[G
 [38;5;152m⠋[39m [3m💬 Understanding System Architecture[23m [38;5;103m(esc to cancel, 38s)[39m                                                                               [38;5;103m ? for shortcuts [39m
[38;5;59m────────────────────────────────────────────────────────────────────────────────────────────────────────────────────────────────────────────────────────────[39m
 [38;5;217mYOLO[38;5;103m ctrl+y[39m
[38;5;59m────────────────────────────────────────────────────────────────────────────────────────────────────────────────────────────────────────────────────────────[39m
 [38;5;217m* [38;5;103m  Type your message or @path/to/file[39m
[38;5;59m────────────────────────────────────────────────────────────────────────────────────────────────────────────────────────────────────────────────────────────[39m
 /mnt/.../chojn/projects/kanbanAgents[38;5;103m (main*)[39m                             [38;5;217mno sandbox[38;5;103m (see /docs)[39m                              [38;5;103m/model [39mgemini-3-flash-preview
[2K[1A[2K[1A[2K[1A[2K[1A[2K[1A[2K[1A[2K[1A[2K[1A[2K[G
 [38;5;152m⠙[39m [3m💬 Understanding System Architecture[23m [38;5;103m(esc to cancel, 38s)[39m                                                                               [38;5;103m ? for shortcuts [39m
[38;5;59m────────────────────────────────────────────────────────────────────────────────────────────────────────────────────────────────────────────────────────────[39m
 [38;5;217mYOLO[38;5;103m ctrl+y[39m
[38;5;59m────────────────────────────────────────────────────────────────────────────────────────────────────────────────────────────────────────────────────────────[39m
 [38;5;217m* [38;5;103m  Type your message or @path/to/file[39m
[38;5;59m────────────────────────────────────────────────────────────────────────────────────────────────────────────────────────────────────────────────────────────[39m
 /mnt/.../chojn/projects/kanbanAgents[38;5;103m (main*)[39m                             [38;5;217mno sandbox[38;5;103m (see /docs)[39m                              [38;5;103m/model [39mgemini-3-flash-preview
[2K[1A[2K[1A[2K[1A[2K[1A[2K[1A[2K[1A[2K[1A[2K[1A[2K[G
 [38;5;152m⠹[39m [3m💬 Understanding System Architecture[23m [38;5;103m(esc to cancel, 38s)[39m                                                                               [38;5;103m ? for shortcuts [39m
[38;5;59m────────────────────────────────────────────────────────────────────────────────────────────────────────────────────────────────────────────────────────────[39m
 [38;5;217mYOLO[38;5;103m ctrl+y[39m
[38;5;59m────────────────────────────────────────────────────────────────────────────────────────────────────────────────────────────────────────────────────────────[39m
 [38;5;217m* [38;5;103m  Type your message or @path/to/file[39m
[38;5;59m────────────────────────────────────────────────────────────────────────────────────────────────────────────────────────────────────────────────────────────[39m
 /mnt/.../chojn/projects/kanbanAgents[38;5;103m (main*)[39m                             [38;5;217mno sandbox[38;5;103m (see /docs)[39m                              [38;5;103m/model [39mgemini-3-flash-preview
[2K[1A[2K[1A[2K[1A[2K[1A[2K[1A[2K[1A[2K[1A[2K[1A[2K[G
 [38;5;152m⠸[39m [3m💬 Understanding System Architecture[23m [38;5;103m(esc to cancel, 38s)[39m                                                                               [38;5;103m ? for shortcuts [39m
[38;5;59m────────────────────────────────────────────────────────────────────────────────────────────────────────────────────────────────────────────────────────────[39m
 [38;5;217mYOLO[38;5;103m ctrl+y[39m
[38;5;59m────────────────────────────────────────────────────────────────────────────────────────────────────────────────────────────────────────────────────────────[39m
 [38;5;217m* [38;5;103m  Type your message or @path/to/file[39m
[38;5;59m────────────────────────────────────────────────────────────────────────────────────────────────────────────────────────────────────────────────────────────[39m
 /mnt/.../chojn/projects/kanbanAgents[38;5;103m (main*)[39m                             [38;5;217mno sandbox[38;5;103m (see /docs)[39m                              [38;5;103m/model [39mgemini-3-flash-preview
[2K[1A[2K[1A[2K[1A[2K[1A[2K[1A[2K[1A[2K[1A[2K[1A[2K[G
 [38;5;151m⠸[39m [3m💬 Understanding System Architecture[23m [38;5;103m(esc to cancel, 38s)[39m                                                                               [38;5;103m ? for shortcuts [39m
[38;5;59m────────────────────────────────────────────────────────────────────────────────────────────────────────────────────────────────────────────────────────────[39m
 [38;5;217mYOLO[38;5;103m ctrl+y[39m
[38;5;59m────────────────────────────────────────────────────────────────────────────────────────────────────────────────────────────────────────────────────────────[39m
 [38;5;217m* [38;5;103m  Type your message or @path/to/file[39m
[38;5;59m────────────────────────────────────────────────────────────────────────────────────────────────────────────────────────────────────────────────────────────[39m
 /mnt/.../chojn/projects/kanbanAgents[38;5;103m (main*)[39m                             [38;5;217mno sandbox[38;5;103m (see /docs)[39m                              [38;5;103m/model [39mgemini-3-flash-preview
[2K[1A[2K[1A[2K[1A[2K[1A[2K[1A[2K[1A[2K[1A[2K[1A[2K[G
 [38;5;151m⠸[39m [3m💬 Understanding System Architecture[23m [38;5;103m(esc to cancel, 39s)[39m                                                                               [38;5;103m ? for shortcuts [39m
[38;5;59m────────────────────────────────────────────────────────────────────────────────────────────────────────────────────────────────────────────────────────────[39m
 [38;5;217mYOLO[38;5;103m ctrl+y[39m
[38;5;59m────────────────────────────────────────────────────────────────────────────────────────────────────────────────────────────────────────────────────────────[39m
 [38;5;217m* [38;5;103m  Type your message or @path/to/file[39m
[38;5;59m────────────────────────────────────────────────────────────────────────────────────────────────────────────────────────────────────────────────────────────[39m
 /mnt/.../chojn/projects/kanbanAgents[38;5;103m (main*)[39m                             [38;5;217mno sandbox[38;5;103m (see /docs)[39m                              [38;5;103m/model [39mgemini-3-flash-preview
[2K[1A[2K[1A[2K[1A[2K[1A[2K[1A[2K[1A[2K[1A[2K[1A[2K[G
 [38;5;151m⠼[39m [3m💬 Understanding System Architecture[23m [38;5;103m(esc to cancel, 39s)[39m                                                                               [38;5;103m ? for shortcuts [39m
[38;5;59m────────────────────────────────────────────────────────────────────────────────────────────────────────────────────────────────────────────────────────────[39m
 [38;5;217mYOLO[38;5;103m ctrl+y[39m
[38;5;59m────────────────────────────────────────────────────────────────────────────────────────────────────────────────────────────────────────────────────────────[39m
 [38;5;217m* [38;5;103m  Type your message or @path/to/file[39m
[38;5;59m────────────────────────────────────────────────────────────────────────────────────────────────────────────────────────────────────────────────────────────[39m
 /mnt/.../chojn/projects/kanbanAgents[38;5;103m (main*)[39m                             [38;5;217mno sandbox[38;5;103m (see /docs)[39m                              [38;5;103m/model [39mgemini-3-flash-preview
[2K[1A[2K[1A[2K[1A[2K[1A[2K[1A[2K[1A[2K[1A[2K[1A[2K[G
 [38;5;151m⠴[39m [3m💬 Understanding System Architecture[23m [38;5;103m(esc to cancel, 39s)[39m                                                                               [38;5;103m ? for shortcuts [39m
[38;5;59m────────────────────────────────────────────────────────────────────────────────────────────────────────────────────────────────────────────────────────────[39m
 [38;5;217mYOLO[38;5;103m ctrl+y[39m
[38;5;59m────────────────────────────────────────────────────────────────────────────────────────────────────────────────────────────────────────────────────────────[39m
 [38;5;217m* [38;5;103m  Type your message or @path/to/file[39m
[38;5;59m────────────────────────────────────────────────────────────────────────────────────────────────────────────────────────────────────────────────────────────[39m
 /mnt/.../chojn/projects/kanbanAgents[38;5;103m (main*)[39m                             [38;5;217mno sandbox[38;5;103m (see /docs)[39m                              [38;5;103m/model [39mgemini-3-flash-preview
[2K[1A[2K[1A[2K[1A[2K[1A[2K[1A[2K[1A[2K[1A[2K[1A[2K[G
 [38;5;151m⠦[39m [3m💬 Understanding System Architecture[23m [38;5;103m(esc to cancel, 39s)[39m                                                                               [38;5;103m ? for shortcuts [39m
[38;5;59m────────────────────────────────────────────────────────────────────────────────────────────────────────────────────────────────────────────────────────────[39m
 [38;5;217mYOLO[38;5;103m ctrl+y[39m
[38;5;59m────────────────────────────────────────────────────────────────────────────────────────────────────────────────────────────────────────────────────────────[39m
 [38;5;217m* [38;5;103m  Type your message or @path/to/file[39m
[38;5;59m────────────────────────────────────────────────────────────────────────────────────────────────────────────────────────────────────────────────────────────[39m
 /mnt/.../chojn/projects/kanbanAgents[38;5;103m (main*)[39m                             [38;5;217mno sandbox[38;5;103m (see /docs)[39m                              [38;5;103m/model [39mgemini-3-flash-preview
[2K[1A[2K[1A[2K[1A[2K[1A[2K[1A[2K[1A[2K[1A[2K[1A[2K[G
 [38;5;187m⠧[39m [3m💬 Understanding System Architecture[23m [38;5;103m(esc to cancel, 39s)[39m                                                                               [38;5;103m ? for shortcuts [39m
[38;5;59m────────────────────────────────────────────────────────────────────────────────────────────────────────────────────────────────────────────────────────────[39m
 [38;5;217mYOLO[38;5;103m ctrl+y[39m
[38;5;59m────────────────────────────────────────────────────────────────────────────────────────────────────────────────────────────────────────────────────────────[39m
 [38;5;217m* [38;5;103m  Type your message or @path/to/file[39m
[38;5;59m────────────────────────────────────────────────────────────────────────────────────────────────────────────────────────────────────────────────────────────[39m
 /mnt/.../chojn/projects/kanbanAgents[38;5;103m (main*)[39m                             [38;5;217mno sandbox[38;5;103m (see /docs)[39m                              [38;5;103m/model [39mgemini-3-flash-preview
[2K[1A[2K[1A[2K[1A[2K[1A[2K[1A[2K[1A[2K[1A[2K[1A[2K[G
 [38;5;187m⠇[39m [3m💬 Understanding System Architecture[23m [38;5;103m(esc to cancel, 39s)[39m                                                                               [38;5;103m ? for shortcuts [39m
[38;5;59m────────────────────────────────────────────────────────────────────────────────────────────────────────────────────────────────────────────────────────────[39m
 [38;5;217mYOLO[38;5;103m ctrl+y[39m
[38;5;59m────────────────────────────────────────────────────────────────────────────────────────────────────────────────────────────────────────────────────────────[39m
 [38;5;217m* [38;5;103m  Type your message or @path/to/file[39m
[38;5;59m────────────────────────────────────────────────────────────────────────────────────────────────────────────────────────────────────────────────────────────[39m
 /mnt/.../chojn/projects/kanbanAgents[38;5;103m (main*)[39m                             [38;5;217mno sandbox[38;5;103m (see /docs)[39m                              [38;5;103m/model [39mgemini-3-flash-preview
[2K[1A[2K[1A[2K[1A[2K[1A[2K[1A[2K[1A[2K[1A[2K[1A[2K[G
 [38;5;187m⠏[39m [3m💬 Understanding System Architecture[23m [38;5;103m(esc to cancel, 39s)[39m                                                                               [38;5;103m ? for shortcuts [39m
[38;5;59m────────────────────────────────────────────────────────────────────────────────────────────────────────────────────────────────────────────────────────────[39m
 [38;5;217mYOLO[38;5;103m ctrl+y[39m
[38;5;59m────────────────────────────────────────────────────────────────────────────────────────────────────────────────────────────────────────────────────────────[39m
 [38;5;217m* [38;5;103m  Type your message or @path/to/file[39m
[38;5;59m────────────────────────────────────────────────────────────────────────────────────────────────────────────────────────────────────────────────────────────[39m
 /mnt/.../chojn/projects/kanbanAgents[38;5;103m (main*)[39m                             [38;5;217mno sandbox[38;5;103m (see /docs)[39m                              [38;5;103m/model [39mgemini-3-flash-preview
[2K[1A[2K[1A[2K[1A[2K[1A[2K[1A[2K[1A[2K[1A[2K[1A[2K[G
 [38;5;187m⠋[39m [3m💬 Understanding System Architecture[23m [38;5;103m(esc to cancel, 39s)[39m                                                                               [38;5;103m ? for shortcuts [39m
[38;5;59m────────────────────────────────────────────────────────────────────────────────────────────────────────────────────────────────────────────────────────────[39m
 [38;5;217mYOLO[38;5;103m ctrl+y[39m
[38;5;59m────────────────────────────────────────────────────────────────────────────────────────────────────────────────────────────────────────────────────────────[39m
 [38;5;217m* [38;5;103m  Type your message or @path/to/file[39m
[38;5;59m────────────────────────────────────────────────────────────────────────────────────────────────────────────────────────────────────────────────────────────[39m
 /mnt/.../chojn/projects/kanbanAgents[38;5;103m (main*)[39m                             [38;5;217mno sandbox[38;5;103m (see /docs)[39m                              [38;5;103m/model [39mgemini-3-flash-preview
[2K[1A[2K[1A[2K[1A[2K[1A[2K[1A[2K[1A[2K[1A[2K[1A[2K[G
 [38;5;187m⠙[39m [3m💬 Understanding System Architecture[23m [38;5;103m(esc to cancel, 39s)[39m                                                                               [38;5;103m ? for shortcuts [39m
[38;5;59m────────────────────────────────────────────────────────────────────────────────────────────────────────────────────────────────────────────────────────────[39m
 [38;5;217mYOLO[38;5;103m ctrl+y[39m
[38;5;59m────────────────────────────────────────────────────────────────────────────────────────────────────────────────────────────────────────────────────────────[39m
 [38;5;217m* [38;5;103m  Type your message or @path/to/file[39m
[38;5;59m────────────────────────────────────────────────────────────────────────────────────────────────────────────────────────────────────────────────────────────[39m
 /mnt/.../chojn/projects/kanbanAgents[38;5;103m (main*)[39m                             [38;5;217mno sandbox[38;5;103m (see /docs)[39m                              [38;5;103m/model [39mgemini-3-flash-preview
[2K[1A[2K[1A[2K[1A[2K[1A[2K[1A[2K[1A[2K[1A[2K[1A[2K[G
 [38;5;223m⠹[39m [3m💬 Understanding System Architecture[23m [38;5;103m(esc to cancel, 39s)[39m                                                                               [38;5;103m ? for shortcuts [39m
[38;5;59m────────────────────────────────────────────────────────────────────────────────────────────────────────────────────────────────────────────────────────────[39m
 [38;5;217mYOLO[38;5;103m ctrl+y[39m
[38;5;59m────────────────────────────────────────────────────────────────────────────────────────────────────────────────────────────────────────────────────────────[39m
 [38;5;217m* [38;5;103m  Type your message or @path/to/file[39m
[38;5;59m────────────────────────────────────────────────────────────────────────────────────────────────────────────────────────────────────────────────────────────[39m
 /mnt/.../chojn/projects/kanbanAgents[38;5;103m (main*)[39m                             [38;5;217mno sandbox[38;5;103m (see /docs)[39m                              [38;5;103m/model [39mgemini-3-flash-preview
[2K[1A[2K[1A[2K[1A[2K[1A[2K[1A[2K[1A[2K[1A[2K[1A[2K[G
 [38;5;223m⠸[39m [3m💬 Understanding System Architecture[23m [38;5;103m(esc to cancel, 39s)[39m                                                                               [38;5;103m ? for shortcuts [39m
[38;5;59m────────────────────────────────────────────────────────────────────────────────────────────────────────────────────────────────────────────────────────────[39m
 [38;5;217mYOLO[38;5;103m ctrl+y[39m
[38;5;59m────────────────────────────────────────────────────────────────────────────────────────────────────────────────────────────────────────────────────────────[39m
 [38;5;217m* [38;5;103m  Type your message or @path/to/file[39m
[38;5;59m────────────────────────────────────────────────────────────────────────────────────────────────────────────────────────────────────────────────────────────[39m
 /mnt/.../chojn/projects/kanbanAgents[38;5;103m (main*)[39m                             [38;5;217mno sandbox[38;5;103m (see /docs)[39m                              [38;5;103m/model [39mgemini-3-flash-preview
[2K[1A[2K[1A[2K[1A[2K[1A[2K[1A[2K[1A[2K[1A[2K[1A[2K[G
 [38;5;223m⠼[39m [3m💬 Understanding System Architecture[23m [38;5;103m(esc to cancel, 39s)[39m                                                                               [38;5;103m ? for shortcuts [39m
[38;5;59m────────────────────────────────────────────────────────────────────────────────────────────────────────────────────────────────────────────────────────────[39m
 [38;5;217mYOLO[38;5;103m ctrl+y[39m
[38;5;59m────────────────────────────────────────────────────────────────────────────────────────────────────────────────────────────────────────────────────────────[39m
 [38;5;217m* [38;5;103m  Type your message or @path/to/file[39m
[38;5;59m────────────────────────────────────────────────────────────────────────────────────────────────────────────────────────────────────────────────────────────[39m
 /mnt/.../chojn/projects/kanbanAgents[38;5;103m (main*)[39m                             [38;5;217mno sandbox[38;5;103m (see /docs)[39m                              [38;5;103m/model [39mgemini-3-flash-preview
[2K[1A[2K[1A[2K[1A[2K[1A[2K[1A[2K[1A[2K[1A[2K[1A[2K[G
 [38;5;223m⠴[39m [3m💬 Understanding System Architecture[23m [38;5;103m(esc to cancel, 39s)[39m                                                                               [38;5;103m ? for shortcuts [39m
[38;5;59m────────────────────────────────────────────────────────────────────────────────────────────────────────────────────────────────────────────────────────────[39m
 [38;5;217mYOLO[38;5;103m ctrl+y[39m
[38;5;59m────────────────────────────────────────────────────────────────────────────────────────────────────────────────────────────────────────────────────────────[39m
 [38;5;217m* [38;5;103m  Type your message or @path/to/file[39m
[38;5;59m────────────────────────────────────────────────────────────────────────────────────────────────────────────────────────────────────────────────────────────[39m
 /mnt/.../chojn/projects/kanbanAgents[38;5;103m (main*)[39m                             [38;5;217mno sandbox[38;5;103m (see /docs)[39m                              [38;5;103m/model [39mgemini-3-flash-preview
[2K[1A[2K[1A[2K[1A[2K[1A[2K[1A[2K[1A[2K[1A[2K[1A[2K[G
 [38;5;223m⠦[39m [3m💬 Understanding System Architecture[23m [38;5;103m(esc to cancel, 39s)[39m                                                                               [38;5;103m ? for shortcuts [39m
[38;5;59m────────────────────────────────────────────────────────────────────────────────────────────────────────────────────────────────────────────────────────────[39m
 [38;5;217mYOLO[38;5;103m ctrl+y[39m
[38;5;59m────────────────────────────────────────────────────────────────────────────────────────────────────────────────────────────────────────────────────────────[39m
 [38;5;217m* [38;5;103m  Type your message or @path/to/file[39m
[38;5;59m────────────────────────────────────────────────────────────────────────────────────────────────────────────────────────────────────────────────────────────[39m
 /mnt/.../chojn/projects/kanbanAgents[38;5;103m (main*)[39m                             [38;5;217mno sandbox[38;5;103m (see /docs)[39m                              [38;5;103m/model [39mgemini-3-flash-preview
[2K[1A[2K[1A[2K[1A[2K[1A[2K[1A[2K[1A[2K[1A[2K[1A[2K[G
 [38;5;223m⠦[39m [3m💬 Understanding System Architecture[23m [38;5;103m(esc to cancel, 40s)[39m                                                                               [38;5;103m ? for shortcuts [39m
[38;5;59m────────────────────────────────────────────────────────────────────────────────────────────────────────────────────────────────────────────────────────────[39m
 [38;5;217mYOLO[38;5;103m ctrl+y[39m
[38;5;59m────────────────────────────────────────────────────────────────────────────────────────────────────────────────────────────────────────────────────────────[39m
 [38;5;217m* [38;5;103m  Type your message or @path/to/file[39m
[38;5;59m────────────────────────────────────────────────────────────────────────────────────────────────────────────────────────────────────────────────────────────[39m
 /mnt/.../chojn/projects/kanbanAgents[38;5;103m (main*)[39m                             [38;5;217mno sandbox[38;5;103m (see /docs)[39m                              [38;5;103m/model [39mgemini-3-flash-preview
[2K[1A[2K[1A[2K[1A[2K[1A[2K[1A[2K[1A[2K[1A[2K[1A[2K[G
 [38;5;223m⠧[39m [3m💬 Understanding System Architecture[23m [38;5;103m(esc to cancel, 40s)[39m                                                                               [38;5;103m ? for shortcuts [39m
[38;5;59m────────────────────────────────────────────────────────────────────────────────────────────────────────────────────────────────────────────────────────────[39m
 [38;5;217mYOLO[38;5;103m ctrl+y[39m
[38;5;59m────────────────────────────────────────────────────────────────────────────────────────────────────────────────────────────────────────────────────────────[39m
 [38;5;217m* [38;5;103m  Type your message or @path/to/file[39m
[38;5;59m────────────────────────────────────────────────────────────────────────────────────────────────────────────────────────────────────────────────────────────[39m
 /mnt/.../chojn/projects/kanbanAgents[38;5;103m (main*)[39m                             [38;5;217mno sandbox[38;5;103m (see /docs)[39m                              [38;5;103m/model [39mgemini-3-flash-preview
[2K[1A[2K[1A[2K[1A[2K[1A[2K[1A[2K[1A[2K[1A[2K[1A[2K[G
 [38;5;223m⠇[39m [3m💬 Understanding System Architecture[23m [38;5;103m(esc to cancel, 40s)[39m                                                                               [38;5;103m ? for shortcuts [39m
[38;5;59m────────────────────────────────────────────────────────────────────────────────────────────────────────────────────────────────────────────────────────────[39m
 [38;5;217mYOLO[38;5;103m ctrl+y[39m
[38;5;59m────────────────────────────────────────────────────────────────────────────────────────────────────────────────────────────────────────────────────────────[39m
 [38;5;217m* [38;5;103m  Type your message or @path/to/file[39m
[38;5;59m────────────────────────────────────────────────────────────────────────────────────────────────────────────────────────────────────────────────────────────[39m
 /mnt/.../chojn/projects/kanbanAgents[38;5;103m (main*)[39m                             [38;5;217mno sandbox[38;5;103m (see /docs)[39m                              [38;5;103m/model [39mgemini-3-flash-preview
[2K[1A[2K[1A[2K[1A[2K[1A[2K[1A[2K[1A[2K[1A[2K[1A[2K[G
 [38;5;217m⠏[39m [3m💬 Understanding System Architecture[23m [38;5;103m(esc to cancel, 40s)[39m                                                                               [38;5;103m ? for shortcuts [39m
[38;5;59m────────────────────────────────────────────────────────────────────────────────────────────────────────────────────────────────────────────────────────────[39m
 [38;5;217mYOLO[38;5;103m ctrl+y[39m
[38;5;59m────────────────────────────────────────────────────────────────────────────────────────────────────────────────────────────────────────────────────────────[39m
 [38;5;217m* [38;5;103m  Type your message or @path/to/file[39m
[38;5;59m────────────────────────────────────────────────────────────────────────────────────────────────────────────────────────────────────────────────────────────[39m
 /mnt/.../chojn/projects/kanbanAgents[38;5;103m (main*)[39m                             [38;5;217mno sandbox[38;5;103m (see /docs)[39m                              [38;5;103m/model [39mgemini-3-flash-preview
[2K[1A[2K[1A[2K[1A[2K[1A[2K[1A[2K[1A[2K[1A[2K[1A[2K[G
 [38;5;217m⠋[39m [3m💬 Understanding System Architecture[23m [38;5;103m(esc to cancel, 40s)[39m                                                                               [38;5;103m ? for shortcuts [39m
[38;5;59m────────────────────────────────────────────────────────────────────────────────────────────────────────────────────────────────────────────────────────────[39m
 [38;5;217mYOLO[38;5;103m ctrl+y[39m
[38;5;59m────────────────────────────────────────────────────────────────────────────────────────────────────────────────────────────────────────────────────────────[39m
 [38;5;217m* [38;5;103m  Type your message or @path/to/file[39m
[38;5;59m────────────────────────────────────────────────────────────────────────────────────────────────────────────────────────────────────────────────────────────[39m
 /mnt/.../chojn/projects/kanbanAgents[38;5;103m (main*)[39m                             [38;5;217mno sandbox[38;5;103m (see /docs)[39m                              [38;5;103m/model [39mgemini-3-flash-preview
[2K[1A[2K[1A[2K[1A[2K[1A[2K[1A[2K[1A[2K[1A[2K[1A[2K[G
 [38;5;217m⠙[39m [3m💬 Understanding System Architecture[23m [38;5;103m(esc to cancel, 40s)[39m                                                                               [38;5;103m ? for shortcuts [39m
[38;5;59m────────────────────────────────────────────────────────────────────────────────────────────────────────────────────────────────────────────────────────────[39m
 [38;5;217mYOLO[38;5;103m ctrl+y[39m
[38;5;59m────────────────────────────────────────────────────────────────────────────────────────────────────────────────────────────────────────────────────────────[39m
 [38;5;217m* [38;5;103m  Type your message or @path/to/file[39m
[38;5;59m────────────────────────────────────────────────────────────────────────────────────────────────────────────────────────────────────────────────────────────[39m
 /mnt/.../chojn/projects/kanbanAgents[38;5;103m (main*)[39m                             [38;5;217mno sandbox[38;5;103m (see /docs)[39m                              [38;5;103m/model [39mgemini-3-flash-preview
[2K[1A[2K[1A[2K[1A[2K[1A[2K[1A[2K[1A[2K[1A[2K[1A[2K[G
 [38;5;217m⠹[39m [3m💬 Understanding System Architecture[23m [38;5;103m(esc to cancel, 40s)[39m                                                                               [38;5;103m ? for shortcuts [39m
[38;5;59m────────────────────────────────────────────────────────────────────────────────────────────────────────────────────────────────────────────────────────────[39m
 [38;5;217mYOLO[38;5;103m ctrl+y[39m
[38;5;59m────────────────────────────────────────────────────────────────────────────────────────────────────────────────────────────────────────────────────────────[39m
 [38;5;217m* [38;5;103m  Type your message or @path/to/file[39m
[38;5;59m────────────────────────────────────────────────────────────────────────────────────────────────────────────────────────────────────────────────────────────[39m
 /mnt/.../chojn/projects/kanbanAgents[38;5;103m (main*)[39m                             [38;5;217mno sandbox[38;5;103m (see /docs)[39m                              [38;5;103m/model [39mgemini-3-flash-preview
[2K[1A[2K[1A[2K[1A[2K[1A[2K[1A[2K[1A[2K[1A[2K[1A[2K[G
 [38;5;217m⠸[39m [3m💬 Dissecting Agent Interactions[23m [38;5;103m(esc to cancel, 40s)[39m                                                                                   [38;5;103m ? for shortcuts [39m
[38;5;59m────────────────────────────────────────────────────────────────────────────────────────────────────────────────────────────────────────────────────────────[39m
 [38;5;217mYOLO[38;5;103m ctrl+y[39m
[38;5;59m────────────────────────────────────────────────────────────────────────────────────────────────────────────────────────────────────────────────────────────[39m
 [38;5;217m* [38;5;103m  Type your message or @path/to/file[39m
[38;5;59m────────────────────────────────────────────────────────────────────────────────────────────────────────────────────────────────────────────────────────────[39m
 /mnt/.../chojn/projects/kanbanAgents[38;5;103m (main*)[39m                             [38;5;217mno sandbox[38;5;103m (see /docs)[39m                              [38;5;103m/model [39mgemini-3-flash-preview
[2K[1A[2K[1A[2K[1A[2K[1A[2K[1A[2K[1A[2K[1A[2K[1A[2K[G[38;5;183m✦ [39mThis repository, [1mKanban-Agents[22m, is a sophisticated framework designed to automate software


 [38;5;217m⠸[39m [3mWhat do you call a fish with no eyes? A fsh…[23m [38;5;103m(esc to cancel, 40s)[39m                                                                       [38;5;103m ? for shortcuts [39m
[38;5;59m────────────────────────────────────────────────────────────────────────────────────────────────────────────────────────────────────────────────────────────[39m
 [38;5;217mYOLO[38;5;103m ctrl+y[39m
[38;5;59m────────────────────────────────────────────────────────────────────────────────────────────────────────────────────────────────────────────────────────────[39m
 [38;5;217m* [38;5;103m  Type your message or @path/to/file[39m
[38;5;59m────────────────────────────────────────────────────────────────────────────────────────────────────────────────────────────────────────────────────────────[39m
 /mnt/.../chojn/projects/kanbanAgents[38;5;103m (main*)[39m                             [38;5;217mno sandbox[38;5;103m (see /docs)[39m                              [38;5;103m/model [39mgemini-3-flash-preview
[2K[1A[2K[1A[2K[1A[2K[1A[2K[1A[2K[1A[2K[1A[2K[1A[2K[1A[2K[1A[2K[G[38;5;183m✦[39m This repository, [1mKanban-Agents[22m, is a sophisticated framework designed to automate software development tasks using a multi-agent system (Manager, Coder,
  QA) that interacts directly with a local Kanban board and the host's terminal.

  It isn't just a "task list"—it is an autonomous execution environment that uses Gemini to "act" as a developer.


[?25l  [1m1. The Core[22m


 [38;5;217m⠸[39m [3mWhat do you call a fish with no eyes? A fsh…[23m [38;5;103m(esc to cancel, 40s)[39m                                                                       [38;5;103m ? for shortcuts [39m
[38;5;59m────────────────────────────────────────────────────────────────────────────────────────────────────────────────────────────────────────────────────────────[39m
 [38;5;217mYOLO[38;5;103m ctrl+y[39m
[38;5;59m────────────────────────────────────────────────────────────────────────────────────────────────────────────────────────────────────────────────────────────[39m
 [38;5;217m* [38;5;103m  Type your message or @path/to/file[39m
[38;5;59m────────────────────────────────────────────────────────────────────────────────────────────────────────────────────────────────────────────────────────────[39m
 /mnt/.../chojn/projects/kanbanAgents[38;5;103m (main*)[39m                             [38;5;217mno sandbox[38;5;103m (see /docs)[39m                              [38;5;103m/model [39mgemini-3-flash-preview
[2K[1A[2K[1A[2K[1A[2K[1A[2K[1A[2K[1A[2K[1A[2K[1A[2K[1A[2K[1A[2K[G  [1m1. The Core Architecture: "The Orchestrator"[22m
  The heart of the project lies in [38;5;183mtools/orchestrator_pty.py[39m and the various [38;5;183mengine_*.py[39m files.
   * [1mConPTY Integration:[22m It uses Windows Pseudo Consoles (ConPTY) to run background terminal sessions. This allows


 [38;5;217m⠸[39m [3mWhat do you call a fish with no eyes? A fsh…[23m [38;5;103m(esc to cancel, 40s)[39m                                                                       [38;5;103m ? for shortcuts [39m
[38;5;59m────────────────────────────────────────────────────────────────────────────────────────────────────────────────────────────────────────────────────────────[39m
 [38;5;217mYOLO[38;5;103m ctrl+y[39m
[38;5;59m────────────────────────────────────────────────────────────────────────────────────────────────────────────────────────────────────────────────────────────[39m
 [38;5;217m* [38;5;103m  Type your message or @path/to/file[39m
[38;5;59m────────────────────────────────────────────────────────────────────────────────────────────────────────────────────────────────────────────────────────────[39m
 /mnt/.../chojn/projects/kanbanAgents[38;5;103m (main*)[39m                             [38;5;217mno sandbox[38;5;103m (see /docs)[39m                              [38;5;103m/model [39mgemini-3-flash-preview
[2K[1A[2K[1A[2K[1A[2K[1A[2K[1A[2K[1A[2K[1A[2K[1A[2K[1A[2K[1A[2K[1A[2K[1A[2K[G  [1m1. The Core Architecture: "The Orchestrator"[22m
  The heart of the project lies in [38;5;183mtools/orchestrator_pty.py[39m and the various [38;5;183mengine_*.py[39m files.
   * [1mConPTY Integration:[22m It uses Windows Pseudo Consoles (ConPTY) to run background terminal sessions. This allows the AI to run compilers, git commands,
     and scripts in a "real" terminal without pop-up windows flickering on your screen.
   * [1mTerminal Mirroring:[22m Files like [38;5;183mterminal_emulator.py[39m and [38;5;183mterminal_monitor.html[39m suggest the system captures terminal output in real-time, allowing you


 [38;5;217m⠸[39m [3mWhat do you call a fish with no eyes? A fsh…[23m [38;5;103m(esc to cancel, 40s)[39m                                                                       [38;5;103m ? for shortcuts [39m
[38;5;59m────────────────────────────────────────────────────────────────────────────────────────────────────────────────────────────────────────────────────────────[39m
 [38;5;217mYOLO[38;5;103m ctrl+y[39m
[38;5;59m────────────────────────────────────────────────────────────────────────────────────────────────────────────────────────────────────────────────────────────[39m
 [38;5;217m* [38;5;103m  Type your message or @path/to/file[39m
[38;5;59m────────────────────────────────────────────────────────────────────────────────────────────────────────────────────────────────────────────────────────────[39m
 /mnt/.../chojn/projects/kanbanAgents[38;5;103m (main*)[39m                             [38;5;217mno sandbox[38;5;103m (see /docs)[39m                              [38;5;103m/model [39mgemini-3-flash-preview
[2K[1A[2K[1A[2K[1A[2K[1A[2K[1A[2K[1A[2K[1A[2K[1A[2K[1A[2K[1A[2K[1A[2K[1A[2K[1A[2K[1A[2K[G  [1m1. The Core Architecture: "The Orchestrator"[22m
  The heart of the project lies in [38;5;183mtools/orchestrator_pty.py[39m and the various [38;5;183mengine_*.py[39m files.
   * [1mConPTY Integration:[22m It uses Windows Pseudo Consoles (ConPTY) to run background terminal sessions. This allows the AI to run compilers, git commands,
     and scripts in a "real" terminal without pop-up windows flickering on your screen.
   * [1mTerminal Mirroring:[22m Files like [38;5;183mterminal_emulator.py[39m and [38;5;183mterminal_monitor.html[39m suggest the system captures terminal output in real-time, allowing you to
     monitor the AI's "brain" and actions through a web interface or a mirrored window.


[?25l  [1m2. The Multi-Agent Workflow[22m
  The system divides labor into distinct roles defined in [38;5;183magent_definitions/[39m:
   * [1mManager (`manager.md`):[22m High-level planning. It monitors the


 [38;5;218m⠸[39m [3mWhat do you call a fish with no eyes? A fsh…[23m [38;5;103m(esc to cancel, 40s)[39m                                                                       [38;5;103m ? for shortcuts [39m
[38;5;59m────────────────────────────────────────────────────────────────────────────────────────────────────────────────────────────────────────────────────────────[39m
 [38;5;217mYOLO[38;5;103m ctrl+y[39m
[38;5;59m────────────────────────────────────────────────────────────────────────────────────────────────────────────────────────────────────────────────────────────[39m
 [38;5;217m* [38;5;103m  Type your message or @path/to/file[39m
[38;5;59m────────────────────────────────────────────────────────────────────────────────────────────────────────────────────────────────────────────────────────────[39m
 /mnt/.../chojn/projects/kanbanAgents[38;5;103m (main*)[39m                             [38;5;217mno sandbox[38;5;103m (see /docs)[39m                              [38;5;103m/model [39mgemini-3-flash-preview
[2K[1A[2K[1A[2K[1A[2K[1A[2K[1A[2K[1A[2K[1A[2K[1A[2K[1A[2K[1A[2K[1A[2K[1A[2K[G  [1m2. The Multi-Agent Workflow[22m
  The system divides labor into distinct roles defined in [38;5;183magent_definitions/[39m:
   * [1mManager (`manager.md`):[22m High-level planning. It monitors the


 [38;5;218m⠼[39m [3mWhat do you call a fish with no eyes? A fsh…[23m [38;5;103m(esc to cancel, 40s)[39m                                                                       [38;5;103m ? for shortcuts [39m
[38;5;59m────────────────────────────────────────────────────────────────────────────────────────────────────────────────────────────────────────────────────────────[39m
 [38;5;217mYOLO[38;5;103m ctrl+y[39m
[38;5;59m────────────────────────────────────────────────────────────────────────────────────────────────────────────────────────────────────────────────────────────[39m
 [38;5;217m* [38;5;103m  Type your message or @path/to/file[39m
[38;5;59m────────────────────────────────────────────────────────────────────────────────────────────────────────────────────────────────────────────────────────────[39m
 /mnt/.../chojn/projects/kanbanAgents[38;5;103m (main*)[39m                             [38;5;217mno sandbox[38;5;103m (see /docs)[39m                              [38;5;103m/model [39mgemini-3-flash-preview
[2K[1A[2K[1A[2K[1A[2K[1A[2K[1A[2K[1A[2K[1A[2K[1A[2K[1A[2K[1A[2K[1A[2K[1A[2K[G  [1m2. The Multi-Agent Workflow[22m
  The system divides labor into distinct roles defined in [38;5;183magent_definitions/[39m:
   * [1mManager (`manager.md`):[22m High-level planning. It monitors the Kanban board, breaks down requirements, and assigns tasks.
   * [1mCoder (`coder.md`):[22m The implementation engine. It reads the files, writes code, and executes shell commands to build/test.
   * [1mQA (`qa.md`):[22m The gatekeeper. It runs tests and


 [38;5;218m⠼[39m [3mWhat do you call a fish with no eyes? A fsh…[23m [38;5;103m(esc to cancel, 40s)[39m                                                                       [38;5;103m ? for shortcuts [39m
[38;5;59m────────────────────────────────────────────────────────────────────────────────────────────────────────────────────────────────────────────────────────────[39m
 [38;5;217mYOLO[38;5;103m ctrl+y[39m
[38;5;59m────────────────────────────────────────────────────────────────────────────────────────────────────────────────────────────────────────────────────────────[39m
 [38;5;217m* [38;5;103m  Type your message or @path/to/file[39m
[38;5;59m────────────────────────────────────────────────────────────────────────────────────────────────────────────────────────────────────────────────────────────[39m
 /mnt/.../chojn/projects/kanbanAgents[38;5;103m (main*)[39m                             [38;5;217mno sandbox[38;5;103m (see /docs)[39m                              [38;5;103m/model [39mgemini-3-flash-preview
[2K[1A[2K[1A[2K[1A[2K[1A[2K[1A[2K[1A[2K[1A[2K[1A[2K[1A[2K[1A[2K[1A[2K[1A[2K[1A[2K[1A[2K[G  [1m2. The Multi-Agent Workflow[22m
  The system divides labor into distinct roles defined in [38;5;183magent_definitions/[39m:
   * [1mManager (`manager.md`):[22m High-level planning. It monitors the Kanban board, breaks down requirements, and assigns tasks.
   * [1mCoder (`coder.md`):[22m The implementation engine. It reads the files, writes code, and executes shell commands to build/test.
   * [1mQA (`qa.md`):[22m The gatekeeper. It runs tests and validates that the Coder’s output matches the requirements before a task is marked "Done."


[?25l  [1m3. The Kanban Engine[22m
  The project interacts with a local API (typically [38;5;183mvibe-kanban[39m) hosted at `[38;5;153mhttp://192.168.1.185:61[39m


 [38;5;218m⠼[39m [3mWhat do you call a fish with no eyes? A fsh…[23m [38;5;103m(esc to cancel, 40s)[39m                                                                       [38;5;103m ? for shortcuts [39m
[38;5;59m────────────────────────────────────────────────────────────────────────────────────────────────────────────────────────────────────────────────────────────[39m
 [38;5;217mYOLO[38;5;103m ctrl+y[39m
[38;5;59m────────────────────────────────────────────────────────────────────────────────────────────────────────────────────────────────────────────────────────────[39m
 [38;5;217m* [38;5;103m  Type your message or @path/to/file[39m
[38;5;59m────────────────────────────────────────────────────────────────────────────────────────────────────────────────────────────────────────────────────────────[39m
 /mnt/.../chojn/projects/kanbanAgents[38;5;103m (main*)[39m                             [38;5;217mno sandbox[38;5;103m (see /docs)[39m                              [38;5;103m/model [39mgemini-3-flash-preview
[2K[1A[2K[1A[2K[1A[2K[1A[2K[1A[2K[1A[2K[1A[2K[1A[2K[1A[2K[1A[2K[1A[2K[G  [1m3. The Kanban Engine[22m
  The project interacts with a local API (typically [38;5;183mvibe-kanban[39m) hosted at [38;5;183mhttp://192.168.1.185:61154[39m.
   * [1m`engine_kanban.py` & `engine_projects.py`:[22m These scripts allow the agents to move cards, update descriptions, and track progress programmatically.
   * [1mReal-time Monitoring:[22m [38;5;183mmonitor_project.py[39m provides a live feed of


 [38;5;218m⠼[39m [3mWhat do you call a fish with no eyes? A fsh…[23m [38;5;103m(esc to cancel, 40s)[39m                                                                       [38;5;103m ? for shortcuts [39m
[38;5;59m────────────────────────────────────────────────────────────────────────────────────────────────────────────────────────────────────────────────────────────[39m
 [38;5;217mYOLO[38;5;103m ctrl+y[39m
[38;5;59m────────────────────────────────────────────────────────────────────────────────────────────────────────────────────────────────────────────────────────────[39m
 [38;5;217m* [38;5;103m  Type your message or @path/to/file[39m
[38;5;59m────────────────────────────────────────────────────────────────────────────────────────────────────────────────────────────────────────────────────────────[39m
 /mnt/.../chojn/projects/kanbanAgents[38;5;103m (main*)[39m                             [38;5;217mno sandbox[38;5;103m (see /docs)[39m                              [38;5;103m/model [39mgemini-3-flash-preview
[2K[1A[2K[1A[2K[1A[2K[1A[2K[1A[2K[1A[2K[1A[2K[1A[2K[1A[2K[1A[2K[1A[2K[1A[2K[1A[2K[G  [1m3. The Kanban Engine[22m
  The project interacts with a local API (typically [38;5;183mvibe-kanban[39m) hosted at [38;5;183mhttp://192.168.1.185:61154[39m.
   * [1m`engine_kanban.py` & `engine_projects.py`:[22m These scripts allow the agents to move cards, update descriptions, and track progress programmatically.
   * [1mReal-time Monitoring:[22m [38;5;183mmonitor_project.py[39m provides a live feed of changes, highlighting tasks assigned to the AI (defaulting to the "Manager" role) in
     green.


[?25l  [1m4. Advanced Tooling & Research[22m
  This isn't a isolated system; it has "eyes" and "ears":
   * [1mWeb Research:[22m [38;5;183mresearch_perplexity.py[39m and


 [38;5;218m⠼[39m [3mWhat do you call a fish with no eyes? A fsh…[23m [38;5;103m(esc to cancel, 40s)[39m                                                                       [38;5;103m ? for shortcuts [39m
[38;5;59m────────────────────────────────────────────────────────────────────────────────────────────────────────────────────────────────────────────────────────────[39m
 [38;5;217mYOLO[38;5;103m ctrl+y[39m
[38;5;59m────────────────────────────────────────────────────────────────────────────────────────────────────────────────────────────────────────────────────────────[39m
 [38;5;217m* [38;5;103m  Type your message or @path/to/file[39m
[38;5;59m────────────────────────────────────────────────────────────────────────────────────────────────────────────────────────────────────────────────────────────[39m
 /mnt/.../chojn/projects/kanbanAgents[38;5;103m (main*)[39m                             [38;5;217mno sandbox[38;5;103m (see /docs)[39m                              [38;5;103m/model [39mgemini-3-flash-preview
[2K[1A[2K[1A[2K[1A[2K[1A[2K[1A[2K[1A[2K[1A[2K[1A[2K[1A[2K[1A[2K[1A[2K[1A[2K[G  [1m4. Advanced Tooling & Research[22m
  This isn't a isolated system; it has "eyes" and "ears":
   * [1mWeb Research:[22m [38;5;183mresearch_perplexity.py[39m and the [38;5;183m.perplexity_session[39m folder indicate the agents can perform live web searches to solve problems they
     haven't encountered before.
   * [1mVisual Feedback:[22m [38;5;183mtake_screenshot.py[39m and [38;5;183mengine_screen.py[39m allow the system to "see" what it's doing, which is critical for debugging UI tasks


 [38;5;218m⠼[39m [3mWhat do you call a fish with no eyes? A fsh…[23m [38;5;103m(esc to cancel, 40s)[39m                                                                       [38;5;103m ? for shortcuts [39m
[38;5;59m────────────────────────────────────────────────────────────────────────────────────────────────────────────────────────────────────────────────────────────[39m
 [38;5;217mYOLO[38;5;103m ctrl+y[39m
[38;5;59m────────────────────────────────────────────────────────────────────────────────────────────────────────────────────────────────────────────────────────────[39m
 [38;5;217m* [38;5;103m  Type your message or @path/to/file[39m
[38;5;59m────────────────────────────────────────────────────────────────────────────────────────────────────────────────────────────────────────────────────────────[39m
 /mnt/.../chojn/projects/kanbanAgents[38;5;103m (main*)[39m                             [38;5;217mno sandbox[38;5;103m (see /docs)[39m                              [38;5;103m/model [39mgemini-3-flash-preview
[2K[1A[2K[1A[2K[1A[2K[1A[2K[1A[2K[1A[2K[1A[2K[1A[2K[1A[2K[1A[2K[1A[2K[1A[2K[1A[2K[1A[2K[G  [1m4. Advanced Tooling & Research[22m
  This isn't a isolated system; it has "eyes" and "ears":
   * [1mWeb Research:[22m [38;5;183mresearch_perplexity.py[39m and the [38;5;183m.perplexity_session[39m folder indicate the agents can perform live web searches to solve problems they
     haven't encountered before.
   * [1mVisual Feedback:[22m [38;5;183mtake_screenshot.py[39m and [38;5;183mengine_screen.py[39m allow the system to "see" what it's doing, which is critical for debugging UI tasks or
     verifying web-app behavior.
   * [1mPersistence:[22m The [38;5;183mnotes/[39m directory contains "research fusion" and "improvement plans," showing this is an evolving architecture focused on solving
     complex PTY (terminal) wrapping and window connection issues.


[?25l  [1m5. Summary of Workflow[22m
   1. **Human


 [38;5;218m⠼[39m [3mWhat do you call a fish with no eyes? A fsh…[23m [38;5;103m(esc to cancel, 40s)[39m                                                                       [38;5;103m ? for shortcuts [39m
[38;5;59m────────────────────────────────────────────────────────────────────────────────────────────────────────────────────────────────────────────────────────────[39m
 [38;5;217mYOLO[38;5;103m ctrl+y[39m
[38;5;59m────────────────────────────────────────────────────────────────────────────────────────────────────────────────────────────────────────────────────────────[39m
 [38;5;217m* [38;5;103m  Type your message or @path/to/file[39m
[38;5;59m────────────────────────────────────────────────────────────────────────────────────────────────────────────────────────────────────────────────────────────[39m
 /mnt/.../chojn/projects/kanbanAgents[38;5;103m (main*)[39m                             [38;5;217mno sandbox[38;5;103m (see /docs)[39m                              [38;5;103m/model [39mgemini-3-flash-preview
[2K[1A[2K[1A[2K[1A[2K[1A[2K[1A[2K[1A[2K[1A[2K[1A[2K[1A[2K[1A[2K[1A[2K[G  [1m5. Summary of Workflow[22m
   1. [1mHuman[22m adds a task to the local Kanban board.
   2. [1mOrchestrator[22m detects the new task via [38;5;183mmonitor_project.py[39m.
   3. [1mManager Agent[22m analyzes the task and creates a strategy.
   4. [1mCoder Agent[22m is spawned in a hidden **ConPTY


 [38;5;218m⠴[39m [3mWhat do you call a fish with no eyes? A fsh…[23m [38;5;103m(esc to cancel, 40s)[39m                                                                       [38;5;103m ? for shortcuts [39m
[38;5;59m────────────────────────────────────────────────────────────────────────────────────────────────────────────────────────────────────────────────────────────[39m
 [38;5;217mYOLO[38;5;103m ctrl+y[39m
[38;5;59m────────────────────────────────────────────────────────────────────────────────────────────────────────────────────────────────────────────────────────────[39m
 [38;5;217m* [38;5;103m  Type your message or @path/to/file[39m
[38;5;59m────────────────────────────────────────────────────────────────────────────────────────────────────────────────────────────────────────────────────────────[39m
 /mnt/.../chojn/projects/kanbanAgents[38;5;103m (main*)[39m                             [38;5;217mno sandbox[38;5;103m (see /docs)[39m                              [38;5;103m/model [39mgemini-3-flash-preview
[2K[1A[2K[1A[2K[1A[2K[1A[2K[1A[2K[1A[2K[1A[2K[1A[2K[1A[2K[1A[2K[1A[2K[1A[2K[1A[2K[1A[2K[G  [1m5. Summary of Workflow[22m
   1. [1mHuman[22m adds a task to the local Kanban board.
   2. [1mOrchestrator[22m detects the new task via [38;5;183mmonitor_project.py[39m.
   3. [1mManager Agent[22m analyzes the task and creates a strategy.
   4. [1mCoder Agent[22m is spawned in a hidden [1mConPTY terminal[22m, clones code, and starts working.
   5. [1mQA Agent[22m verifies the work.
   6. [1mOrchestrator[22m updates the Kanban board and notifies the user via [38;5;183mnotification_ui.py[39m.


[?25l  [1mTechnical Status:[22m Based on the [38;5;183mnotes/[39m files (like `terminal wrapping


 [38;5;218m⠴[39m [3mWhat do you call a fish with no eyes? A fsh…[23m [38;5;103m(esc to cancel, 40s)[39m                                                                       [38;5;103m ? for shortcuts [39m
[38;5;59m────────────────────────────────────────────────────────────────────────────────────────────────────────────────────────────────────────────────────────────[39m
 [38;5;217mYOLO[38;5;103m ctrl+y[39m
[38;5;59m────────────────────────────────────────────────────────────────────────────────────────────────────────────────────────────────────────────────────────────[39m
 [38;5;217m* [38;5;103m  Type your message or @path/to/file[39m
[38;5;59m────────────────────────────────────────────────────────────────────────────────────────────────────────────────────────────────────────────────────────────[39m
 /mnt/.../chojn/projects/kanbanAgents[38;5;103m (main*)[39m                             [38;5;217mno sandbox[38;5;103m (see /docs)[39m                              [38;5;103m/model [39mgemini-3-flash-preview
[2K[1A[2K[1A[2K[1A[2K[1A[2K[1A[2K[1A[2K[1A[2K[1A[2K[1A[2K[1A[2K[G  [1mTechnical Status:[22m Based on the [38;5;183mnotes/[39m files (like `terminal wrapping


 [38;5;182m⠴[39m [3mWhat do you call a fish with no eyes? A fsh…[23m [38;5;103m(esc to cancel, 40s)[39m                                                                       [38;5;103m ? for shortcuts [39m
[38;5;59m────────────────────────────────────────────────────────────────────────────────────────────────────────────────────────────────────────────────────────────[39m
 [38;5;217mYOLO[38;5;103m ctrl+y[39m
[38;5;59m────────────────────────────────────────────────────────────────────────────────────────────────────────────────────────────────────────────────────────────[39m
 [38;5;217m* [38;5;103m  Type your message or @path/to/file[39m
[38;5;59m────────────────────────────────────────────────────────────────────────────────────────────────────────────────────────────────────────────────────────────[39m
 /mnt/.../chojn/projects/kanbanAgents[38;5;103m (main*)[39m                             [38;5;217mno sandbox[38;5;103m (see /docs)[39m                              [38;5;103m/model [39mgemini-3-flash-preview
[2K[1A[2K[1A[2K[1A[2K[1A[2K[1A[2K[1A[2K[1A[2K[1A[2K[1A[2K[1A[2K[G  [1mTechnical Status:[22m Based on the [38;5;183mnotes/[39m files (like [38;5;183mterminal wrapping plan.txt[39m), the developer is currently focused on making the background terminal
  interaction more robust, specifically handling how text wraps and how the AI perceives the state of the CLI.


 [38;5;182m⠴[39m [3mWhat do you call a fish with no eyes? A fsh…[23m [38;5;103m(esc to cancel, 40s)[39m                                                                       [38;5;103m ? for shortcuts [39m
[38;5;59m────────────────────────────────────────────────────────────────────────────────────────────────────────────────────────────────────────────────────────────[39m
 [38;5;217mYOLO[38;5;103m ctrl+y[39m
[38;5;59m────────────────────────────────────────────────────────────────────────────────────────────────────────────────────────────────────────────────────────────[39m
 [38;5;217m* [38;5;103m  Type your message or @path/to/file[39m
[38;5;59m────────────────────────────────────────────────────────────────────────────────────────────────────────────────────────────────────────────────────────────[39m
 /mnt/.../chojn/projects/kanbanAgents[38;5;103m (main*)[39m                             [38;5;217mno sandbox[38;5;103m (see /docs)[39m                              [38;5;103m/model [39mgemini-3-flash-preview
[2K[1A[2K[1A[2K[1A[2K[1A[2K[1A[2K[1A[2K[1A[2K[1A[2K[1A[2K[1A[2K[1A[2K[G  [1mTechnical Status:[22m Based on the [38;5;183mnotes/[39m files (like [38;5;183mterminal wrapping plan.txt[39m), the developer is currently focused on making the background terminal
  interaction more robust, specifically handling how text wraps and how the AI perceives the state of the CLI.

[?25l
                                                                                                                                           [38;5;103m ? for shortcuts [39m
[38;5;59m────────────────────────────────────────────────────────────────────────────────────────────────────────────────────────────────────────────────────────────[39m
 [38;5;217mYOLO[38;5;103m ctrl+y[39m                                                                                                                               [38;5;103m1 GEMINI.md file[39m
[38;5;59m────────────────────────────────────────────────────────────────────────────────────────────────────────────────────────────────────────────────────────────[39m
 [38;5;217m* [38;5;103m  Type your message or @path/to/file[39m
[38;5;59m────────────────────────────────────────────────────────────────────────────────────────────────────────────────────────────────────────────────────────────[39m
 /mnt/.../chojn/projects/kanbanAgents[38;5;103m (main*)[39m                             [38;5;217mno sandbox[38;5;103m (see /docs)[39m                              [38;5;103m/model [39mgemini-3-flash-preview
]0;◇  Ready (kanbanAgents)                                                         ]11;?\[2K[1A[2K[1A[2K[1A[2K[1A[2K[1A[2K[1A[2K[1A[2K[1A[2K[G
                                                                                                                                           [38;5;103m ? for shortcuts [39m
[38;5;59m────────────────────────────────────────────────────────────────────────────────────────────────────────────────────────────────────────────────────────────[39m
 [38;5;217mYOLO[38;5;103m ctrl+y[39m                                                                                                                               [38;5;103m1 GEMINI.md file[39m
[38;5;217m────────────────────────────────────────────────────────────────────────────────────────────────────────────────────────────────────────────────────────────[39m
 [38;5;217m* [39m[7m [27m[38;5;103m Type your message or @path/to/file[39m
[38;5;217m────────────────────────────────────────────────────────────────────────────────────────────────────────────────────────────────────────────────────────────[39m
 /mnt/.../chojn/projects/kanbanAgents[38;5;103m (main*)[39m                             [38;5;217mno sandbox[38;5;103m (see /docs)[39m                              [38;5;103m/model [39mgemini-3-flash-preview
[3A[4G[3B[2K[1A[2K[1A[2K[1A[2K[1A[2K[1A[2K[1A[2K[1A[2K[1A[2K[G
                                                                                                                                           [38;5;103m ? for shortcuts [39m
[38;5;59m────────────────────────────────────────────────────────────────────────────────────────────────────────────────────────────────────────────────────────────[39m
 [38;5;217mYOLO[38;5;103m ctrl+y[39m                                                                                                                               [38;5;103m1 GEMINI.md file[39m
[38;5;217m────────────────────────────────────────────────────────────────────────────────────────────────────────────────────────────────────────────────────────────[39m
 [38;5;217m* [39mq[7m [27m
[38;5;217m────────────────────────────────────────────────────────────────────────────────────────────────────────────────────────────────────────────────────────────[39m
 /mnt/.../chojn/projects/kanbanAgents[38;5;103m (main*)[39m                             [38;5;217mno sandbox[38;5;103m (see /docs)[39m                              [38;5;103m/model [39mgemini-3-flash-preview
[3A[5G[3B[2K[1A[2K[1A[2K[1A[2K[1A[2K[1A[2K[1A[2K[1A[2K[1A[2K[G
                                                                                                                                           [38;5;103m ? for shortcuts [39m
[38;5;59m────────────────────────────────────────────────────────────────────────────────────────────────────────────────────────────────────────────────────────────[39m
 [38;5;217mYOLO[38;5;103m ctrl+y[39m                                                                                                                               [38;5;103m1 GEMINI.md file[39m
[38;5;217m────────────────────────────────────────────────────────────────────────────────────────────────────────────────────────────────────────────────────────────[39m
 [38;5;217m* [39mqq[7m [27m
[38;5;217m────────────────────────────────────────────────────────────────────────────────────────────────────────────────────────────────────────────────────────────[39m
 /mnt/.../chojn/projects/kanbanAgents[38;5;103m (main*)[39m                             [38;5;217mno sandbox[38;5;103m (see /docs)[39m                              [38;5;103m/model [39mgemini-3-flash-preview
[3A[6G[3B[2K[1A[2K[1A[2K[1A[2K[1A[2K[1A[2K[1A[2K[1A[2K[1A[2K[G
                                                                                                                                           [38;5;103m ? for shortcuts [39m
[38;5;59m────────────────────────────────────────────────────────────────────────────────────────────────────────────────────────────────────────────────────────────[39m
 [38;5;217mYOLO[38;5;103m ctrl+y[39m                                                                                                                               [38;5;103m1 GEMINI.md file[39m
[38;5;217m────────────────────────────────────────────────────────────────────────────────────────────────────────────────────────────────────────────────────────────[39m
 [38;5;217m* [39mq[7m [27m
[38;5;217m────────────────────────────────────────────────────────────────────────────────────────────────────────────────────────────────────────────────────────────[39m
 /mnt/.../chojn/projects/kanbanAgents[38;5;103m (main*)[39m                             [38;5;217mno sandbox[38;5;103m (see /docs)[39m                              [38;5;103m/model [39mgemini-3-flash-preview
[3A[5G[3B[2K[1A[2K[1A[2K[1A[2K[1A[2K[1A[2K[1A[2K[1A[2K[1A[2K[G
                                                                                                                                           [38;5;103m ? for shortcuts [39m
[38;5;59m────────────────────────────────────────────────────────────────────────────────────────────────────────────────────────────────────────────────────────────[39m
 [38;5;217mYOLO[38;5;103m ctrl+y[39m                                                                                                                               [38;5;103m1 GEMINI.md file[39m
[38;5;217m────────────────────────────────────────────────────────────────────────────────────────────────────────────────────────────────────────────────────────────[39m
 [38;5;217m* [39m[7m [27m[38;5;103m Type your message or @path/to/file[39m
[38;5;217m────────────────────────────────────────────────────────────────────────────────────────────────────────────────────────────────────────────────────────────[39m
 /mnt/.../chojn/projects/kanbanAgents[38;5;103m (main*)[39m                             [38;5;217mno sandbox[38;5;103m (see /docs)[39m                              [38;5;103m/model [39mgemini-3-flash-preview
[3A[4G[3B[2K[1A[2K[1A[2K[1A[2K[1A[2K[1A[2K[1A[2K[1A[2K[1A[2K[G
                                                                                                                                           [38;5;103m ? for shortcuts [39m
[38;5;59m────────────────────────────────────────────────────────────────────────────────────────────────────────────────────────────────────────────────────────────[39m
 [38;5;223mPress Ctrl+D again to exit.[39m                                                                                                               [38;5;103m1 GEMINI.md file[39m
[38;5;217m────────────────────────────────────────────────────────────────────────────────────────────────────────────────────────────────────────────────────────────[39m
 [38;5;217m* [39m[7m [27m[38;5;103m Type your message or @path/to/file[39m
[38;5;217m────────────────────────────────────────────────────────────────────────────────────────────────────────────────────────────────────────────────────────────[39m
 /mnt/.../chojn/projects/kanbanAgents[38;5;103m (main*)[39m                             [38;5;217mno sandbox[38;5;103m (see /docs)[39m                              [38;5;103m/model [39mgemini-3-flash-preview
[3A[4G[3B[2K[1A[2K[1A[2K[1A[2K[1A[2K[1A[2K[1A[2K[1A[2K[1A[2K[G [38;5;183m> /quit[39m
[38;5;59m╭──────────────────────────────────────────────────────────────────────────────────────────────────────────────────────────────────────────────────────────╮[39m
[38;5;59m│[39m                                                                                                                                                          [38;5;59m│[39m
[38;5;59m│[39m  [38;5;74mAg[38;5;110ment poweri[38;5;104mn[38;5;140mg down[38;5;139m. Good[38;5;175mbye[38;5;174m![39m                                                                                                                           [38;5;59m│[39m
[38;5;59m│[39m                                                                                                                                                          [38;5;59m│[39m
[38;5;59m│[39m  [1mInteraction Summary[22m                                                                                                                                     [38;5;59m│[39m
[38;5;59m│[39m  [38;5;153mSession ID:[39m                 397b36af-6add-4f12-be2a-865d9cefe132                                                                                        [38;5;59m│[39m
[38;5;59m│[39m  [38;5;153mTool Calls:[39m                 0 ( [38;5;151m✓ 0[39m [38;5;217mx 0[39m )                                                                                                               [38;5;59m│[39m
[38;5;59m│[39m  [38;5;153mSuccess Rate:[39m               [38;5;217m0.0%[39m                                                                                                                        [38;5;59m│[39m
[38;5;59m│[39m                                                                                                                                                          [38;5;59m│[39m
[38;5;59m│[39m  [1mPerformance[22m                                                                                                                                             [38;5;59m│[39m
[38;5;59m│[39m  [38;5;153mWall Time:[39m                  2m 15s                                                                                                                      [38;5;59m│[39m
[38;5;59m│[39m  [38;5;153mAgent Active:[39m               39.3s                                                                                                                       [38;5;59m│[39m
[38;5;59m│[39m    [38;5;103m» API Time:[39m               39.3s [38;5;103m(100.0%)[39m                                                                                                              [38;5;59m│[39m
[38;5;59m│[39m    [38;5;103m» Tool Time:[39m              0s [38;5;103m(0.0%)[39m                                                                                                                   [38;5;59m│[39m
[38;5;59m│[39m                                                                                                                                                          [38;5;59m│[39m
[38;5;59m│[39m                                                                                                                                                          [38;5;59m│[39m
[38;5;59m│[39m  [1mModel Usage[22m                                                                                                                                             [38;5;59m│[39m
[38;5;59m│[39m  [1mModel[22m                       [1mReqs[22m   [1mInput Tokens[22m   [1mCache Reads[22m  [1mOutput Tokens[22m                                                                            [38;5;59m│[39m
[38;5;59m│[39m  [38;5;59m────────────────────────────────────────────────────────────────────────────[39m                                                                            [38;5;59m│[39m
[38;5;59m│[39m  gemini-3-flash-preview         1          5,265         [38;5;103m3,036[39m            832                                                                            [38;5;59m│[39m
[38;5;59m│[39m                                                                                                                                                          [38;5;59m│[39m
[38;5;59m│[39m  [38;5;151mSavings Highlight:[39m 3,036 ([38;5;223m36.6%[39m) of input tokens were served from the cache, reducing costs.                                                            [38;5;59m│[39m
[38;5;59m╰──────────────────────────────────────────────────────────────────────────────────────────────────────────────────────────────────────────────────────────╯[39m

[?1006l[?1002l[?25h[?25h[?1004l[<u[>4;0m[?2004l]0;[?25h[8m[?u]11;?\[>q[>4;?m[c[2K[0m[?2004h]0;◇  Ready (kanbanAgents)                                                         
[38;5;74m ███[38;5;110m            █████████  █████[38;5;104m█████[38;5;140m ██████   ██████[38;5;139m █████ ██████   [38;5;175m█████ ████[38;5;174m█[39m
[38;5;74m░░░█[38;5;110m██         ███░░░░░███░░███░[38;5;104m░░░░█[38;5;140m░░██████ ██████ [38;5;139m░░███ ░░██████ [38;5;175m░░███ ░░██[38;5;174m█[39m
[38;5;74m  ░░[38;5;110m░███      ███     ░░░  ░███ [38;5;104m █ ░ [38;5;140m ░███░█████░███ [38;5;139m ░███  ░███░███[38;5;175m ░███  ░██[38;5;174m█[39m
[38;5;74m    [38;5;110m░░░███   ░███          ░████[38;5;104m██   [38;5;140m ░███░░███ ░███ [38;5;139m ░███  ░███░░██[38;5;175m█░███  ░██[38;5;174m█[39m
[38;5;74m    [38;5;110m ███░    ░███    █████ ░███░[38;5;104m░█   [38;5;140m ░███ ░░░  ░███ [38;5;139m ░███  ░███ ░░█[38;5;175m█████  ░██[38;5;174m█[39m
[38;5;74m   █[38;5;110m██░      ░░███  ░░███  ░███ [38;5;104m░   █[38;5;140m ░███      ░███ [38;5;139m ░███  ░███  ░░[38;5;175m█████  ░██[38;5;174m█[39m
[38;5;74m ███[38;5;110m░         ░░█████████  █████[38;5;104m█████[38;5;140m █████     █████[38;5;139m █████ █████  ░░[38;5;175m█████ ████[38;5;174m█[39m
[38;5;74m░░░ [38;5;110m           ░░░░░░░░░  ░░░░░░[38;5;104m░░░░ [38;5;140m░░░░░     ░░░░░ [38;5;139m░░░░░ ░░░░░    [38;5;175m░░░░░ ░░░░[38;5;174m░[39m


[1mLogged in with Google:[22m jarek108@gmail.com[38;5;103m /auth[39m
[1mPlan:[22m Gemini Code Assist for individuals
Tips for getting started:
1. Ask questions, edit files, or run commands.
2. Be specific for the best results.
3. [1m[38;5;183m/help[39m[22m for more information.
[?25l[38;5;59m╭──────────────────────────────────────────────────────────────────────────────────────────────────────────────────────────────────────────────────────────╮[39m
[38;5;59m│[39m                                                                                                                                                          [38;5;59m│[39m
[38;5;59m│[39m ⠋ Waiting for auth... (Press ESC or CTRL+C to cancel)                                                                                                    [38;5;59m│[39m
[38;5;59m│[39m                                                                                                                                                          [38;5;59m│[39m
[38;5;59m╰──────────────────────────────────────────────────────────────────────────────────────────────────────────────────────────────────────────────────────────╯[39m
[?25l[?1004h]0;◇  Ready (kanbanAgents)                                                         [2K[1A[2K[1A[2K[1A[2K[1A[2K[1A[2K[G[38;5;59m╭──────────────────────────────────────────────────────────────────────────────────────────────────────────────────────────────────────────────────────────╮[39m
[38;5;59m│[39m                                                                                                                                                          [38;5;59m│[39m
[38;5;59m│[39m ⠙ Waiting for auth... (Press ESC or CTRL+C to cancel)                                                                                                    [38;5;59m│[39m
[38;5;59m│[39m                                                                                                                                                          [38;5;59m│[39m
[38;5;59m╰──────────────────────────────────────────────────────────────────────────────────────────────────────────────────────────────────────────────────────────╯[39m
[2K[1A[2K[1A[2K[1A[2K[1A[2K[1A[2K[G[38;5;59m╭──────────────────────────────────────────────────────────────────────────────────────────────────────────────────────────────────────────────────────────╮[39m
[38;5;59m│[39m                                                                                                                                                          [38;5;59m│[39m
[38;5;59m│[39m ⠹ Waiting for auth... (Press ESC or CTRL+C to cancel)                                                                                                    [38;5;59m│[39m
[38;5;59m│[39m                                                                                                                                                          [38;5;59m│[39m
[38;5;59m╰──────────────────────────────────────────────────────────────────────────────────────────────────────────────────────────────────────────────────────────╯[39m
[2K[1A[2K[1A[2K[1A[2K[1A[2K[1A[2K[G[38;5;59m╭──────────────────────────────────────────────────────────────────────────────────────────────────────────────────────────────────────────────────────────╮[39m
[38;5;59m│[39m                                                                                                                                                          [38;5;59m│[39m
[38;5;59m│[39m ⠸ Waiting for auth... (Press ESC or CTRL+C to cancel)                                                                                                    [38;5;59m│[39m
[38;5;59m│[39m                                                                                                                                                          [38;5;59m│[39m
[38;5;59m╰──────────────────────────────────────────────────────────────────────────────────────────────────────────────────────────────────────────────────────────╯[39m
[2K[1A[2K[1A[2K[1A[2K[1A[2K[1A[2K[G[38;5;59m╭──────────────────────────────────────────────────────────────────────────────────────────────────────────────────────────────────────────────────────────╮[39m
[38;5;59m│[39m                                                                                                                                                          [38;5;59m│[39m
[38;5;59m│[39m ⠼ Waiting for auth... (Press ESC or CTRL+C to cancel)                                                                                                    [38;5;59m│[39m
[38;5;59m│[39m                                                                                                                                                          [38;5;59m│[39m
[38;5;59m╰──────────────────────────────────────────────────────────────────────────────────────────────────────────────────────────────────────────────────────────╯[39m
[2K[1A[2K[1A[2K[1A[2K[1A[2K[1A[2K[G[38;5;59m╭──────────────────────────────────────────────────────────────────────────────────────────────────────────────────────────────────────────────────────────╮[39m
[38;5;59m│[39m                                                                                                                                                          [38;5;59m│[39m
[38;5;59m│[39m ⠴ Waiting for auth... (Press ESC or CTRL+C to cancel)                                                                                                    [38;5;59m│[39m
[38;5;59m│[39m                                                                                                                                                          [38;5;59m│[39m
[38;5;59m╰──────────────────────────────────────────────────────────────────────────────────────────────────────────────────────────────────────────────────────────╯[39m
[2K[1A[2K[1A[2K[1A[2K[1A[2K[1A[2K[G[38;5;59m╭──────────────────────────────────────────────────────────────────────────────────────────────────────────────────────────────────────────────────────────╮[39m
[38;5;59m│[39m                                                                                                                                                          [38;5;59m│[39m
[38;5;59m│[39m ⠦ Waiting for auth... (Press ESC or CTRL+C to cancel)                                                                                                    [38;5;59m│[39m
[38;5;59m│[39m                                                                                                                                                          [38;5;59m│[39m
[38;5;59m╰──────────────────────────────────────────────────────────────────────────────────────────────────────────────────────────────────────────────────────────╯[39m
[2K[1A[2K[1A[2K[1A[2K[1A[2K[1A[2K[G[38;5;59m╭──────────────────────────────────────────────────────────────────────────────────────────────────────────────────────────────────────────────────────────╮[39m
[38;5;59m│[39m                                                                                                                                                          [38;5;59m│[39m
[38;5;59m│[39m ⠧ Waiting for auth... (Press ESC or CTRL+C to cancel)                                                                                                    [38;5;59m│[39m
[38;5;59m│[39m                                                                                                                                                          [38;5;59m│[39m
[38;5;59m╰──────────────────────────────────────────────────────────────────────────────────────────────────────────────────────────────────────────────────────────╯[39m
[2K[1A[2K[1A[2K[1A[2K[1A[2K[1A[2K[G[38;5;59m╭──────────────────────────────────────────────────────────────────────────────────────────────────────────────────────────────────────────────────────────╮[39m
[38;5;59m│[39m                                                                                                                                                          [38;5;59m│[39m
[38;5;59m│[39m ⠇ Waiting for auth... (Press ESC or CTRL+C to cancel)                                                                                                    [38;5;59m│[39m
[38;5;59m│[39m                                                                                                                                                          [38;5;59m│[39m
[38;5;59m╰──────────────────────────────────────────────────────────────────────────────────────────────────────────────────────────────────────────────────────────╯[39m
[2K[1A[2K[1A[2K[1A[2K[1A[2K[1A[2K[G[38;5;59m╭──────────────────────────────────────────────────────────────────────────────────────────────────────────────────────────────────────────────────────────╮[39m
[38;5;59m│[39m                                                                                                                                                          [38;5;59m│[39m
[38;5;59m│[39m ⠏ Waiting for auth... (Press ESC or CTRL+C to cancel)                                                                                                    [38;5;59m│[39m
[38;5;59m│[39m                                                                                                                                                          [38;5;59m│[39m
[38;5;59m╰──────────────────────────────────────────────────────────────────────────────────────────────────────────────────────────────────────────────────────────╯[39m
[2K[1A[2K[1A[2K[1A[2K[1A[2K[1A[2K[G[38;5;59m╭──────────────────────────────────────────────────────────────────────────────────────────────────────────────────────────────────────────────────────────╮[39m
[38;5;59m│[39m                                                                                                                                                          [38;5;59m│[39m
[38;5;59m│[39m ⠋ Waiting for auth... (Press ESC or CTRL+C to cancel)                                                                                                    [38;5;59m│[39m
[38;5;59m│[39m                                                                                                                                                          [38;5;59m│[39m
[38;5;59m╰──────────────────────────────────────────────────────────────────────────────────────────────────────────────────────────────────────────────────────────╯[39m
[2K[1A[2K[1A[2K[1A[2K[1A[2K[1A[2K[G[38;5;59m╭──────────────────────────────────────────────────────────────────────────────────────────────────────────────────────────────────────────────────────────╮[39m
[38;5;59m│[39m                                                                                                                                                          [38;5;59m│[39m
[38;5;59m│[39m ⠙ Waiting for auth... (Press ESC or CTRL+C to cancel)                                                                                                    [38;5;59m│[39m
[38;5;59m│[39m                                                                                                                                                          [38;5;59m│[39m
[38;5;59m╰──────────────────────────────────────────────────────────────────────────────────────────────────────────────────────────────────────────────────────────╯[39m
[2K[1A[2K[1A[2K[1A[2K[1A[2K[1A[2K[G[38;5;59m╭──────────────────────────────────────────────────────────────────────────────────────────────────────────────────────────────────────────────────────────╮[39m
[38;5;59m│[39m                                                                                                                                                          [38;5;59m│[39m
[38;5;59m│[39m ⠹ Waiting for auth... (Press ESC or CTRL+C to cancel)                                                                                                    [38;5;59m│[39m
[38;5;59m│[39m                                                                                                                                                          [38;5;59m│[39m
[38;5;59m╰──────────────────────────────────────────────────────────────────────────────────────────────────────────────────────────────────────────────────────────╯[39m
[2K[1A[2K[1A[2K[1A[2K[1A[2K[1A[2K[G[38;5;59m╭──────────────────────────────────────────────────────────────────────────────────────────────────────────────────────────────────────────────────────────╮[39m
[38;5;59m│[39m                                                                                                                                                          [38;5;59m│[39m
[38;5;59m│[39m ⠸ Waiting for auth... (Press ESC or CTRL+C to cancel)                                                                                                    [38;5;59m│[39m
[38;5;59m│[39m                                                                                                                                                          [38;5;59m│[39m
[38;5;59m╰──────────────────────────────────────────────────────────────────────────────────────────────────────────────────────────────────────────────────────────╯[39m
[2K[1A[2K[1A[2K[1A[2K[1A[2K[1A[2K[G[38;5;59m╭──────────────────────────────────────────────────────────────────────────────────────────────────────────────────────────────────────────────────────────╮[39m
[38;5;59m│[39m                                                                                                                                                          [38;5;59m│[39m
[38;5;59m│[39m ⠼ Waiting for auth... (Press ESC or CTRL+C to cancel)                                                                                                    [38;5;59m│[39m
[38;5;59m│[39m                                                                                                                                                          [38;5;59m│[39m
[38;5;59m╰──────────────────────────────────────────────────────────────────────────────────────────────────────────────────────────────────────────────────────────╯[39m
[2K[1A[2K[1A[2K[1A[2K[1A[2K[1A[2K[G[38;5;59m╭──────────────────────────────────────────────────────────────────────────────────────────────────────────────────────────────────────────────────────────╮[39m
[38;5;59m│[39m                                                                                                                                                          [38;5;59m│[39m
[38;5;59m│[39m ⠴ Waiting for auth... (Press ESC or CTRL+C to cancel)                                                                                                    [38;5;59m│[39m
[38;5;59m│[39m                                                                                                                                                          [38;5;59m│[39m
[38;5;59m╰──────────────────────────────────────────────────────────────────────────────────────────────────────────────────────────────────────────────────────────╯[39m
[2K[1A[2K[1A[2K[1A[2K[1A[2K[1A[2K[G
                                                                                                                                           [38;5;103m ? for shortcuts [39m
[38;5;59m────────────────────────────────────────────────────────────────────────────────────────────────────────────────────────────────────────────────────────────[39m
 [38;5;217mYOLO[38;5;103m ctrl+y[39m                                                                                                                               [38;5;103m1 GEMINI.md file[39m
[38;5;217m────────────────────────────────────────────────────────────────────────────────────────────────────────────────────────────────────────────────────────────[39m
 [38;5;217m* [39m[7m [27m[38;5;103m Type your message or @path/to/file[39m
[38;5;217m────────────────────────────────────────────────────────────────────────────────────────────────────────────────────────────────────────────────────────────[39m
 /mnt/.../chojn/projects/kanbanAgents[38;5;103m (main*)[39m                                 [38;5;217mno sandbox[38;5;103m (see /docs)[39m                                 [38;5;103m/model [39mAuto (Gemini 3)
[3A[4G[3B[2K[1A[2K[1A[2K[1A[2K[1A[2K[1A[2K[1A[2K[1A[2K[1A[2K[G
                                                                                                                                           [38;5;103m ? for shortcuts [39m
[38;5;59m────────────────────────────────────────────────────────────────────────────────────────────────────────────────────────────────────────────────────────────[39m
 [38;5;217mYOLO[38;5;103m ctrl+y[39m                                                                                                                               [38;5;103m1 GEMINI.md file[39m
[38;5;59m────────────────────────────────────────────────────────────────────────────────────────────────────────────────────────────────────────────────────────────[39m
 [38;5;217m* [38;5;103m  Type your message or @path/to/file[39m
[38;5;59m────────────────────────────────────────────────────────────────────────────────────────────────────────────────────────────────────────────────────────────[39m
 /mnt/.../chojn/projects/kanbanAgents[38;5;103m (main*)[39m                                 [38;5;217mno sandbox[38;5;103m (see /docs)[39m                                 [38;5;103m/model [39mAuto (Gemini 3)
[2K[1A[2K[1A[2K[1A[2K[1A[2K[1A[2K[1A[2K[1A[2K[1A[2K[G
                                                                                                                                           [38;5;103m ? for shortcuts [39m
[38;5;59m────────────────────────────────────────────────────────────────────────────────────────────────────────────────────────────────────────────────────────────[39m
 [38;5;217mYOLO[38;5;103m ctrl+y[39m                                                                                                                               [38;5;103m1 GEMINI.md file[39m
[38;5;217m────────────────────────────────────────────────────────────────────────────────────────────────────────────────────────────────────────────────────────────[39m
 [38;5;217m* [39m[7m [27m[38;5;103m Type your message or @path/to/file[39m
[38;5;217m────────────────────────────────────────────────────────────────────────────────────────────────────────────────────────────────────────────────────────────[39m
 /mnt/.../chojn/projects/kanbanAgents[38;5;103m (main*)[39m                                 [38;5;217mno sandbox[38;5;103m (see /docs)[39m                                 [38;5;103m/model [39mAuto (Gemini 3)
[3A[4G[3B[2K[1A[2K[1A[2K[1A[2K[1A[2K[1A[2K[1A[2K[1A[2K[1A[2K[G
                                                                                                                                           [38;5;103m ? for shortcuts [39m
[38;5;59m────────────────────────────────────────────────────────────────────────────────────────────────────────────────────────────────────────────────────────────[39m
 [38;5;217mYOLO[38;5;103m ctrl+y[39m                                                                                                                               [38;5;103m1 GEMINI.md file[39m
[38;5;59m────────────────────────────────────────────────────────────────────────────────────────────────────────────────────────────────────────────────────────────[39m
 [38;5;217m* [38;5;103m  Type your message or @path/to/file[39m
[38;5;59m────────────────────────────────────────────────────────────────────────────────────────────────────────────────────────────────────────────────────────────[39m
 /mnt/.../chojn/projects/kanbanAgents[38;5;103m (main*)[39m                                 [38;5;217mno sandbox[38;5;103m (see /docs)[39m                                 [38;5;103m/model [39mAuto (Gemini 3)
]11;?\[2K[1A[2K[1A[2K[1A[2K[1A[2K[1A[2K[1A[2K[1A[2K[1A[2K[G
                                                                                                                                           [38;5;103m ? for shortcuts [39m
[38;5;59m────────────────────────────────────────────────────────────────────────────────────────────────────────────────────────────────────────────────────────────[39m
 [38;5;217mYOLO[38;5;103m ctrl+y[39m                                                                                                                               [38;5;103m1 GEMINI.md file[39m
[38;5;217m────────────────────────────────────────────────────────────────────────────────────────────────────────────────────────────────────────────────────────────[39m
 [38;5;217m* [39m[7m [27m[38;5;103m Type your message or @path/to/file[39m
[38;5;217m────────────────────────────────────────────────────────────────────────────────────────────────────────────────────────────────────────────────────────────[39m
 /mnt/.../chojn/projects/kanbanAgents[38;5;103m (main*)[39m                                 [38;5;217mno sandbox[38;5;103m (see /docs)[39m                                 [38;5;103m/model [39mAuto (Gemini 3)
[3A[4G[3B[2K[1A[2K[1A[2K[1A[2K[1A[2K[1A[2K[1A[2K[1A[2K[1A[2K[G
                                                                                                                                           [38;5;103m ? for shortcuts [39m
[38;5;59m────────────────────────────────────────────────────────────────────────────────────────────────────────────────────────────────────────────────────────────[39m
 [38;5;217mYOLO[38;5;103m ctrl+y[39m                                                                                                                               [38;5;103m1 GEMINI.md file[39m
[38;5;59m────────────────────────────────────────────────────────────────────────────────────────────────────────────────────────────────────────────────────────────[39m
 [38;5;217m* [38;5;103m  Type your message or @path/to/file[39m
[38;5;59m────────────────────────────────────────────────────────────────────────────────────────────────────────────────────────────────────────────────────────────[39m
 /mnt/.../chojn/projects/kanbanAgents[38;5;103m (main*)[39m                                 [38;5;217mno sandbox[38;5;103m (see /docs)[39m                                 [38;5;103m/model [39mAuto (Gemini 3)
[2K[1A[2K[1A[2K[1A[2K[1A[2K[1A[2K[1A[2K[1A[2K[1A[2K[G
                                                                                                                                           [38;5;103m ? for shortcuts [39m
[38;5;59m────────────────────────────────────────────────────────────────────────────────────────────────────────────────────────────────────────────────────────────[39m
 [38;5;217mYOLO[38;5;103m ctrl+y[39m                                                                                                                               [38;5;103m1 GEMINI.md file[39m
[38;5;217m────────────────────────────────────────────────────────────────────────────────────────────────────────────────────────────────────────────────────────────[39m
 [38;5;217m* [39m[7m [27m[38;5;103m Type your message or @path/to/file[39m
[38;5;217m────────────────────────────────────────────────────────────────────────────────────────────────────────────────────────────────────────────────────────────[39m
 /mnt/.../chojn/projects/kanbanAgents[38;5;103m (main*)[39m                                 [38;5;217mno sandbox[38;5;103m (see /docs)[39m                                 [38;5;103m/model [39mAuto (Gemini 3)
[3A[4G[3B[2K[1A[2K[1A[2K[1A[2K[1A[2K[1A[2K[1A[2K[1A[2K[1A[2K[G
                                                                                                                                           [38;5;103m ? for shortcuts [39m
[38;5;59m────────────────────────────────────────────────────────────────────────────────────────────────────────────────────────────────────────────────────────────[39m
 [38;5;217mYOLO[38;5;103m ctrl+y[39m                                                                                                                               [38;5;103m1 GEMINI.md file[39m
[38;5;217m────────────────────────────────────────────────────────────────────────────────────────────────────────────────────────────────────────────────────────────[39m
 [38;5;217m* [39mo[7m [27m
[38;5;217m────────────────────────────────────────────────────────────────────────────────────────────────────────────────────────────────────────────────────────────[39m
 /mnt/.../chojn/projects/kanbanAgents[38;5;103m (main*)[39m                                 [38;5;217mno sandbox[38;5;103m (see /docs)[39m                                 [38;5;103m/model [39mAuto (Gemini 3)
[3A[5G[3B[2K[1A[2K[1A[2K[1A[2K[1A[2K[1A[2K[1A[2K[1A[2K[1A[2K[G
                                                                                                                                           [38;5;103m ? for shortcuts [39m
[38;5;59m────────────────────────────────────────────────────────────────────────────────────────────────────────────────────────────────────────────────────────────[39m
 [38;5;217mYOLO[38;5;103m ctrl+y[39m                                                                                                                               [38;5;103m1 GEMINI.md file[39m
[38;5;217m────────────────────────────────────────────────────────────────────────────────────────────────────────────────────────────────────────────────────────────[39m
 [38;5;217m* [39mou[7m [27m
[38;5;217m────────────────────────────────────────────────────────────────────────────────────────────────────────────────────────────────────────────────────────────[39m
 /mnt/.../chojn/projects/kanbanAgents[38;5;103m (main*)[39m                                 [38;5;217mno sandbox[38;5;103m (see /docs)[39m                                 [38;5;103m/model [39mAuto (Gemini 3)
[3A[6G[3B[2K[1A[2K[1A[2K[1A[2K[1A[2K[1A[2K[1A[2K[1A[2K[1A[2K[G
                                                                                                                                           [38;5;103m ? for shortcuts [39m
[38;5;59m────────────────────────────────────────────────────────────────────────────────────────────────────────────────────────────────────────────────────────────[39m
 [38;5;217mYOLO[38;5;103m ctrl+y[39m                                                                                                                               [38;5;103m1 GEMINI.md file[39m
[38;5;217m────────────────────────────────────────────────────────────────────────────────────────────────────────────────────────────────────────────────────────────[39m
 [38;5;217m* [39mour[7m [27m
[38;5;217m────────────────────────────────────────────────────────────────────────────────────────────────────────────────────────────────────────────────────────────[39m
 /mnt/.../chojn/projects/kanbanAgents[38;5;103m (main*)[39m                                 [38;5;217mno sandbox[38;5;103m (see /docs)[39m                                 [38;5;103m/model [39mAuto (Gemini 3)
[3A[7G[3B[2K[1A[2K[1A[2K[1A[2K[1A[2K[1A[2K[1A[2K[1A[2K[1A[2K[G
                                                                                                                                           [38;5;103m ? for shortcuts [39m
[38;5;59m────────────────────────────────────────────────────────────────────────────────────────────────────────────────────────────────────────────────────────────[39m
 [38;5;217mYOLO[38;5;103m ctrl+y[39m                                                                                                                               [38;5;103m1 GEMINI.md file[39m
[38;5;217m────────────────────────────────────────────────────────────────────────────────────────────────────────────────────────────────────────────────────────────[39m
 [38;5;217m* [39mour [7m [27m
[38;5;217m────────────────────────────────────────────────────────────────────────────────────────────────────────────────────────────────────────────────────────────[39m
 /mnt/.../chojn/projects/kanbanAgents[38;5;103m (main*)[39m                                 [38;5;217mno sandbox[38;5;103m (see /docs)[39m                                 [38;5;103m/model [39mAuto (Gemini 3)
[3A[8G[3B[2K[1A[2K[1A[2K[1A[2K[1A[2K[1A[2K[1A[2K[1A[2K[1A[2K[G
                                                                                                                                           [38;5;103m ? for shortcuts [39m
[38;5;59m────────────────────────────────────────────────────────────────────────────────────────────────────────────────────────────────────────────────────────────[39m
 [38;5;217mYOLO[38;5;103m ctrl+y[39m                                                                                                                               [38;5;103m1 GEMINI.md file[39m
[38;5;217m────────────────────────────────────────────────────────────────────────────────────────────────────────────────────────────────────────────────────────────[39m
 [38;5;217m* [39mour t[7m [27m
[38;5;217m────────────────────────────────────────────────────────────────────────────────────────────────────────────────────────────────────────────────────────────[39m
 /mnt/.../chojn/projects/kanbanAgents[38;5;103m (main*)[39m                                 [38;5;217mno sandbox[38;5;103m (see /docs)[39m                                 [38;5;103m/model [39mAuto (Gemini 3)
[3A[9G[3B[2K[1A[2K[1A[2K[1A[2K[1A[2K[1A[2K[1A[2K[1A[2K[1A[2K[G
                                                                                                                                           [38;5;103m ? for shortcuts [39m
[38;5;59m────────────────────────────────────────────────────────────────────────────────────────────────────────────────────────────────────────────────────────────[39m
 [38;5;217mYOLO[38;5;103m ctrl+y[39m                                                                                                                               [38;5;103m1 GEMINI.md file[39m
[38;5;217m────────────────────────────────────────────────────────────────────────────────────────────────────────────────────────────────────────────────────────────[39m
 [38;5;217m* [39mour ta[7m [27m
[38;5;217m────────────────────────────────────────────────────────────────────────────────────────────────────────────────────────────────────────────────────────────[39m
 /mnt/.../chojn/projects/kanbanAgents[38;5;103m (main*)[39m                                 [38;5;217mno sandbox[38;5;103m (see /docs)[39m                                 [38;5;103m/model [39mAuto (Gemini 3)
[3A[10G[3B[2K[1A[2K[1A[2K[1A[2K[1A[2K[1A[2K[1A[2K[1A[2K[1A[2K[G
                                                                                                                                           [38;5;103m ? for shortcuts [39m
[38;5;59m────────────────────────────────────────────────────────────────────────────────────────────────────────────────────────────────────────────────────────────[39m
 [38;5;217mYOLO[38;5;103m ctrl+y[39m                                                                                                                               [38;5;103m1 GEMINI.md file[39m
[38;5;217m────────────────────────────────────────────────────────────────────────────────────────────────────────────────────────────────────────────────────────────[39m
 [38;5;217m* [39mour t[7m [27m
[38;5;217m────────────────────────────────────────────────────────────────────────────────────────────────────────────────────────────────────────────────────────────[39m
 /mnt/.../chojn/projects/kanbanAgents[38;5;103m (main*)[39m                                 [38;5;217mno sandbox[38;5;103m (see /docs)[39m                                 [38;5;103m/model [39mAuto (Gemini 3)
[3A[9G[3B[2K[1A[2K[1A[2K[1A[2K[1A[2K[1A[2K[1A[2K[1A[2K[1A[2K[G
                                                                                                                                           [38;5;103m ? for shortcuts [39m
[38;5;59m────────────────────────────────────────────────────────────────────────────────────────────────────────────────────────────────────────────────────────────[39m
 [38;5;217mYOLO[38;5;103m ctrl+y[39m                                                                                                                               [38;5;103m1 GEMINI.md file[39m
[38;5;217m────────────────────────────────────────────────────────────────────────────────────────────────────────────────────────────────────────────────────────────[39m
 [38;5;217m* [39mour [7m [27m
[38;5;217m────────────────────────────────────────────────────────────────────────────────────────────────────────────────────────────────────────────────────────────[39m
 /mnt/.../chojn/projects/kanbanAgents[38;5;103m (main*)[39m                                 [38;5;217mno sandbox[38;5;103m (see /docs)[39m                                 [38;5;103m/model [39mAuto (Gemini 3)
[3A[8G[3B[2K[1A[2K[1A[2K[1A[2K[1A[2K[1A[2K[1A[2K[1A[2K[1A[2K[G
                                                                                                                                           [38;5;103m ? for shortcuts [39m
[38;5;59m────────────────────────────────────────────────────────────────────────────────────────────────────────────────────────────────────────────────────────────[39m
 [38;5;217mYOLO[38;5;103m ctrl+y[39m                                                                                                                               [38;5;103m1 GEMINI.md file[39m
[38;5;217m────────────────────────────────────────────────────────────────────────────────────────────────────────────────────────────────────────────────────────────[39m
 [38;5;217m* [39mour[7m [27m
[38;5;217m────────────────────────────────────────────────────────────────────────────────────────────────────────────────────────────────────────────────────────────[39m
 /mnt/.../chojn/projects/kanbanAgents[38;5;103m (main*)[39m                                 [38;5;217mno sandbox[38;5;103m (see /docs)[39m                                 [38;5;103m/model [39mAuto (Gemini 3)
[3A[7G[3B[2K[1A[2K[1A[2K[1A[2K[1A[2K[1A[2K[1A[2K[1A[2K[1A[2K[G
                                                                                                                                           [38;5;103m ? for shortcuts [39m
[38;5;59m────────────────────────────────────────────────────────────────────────────────────────────────────────────────────────────────────────────────────────────[39m
 [38;5;217mYOLO[38;5;103m ctrl+y[39m                                                                                                                               [38;5;103m1 GEMINI.md file[39m
[38;5;217m────────────────────────────────────────────────────────────────────────────────────────────────────────────────────────────────────────────────────────────[39m
 [38;5;217m* [39mou[7m [27m
[38;5;217m────────────────────────────────────────────────────────────────────────────────────────────────────────────────────────────────────────────────────────────[39m
 /mnt/.../chojn/projects/kanbanAgents[38;5;103m (main*)[39m                                 [38;5;217mno sandbox[38;5;103m (see /docs)[39m                                 [38;5;103m/model [39mAuto (Gemini 3)
[3A[6G[3B[2K[1A[2K[1A[2K[1A[2K[1A[2K[1A[2K[1A[2K[1A[2K[1A[2K[G
                                                                                                                                           [38;5;103m ? for shortcuts [39m
[38;5;59m────────────────────────────────────────────────────────────────────────────────────────────────────────────────────────────────────────────────────────────[39m
 [38;5;217mYOLO[38;5;103m ctrl+y[39m                                                                                                                               [38;5;103m1 GEMINI.md file[39m
[38;5;217m────────────────────────────────────────────────────────────────────────────────────────────────────────────────────────────────────────────────────────────[39m
 [38;5;217m* [39mo[7m [27m
[38;5;217m────────────────────────────────────────────────────────────────────────────────────────────────────────────────────────────────────────────────────────────[39m
 /mnt/.../chojn/projects/kanbanAgents[38;5;103m (main*)[39m                                 [38;5;217mno sandbox[38;5;103m (see /docs)[39m                                 [38;5;103m/model [39mAuto (Gemini 3)
[3A[5G[3B[2K[1A[2K[1A[2K[1A[2K[1A[2K[1A[2K[1A[2K[1A[2K[1A[2K[G
                                                                                                                                           [38;5;103m ? for shortcuts [39m
[38;5;59m────────────────────────────────────────────────────────────────────────────────────────────────────────────────────────────────────────────────────────────[39m
 [38;5;217mYOLO[38;5;103m ctrl+y[39m                                                                                                                               [38;5;103m1 GEMINI.md file[39m
[38;5;217m────────────────────────────────────────────────────────────────────────────────────────────────────────────────────────────────────────────────────────────[39m
 [38;5;217m* [39m[7m [27m[38;5;103m Type your message or @path/to/file[39m
[38;5;217m────────────────────────────────────────────────────────────────────────────────────────────────────────────────────────────────────────────────────────────[39m
 /mnt/.../chojn/projects/kanbanAgents[38;5;103m (main*)[39m                                 [38;5;217mno sandbox[38;5;103m (see /docs)[39m                                 [38;5;103m/model [39mAuto (Gemini 3)
[3A[4G[3B[2K[1A[2K[1A[2K[1A[2K[1A[2K[1A[2K[1A[2K[1A[2K[1A[2K[G
                                                                                                                                           [38;5;103m ? for shortcuts [39m
[38;5;59m────────────────────────────────────────────────────────────────────────────────────────────────────────────────────────────────────────────────────────────[39m
 [38;5;217mYOLO[38;5;103m ctrl+y[39m                                                                                                                               [38;5;103m1 GEMINI.md file[39m
[38;5;217m────────────────────────────────────────────────────────────────────────────────────────────────────────────────────────────────────────────────────────────[39m
 [38;5;217m* [39my[7m [27m
[38;5;217m────────────────────────────────────────────────────────────────────────────────────────────────────────────────────────────────────────────────────────────[39m
 /mnt/.../chojn/projects/kanbanAgents[38;5;103m (main*)[39m                                 [38;5;217mno sandbox[38;5;103m (see /docs)[39m                                 [38;5;103m/model [39mAuto (Gemini 3)
[3A[5G[3B[2K[1A[2K[1A[2K[1A[2K[1A[2K[1A[2K[1A[2K[1A[2K[1A[2K[G
                                                                                                                                           [38;5;103m ? for shortcuts [39m
[38;5;59m────────────────────────────────────────────────────────────────────────────────────────────────────────────────────────────────────────────────────────────[39m
 [38;5;217mYOLO[38;5;103m ctrl+y[39m                                                                                                                               [38;5;103m1 GEMINI.md file[39m
[38;5;217m────────────────────────────────────────────────────────────────────────────────────────────────────────────────────────────────────────────────────────────[39m
 [38;5;217m* [39myo[7m [27m
[38;5;217m────────────────────────────────────────────────────────────────────────────────────────────────────────────────────────────────────────────────────────────[39m
 /mnt/.../chojn/projects/kanbanAgents[38;5;103m (main*)[39m                                 [38;5;217mno sandbox[38;5;103m (see /docs)[39m                                 [38;5;103m/model [39mAuto (Gemini 3)
[3A[6G[3B[2K[1A[2K[1A[2K[1A[2K[1A[2K[1A[2K[1A[2K[1A[2K[1A[2K[G
                                                                                                                                           [38;5;103m ? for shortcuts [39m
[38;5;59m────────────────────────────────────────────────────────────────────────────────────────────────────────────────────────────────────────────────────────────[39m
 [38;5;217mYOLO[38;5;103m ctrl+y[39m                                                                                                                               [38;5;103m1 GEMINI.md file[39m
[38;5;217m────────────────────────────────────────────────────────────────────────────────────────────────────────────────────────────────────────────────────────────[39m
 [38;5;217m* [39myou[7m [27m
[38;5;217m────────────────────────────────────────────────────────────────────────────────────────────────────────────────────────────────────────────────────────────[39m
 /mnt/.../chojn/projects/kanbanAgents[38;5;103m (main*)[39m                                 [38;5;217mno sandbox[38;5;103m (see /docs)[39m                                 [38;5;103m/model [39mAuto (Gemini 3)
[3A[7G[3B[2K[1A[2K[1A[2K[1A[2K[1A[2K[1A[2K[1A[2K[1A[2K[1A[2K[G
                                                                                                                                           [38;5;103m ? for shortcuts [39m
[38;5;59m────────────────────────────────────────────────────────────────────────────────────────────────────────────────────────────────────────────────────────────[39m
 [38;5;217mYOLO[38;5;103m ctrl+y[39m                                                                                                                               [38;5;103m1 GEMINI.md file[39m
[38;5;217m────────────────────────────────────────────────────────────────────────────────────────────────────────────────────────────────────────────────────────────[39m
 [38;5;217m* [39myour[7m [27m
[38;5;217m────────────────────────────────────────────────────────────────────────────────────────────────────────────────────────────────────────────────────────────[39m
 /mnt/.../chojn/projects/kanbanAgents[38;5;103m (main*)[39m                                 [38;5;217mno sandbox[38;5;103m (see /docs)[39m                                 [38;5;103m/model [39mAuto (Gemini 3)
[3A[8G[3B[2K[1A[2K[1A[2K[1A[2K[1A[2K[1A[2K[1A[2K[1A[2K[1A[2K[G
                                                                                                                                           [38;5;103m ? for shortcuts [39m
[38;5;59m────────────────────────────────────────────────────────────────────────────────────────────────────────────────────────────────────────────────────────────[39m
 [38;5;217mYOLO[38;5;103m ctrl+y[39m                                                                                                                               [38;5;103m1 GEMINI.md file[39m
[38;5;217m────────────────────────────────────────────────────────────────────────────────────────────────────────────────────────────────────────────────────────────[39m
 [38;5;217m* [39myour [7m [27m
[38;5;217m────────────────────────────────────────────────────────────────────────────────────────────────────────────────────────────────────────────────────────────[39m
 /mnt/.../chojn/projects/kanbanAgents[38;5;103m (main*)[39m                                 [38;5;217mno sandbox[38;5;103m (see /docs)[39m                                 [38;5;103m/model [39mAuto (Gemini 3)
[3A[9G[3B[2K[1A[2K[1A[2K[1A[2K[1A[2K[1A[2K[1A[2K[1A[2K[1A[2K[G
                                                                                                                                           [38;5;103m ? for shortcuts [39m
[38;5;59m────────────────────────────────────────────────────────────────────────────────────────────────────────────────────────────────────────────────────────────[39m
 [38;5;217mYOLO[38;5;103m ctrl+y[39m                                                                                                                               [38;5;103m1 GEMINI.md file[39m
[38;5;217m────────────────────────────────────────────────────────────────────────────────────────────────────────────────────────────────────────────────────────────[39m
 [38;5;217m* [39myour t[7m [27m
[38;5;217m────────────────────────────────────────────────────────────────────────────────────────────────────────────────────────────────────────────────────────────[39m
 /mnt/.../chojn/projects/kanbanAgents[38;5;103m (main*)[39m                                 [38;5;217mno sandbox[38;5;103m (see /docs)[39m                                 [38;5;103m/model [39mAuto (Gemini 3)
[3A[10G[3B[2K[1A[2K[1A[2K[1A[2K[1A[2K[1A[2K[1A[2K[1A[2K[1A[2K[G
                                                                                                                                           [38;5;103m ? for shortcuts [39m
[38;5;59m────────────────────────────────────────────────────────────────────────────────────────────────────────────────────────────────────────────────────────────[39m
 [38;5;217mYOLO[38;5;103m ctrl+y[39m                                                                                                                               [38;5;103m1 GEMINI.md file[39m
[38;5;217m────────────────────────────────────────────────────────────────────────────────────────────────────────────────────────────────────────────────────────────[39m
 [38;5;217m* [39myour ta[7m [27m
[38;5;217m────────────────────────────────────────────────────────────────────────────────────────────────────────────────────────────────────────────────────────────[39m
 /mnt/.../chojn/projects/kanbanAgents[38;5;103m (main*)[39m                                 [38;5;217mno sandbox[38;5;103m (see /docs)[39m                                 [38;5;103m/model [39mAuto (Gemini 3)
[3A[11G[3B[2K[1A[2K[1A[2K[1A[2K[1A[2K[1A[2K[1A[2K[1A[2K[1A[2K[G
                                                                                                                                           [38;5;103m ? for shortcuts [39m
[38;5;59m────────────────────────────────────────────────────────────────────────────────────────────────────────────────────────────────────────────────────────────[39m
 [38;5;217mYOLO[38;5;103m ctrl+y[39m                                                                                                                               [38;5;103m1 GEMINI.md file[39m
[38;5;217m────────────────────────────────────────────────────────────────────────────────────────────────────────────────────────────────────────────────────────────[39m
 [38;5;217m* [39myour tas[7m [27m
[38;5;217m────────────────────────────────────────────────────────────────────────────────────────────────────────────────────────────────────────────────────────────[39m
 /mnt/.../chojn/projects/kanbanAgents[38;5;103m (main*)[39m                                 [38;5;217mno sandbox[38;5;103m (see /docs)[39m                                 [38;5;103m/model [39mAuto (Gemini 3)
[3A[12G[3B[2K[1A[2K[1A[2K[1A[2K[1A[2K[1A[2K[1A[2K[1A[2K[1A[2K[G
                                                                                                                                           [38;5;103m ? for shortcuts [39m
[38;5;59m────────────────────────────────────────────────────────────────────────────────────────────────────────────────────────────────────────────────────────────[39m
 [38;5;217mYOLO[38;5;103m ctrl+y[39m                                                                                                                               [38;5;103m1 GEMINI.md file[39m
[38;5;217m────────────────────────────────────────────────────────────────────────────────────────────────────────────────────────────────────────────────────────────[39m
 [38;5;217m* [39myour task[7m [27m
[38;5;217m────────────────────────────────────────────────────────────────────────────────────────────────────────────────────────────────────────────────────────────[39m
 /mnt/.../chojn/projects/kanbanAgents[38;5;103m (main*)[39m                                 [38;5;217mno sandbox[38;5;103m (see /docs)[39m                                 [38;5;103m/model [39mAuto (Gemini 3)
[3A[13G[3B[2K[1A[2K[1A[2K[1A[2K[1A[2K[1A[2K[1A[2K[1A[2K[1A[2K[G
                                                                                                                                           [38;5;103m ? for shortcuts [39m
[38;5;59m────────────────────────────────────────────────────────────────────────────────────────────────────────────────────────────────────────────────────────────[39m
 [38;5;217mYOLO[38;5;103m ctrl+y[39m                                                                                                                               [38;5;103m1 GEMINI.md file[39m
[38;5;217m────────────────────────────────────────────────────────────────────────────────────────────────────────────────────────────────────────────────────────────[39m
 [38;5;217m* [39myour task [7m [27m
[38;5;217m────────────────────────────────────────────────────────────────────────────────────────────────────────────────────────────────────────────────────────────[39m
 /mnt/.../chojn/projects/kanbanAgents[38;5;103m (main*)[39m                                 [38;5;217mno sandbox[38;5;103m (see /docs)[39m                                 [38;5;103m/model [39mAuto (Gemini 3)
[3A[14G[3B[2K[1A[2K[1A[2K[1A[2K[1A[2K[1A[2K[1A[2K[1A[2K[1A[2K[G
                                                                                                                                           [38;5;103m ? for shortcuts [39m
[38;5;59m────────────────────────────────────────────────────────────────────────────────────────────────────────────────────────────────────────────────────────────[39m
 [38;5;217mYOLO[38;5;103m ctrl+y[39m                                                                                                                               [38;5;103m1 GEMINI.md file[39m
[38;5;217m────────────────────────────────────────────────────────────────────────────────────────────────────────────────────────────────────────────────────────────[39m
 [38;5;217m* [39myour task i[7m [27m
[38;5;217m────────────────────────────────────────────────────────────────────────────────────────────────────────────────────────────────────────────────────────────[39m
 /mnt/.../chojn/projects/kanbanAgents[38;5;103m (main*)[39m                                 [38;5;217mno sandbox[38;5;103m (see /docs)[39m                                 [38;5;103m/model [39mAuto (Gemini 3)
[3A[15G[3B[2K[1A[2K[1A[2K[1A[2K[1A[2K[1A[2K[1A[2K[1A[2K[1A[2K[G
                                                                                                                                           [38;5;103m ? for shortcuts [39m
[38;5;59m────────────────────────────────────────────────────────────────────────────────────────────────────────────────────────────────────────────────────────────[39m
 [38;5;217mYOLO[38;5;103m ctrl+y[39m                                                                                                                               [38;5;103m1 GEMINI.md file[39m
[38;5;217m────────────────────────────────────────────────────────────────────────────────────────────────────────────────────────────────────────────────────────────[39m
 [38;5;217m* [39myour task is[7m [27m
[38;5;217m────────────────────────────────────────────────────────────────────────────────────────────────────────────────────────────────────────────────────────────[39m
 /mnt/.../chojn/projects/kanbanAgents[38;5;103m (main*)[39m                                 [38;5;217mno sandbox[38;5;103m (see /docs)[39m                                 [38;5;103m/model [39mAuto (Gemini 3)
[3A[16G[3B[2K[1A[2K[1A[2K[1A[2K[1A[2K[1A[2K[1A[2K[1A[2K[1A[2K[G
                                                                                                                                           [38;5;103m ? for shortcuts [39m
[38;5;59m────────────────────────────────────────────────────────────────────────────────────────────────────────────────────────────────────────────────────────────[39m
 [38;5;217mYOLO[38;5;103m ctrl+y[39m                                                                                                                               [38;5;103m1 GEMINI.md file[39m
[38;5;217m────────────────────────────────────────────────────────────────────────────────────────────────────────────────────────────────────────────────────────────[39m
 [38;5;217m* [39myour task is [7m [27m
[38;5;217m────────────────────────────────────────────────────────────────────────────────────────────────────────────────────────────────────────────────────────────[39m
 /mnt/.../chojn/projects/kanbanAgents[38;5;103m (main*)[39m                                 [38;5;217mno sandbox[38;5;103m (see /docs)[39m                                 [38;5;103m/model [39mAuto (Gemini 3)
[3A[17G[3B[2K[1A[2K[1A[2K[1A[2K[1A[2K[1A[2K[1A[2K[1A[2K[1A[2K[G
                                                                                                                                           [38;5;103m ? for shortcuts [39m
[38;5;59m────────────────────────────────────────────────────────────────────────────────────────────────────────────────────────────────────────────────────────────[39m
 [38;5;217mYOLO[38;5;103m ctrl+y[39m                                                                                                                               [38;5;103m1 GEMINI.md file[39m
[38;5;217m────────────────────────────────────────────────────────────────────────────────────────────────────────────────────────────────────────────────────────────[39m
 [38;5;217m* [39myour task is t[7m [27m
[38;5;217m────────────────────────────────────────────────────────────────────────────────────────────────────────────────────────────────────────────────────────────[39m
 /mnt/.../chojn/projects/kanbanAgents[38;5;103m (main*)[39m                                 [38;5;217mno sandbox[38;5;103m (see /docs)[39m                                 [38;5;103m/model [39mAuto (Gemini 3)
[3A[18G[3B[2K[1A[2K[1A[2K[1A[2K[1A[2K[1A[2K[1A[2K[1A[2K[1A[2K[G
                                                                                                                                           [38;5;103m ? for shortcuts [39m
[38;5;59m────────────────────────────────────────────────────────────────────────────────────────────────────────────────────────────────────────────────────────────[39m
 [38;5;217mYOLO[38;5;103m ctrl+y[39m                                                                                                                               [38;5;103m1 GEMINI.md file[39m
[38;5;217m────────────────────────────────────────────────────────────────────────────────────────────────────────────────────────────────────────────────────────────[39m
 [38;5;217m* [39myour task is to[7m [27m
[38;5;217m────────────────────────────────────────────────────────────────────────────────────────────────────────────────────────────────────────────────────────────[39m
 /mnt/.../chojn/projects/kanbanAgents[38;5;103m (main*)[39m                                 [38;5;217mno sandbox[38;5;103m (see /docs)[39m                                 [38;5;103m/model [39mAuto (Gemini 3)
[3A[19G[3B[2K[1A[2K[1A[2K[1A[2K[1A[2K[1A[2K[1A[2K[1A[2K[1A[2K[G
                                                                                                                                           [38;5;103m ? for shortcuts [39m
[38;5;59m────────────────────────────────────────────────────────────────────────────────────────────────────────────────────────────────────────────────────────────[39m
 [38;5;217mYOLO[38;5;103m ctrl+y[39m                                                                                                                               [38;5;103m1 GEMINI.md file[39m
[38;5;217m────────────────────────────────────────────────────────────────────────────────────────────────────────────────────────────────────────────────────────────[39m
 [38;5;217m* [39myour task is to [7m [27m
[38;5;217m────────────────────────────────────────────────────────────────────────────────────────────────────────────────────────────────────────────────────────────[39m
 /mnt/.../chojn/projects/kanbanAgents[38;5;103m (main*)[39m                                 [38;5;217mno sandbox[38;5;103m (see /docs)[39m                                 [38;5;103m/model [39mAuto (Gemini 3)
[3A[20G[3B[2K[1A[2K[1A[2K[1A[2K[1A[2K[1A[2K[1A[2K[1A[2K[1A[2K[G
                                                                                                                                           [38;5;103m ? for shortcuts [39m
[38;5;59m────────────────────────────────────────────────────────────────────────────────────────────────────────────────────────────────────────────────────────────[39m
 [38;5;217mYOLO[38;5;103m ctrl+y[39m                                                                                                                               [38;5;103m1 GEMINI.md file[39m
[38;5;217m────────────────────────────────────────────────────────────────────────────────────────────────────────────────────────────────────────────────────────────[39m
 [38;5;217m* [39myour task is to s[7m [27m
[38;5;217m────────────────────────────────────────────────────────────────────────────────────────────────────────────────────────────────────────────────────────────[39m
 /mnt/.../chojn/projects/kanbanAgents[38;5;103m (main*)[39m                                 [38;5;217mno sandbox[38;5;103m (see /docs)[39m                                 [38;5;103m/model [39mAuto (Gemini 3)
[3A[21G[3B[2K[1A[2K[1A[2K[1A[2K[1A[2K[1A[2K[1A[2K[1A[2K[1A[2K[G
                                                                                                                                           [38;5;103m ? for shortcuts [39m
[38;5;59m────────────────────────────────────────────────────────────────────────────────────────────────────────────────────────────────────────────────────────────[39m
 [38;5;217mYOLO[38;5;103m ctrl+y[39m                                                                                                                               [38;5;103m1 GEMINI.md file[39m
[38;5;217m────────────────────────────────────────────────────────────────────────────────────────────────────────────────────────────────────────────────────────────[39m
 [38;5;217m* [39myour task is to st[7m [27m
[38;5;217m────────────────────────────────────────────────────────────────────────────────────────────────────────────────────────────────────────────────────────────[39m
 /mnt/.../chojn/projects/kanbanAgents[38;5;103m (main*)[39m                                 [38;5;217mno sandbox[38;5;103m (see /docs)[39m                                 [38;5;103m/model [39mAuto (Gemini 3)
[3A[22G[3B[2K[1A[2K[1A[2K[1A[2K[1A[2K[1A[2K[1A[2K[1A[2K[1A[2K[G
                                                                                                                                           [38;5;103m ? for shortcuts [39m
[38;5;59m────────────────────────────────────────────────────────────────────────────────────────────────────────────────────────────────────────────────────────────[39m
 [38;5;217mYOLO[38;5;103m ctrl+y[39m                                                                                                                               [38;5;103m1 GEMINI.md file[39m
[38;5;217m────────────────────────────────────────────────────────────────────────────────────────────────────────────────────────────────────────────────────────────[39m
 [38;5;217m* [39myour task is to stu[7m [27m
[38;5;217m────────────────────────────────────────────────────────────────────────────────────────────────────────────────────────────────────────────────────────────[39m
 /mnt/.../chojn/projects/kanbanAgents[38;5;103m (main*)[39m                                 [38;5;217mno sandbox[38;5;103m (see /docs)[39m                                 [38;5;103m/model [39mAuto (Gemini 3)
[3A[23G[3B[2K[1A[2K[1A[2K[1A[2K[1A[2K[1A[2K[1A[2K[1A[2K[1A[2K[G
                                                                                                                                           [38;5;103m ? for shortcuts [39m
[38;5;59m────────────────────────────────────────────────────────────────────────────────────────────────────────────────────────────────────────────────────────────[39m
 [38;5;217mYOLO[38;5;103m ctrl+y[39m                                                                                                                               [38;5;103m1 GEMINI.md file[39m
[38;5;217m────────────────────────────────────────────────────────────────────────────────────────────────────────────────────────────────────────────────────────────[39m
 [38;5;217m* [39myour task is to stud[7m [27m
[38;5;217m────────────────────────────────────────────────────────────────────────────────────────────────────────────────────────────────────────────────────────────[39m
 /mnt/.../chojn/projects/kanbanAgents[38;5;103m (main*)[39m                                 [38;5;217mno sandbox[38;5;103m (see /docs)[39m                                 [38;5;103m/model [39mAuto (Gemini 3)
[3A[24G[3B[2K[1A[2K[1A[2K[1A[2K[1A[2K[1A[2K[1A[2K[1A[2K[1A[2K[G
                                                                                                                                           [38;5;103m ? for shortcuts [39m
[38;5;59m────────────────────────────────────────────────────────────────────────────────────────────────────────────────────────────────────────────────────────────[39m
 [38;5;217mYOLO[38;5;103m ctrl+y[39m                                                                                                                               [38;5;103m1 GEMINI.md file[39m
[38;5;217m────────────────────────────────────────────────────────────────────────────────────────────────────────────────────────────────────────────────────────────[39m
 [38;5;217m* [39myour task is to study[7m [27m
[38;5;217m────────────────────────────────────────────────────────────────────────────────────────────────────────────────────────────────────────────────────────────[39m
 /mnt/.../chojn/projects/kanbanAgents[38;5;103m (main*)[39m                                 [38;5;217mno sandbox[38;5;103m (see /docs)[39m                                 [38;5;103m/model [39mAuto (Gemini 3)
[3A[25G[3B[2K[1A[2K[1A[2K[1A[2K[1A[2K[1A[2K[1A[2K[1A[2K[1A[2K[G
                                                                                                                                           [38;5;103m ? for shortcuts [39m
[38;5;59m────────────────────────────────────────────────────────────────────────────────────────────────────────────────────────────────────────────────────────────[39m
 [38;5;217mYOLO[38;5;103m ctrl+y[39m                                                                                                                               [38;5;103m1 GEMINI.md file[39m
[38;5;217m────────────────────────────────────────────────────────────────────────────────────────────────────────────────────────────────────────────────────────────[39m
 [38;5;217m* [39myour task is to study [7m [27m
[38;5;217m────────────────────────────────────────────────────────────────────────────────────────────────────────────────────────────────────────────────────────────[39m
 /mnt/.../chojn/projects/kanbanAgents[38;5;103m (main*)[39m                                 [38;5;217mno sandbox[38;5;103m (see /docs)[39m                                 [38;5;103m/model [39mAuto (Gemini 3)
[3A[26G[3B[2K[1A[2K[1A[2K[1A[2K[1A[2K[1A[2K[1A[2K[1A[2K[1A[2K[G
                                                                                                                                           [38;5;103m ? for shortcuts [39m
[38;5;59m────────────────────────────────────────────────────────────────────────────────────────────────────────────────────────────────────────────────────────────[39m
 [38;5;217mYOLO[38;5;103m ctrl+y[39m                                                                                                                               [38;5;103m1 GEMINI.md file[39m
[38;5;217m────────────────────────────────────────────────────────────────────────────────────────────────────────────────────────────────────────────────────────────[39m
 [38;5;217m* [39myour task is to study t[7m [27m
[38;5;217m────────────────────────────────────────────────────────────────────────────────────────────────────────────────────────────────────────────────────────────[39m
 /mnt/.../chojn/projects/kanbanAgents[38;5;103m (main*)[39m                                 [38;5;217mno sandbox[38;5;103m (see /docs)[39m                                 [38;5;103m/model [39mAuto (Gemini 3)
[3A[27G[3B[2K[1A[2K[1A[2K[1A[2K[1A[2K[1A[2K[1A[2K[1A[2K[1A[2K[G
                                                                                                                                           [38;5;103m ? for shortcuts [39m
[38;5;59m────────────────────────────────────────────────────────────────────────────────────────────────────────────────────────────────────────────────────────────[39m
 [38;5;217mYOLO[38;5;103m ctrl+y[39m                                                                                                                               [38;5;103m1 GEMINI.md file[39m
[38;5;217m────────────────────────────────────────────────────────────────────────────────────────────────────────────────────────────────────────────────────────────[39m
 [38;5;217m* [39myour task is to study th[7m [27m
[38;5;217m────────────────────────────────────────────────────────────────────────────────────────────────────────────────────────────────────────────────────────────[39m
 /mnt/.../chojn/projects/kanbanAgents[38;5;103m (main*)[39m                                 [38;5;217mno sandbox[38;5;103m (see /docs)[39m                                 [38;5;103m/model [39mAuto (Gemini 3)
[3A[28G[3B[2K[1A[2K[1A[2K[1A[2K[1A[2K[1A[2K[1A[2K[1A[2K[1A[2K[G
                                                                                                                                           [38;5;103m ? for shortcuts [39m
[38;5;59m────────────────────────────────────────────────────────────────────────────────────────────────────────────────────────────────────────────────────────────[39m
 [38;5;217mYOLO[38;5;103m ctrl+y[39m                                                                                                                               [38;5;103m1 GEMINI.md file[39m
[38;5;217m────────────────────────────────────────────────────────────────────────────────────────────────────────────────────────────────────────────────────────────[39m
 [38;5;217m* [39myour task is to study the[7m [27m
[38;5;217m────────────────────────────────────────────────────────────────────────────────────────────────────────────────────────────────────────────────────────────[39m
 /mnt/.../chojn/projects/kanbanAgents[38;5;103m (main*)[39m                                 [38;5;217mno sandbox[38;5;103m (see /docs)[39m                                 [38;5;103m/model [39mAuto (Gemini 3)
[3A[29G[3B[2K[1A[2K[1A[2K[1A[2K[1A[2K[1A[2K[1A[2K[1A[2K[1A[2K[G
                                                                                                                                           [38;5;103m ? for shortcuts [39m
[38;5;59m────────────────────────────────────────────────────────────────────────────────────────────────────────────────────────────────────────────────────────────[39m
 [38;5;217mYOLO[38;5;103m ctrl+y[39m                                                                                                                               [38;5;103m1 GEMINI.md file[39m
[38;5;217m────────────────────────────────────────────────────────────────────────────────────────────────────────────────────────────────────────────────────────────[39m
 [38;5;217m* [39myour task is to study the [7m [27m
[38;5;217m────────────────────────────────────────────────────────────────────────────────────────────────────────────────────────────────────────────────────────────[39m
 /mnt/.../chojn/projects/kanbanAgents[38;5;103m (main*)[39m                                 [38;5;217mno sandbox[38;5;103m (see /docs)[39m                                 [38;5;103m/model [39mAuto (Gemini 3)
[3A[30G[3B[2K[1A[2K[1A[2K[1A[2K[1A[2K[1A[2K[1A[2K[1A[2K[1A[2K[G
                                                                                                                                           [38;5;103m ? for shortcuts [39m
[38;5;59m────────────────────────────────────────────────────────────────────────────────────────────────────────────────────────────────────────────────────────────[39m
 [38;5;217mYOLO[38;5;103m ctrl+y[39m                                                                                                                               [38;5;103m1 GEMINI.md file[39m
[38;5;217m────────────────────────────────────────────────────────────────────────────────────────────────────────────────────────────────────────────────────────────[39m
 [38;5;217m* [39myour task is to study the l[7m [27m
[38;5;217m────────────────────────────────────────────────────────────────────────────────────────────────────────────────────────────────────────────────────────────[39m
 /mnt/.../chojn/projects/kanbanAgents[38;5;103m (main*)[39m                                 [38;5;217mno sandbox[38;5;103m (see /docs)[39m                                 [38;5;103m/model [39mAuto (Gemini 3)
[3A[31G[3B[2K[1A[2K[1A[2K[1A[2K[1A[2K[1A[2K[1A[2K[1A[2K[1A[2K[G
                                                                                                                                           [38;5;103m ? for shortcuts [39m
[38;5;59m────────────────────────────────────────────────────────────────────────────────────────────────────────────────────────────────────────────────────────────[39m
 [38;5;217mYOLO[38;5;103m ctrl+y[39m                                                                                                                               [38;5;103m1 GEMINI.md file[39m
[38;5;217m────────────────────────────────────────────────────────────────────────────────────────────────────────────────────────────────────────────────────────────[39m
 [38;5;217m* [39myour task is to study the lo[7m [27m
[38;5;217m────────────────────────────────────────────────────────────────────────────────────────────────────────────────────────────────────────────────────────────[39m
 /mnt/.../chojn/projects/kanbanAgents[38;5;103m (main*)[39m                                 [38;5;217mno sandbox[38;5;103m (see /docs)[39m                                 [38;5;103m/model [39mAuto (Gemini 3)
[3A[32G[3B[2K[1A[2K[1A[2K[1A[2K[1A[2K[1A[2K[1A[2K[1A[2K[1A[2K[G
                                                                                                                                           [38;5;103m ? for shortcuts [39m
[38;5;59m────────────────────────────────────────────────────────────────────────────────────────────────────────────────────────────────────────────────────────────[39m
 [38;5;217mYOLO[38;5;103m ctrl+y[39m                                                                                                                               [38;5;103m1 GEMINI.md file[39m
[38;5;217m────────────────────────────────────────────────────────────────────────────────────────────────────────────────────────────────────────────────────────────[39m
 [38;5;217m* [39myour task is to study the log[7m [27m
[38;5;217m────────────────────────────────────────────────────────────────────────────────────────────────────────────────────────────────────────────────────────────[39m
 /mnt/.../chojn/projects/kanbanAgents[38;5;103m (main*)[39m                                 [38;5;217mno sandbox[38;5;103m (see /docs)[39m                                 [38;5;103m/model [39mAuto (Gemini 3)
[3A[33G[3B[2K[1A[2K[1A[2K[1A[2K[1A[2K[1A[2K[1A[2K[1A[2K[1A[2K[G
                                                                                                                                           [38;5;103m ? for shortcuts [39m
[38;5;59m────────────────────────────────────────────────────────────────────────────────────────────────────────────────────────────────────────────────────────────[39m
 [38;5;217mYOLO[38;5;103m ctrl+y[39m                                                                                                                               [38;5;103m1 GEMINI.md file[39m
[38;5;217m────────────────────────────────────────────────────────────────────────────────────────────────────────────────────────────────────────────────────────────[39m
 [38;5;217m* [39myour task is to study the logs[7m [27m
[38;5;217m────────────────────────────────────────────────────────────────────────────────────────────────────────────────────────────────────────────────────────────[39m
 /mnt/.../chojn/projects/kanbanAgents[38;5;103m (main*)[39m                                 [38;5;217mno sandbox[38;5;103m (see /docs)[39m                                 [38;5;103m/model [39mAuto (Gemini 3)
[3A[34G[3B[2K[1A[2K[1A[2K[1A[2K[1A[2K[1A[2K[1A[2K[1A[2K[1A[2K[G
                                                                                                                                           [38;5;103m ? for shortcuts [39m
[38;5;59m────────────────────────────────────────────────────────────────────────────────────────────────────────────────────────────────────────────────────────────[39m
 [38;5;217mYOLO[38;5;103m ctrl+y[39m                                                                                                                               [38;5;103m1 GEMINI.md file[39m
[38;5;217m────────────────────────────────────────────────────────────────────────────────────────────────────────────────────────────────────────────────────────────[39m
 [38;5;217m* [39myour task is to study the logs [7m [27m
[38;5;217m────────────────────────────────────────────────────────────────────────────────────────────────────────────────────────────────────────────────────────────[39m
 /mnt/.../chojn/projects/kanbanAgents[38;5;103m (main*)[39m                                 [38;5;217mno sandbox[38;5;103m (see /docs)[39m                                 [38;5;103m/model [39mAuto (Gemini 3)
[3A[35G[3B[2K[1A[2K[1A[2K[1A[2K[1A[2K[1A[2K[1A[2K[1A[2K[1A[2K[G
                                                                                                                                           [38;5;103m ? for shortcuts [39m
[38;5;59m────────────────────────────────────────────────────────────────────────────────────────────────────────────────────────────────────────────────────────────[39m
 [38;5;217mYOLO[38;5;103m ctrl+y[39m                                                                                                                               [38;5;103m1 GEMINI.md file[39m
[38;5;217m────────────────────────────────────────────────────────────────────────────────────────────────────────────────────────────────────────────────────────────[39m
 [38;5;217m* [39myour task is to study the logs c[7m [27m
[38;5;217m────────────────────────────────────────────────────────────────────────────────────────────────────────────────────────────────────────────────────────────[39m
 /mnt/.../chojn/projects/kanbanAgents[38;5;103m (main*)[39m                                 [38;5;217mno sandbox[38;5;103m (see /docs)[39m                                 [38;5;103m/model [39mAuto (Gemini 3)
[3A[36G[3B[2K[1A[2K[1A[2K[1A[2K[1A[2K[1A[2K[1A[2K[1A[2K[1A[2K[G
                                                                                                                                           [38;5;103m ? for shortcuts [39m
[38;5;59m────────────────────────────────────────────────────────────────────────────────────────────────────────────────────────────────────────────────────────────[39m
 [38;5;217mYOLO[38;5;103m ctrl+y[39m                                                                                                                               [38;5;103m1 GEMINI.md file[39m
[38;5;217m────────────────────────────────────────────────────────────────────────────────────────────────────────────────────────────────────────────────────────────[39m
 [38;5;217m* [39myour task is to study the logs cr[7m [27m
[38;5;217m────────────────────────────────────────────────────────────────────────────────────────────────────────────────────────────────────────────────────────────[39m
 /mnt/.../chojn/projects/kanbanAgents[38;5;103m (main*)[39m                                 [38;5;217mno sandbox[38;5;103m (see /docs)[39m                                 [38;5;103m/model [39mAuto (Gemini 3)
[3A[37G[3B[2K[1A[2K[1A[2K[1A[2K[1A[2K[1A[2K[1A[2K[1A[2K[1A[2K[G
                                                                                                                                           [38;5;103m ? for shortcuts [39m
[38;5;59m────────────────────────────────────────────────────────────────────────────────────────────────────────────────────────────────────────────────────────────[39m
 [38;5;217mYOLO[38;5;103m ctrl+y[39m                                                                                                                               [38;5;103m1 GEMINI.md file[39m
[38;5;217m────────────────────────────────────────────────────────────────────────────────────────────────────────────────────────────────────────────────────────────[39m
 [38;5;217m* [39myour task is to study the logs cre[7m [27m
[38;5;217m────────────────────────────────────────────────────────────────────────────────────────────────────────────────────────────────────────────────────────────[39m
 /mnt/.../chojn/projects/kanbanAgents[38;5;103m (main*)[39m                                 [38;5;217mno sandbox[38;5;103m (see /docs)[39m                                 [38;5;103m/model [39mAuto (Gemini 3)
[3A[38G[3B[2K[1A[2K[1A[2K[1A[2K[1A[2K[1A[2K[1A[2K[1A[2K[1A[2K[G
                                                                                                                                           [38;5;103m ? for shortcuts [39m
[38;5;59m────────────────────────────────────────────────────────────────────────────────────────────────────────────────────────────────────────────────────────────[39m
 [38;5;217mYOLO[38;5;103m ctrl+y[39m                                                                                                                               [38;5;103m1 GEMINI.md file[39m
[38;5;217m────────────────────────────────────────────────────────────────────────────────────────────────────────────────────────────────────────────────────────────[39m
 [38;5;217m* [39myour task is to study the logs crea[7m [27m
[38;5;217m────────────────────────────────────────────────────────────────────────────────────────────────────────────────────────────────────────────────────────────[39m
 /mnt/.../chojn/projects/kanbanAgents[38;5;103m (main*)[39m                                 [38;5;217mno sandbox[38;5;103m (see /docs)[39m                                 [38;5;103m/model [39mAuto (Gemini 3)
[3A[39G[3B[2K[1A[2K[1A[2K[1A[2K[1A[2K[1A[2K[1A[2K[1A[2K[1A[2K[G
                                                                                                                                           [38;5;103m ? for shortcuts [39m
[38;5;59m────────────────────────────────────────────────────────────────────────────────────────────────────────────────────────────────────────────────────────────[39m
 [38;5;217mYOLO[38;5;103m ctrl+y[39m                                                                                                                               [38;5;103m1 GEMINI.md file[39m
[38;5;217m────────────────────────────────────────────────────────────────────────────────────────────────────────────────────────────────────────────────────────────[39m
 [38;5;217m* [39myour task is to study the logs creat[7m [27m
[38;5;217m────────────────────────────────────────────────────────────────────────────────────────────────────────────────────────────────────────────────────────────[39m
 /mnt/.../chojn/projects/kanbanAgents[38;5;103m (main*)[39m                                 [38;5;217mno sandbox[38;5;103m (see /docs)[39m                                 [38;5;103m/model [39mAuto (Gemini 3)
[3A[40G[3B[2K[1A[2K[1A[2K[1A[2K[1A[2K[1A[2K[1A[2K[1A[2K[1A[2K[G
                                                                                                                                           [38;5;103m ? for shortcuts [39m
[38;5;59m────────────────────────────────────────────────────────────────────────────────────────────────────────────────────────────────────────────────────────────[39m
 [38;5;217mYOLO[38;5;103m ctrl+y[39m                                                                                                                               [38;5;103m1 GEMINI.md file[39m
[38;5;217m────────────────────────────────────────────────────────────────────────────────────────────────────────────────────────────────────────────────────────────[39m
 [38;5;217m* [39myour task is to study the logs create[7m [27m
[38;5;217m────────────────────────────────────────────────────────────────────────────────────────────────────────────────────────────────────────────────────────────[39m
 /mnt/.../chojn/projects/kanbanAgents[38;5;103m (main*)[39m                                 [38;5;217mno sandbox[38;5;103m (see /docs)[39m                                 [38;5;103m/model [39mAuto (Gemini 3)
[3A[41G[3B[2K[1A[2K[1A[2K[1A[2K[1A[2K[1A[2K[1A[2K[1A[2K[1A[2K[G
                                                                                                                                           [38;5;103m ? for shortcuts [39m
[38;5;59m────────────────────────────────────────────────────────────────────────────────────────────────────────────────────────────────────────────────────────────[39m
 [38;5;217mYOLO[38;5;103m ctrl+y[39m                                                                                                                               [38;5;103m1 GEMINI.md file[39m
[38;5;217m────────────────────────────────────────────────────────────────────────────────────────────────────────────────────────────────────────────────────────────[39m
 [38;5;217m* [39myour task is to study the logs created[7m [27m
[38;5;217m────────────────────────────────────────────────────────────────────────────────────────────────────────────────────────────────────────────────────────────[39m
 /mnt/.../chojn/projects/kanbanAgents[38;5;103m (main*)[39m                                 [38;5;217mno sandbox[38;5;103m (see /docs)[39m                                 [38;5;103m/model [39mAuto (Gemini 3)
[3A[42G[3B[2K[1A[2K[1A[2K[1A[2K[1A[2K[1A[2K[1A[2K[1A[2K[1A[2K[G
                                                                                                                                           [38;5;103m ? for shortcuts [39m
[38;5;59m────────────────────────────────────────────────────────────────────────────────────────────────────────────────────────────────────────────────────────────[39m
 [38;5;217mYOLO[38;5;103m ctrl+y[39m                                                                                                                               [38;5;103m1 GEMINI.md file[39m
[38;5;217m────────────────────────────────────────────────────────────────────────────────────────────────────────────────────────────────────────────────────────────[39m
 [38;5;217m* [39myour task is to study the logs created [7m [27m
[38;5;217m────────────────────────────────────────────────────────────────────────────────────────────────────────────────────────────────────────────────────────────[39m
 /mnt/.../chojn/projects/kanbanAgents[38;5;103m (main*)[39m                                 [38;5;217mno sandbox[38;5;103m (see /docs)[39m                                 [38;5;103m/model [39mAuto (Gemini 3)
[3A[43G[3B[2K[1A[2K[1A[2K[1A[2K[1A[2K[1A[2K[1A[2K[1A[2K[1A[2K[G
                                                                                                                                           [38;5;103m ? for shortcuts [39m
[38;5;59m────────────────────────────────────────────────────────────────────────────────────────────────────────────────────────────────────────────────────────────[39m
 [38;5;217mYOLO[38;5;103m ctrl+y[39m                                                                                                                               [38;5;103m1 GEMINI.md file[39m
[38;5;217m────────────────────────────────────────────────────────────────────────────────────────────────────────────────────────────────────────────────────────────[39m
 [38;5;217m* [39myour task is to study the logs created i[7m [27m
[38;5;217m────────────────────────────────────────────────────────────────────────────────────────────────────────────────────────────────────────────────────────────[39m
 /mnt/.../chojn/projects/kanbanAgents[38;5;103m (main*)[39m                                 [38;5;217mno sandbox[38;5;103m (see /docs)[39m                                 [38;5;103m/model [39mAuto (Gemini 3)
[3A[44G[3B[2K[1A[2K[1A[2K[1A[2K[1A[2K[1A[2K[1A[2K[1A[2K[1A[2K[G
                                                                                                                                           [38;5;103m ? for shortcuts [39m
[38;5;59m────────────────────────────────────────────────────────────────────────────────────────────────────────────────────────────────────────────────────────────[39m
 [38;5;217mYOLO[38;5;103m ctrl+y[39m                                                                                                                               [38;5;103m1 GEMINI.md file[39m
[38;5;217m────────────────────────────────────────────────────────────────────────────────────────────────────────────────────────────────────────────────────────────[39m
 [38;5;217m* [39myour task is to study the logs created in[7m [27m
[38;5;217m────────────────────────────────────────────────────────────────────────────────────────────────────────────────────────────────────────────────────────────[39m
 /mnt/.../chojn/projects/kanbanAgents[38;5;103m (main*)[39m                                 [38;5;217mno sandbox[38;5;103m (see /docs)[39m                                 [38;5;103m/model [39mAuto (Gemini 3)
[3A[45G[3B[2K[1A[2K[1A[2K[1A[2K[1A[2K[1A[2K[1A[2K[1A[2K[1A[2K[G
                                                                                                                                           [38;5;103m ? for shortcuts [39m
[38;5;59m────────────────────────────────────────────────────────────────────────────────────────────────────────────────────────────────────────────────────────────[39m
 [38;5;217mYOLO[38;5;103m ctrl+y[39m                                                                                                                               [38;5;103m1 GEMINI.md file[39m
[38;5;217m────────────────────────────────────────────────────────────────────────────────────────────────────────────────────────────────────────────────────────────[39m
 [38;5;217m* [39myour task is to study the logs created in [7m [27m
[38;5;217m────────────────────────────────────────────────────────────────────────────────────────────────────────────────────────────────────────────────────────────[39m
 /mnt/.../chojn/projects/kanbanAgents[38;5;103m (main*)[39m                                 [38;5;217mno sandbox[38;5;103m (see /docs)[39m                                 [38;5;103m/model [39mAuto (Gemini 3)
[3A[46G[3B[2K[1A[2K[1A[2K[1A[2K[1A[2K[1A[2K[1A[2K[1A[2K[1A[2K[G
                                                                                                                                           [38;5;103m ? for shortcuts [39m
[38;5;59m────────────────────────────────────────────────────────────────────────────────────────────────────────────────────────────────────────────────────────────[39m
 [38;5;217mYOLO[38;5;103m ctrl+y[39m                                                                                                                               [38;5;103m1 GEMINI.md file[39m
[38;5;217m────────────────────────────────────────────────────────────────────────────────────────────────────────────────────────────────────────────────────────────[39m
 [38;5;217m* [39myour task is to study the logs created in t[7m [27m
[38;5;217m────────────────────────────────────────────────────────────────────────────────────────────────────────────────────────────────────────────────────────────[39m
 /mnt/.../chojn/projects/kanbanAgents[38;5;103m (main*)[39m                                 [38;5;217mno sandbox[38;5;103m (see /docs)[39m                                 [38;5;103m/model [39mAuto (Gemini 3)
[3A[47G[3B[2K[1A[2K[1A[2K[1A[2K[1A[2K[1A[2K[1A[2K[1A[2K[1A[2K[G
                                                                                                                                           [38;5;103m ? for shortcuts [39m
[38;5;59m────────────────────────────────────────────────────────────────────────────────────────────────────────────────────────────────────────────────────────────[39m
 [38;5;217mYOLO[38;5;103m ctrl+y[39m                                                                                                                               [38;5;103m1 GEMINI.md file[39m
[38;5;217m────────────────────────────────────────────────────────────────────────────────────────────────────────────────────────────────────────────────────────────[39m
 [38;5;217m* [39myour task is to study the logs created in th[7m [27m
[38;5;217m────────────────────────────────────────────────────────────────────────────────────────────────────────────────────────────────────────────────────────────[39m
 /mnt/.../chojn/projects/kanbanAgents[38;5;103m (main*)[39m                                 [38;5;217mno sandbox[38;5;103m (see /docs)[39m                                 [38;5;103m/model [39mAuto (Gemini 3)
[3A[48G[3B[2K[1A[2K[1A[2K[1A[2K[1A[2K[1A[2K[1A[2K[1A[2K[1A[2K[G
                                                                                                                                           [38;5;103m ? for shortcuts [39m
[38;5;59m────────────────────────────────────────────────────────────────────────────────────────────────────────────────────────────────────────────────────────────[39m
 [38;5;217mYOLO[38;5;103m ctrl+y[39m                                                                                                                               [38;5;103m1 GEMINI.md file[39m
[38;5;217m────────────────────────────────────────────────────────────────────────────────────────────────────────────────────────────────────────────────────────────[39m
 [38;5;217m* [39myour task is to study the logs created in the[7m [27m
[38;5;217m────────────────────────────────────────────────────────────────────────────────────────────────────────────────────────────────────────────────────────────[39m
 /mnt/.../chojn/projects/kanbanAgents[38;5;103m (main*)[39m                                 [38;5;217mno sandbox[38;5;103m (see /docs)[39m                                 [38;5;103m/model [39mAuto (Gemini 3)
[3A[49G[3B[2K[1A[2K[1A[2K[1A[2K[1A[2K[1A[2K[1A[2K[1A[2K[1A[2K[G
                                                                                                                                           [38;5;103m ? for shortcuts [39m
[38;5;59m────────────────────────────────────────────────────────────────────────────────────────────────────────────────────────────────────────────────────────────[39m
 [38;5;217mYOLO[38;5;103m ctrl+y[39m                                                                                                                               [38;5;103m1 GEMINI.md file[39m
[38;5;217m────────────────────────────────────────────────────────────────────────────────────────────────────────────────────────────────────────────────────────────[39m
 [38;5;217m* [39myour task is to study the logs created in the [7m [27m
[38;5;217m────────────────────────────────────────────────────────────────────────────────────────────────────────────────────────────────────────────────────────────[39m
 /mnt/.../chojn/projects/kanbanAgents[38;5;103m (main*)[39m                                 [38;5;217mno sandbox[38;5;103m (see /docs)[39m                                 [38;5;103m/model [39mAuto (Gemini 3)
[3A[50G[3B[2K[1A[2K[1A[2K[1A[2K[1A[2K[1A[2K[1A[2K[1A[2K[1A[2K[G
                                                                                                                                           [38;5;103m ? for shortcuts [39m
[38;5;59m────────────────────────────────────────────────────────────────────────────────────────────────────────────────────────────────────────────────────────────[39m
 [38;5;217mYOLO[38;5;103m ctrl+y[39m                                                                                                                               [38;5;103m1 GEMINI.md file[39m
[38;5;217m────────────────────────────────────────────────────────────────────────────────────────────────────────────────────────────────────────────────────────────[39m
 [38;5;217m* [39myour task is to study the logs created in the @[7m [27m
[38;5;217m────────────────────────────────────────────────────────────────────────────────────────────────────────────────────────────────────────────────────────────[39m
 /mnt/.../chojn/projects/kanbanAgents[38;5;103m (main*)[39m                                 [38;5;217mno sandbox[38;5;103m (see /docs)[39m                                 [38;5;103m/model [39mAuto (Gemini 3)
[3A[51G[3B[2K[1A[2K[1A[2K[1A[2K[1A[2K[1A[2K[1A[2K[1A[2K[1A[2K[G
                                                                                                                                           [38;5;103m ? for shortcuts [39m
[38;5;59m────────────────────────────────────────────────────────────────────────────────────────────────────────────────────────────────────────────────────────────[39m
 [38;5;217mYOLO[38;5;103m ctrl+y[39m                                                                                                                               [38;5;103m1 GEMINI.md file[39m
[38;5;217m────────────────────────────────────────────────────────────────────────────────────────────────────────────────────────────────────────────────────────────[39m
 [38;5;217m* [39myour task is to study the logs created in the @[7m [27m
[38;5;217m────────────────────────────────────────────────────────────────────────────────────────────────────────────────────────────────────────────────────────────[39m
 [90mLoading suggestions...[39m
 /mnt/.../chojn/projects/kanbanAgents[38;5;103m (main*)[39m                                 [38;5;217mno sandbox[38;5;103m (see /docs)[39m                                 [38;5;103m/model [39mAuto (Gemini 3)
[4A[51G[4B[2K[1A[2K[1A[2K[1A[2K[1A[2K[1A[2K[1A[2K[1A[2K[1A[2K[1A[2K[G
                                                                                                                                           [38;5;103m ? for shortcuts [39m
[38;5;59m────────────────────────────────────────────────────────────────────────────────────────────────────────────────────────────────────────────────────────────[39m
 [38;5;217mYOLO[38;5;103m ctrl+y[39m                                                                                                                               [38;5;103m1 GEMINI.md file[39m
[38;5;217m────────────────────────────────────────────────────────────────────────────────────────────────────────────────────────────────────────────────────────────[39m
 [38;5;217m* [39myour task is to study the logs created in the @[7m [27m
[38;5;217m────────────────────────────────────────────────────────────────────────────────────────────────────────────────────────────────────────────────────────────[39m
 [38;5;183mcodebase_investigator [Agent][39m
 [38;5;103mcli_help [Agent][39m
 [38;5;103m.gemini/[39m
 [38;5;103m.gemini/commands/[39m
 [38;5;103m.perplexity_session/[39m
 [38;5;103m.perplexity_session/Crashpad/[39m
 [38;5;103m.perplexity_session/Crashpad/attachments/[39m
 [38;5;103m.perplexity_session/Crashpad/reports/[39m
 [90m▼[39m
 [90m(1/26)[39m
 /mnt/.../chojn/projects/kanbanAgents[38;5;103m (main*)[39m                                 [38;5;217mno sandbox[38;5;103m (see /docs)[39m                                 [38;5;103m/model [39mAuto (Gemini 3)
[13A[51G[13B[2K[1A[2K[1A[2K[1A[2K[1A[2K[1A[2K[1A[2K[1A[2K[1A[2K[1A[2K[1A[2K[1A[2K[1A[2K[1A[2K[1A[2K[1A[2K[1A[2K[1A[2K[1A[2K[G
                                                                                                                                           [38;5;103m ? for shortcuts [39m
[38;5;59m────────────────────────────────────────────────────────────────────────────────────────────────────────────────────────────────────────────────────────────[39m
 [38;5;217mYOLO[38;5;103m ctrl+y[39m                                                                                                                               [38;5;103m1 GEMINI.md file[39m
[38;5;217m────────────────────────────────────────────────────────────────────────────────────────────────────────────────────────────────────────────────────────────[39m
 [38;5;217m* [39myour task is to study the logs created in the [38;5;183m@s[39m[7m [27m
[38;5;217m────────────────────────────────────────────────────────────────────────────────────────────────────────────────────────────────────────────────────────────[39m
 [38;5;183mcodebase_investigator [Agent][39m
 [38;5;103mcli_help [Agent][39m
 [38;5;103m.gemini/[39m
 [38;5;103m.gemini/commands/[39m
 [38;5;103m.perplexity_session/[39m
 [38;5;103m.perplexity_session/Crashpad/[39m
 [38;5;103m.perplexity_session/Crashpad/attachments/[39m
 [38;5;103m.perplexity_session/Crashpad/reports/[39m
 [90m▼[39m
 [90m(1/26)[39m
 /mnt/.../chojn/projects/kanbanAgents[38;5;103m (main*)[39m                                 [38;5;217mno sandbox[38;5;103m (see /docs)[39m                                 [38;5;103m/model [39mAuto (Gemini 3)
[13A[52G[13B[2K[1A[2K[1A[2K[1A[2K[1A[2K[1A[2K[1A[2K[1A[2K[1A[2K[1A[2K[1A[2K[1A[2K[1A[2K[1A[2K[1A[2K[1A[2K[1A[2K[1A[2K[1A[2K[G
                                                                                                                                           [38;5;103m ? for shortcuts [39m
[38;5;59m────────────────────────────────────────────────────────────────────────────────────────────────────────────────────────────────────────────────────────────[39m
 [38;5;217mYOLO[38;5;103m ctrl+y[39m                                                                                                                               [38;5;103m1 GEMINI.md file[39m
[38;5;217m────────────────────────────────────────────────────────────────────────────────────────────────────────────────────────────────────────────────────────────[39m
 [38;5;217m* [39myour task is to study the logs created in the [38;5;183m@s[39m[7m [27m
[38;5;217m────────────────────────────────────────────────────────────────────────────────────────────────────────────────────────────────────────────────────────────[39m
 [38;5;183mcodebase_investigator [Agent][39m
 [38;5;103m.perplexity_session/[39m
 [38;5;103mgemini_session.log[39m
 [38;5;103mgemini_session_log/[39m
 [38;5;103mscreenshot_config.json[39m
 [38;5;103m.perplexity_session/BrowserMetrics-spare.pma[39m
 [38;5;103m.perplexity_session/Crashpad/[39m
 [38;5;103m.perplexity_session/Default/[39m
 [90m▼[39m
 [90m(1/25)[39m
 /mnt/.../chojn/projects/kanbanAgents[38;5;103m (main*)[39m                                 [38;5;217mno sandbox[38;5;103m (see /docs)[39m                                 [38;5;103m/model [39mAuto (Gemini 3)
[13A[52G[13B[2K[1A[2K[1A[2K[1A[2K[1A[2K[1A[2K[1A[2K[1A[2K[1A[2K[1A[2K[1A[2K[1A[2K[1A[2K[1A[2K[1A[2K[1A[2K[1A[2K[1A[2K[1A[2K[G
                                                                                                                                           [38;5;103m ? for shortcuts [39m
[38;5;59m────────────────────────────────────────────────────────────────────────────────────────────────────────────────────────────────────────────────────────────[39m
 [38;5;217mYOLO[38;5;103m ctrl+y[39m                                                                                                                               [38;5;103m1 GEMINI.md file[39m
[38;5;217m────────────────────────────────────────────────────────────────────────────────────────────────────────────────────────────────────────────────────────────[39m
 [38;5;217m* [39myour task is to study the logs created in the [38;5;183m@se[39m[7m [27m
[38;5;217m────────────────────────────────────────────────────────────────────────────────────────────────────────────────────────────────────────────────────────────[39m
 [38;5;183mcodebase_investigator [Agent][39m
 [38;5;103m.perplexity_session/[39m
 [38;5;103mgemini_session.log[39m
 [38;5;103mgemini_session_log/[39m
 [38;5;103mscreenshot_config.json[39m
 [38;5;103m.perplexity_session/BrowserMetrics-spare.pma[39m
 [38;5;103m.perplexity_session/Crashpad/[39m
 [38;5;103m.perplexity_session/Default/[39m
 [90m▼[39m
 [90m(1/25)[39m
 /mnt/.../chojn/projects/kanbanAgents[38;5;103m (main*)[39m                                 [38;5;217mno sandbox[38;5;103m (see /docs)[39m                                 [38;5;103m/model [39mAuto (Gemini 3)
[13A[53G[13B[2K[1A[2K[1A[2K[1A[2K[1A[2K[1A[2K[1A[2K[1A[2K[1A[2K[1A[2K[1A[2K[1A[2K[1A[2K[1A[2K[1A[2K[1A[2K[1A[2K[1A[2K[1A[2K[G
                                                                                                                                           [38;5;103m ? for shortcuts [39m
[38;5;59m────────────────────────────────────────────────────────────────────────────────────────────────────────────────────────────────────────────────────────────[39m
 [38;5;217mYOLO[38;5;103m ctrl+y[39m                                                                                                                               [38;5;103m1 GEMINI.md file[39m
[38;5;217m────────────────────────────────────────────────────────────────────────────────────────────────────────────────────────────────────────────────────────────[39m
 [38;5;217m* [39myour task is to study the logs created in the [38;5;183m@se[39m[7m [27m
[38;5;217m────────────────────────────────────────────────────────────────────────────────────────────────────────────────────────────────────────────────────────────[39m
 [38;5;183mcodebase_investigator [Agent][39m
 [38;5;103m.perplexity_session/[39m
 [38;5;103mgemini_session.log[39m
 [38;5;103mgemini_session_log/[39m
 [38;5;103m.perplexity_session/BrowserMetrics-spare.pma[39m
 [38;5;103m.perplexity_session/Crashpad/[39m
 [38;5;103m.perplexity_session/Default/[39m
 [38;5;103m.perplexity_session/GrShaderCache/[39m
 [90m▼[39m
 [90m(1/25)[39m
 /mnt/.../chojn/projects/kanbanAgents[38;5;103m (main*)[39m                                 [38;5;217mno sandbox[38;5;103m (see /docs)[39m                                 [38;5;103m/model [39mAuto (Gemini 3)
[13A[53G[13B[2K[1A[2K[1A[2K[1A[2K[1A[2K[1A[2K[1A[2K[1A[2K[1A[2K[1A[2K[1A[2K[1A[2K[1A[2K[1A[2K[1A[2K[1A[2K[1A[2K[1A[2K[1A[2K[G
                                                                                                                                           [38;5;103m ? for shortcuts [39m
[38;5;59m────────────────────────────────────────────────────────────────────────────────────────────────────────────────────────────────────────────────────────────[39m
 [38;5;217mYOLO[38;5;103m ctrl+y[39m                                                                                                                               [38;5;103m1 GEMINI.md file[39m
[38;5;217m────────────────────────────────────────────────────────────────────────────────────────────────────────────────────────────────────────────────────────────[39m
 [38;5;217m* [39myour task is to study the logs created in the [38;5;183m@ses[39m[7m [27m
[38;5;217m────────────────────────────────────────────────────────────────────────────────────────────────────────────────────────────────────────────────────────────[39m
 [38;5;183mcodebase_investigator [Agent][39m
 [38;5;103m.perplexity_session/[39m
 [38;5;103mgemini_session.log[39m
 [38;5;103mgemini_session_log/[39m
 [38;5;103m.perplexity_session/BrowserMetrics-spare.pma[39m
 [38;5;103m.perplexity_session/Crashpad/[39m
 [38;5;103m.perplexity_session/Default/[39m
 [38;5;103m.perplexity_session/GrShaderCache/[39m
 [90m▼[39m
 [90m(1/25)[39m
 /mnt/.../chojn/projects/kanbanAgents[38;5;103m (main*)[39m                                 [38;5;217mno sandbox[38;5;103m (see /docs)[39m                                 [38;5;103m/model [39mAuto (Gemini 3)
[13A[54G[13B[2K[1A[2K[1A[2K[1A[2K[1A[2K[1A[2K[1A[2K[1A[2K[1A[2K[1A[2K[1A[2K[1A[2K[1A[2K[1A[2K[1A[2K[1A[2K[1A[2K[1A[2K[1A[2K[G
                                                                                                                                           [38;5;103m ? for shortcuts [39m
[38;5;59m────────────────────────────────────────────────────────────────────────────────────────────────────────────────────────────────────────────────────────────[39m
 [38;5;217mYOLO[38;5;103m ctrl+y[39m                                                                                                                               [38;5;103m1 GEMINI.md file[39m
[38;5;217m────────────────────────────────────────────────────────────────────────────────────────────────────────────────────────────────────────────────────────────[39m
 [38;5;217m* [39myour task is to study the logs created in the [38;5;183m@sess[39m[7m [27m
[38;5;217m────────────────────────────────────────────────────────────────────────────────────────────────────────────────────────────────────────────────────────────[39m
 [38;5;183mcodebase_investigator [Agent][39m
 [38;5;103m.perplexity_session/[39m
 [38;5;103mgemini_session.log[39m
 [38;5;103mgemini_session_log/[39m
 [38;5;103m.perplexity_session/BrowserMetrics-spare.pma[39m
 [38;5;103m.perplexity_session/Crashpad/[39m
 [38;5;103m.perplexity_session/Default/[39m
 [38;5;103m.perplexity_session/GrShaderCache/[39m
 [90m▼[39m
 [90m(1/25)[39m
 /mnt/.../chojn/projects/kanbanAgents[38;5;103m (main*)[39m                                 [38;5;217mno sandbox[38;5;103m (see /docs)[39m                                 [38;5;103m/model [39mAuto (Gemini 3)
[13A[55G[13B[2K[1A[2K[1A[2K[1A[2K[1A[2K[1A[2K[1A[2K[1A[2K[1A[2K[1A[2K[1A[2K[1A[2K[1A[2K[1A[2K[1A[2K[1A[2K[1A[2K[1A[2K[1A[2K[G
                                                                                                                                           [38;5;103m ? for shortcuts [39m
[38;5;59m────────────────────────────────────────────────────────────────────────────────────────────────────────────────────────────────────────────────────────────[39m
 [38;5;217mYOLO[38;5;103m ctrl+y[39m                                                                                                                               [38;5;103m1 GEMINI.md file[39m
[38;5;217m────────────────────────────────────────────────────────────────────────────────────────────────────────────────────────────────────────────────────────────[39m
 [38;5;217m* [39myour task is to study the logs created in the [38;5;183m@sess[39m[7m [27m
[38;5;217m────────────────────────────────────────────────────────────────────────────────────────────────────────────────────────────────────────────────────────────[39m
 [38;5;183m.perplexity_session/[39m
 [38;5;103mgemini_session.log[39m
 [38;5;103mgemini_session_log/[39m
 [38;5;103m.perplexity_session/BrowserMetrics-spare.pma[39m
 [38;5;103m.perplexity_session/Crashpad/[39m
 [38;5;103m.perplexity_session/Default/[39m
 [38;5;103m.perplexity_session/GrShaderCache/[39m
 [38;5;103m.perplexity_session/GraphiteDawnCache/[39m
 [90m▼[39m
 [90m(1/24)[39m
 /mnt/.../chojn/projects/kanbanAgents[38;5;103m (main*)[39m                                 [38;5;217mno sandbox[38;5;103m (see /docs)[39m                                 [38;5;103m/model [39mAuto (Gemini 3)
[13A[55G[13B[2K[1A[2K[1A[2K[1A[2K[1A[2K[1A[2K[1A[2K[1A[2K[1A[2K[1A[2K[1A[2K[1A[2K[1A[2K[1A[2K[1A[2K[1A[2K[1A[2K[1A[2K[1A[2K[G
                                                                                                                                           [38;5;103m ? for shortcuts [39m
[38;5;59m────────────────────────────────────────────────────────────────────────────────────────────────────────────────────────────────────────────────────────────[39m
 [38;5;217mYOLO[38;5;103m ctrl+y[39m                                                                                                                               [38;5;103m1 GEMINI.md file[39m
[38;5;217m────────────────────────────────────────────────────────────────────────────────────────────────────────────────────────────────────────────────────────────[39m
 [38;5;217m* [39myour task is to study the logs created in the [38;5;183m@sessi[39m[7m [27m
[38;5;217m────────────────────────────────────────────────────────────────────────────────────────────────────────────────────────────────────────────────────────────[39m
 [38;5;183m.perplexity_session/[39m
 [38;5;103mgemini_session.log[39m
 [38;5;103mgemini_session_log/[39m
 [38;5;103m.perplexity_session/BrowserMetrics-spare.pma[39m
 [38;5;103m.perplexity_session/Crashpad/[39m
 [38;5;103m.perplexity_session/Default/[39m
 [38;5;103m.perplexity_session/GrShaderCache/[39m
 [38;5;103m.perplexity_session/GraphiteDawnCache/[39m
 [90m▼[39m
 [90m(1/24)[39m
 /mnt/.../chojn/projects/kanbanAgents[38;5;103m (main*)[39m                                 [38;5;217mno sandbox[38;5;103m (see /docs)[39m                                 [38;5;103m/model [39mAuto (Gemini 3)
[13A[56G[13B[2K[1A[2K[1A[2K[1A[2K[1A[2K[1A[2K[1A[2K[1A[2K[1A[2K[1A[2K[1A[2K[1A[2K[1A[2K[1A[2K[1A[2K[1A[2K[1A[2K[1A[2K[1A[2K[G
                                                                                                                                           [38;5;103m ? for shortcuts [39m
[38;5;59m────────────────────────────────────────────────────────────────────────────────────────────────────────────────────────────────────────────────────────────[39m
 [38;5;217mYOLO[38;5;103m ctrl+y[39m                                                                                                                               [38;5;103m1 GEMINI.md file[39m
[38;5;217m────────────────────────────────────────────────────────────────────────────────────────────────────────────────────────────────────────────────────────────[39m
 [38;5;217m* [39myour task is to study the logs created in the [38;5;183m@sessio[39m[7m [27m
[38;5;217m────────────────────────────────────────────────────────────────────────────────────────────────────────────────────────────────────────────────────────────[39m
 [38;5;183m.perplexity_session/[39m
 [38;5;103mgemini_session.log[39m
 [38;5;103mgemini_session_log/[39m
 [38;5;103m.perplexity_session/BrowserMetrics-spare.pma[39m
 [38;5;103m.perplexity_session/Crashpad/[39m
 [38;5;103m.perplexity_session/Default/[39m
 [38;5;103m.perplexity_session/GrShaderCache/[39m
 [38;5;103m.perplexity_session/GraphiteDawnCache/[39m
 [90m▼[39m
 [90m(1/24)[39m
 /mnt/.../chojn/projects/kanbanAgents[38;5;103m (main*)[39m                                 [38;5;217mno sandbox[38;5;103m (see /docs)[39m                                 [38;5;103m/model [39mAuto (Gemini 3)
[13A[57G[13B[2K[1A[2K[1A[2K[1A[2K[1A[2K[1A[2K[1A[2K[1A[2K[1A[2K[1A[2K[1A[2K[1A[2K[1A[2K[1A[2K[1A[2K[1A[2K[1A[2K[1A[2K[1A[2K[G
                                                                                                                                           [38;5;103m ? for shortcuts [39m
[38;5;59m────────────────────────────────────────────────────────────────────────────────────────────────────────────────────────────────────────────────────────────[39m
 [38;5;217mYOLO[38;5;103m ctrl+y[39m                                                                                                                               [38;5;103m1 GEMINI.md file[39m
[38;5;217m────────────────────────────────────────────────────────────────────────────────────────────────────────────────────────────────────────────────────────────[39m
 [38;5;217m* [39myour task is to study the logs created in the [38;5;183m@session[39m[7m [27m
[38;5;217m────────────────────────────────────────────────────────────────────────────────────────────────────────────────────────────────────────────────────────────[39m
 [38;5;183m.perplexity_session/[39m
 [38;5;103mgemini_session.log[39m
 [38;5;103mgemini_session_log/[39m
 [38;5;103m.perplexity_session/BrowserMetrics-spare.pma[39m
 [38;5;103m.perplexity_session/Crashpad/[39m
 [38;5;103m.perplexity_session/Default/[39m
 [38;5;103m.perplexity_session/GrShaderCache/[39m
 [38;5;103m.perplexity_session/GraphiteDawnCache/[39m
 [90m▼[39m
 [90m(1/24)[39m
 /mnt/.../chojn/projects/kanbanAgents[38;5;103m (main*)[39m                                 [38;5;217mno sandbox[38;5;103m (see /docs)[39m                                 [38;5;103m/model [39mAuto (Gemini 3)
[13A[58G[13B[2K[1A[2K[1A[2K[1A[2K[1A[2K[1A[2K[1A[2K[1A[2K[1A[2K[1A[2K[1A[2K[1A[2K[1A[2K[1A[2K[1A[2K[1A[2K[1A[2K[1A[2K[1A[2K[G
                                                                                                                                           [38;5;103m ? for shortcuts [39m
[38;5;59m────────────────────────────────────────────────────────────────────────────────────────────────────────────────────────────────────────────────────────────[39m
 [38;5;217mYOLO[38;5;103m ctrl+y[39m                                                                                                                               [38;5;103m1 GEMINI.md file[39m
[38;5;217m────────────────────────────────────────────────────────────────────────────────────────────────────────────────────────────────────────────────────────────[39m
 [38;5;217m* [39myour task is to study the logs created in the [38;5;183m@sessio[39m[7m [27m
[38;5;217m────────────────────────────────────────────────────────────────────────────────────────────────────────────────────────────────────────────────────────────[39m
 [38;5;183m.perplexity_session/[39m
 [38;5;103mgemini_session.log[39m
 [38;5;103mgemini_session_log/[39m
 [38;5;103m.perplexity_session/BrowserMetrics-spare.pma[39m
 [38;5;103m.perplexity_session/Crashpad/[39m
 [38;5;103m.perplexity_session/Default/[39m
 [38;5;103m.perplexity_session/GrShaderCache/[39m
 [38;5;103m.perplexity_session/GraphiteDawnCache/[39m
 [90m▼[39m
 [90m(1/24)[39m
 /mnt/.../chojn/projects/kanbanAgents[38;5;103m (main*)[39m                                 [38;5;217mno sandbox[38;5;103m (see /docs)[39m                                 [38;5;103m/model [39mAuto (Gemini 3)
[13A[57G[13B[2K[1A[2K[1A[2K[1A[2K[1A[2K[1A[2K[1A[2K[1A[2K[1A[2K[1A[2K[1A[2K[1A[2K[1A[2K[1A[2K[1A[2K[1A[2K[1A[2K[1A[2K[1A[2K[G
                                                                                                                                           [38;5;103m ? for shortcuts [39m
[38;5;59m────────────────────────────────────────────────────────────────────────────────────────────────────────────────────────────────────────────────────────────[39m
 [38;5;217mYOLO[38;5;103m ctrl+y[39m                                                                                                                               [38;5;103m1 GEMINI.md file[39m
[38;5;217m────────────────────────────────────────────────────────────────────────────────────────────────────────────────────────────────────────────────────────────[39m
 [38;5;217m* [39myour task is to study the logs created in the [38;5;183m@sessi[39m[7m [27m
[38;5;217m────────────────────────────────────────────────────────────────────────────────────────────────────────────────────────────────────────────────────────────[39m
 [38;5;183m.perplexity_session/[39m
 [38;5;103mgemini_session.log[39m
 [38;5;103mgemini_session_log/[39m
 [38;5;103m.perplexity_session/BrowserMetrics-spare.pma[39m
 [38;5;103m.perplexity_session/Crashpad/[39m
 [38;5;103m.perplexity_session/Default/[39m
 [38;5;103m.perplexity_session/GrShaderCache/[39m
 [38;5;103m.perplexity_session/GraphiteDawnCache/[39m
 [90m▼[39m
 [90m(1/24)[39m
 /mnt/.../chojn/projects/kanbanAgents[38;5;103m (main*)[39m                                 [38;5;217mno sandbox[38;5;103m (see /docs)[39m                                 [38;5;103m/model [39mAuto (Gemini 3)
[13A[56G[13B[2K[1A[2K[1A[2K[1A[2K[1A[2K[1A[2K[1A[2K[1A[2K[1A[2K[1A[2K[1A[2K[1A[2K[1A[2K[1A[2K[1A[2K[1A[2K[1A[2K[1A[2K[1A[2K[G
                                                                                                                                           [38;5;103m ? for shortcuts [39m
[38;5;59m────────────────────────────────────────────────────────────────────────────────────────────────────────────────────────────────────────────────────────────[39m
 [38;5;217mYOLO[38;5;103m ctrl+y[39m                                                                                                                               [38;5;103m1 GEMINI.md file[39m
[38;5;217m────────────────────────────────────────────────────────────────────────────────────────────────────────────────────────────────────────────────────────────[39m
 [38;5;217m* [39myour task is to study the logs created in the [38;5;183m@sess[39m[7m [27m
[38;5;217m────────────────────────────────────────────────────────────────────────────────────────────────────────────────────────────────────────────────────────────[39m
 [38;5;183m.perplexity_session/[39m
 [38;5;103mgemini_session.log[39m
 [38;5;103mgemini_session_log/[39m
 [38;5;103m.perplexity_session/BrowserMetrics-spare.pma[39m
 [38;5;103m.perplexity_session/Crashpad/[39m
 [38;5;103m.perplexity_session/Default/[39m
 [38;5;103m.perplexity_session/GrShaderCache/[39m
 [38;5;103m.perplexity_session/GraphiteDawnCache/[39m
 [90m▼[39m
 [90m(1/24)[39m
 /mnt/.../chojn/projects/kanbanAgents[38;5;103m (main*)[39m                                 [38;5;217mno sandbox[38;5;103m (see /docs)[39m                                 [38;5;103m/model [39mAuto (Gemini 3)
[13A[55G[13B[2K[1A[2K[1A[2K[1A[2K[1A[2K[1A[2K[1A[2K[1A[2K[1A[2K[1A[2K[1A[2K[1A[2K[1A[2K[1A[2K[1A[2K[1A[2K[1A[2K[1A[2K[1A[2K[G
                                                                                                                                           [38;5;103m ? for shortcuts [39m
[38;5;59m────────────────────────────────────────────────────────────────────────────────────────────────────────────────────────────────────────────────────────────[39m
 [38;5;217mYOLO[38;5;103m ctrl+y[39m                                                                                                                               [38;5;103m1 GEMINI.md file[39m
[38;5;217m────────────────────────────────────────────────────────────────────────────────────────────────────────────────────────────────────────────────────────────[39m
 [38;5;217m* [39myour task is to study the logs created in the [38;5;183m@ses[39m[7m [27m
[38;5;217m────────────────────────────────────────────────────────────────────────────────────────────────────────────────────────────────────────────────────────────[39m
 [38;5;183m.perplexity_session/[39m
 [38;5;103mgemini_session.log[39m
 [38;5;103mgemini_session_log/[39m
 [38;5;103m.perplexity_session/BrowserMetrics-spare.pma[39m
 [38;5;103m.perplexity_session/Crashpad/[39m
 [38;5;103m.perplexity_session/Default/[39m
 [38;5;103m.perplexity_session/GrShaderCache/[39m
 [38;5;103m.perplexity_session/GraphiteDawnCache/[39m
 [90m▼[39m
 [90m(1/24)[39m
 /mnt/.../chojn/projects/kanbanAgents[38;5;103m (main*)[39m                                 [38;5;217mno sandbox[38;5;103m (see /docs)[39m                                 [38;5;103m/model [39mAuto (Gemini 3)
[13A[54G[13B[2K[1A[2K[1A[2K[1A[2K[1A[2K[1A[2K[1A[2K[1A[2K[1A[2K[1A[2K[1A[2K[1A[2K[1A[2K[1A[2K[1A[2K[1A[2K[1A[2K[1A[2K[1A[2K[G
                                                                                                                                           [38;5;103m ? for shortcuts [39m
[38;5;59m────────────────────────────────────────────────────────────────────────────────────────────────────────────────────────────────────────────────────────────[39m
 [38;5;217mYOLO[38;5;103m ctrl+y[39m                                                                                                                               [38;5;103m1 GEMINI.md file[39m
[38;5;217m────────────────────────────────────────────────────────────────────────────────────────────────────────────────────────────────────────────────────────────[39m
 [38;5;217m* [39myour task is to study the logs created in the [38;5;183m@se[39m[7m [27m
[38;5;217m────────────────────────────────────────────────────────────────────────────────────────────────────────────────────────────────────────────────────────────[39m
 [38;5;183mcodebase_investigator [Agent][39m
 [38;5;103m.perplexity_session/[39m
 [38;5;103mgemini_session.log[39m
 [38;5;103mgemini_session_log/[39m
 [38;5;103m.perplexity_session/BrowserMetrics-spare.pma[39m
 [38;5;103m.perplexity_session/Crashpad/[39m
 [38;5;103m.perplexity_session/Default/[39m
 [38;5;103m.perplexity_session/GrShaderCache/[39m
 [90m▼[39m
 [90m(1/25)[39m
 /mnt/.../chojn/projects/kanbanAgents[38;5;103m (main*)[39m                                 [38;5;217mno sandbox[38;5;103m (see /docs)[39m                                 [38;5;103m/model [39mAuto (Gemini 3)
[13A[53G[13B[2K[1A[2K[1A[2K[1A[2K[1A[2K[1A[2K[1A[2K[1A[2K[1A[2K[1A[2K[1A[2K[1A[2K[1A[2K[1A[2K[1A[2K[1A[2K[1A[2K[1A[2K[1A[2K[G
                                                                                                                                           [38;5;103m ? for shortcuts [39m
[38;5;59m────────────────────────────────────────────────────────────────────────────────────────────────────────────────────────────────────────────────────────────[39m
 [38;5;217mYOLO[38;5;103m ctrl+y[39m                                                                                                                               [38;5;103m1 GEMINI.md file[39m
[38;5;217m────────────────────────────────────────────────────────────────────────────────────────────────────────────────────────────────────────────────────────────[39m
 [38;5;217m* [39myour task is to study the logs created in the [38;5;183m@s[39m[7m [27m
[38;5;217m────────────────────────────────────────────────────────────────────────────────────────────────────────────────────────────────────────────────────────────[39m
 [38;5;183mcodebase_investigator [Agent][39m
 [38;5;103m.perplexity_session/[39m
 [38;5;103mgemini_session.log[39m
 [38;5;103mgemini_session_log/[39m
 [38;5;103m.perplexity_session/BrowserMetrics-spare.pma[39m
 [38;5;103m.perplexity_session/Crashpad/[39m
 [38;5;103m.perplexity_session/Default/[39m
 [38;5;103m.perplexity_session/GrShaderCache/[39m
 [90m▼[39m
 [90m(1/25)[39m
 /mnt/.../chojn/projects/kanbanAgents[38;5;103m (main*)[39m                                 [38;5;217mno sandbox[38;5;103m (see /docs)[39m                                 [38;5;103m/model [39mAuto (Gemini 3)
[13A[52G[13B[2K[1A[2K[1A[2K[1A[2K[1A[2K[1A[2K[1A[2K[1A[2K[1A[2K[1A[2K[1A[2K[1A[2K[1A[2K[1A[2K[1A[2K[1A[2K[1A[2K[1A[2K[1A[2K[G
                                                                                                                                           [38;5;103m ? for shortcuts [39m
[38;5;59m────────────────────────────────────────────────────────────────────────────────────────────────────────────────────────────────────────────────────────────[39m
 [38;5;217mYOLO[38;5;103m ctrl+y[39m                                                                                                                               [38;5;103m1 GEMINI.md file[39m
[38;5;217m────────────────────────────────────────────────────────────────────────────────────────────────────────────────────────────────────────────────────────────[39m
 [38;5;217m* [39myour task is to study the logs created in the @[7m [27m
[38;5;217m────────────────────────────────────────────────────────────────────────────────────────────────────────────────────────────────────────────────────────────[39m
 [38;5;183mcodebase_investigator [Agent][39m
 [38;5;103m.perplexity_session/[39m
 [38;5;103mgemini_session.log[39m
 [38;5;103mgemini_session_log/[39m
 [38;5;103mscreenshot_config.json[39m
 [38;5;103m.perplexity_session/BrowserMetrics-spare.pma[39m
 [38;5;103m.perplexity_session/Crashpad/[39m
 [38;5;103m.perplexity_session/Default/[39m
 [90m▼[39m
 [90m(1/25)[39m
 /mnt/.../chojn/projects/kanbanAgents[38;5;103m (main*)[39m                                 [38;5;217mno sandbox[38;5;103m (see /docs)[39m                                 [38;5;103m/model [39mAuto (Gemini 3)
[13A[51G[13B[2K[1A[2K[1A[2K[1A[2K[1A[2K[1A[2K[1A[2K[1A[2K[1A[2K[1A[2K[1A[2K[1A[2K[1A[2K[1A[2K[1A[2K[1A[2K[1A[2K[1A[2K[1A[2K[G
                                                                                                                                           [38;5;103m ? for shortcuts [39m
[38;5;59m────────────────────────────────────────────────────────────────────────────────────────────────────────────────────────────────────────────────────────────[39m
 [38;5;217mYOLO[38;5;103m ctrl+y[39m                                                                                                                               [38;5;103m1 GEMINI.md file[39m
[38;5;217m────────────────────────────────────────────────────────────────────────────────────────────────────────────────────────────────────────────────────────────[39m
 [38;5;217m* [39myour task is to study the logs created in the @[7m [27m
[38;5;217m────────────────────────────────────────────────────────────────────────────────────────────────────────────────────────────────────────────────────────────[39m
 [38;5;183mcodebase_investigator [Agent][39m
 [38;5;103mcli_help [Agent][39m
 [38;5;103m.gemini/[39m
 [38;5;103m.gemini/commands/[39m
 [38;5;103m.perplexity_session/[39m
 [38;5;103m.perplexity_session/Crashpad/[39m
 [38;5;103m.perplexity_session/Crashpad/attachments/[39m
 [38;5;103m.perplexity_session/Crashpad/reports/[39m
 [90m▼[39m
 [90m(1/26)[39m
 /mnt/.../chojn/projects/kanbanAgents[38;5;103m (main*)[39m                                 [38;5;217mno sandbox[38;5;103m (see /docs)[39m                                 [38;5;103m/model [39mAuto (Gemini 3)
[13A[51G[13B[2K[1A[2K[1A[2K[1A[2K[1A[2K[1A[2K[1A[2K[1A[2K[1A[2K[1A[2K[1A[2K[1A[2K[1A[2K[1A[2K[1A[2K[1A[2K[1A[2K[1A[2K[1A[2K[G
                                                                                                                                           [38;5;103m ? for shortcuts [39m
[38;5;59m────────────────────────────────────────────────────────────────────────────────────────────────────────────────────────────────────────────────────────────[39m
 [38;5;217mYOLO[38;5;103m ctrl+y[39m                                                                                                                               [38;5;103m1 GEMINI.md file[39m
[38;5;217m────────────────────────────────────────────────────────────────────────────────────────────────────────────────────────────────────────────────────────────[39m
 [38;5;217m* [39myour task is to study the logs created in the [7m [27m
[38;5;217m────────────────────────────────────────────────────────────────────────────────────────────────────────────────────────────────────────────────────────────[39m
 /mnt/.../chojn/projects/kanbanAgents[38;5;103m (main*)[39m                                 [38;5;217mno sandbox[38;5;103m (see /docs)[39m                                 [38;5;103m/model [39mAuto (Gemini 3)
[3A[50G[3B[2K[1A[2K[1A[2K[1A[2K[1A[2K[1A[2K[1A[2K[1A[2K[1A[2K[G
                                                                                                                                           [38;5;103m ? for shortcuts [39m
[38;5;59m────────────────────────────────────────────────────────────────────────────────────────────────────────────────────────────────────────────────────────────[39m
 [38;5;217mYOLO[38;5;103m ctrl+y[39m                                                                                                                               [38;5;103m1 GEMINI.md file[39m
[38;5;217m────────────────────────────────────────────────────────────────────────────────────────────────────────────────────────────────────────────────────────────[39m
 [38;5;217m* [39myour task is to study the logs created in the[7m [27m
[38;5;217m────────────────────────────────────────────────────────────────────────────────────────────────────────────────────────────────────────────────────────────[39m
 /mnt/.../chojn/projects/kanbanAgents[38;5;103m (main*)[39m                                 [38;5;217mno sandbox[38;5;103m (see /docs)[39m                                 [38;5;103m/model [39mAuto (Gemini 3)
[3A[49G[3B[2K[1A[2K[1A[2K[1A[2K[1A[2K[1A[2K[1A[2K[1A[2K[1A[2K[G
                                                                                                                                           [38;5;103m ? for shortcuts [39m
[38;5;59m────────────────────────────────────────────────────────────────────────────────────────────────────────────────────────────────────────────────────────────[39m
 [38;5;217mYOLO[38;5;103m ctrl+y[39m                                                                                                                               [38;5;103m1 GEMINI.md file[39m
[38;5;217m────────────────────────────────────────────────────────────────────────────────────────────────────────────────────────────────────────────────────────────[39m
 [38;5;217m* [39myour task is to study the logs created in th[7m [27m
[38;5;217m────────────────────────────────────────────────────────────────────────────────────────────────────────────────────────────────────────────────────────────[39m
 /mnt/.../chojn/projects/kanbanAgents[38;5;103m (main*)[39m                                 [38;5;217mno sandbox[38;5;103m (see /docs)[39m                                 [38;5;103m/model [39mAuto (Gemini 3)
[3A[48G[3B[2K[1A[2K[1A[2K[1A[2K[1A[2K[1A[2K[1A[2K[1A[2K[1A[2K[G
                                                                                                                                           [38;5;103m ? for shortcuts [39m
[38;5;59m────────────────────────────────────────────────────────────────────────────────────────────────────────────────────────────────────────────────────────────[39m
 [38;5;217mYOLO[38;5;103m ctrl+y[39m                                                                                                                               [38;5;103m1 GEMINI.md file[39m
[38;5;217m────────────────────────────────────────────────────────────────────────────────────────────────────────────────────────────────────────────────────────────[39m
 [38;5;217m* [39myour task is to study the logs created in t[7m [27m
[38;5;217m────────────────────────────────────────────────────────────────────────────────────────────────────────────────────────────────────────────────────────────[39m
 /mnt/.../chojn/projects/kanbanAgents[38;5;103m (main*)[39m                                 [38;5;217mno sandbox[38;5;103m (see /docs)[39m                                 [38;5;103m/model [39mAuto (Gemini 3)
[3A[47G[3B[2K[1A[2K[1A[2K[1A[2K[1A[2K[1A[2K[1A[2K[1A[2K[1A[2K[G
                                                                                                                                           [38;5;103m ? for shortcuts [39m
[38;5;59m────────────────────────────────────────────────────────────────────────────────────────────────────────────────────────────────────────────────────────────[39m
 [38;5;217mYOLO[38;5;103m ctrl+y[39m                                                                                                                               [38;5;103m1 GEMINI.md file[39m
[38;5;217m────────────────────────────────────────────────────────────────────────────────────────────────────────────────────────────────────────────────────────────[39m
 [38;5;217m* [39myour task is to study the logs created in [7m [27m
[38;5;217m────────────────────────────────────────────────────────────────────────────────────────────────────────────────────────────────────────────────────────────[39m
 /mnt/.../chojn/projects/kanbanAgents[38;5;103m (main*)[39m                                 [38;5;217mno sandbox[38;5;103m (see /docs)[39m                                 [38;5;103m/model [39mAuto (Gemini 3)
[3A[46G[3B[2K[1A[2K[1A[2K[1A[2K[1A[2K[1A[2K[1A[2K[1A[2K[1A[2K[G
                                                                                                                                           [38;5;103m ? for shortcuts [39m
[38;5;59m────────────────────────────────────────────────────────────────────────────────────────────────────────────────────────────────────────────────────────────[39m
 [38;5;217mYOLO[38;5;103m ctrl+y[39m                                                                                                                               [38;5;103m1 GEMINI.md file[39m
[38;5;217m────────────────────────────────────────────────────────────────────────────────────────────────────────────────────────────────────────────────────────────[39m
 [38;5;217m* [39myour task is to study the logs created in[7m [27m
[38;5;217m────────────────────────────────────────────────────────────────────────────────────────────────────────────────────────────────────────────────────────────[39m
 /mnt/.../chojn/projects/kanbanAgents[38;5;103m (main*)[39m                                 [38;5;217mno sandbox[38;5;103m (see /docs)[39m                                 [38;5;103m/model [39mAuto (Gemini 3)
[3A[45G[3B[2K[1A[2K[1A[2K[1A[2K[1A[2K[1A[2K[1A[2K[1A[2K[1A[2K[G
                                                                                                                                           [38;5;103m ? for shortcuts [39m
[38;5;59m────────────────────────────────────────────────────────────────────────────────────────────────────────────────────────────────────────────────────────────[39m
 [38;5;217mYOLO[38;5;103m ctrl+y[39m                                                                                                                               [38;5;103m1 GEMINI.md file[39m
[38;5;217m────────────────────────────────────────────────────────────────────────────────────────────────────────────────────────────────────────────────────────────[39m
 [38;5;217m* [39myour task is to study the logs created i[7m [27m
[38;5;217m────────────────────────────────────────────────────────────────────────────────────────────────────────────────────────────────────────────────────────────[39m
 /mnt/.../chojn/projects/kanbanAgents[38;5;103m (main*)[39m                                 [38;5;217mno sandbox[38;5;103m (see /docs)[39m                                 [38;5;103m/model [39mAuto (Gemini 3)
[3A[44G[3B[2K[1A[2K[1A[2K[1A[2K[1A[2K[1A[2K[1A[2K[1A[2K[1A[2K[G
                                                                                                                                           [38;5;103m ? for shortcuts [39m
[38;5;59m────────────────────────────────────────────────────────────────────────────────────────────────────────────────────────────────────────────────────────────[39m
 [38;5;217mYOLO[38;5;103m ctrl+y[39m                                                                                                                               [38;5;103m1 GEMINI.md file[39m
[38;5;217m────────────────────────────────────────────────────────────────────────────────────────────────────────────────────────────────────────────────────────────[39m
 [38;5;217m* [39myour task is to study the logs created [7m [27m
[38;5;217m────────────────────────────────────────────────────────────────────────────────────────────────────────────────────────────────────────────────────────────[39m
 /mnt/.../chojn/projects/kanbanAgents[38;5;103m (main*)[39m                                 [38;5;217mno sandbox[38;5;103m (see /docs)[39m                                 [38;5;103m/model [39mAuto (Gemini 3)
[3A[43G[3B[2K[1A[2K[1A[2K[1A[2K[1A[2K[1A[2K[1A[2K[1A[2K[1A[2K[G
                                                                                                                                           [38;5;103m ? for shortcuts [39m
[38;5;59m────────────────────────────────────────────────────────────────────────────────────────────────────────────────────────────────────────────────────────────[39m
 [38;5;217mYOLO[38;5;103m ctrl+y[39m                                                                                                                               [38;5;103m1 GEMINI.md file[39m
[38;5;217m────────────────────────────────────────────────────────────────────────────────────────────────────────────────────────────────────────────────────────────[39m
 [38;5;217m* [39myour task is to study the logs created[7m [27m
[38;5;217m────────────────────────────────────────────────────────────────────────────────────────────────────────────────────────────────────────────────────────────[39m
 /mnt/.../chojn/projects/kanbanAgents[38;5;103m (main*)[39m                                 [38;5;217mno sandbox[38;5;103m (see /docs)[39m                                 [38;5;103m/model [39mAuto (Gemini 3)
[3A[42G[3B[2K[1A[2K[1A[2K[1A[2K[1A[2K[1A[2K[1A[2K[1A[2K[1A[2K[G
                                                                                                                                           [38;5;103m ? for shortcuts [39m
[38;5;59m────────────────────────────────────────────────────────────────────────────────────────────────────────────────────────────────────────────────────────────[39m
 [38;5;217mYOLO[38;5;103m ctrl+y[39m                                                                                                                               [38;5;103m1 GEMINI.md file[39m
[38;5;217m────────────────────────────────────────────────────────────────────────────────────────────────────────────────────────────────────────────────────────────[39m
 [38;5;217m* [39myour task is to study the logs create[7m [27m
[38;5;217m────────────────────────────────────────────────────────────────────────────────────────────────────────────────────────────────────────────────────────────[39m
 /mnt/.../chojn/projects/kanbanAgents[38;5;103m (main*)[39m                                 [38;5;217mno sandbox[38;5;103m (see /docs)[39m                                 [38;5;103m/model [39mAuto (Gemini 3)
[3A[41G[3B[2K[1A[2K[1A[2K[1A[2K[1A[2K[1A[2K[1A[2K[1A[2K[1A[2K[G
                                                                                                                                           [38;5;103m ? for shortcuts [39m
[38;5;59m────────────────────────────────────────────────────────────────────────────────────────────────────────────────────────────────────────────────────────────[39m
 [38;5;217mYOLO[38;5;103m ctrl+y[39m                                                                                                                               [38;5;103m1 GEMINI.md file[39m
[38;5;217m────────────────────────────────────────────────────────────────────────────────────────────────────────────────────────────────────────────────────────────[39m
 [38;5;217m* [39myour task is to study the logs creat[7m [27m
[38;5;217m────────────────────────────────────────────────────────────────────────────────────────────────────────────────────────────────────────────────────────────[39m
 /mnt/.../chojn/projects/kanbanAgents[38;5;103m (main*)[39m                                 [38;5;217mno sandbox[38;5;103m (see /docs)[39m                                 [38;5;103m/model [39mAuto (Gemini 3)
[3A[40G[3B[2K[1A[2K[1A[2K[1A[2K[1A[2K[1A[2K[1A[2K[1A[2K[1A[2K[G
                                                                                                                                           [38;5;103m ? for shortcuts [39m
[38;5;59m────────────────────────────────────────────────────────────────────────────────────────────────────────────────────────────────────────────────────────────[39m
 [38;5;217mYOLO[38;5;103m ctrl+y[39m                                                                                                                               [38;5;103m1 GEMINI.md file[39m
[38;5;217m────────────────────────────────────────────────────────────────────────────────────────────────────────────────────────────────────────────────────────────[39m
 [38;5;217m* [39myour task is to study the logs crea[7m [27m
[38;5;217m────────────────────────────────────────────────────────────────────────────────────────────────────────────────────────────────────────────────────────────[39m
 /mnt/.../chojn/projects/kanbanAgents[38;5;103m (main*)[39m                                 [38;5;217mno sandbox[38;5;103m (see /docs)[39m                                 [38;5;103m/model [39mAuto (Gemini 3)
[3A[39G[3B[2K[1A[2K[1A[2K[1A[2K[1A[2K[1A[2K[1A[2K[1A[2K[1A[2K[G
                                                                                                                                           [38;5;103m ? for shortcuts [39m
[38;5;59m────────────────────────────────────────────────────────────────────────────────────────────────────────────────────────────────────────────────────────────[39m
 [38;5;217mYOLO[38;5;103m ctrl+y[39m                                                                                                                               [38;5;103m1 GEMINI.md file[39m
[38;5;217m────────────────────────────────────────────────────────────────────────────────────────────────────────────────────────────────────────────────────────────[39m
 [38;5;217m* [39myour task is to study the logs cre[7m [27m
[38;5;217m────────────────────────────────────────────────────────────────────────────────────────────────────────────────────────────────────────────────────────────[39m
 /mnt/.../chojn/projects/kanbanAgents[38;5;103m (main*)[39m                                 [38;5;217mno sandbox[38;5;103m (see /docs)[39m                                 [38;5;103m/model [39mAuto (Gemini 3)
[3A[38G[3B[2K[1A[2K[1A[2K[1A[2K[1A[2K[1A[2K[1A[2K[1A[2K[1A[2K[G
                                                                                                                                           [38;5;103m ? for shortcuts [39m
[38;5;59m────────────────────────────────────────────────────────────────────────────────────────────────────────────────────────────────────────────────────────────[39m
 [38;5;217mYOLO[38;5;103m ctrl+y[39m                                                                                                                               [38;5;103m1 GEMINI.md file[39m
[38;5;217m────────────────────────────────────────────────────────────────────────────────────────────────────────────────────────────────────────────────────────────[39m
 [38;5;217m* [39myour task is to study the logs cr[7m [27m
[38;5;217m────────────────────────────────────────────────────────────────────────────────────────────────────────────────────────────────────────────────────────────[39m
 /mnt/.../chojn/projects/kanbanAgents[38;5;103m (main*)[39m                                 [38;5;217mno sandbox[38;5;103m (see /docs)[39m                                 [38;5;103m/model [39mAuto (Gemini 3)
[3A[37G[3B[2K[1A[2K[1A[2K[1A[2K[1A[2K[1A[2K[1A[2K[1A[2K[1A[2K[G
                                                                                                                                           [38;5;103m ? for shortcuts [39m
[38;5;59m────────────────────────────────────────────────────────────────────────────────────────────────────────────────────────────────────────────────────────────[39m
 [38;5;217mYOLO[38;5;103m ctrl+y[39m                                                                                                                               [38;5;103m1 GEMINI.md file[39m
[38;5;217m────────────────────────────────────────────────────────────────────────────────────────────────────────────────────────────────────────────────────────────[39m
 [38;5;217m* [39myour task is to study the logs c[7m [27m
[38;5;217m────────────────────────────────────────────────────────────────────────────────────────────────────────────────────────────────────────────────────────────[39m
 /mnt/.../chojn/projects/kanbanAgents[38;5;103m (main*)[39m                                 [38;5;217mno sandbox[38;5;103m (see /docs)[39m                                 [38;5;103m/model [39mAuto (Gemini 3)
[3A[36G[3B[2K[1A[2K[1A[2K[1A[2K[1A[2K[1A[2K[1A[2K[1A[2K[1A[2K[G
                                                                                                                                           [38;5;103m ? for shortcuts [39m
[38;5;59m────────────────────────────────────────────────────────────────────────────────────────────────────────────────────────────────────────────────────────────[39m
 [38;5;217mYOLO[38;5;103m ctrl+y[39m                                                                                                                               [38;5;103m1 GEMINI.md file[39m
[38;5;217m────────────────────────────────────────────────────────────────────────────────────────────────────────────────────────────────────────────────────────────[39m
 [38;5;217m* [39myour task is to study the logs [7m [27m
[38;5;217m────────────────────────────────────────────────────────────────────────────────────────────────────────────────────────────────────────────────────────────[39m
 /mnt/.../chojn/projects/kanbanAgents[38;5;103m (main*)[39m                                 [38;5;217mno sandbox[38;5;103m (see /docs)[39m                                 [38;5;103m/model [39mAuto (Gemini 3)
[3A[35G[3B[2K[1A[2K[1A[2K[1A[2K[1A[2K[1A[2K[1A[2K[1A[2K[1A[2K[G
                                                                                                                                           [38;5;103m ? for shortcuts [39m
[38;5;59m────────────────────────────────────────────────────────────────────────────────────────────────────────────────────────────────────────────────────────────[39m
 [38;5;217mYOLO[38;5;103m ctrl+y[39m                                                                                                                               [38;5;103m1 GEMINI.md file[39m
[38;5;217m────────────────────────────────────────────────────────────────────────────────────────────────────────────────────────────────────────────────────────────[39m
 [38;5;217m* [39myour task is to study the logs[7m [27m
[38;5;217m────────────────────────────────────────────────────────────────────────────────────────────────────────────────────────────────────────────────────────────[39m
 /mnt/.../chojn/projects/kanbanAgents[38;5;103m (main*)[39m                                 [38;5;217mno sandbox[38;5;103m (see /docs)[39m                                 [38;5;103m/model [39mAuto (Gemini 3)
[3A[34G[3B[2K[1A[2K[1A[2K[1A[2K[1A[2K[1A[2K[1A[2K[1A[2K[1A[2K[G
                                                                                                                                           [38;5;103m ? for shortcuts [39m
[38;5;59m────────────────────────────────────────────────────────────────────────────────────────────────────────────────────────────────────────────────────────────[39m
 [38;5;217mYOLO[38;5;103m ctrl+y[39m                                                                                                                               [38;5;103m1 GEMINI.md file[39m
[38;5;217m────────────────────────────────────────────────────────────────────────────────────────────────────────────────────────────────────────────────────────────[39m
 [38;5;217m* [39myour task is to study the log[7m [27m
[38;5;217m────────────────────────────────────────────────────────────────────────────────────────────────────────────────────────────────────────────────────────────[39m
 /mnt/.../chojn/projects/kanbanAgents[38;5;103m (main*)[39m                                 [38;5;217mno sandbox[38;5;103m (see /docs)[39m                                 [38;5;103m/model [39mAuto (Gemini 3)
[3A[33G[3B[2K[1A[2K[1A[2K[1A[2K[1A[2K[1A[2K[1A[2K[1A[2K[1A[2K[G
                                                                                                                                           [38;5;103m ? for shortcuts [39m
[38;5;59m────────────────────────────────────────────────────────────────────────────────────────────────────────────────────────────────────────────────────────────[39m
 [38;5;217mYOLO[38;5;103m ctrl+y[39m                                                                                                                               [38;5;103m1 GEMINI.md file[39m
[38;5;217m────────────────────────────────────────────────────────────────────────────────────────────────────────────────────────────────────────────────────────────[39m
 [38;5;217m* [39myour task is to study the lo[7m [27m
[38;5;217m────────────────────────────────────────────────────────────────────────────────────────────────────────────────────────────────────────────────────────────[39m
 /mnt/.../chojn/projects/kanbanAgents[38;5;103m (main*)[39m                                 [38;5;217mno sandbox[38;5;103m (see /docs)[39m                                 [38;5;103m/model [39mAuto (Gemini 3)
[3A[32G[3B[2K[1A[2K[1A[2K[1A[2K[1A[2K[1A[2K[1A[2K[1A[2K[1A[2K[G
                                                                                                                                           [38;5;103m ? for shortcuts [39m
[38;5;59m────────────────────────────────────────────────────────────────────────────────────────────────────────────────────────────────────────────────────────────[39m
 [38;5;217mYOLO[38;5;103m ctrl+y[39m                                                                                                                               [38;5;103m1 GEMINI.md file[39m
[38;5;217m────────────────────────────────────────────────────────────────────────────────────────────────────────────────────────────────────────────────────────────[39m
 [38;5;217m* [39myour task is to study the l[7m [27m
[38;5;217m────────────────────────────────────────────────────────────────────────────────────────────────────────────────────────────────────────────────────────────[39m
 /mnt/.../chojn/projects/kanbanAgents[38;5;103m (main*)[39m                                 [38;5;217mno sandbox[38;5;103m (see /docs)[39m                                 [38;5;103m/model [39mAuto (Gemini 3)
[3A[31G[3B[2K[1A[2K[1A[2K[1A[2K[1A[2K[1A[2K[1A[2K[1A[2K[1A[2K[G
                                                                                                                                           [38;5;103m ? for shortcuts [39m
[38;5;59m────────────────────────────────────────────────────────────────────────────────────────────────────────────────────────────────────────────────────────────[39m
 [38;5;217mYOLO[38;5;103m ctrl+y[39m                                                                                                                               [38;5;103m1 GEMINI.md file[39m
[38;5;217m────────────────────────────────────────────────────────────────────────────────────────────────────────────────────────────────────────────────────────────[39m
 [38;5;217m* [39myour task is to study the [7m [27m
[38;5;217m────────────────────────────────────────────────────────────────────────────────────────────────────────────────────────────────────────────────────────────[39m
 /mnt/.../chojn/projects/kanbanAgents[38;5;103m (main*)[39m                                 [38;5;217mno sandbox[38;5;103m (see /docs)[39m                                 [38;5;103m/model [39mAuto (Gemini 3)
[3A[30G[3B[2K[1A[2K[1A[2K[1A[2K[1A[2K[1A[2K[1A[2K[1A[2K[1A[2K[G
                                                                                                                                           [38;5;103m ? for shortcuts [39m
[38;5;59m────────────────────────────────────────────────────────────────────────────────────────────────────────────────────────────────────────────────────────────[39m
 [38;5;217mYOLO[38;5;103m ctrl+y[39m                                                                                                                               [38;5;103m1 GEMINI.md file[39m
[38;5;217m────────────────────────────────────────────────────────────────────────────────────────────────────────────────────────────────────────────────────────────[39m
 [38;5;217m* [39myour task is to study the[7m [27m
[38;5;217m────────────────────────────────────────────────────────────────────────────────────────────────────────────────────────────────────────────────────────────[39m
 /mnt/.../chojn/projects/kanbanAgents[38;5;103m (main*)[39m                                 [38;5;217mno sandbox[38;5;103m (see /docs)[39m                                 [38;5;103m/model [39mAuto (Gemini 3)
[3A[29G[3B[2K[1A[2K[1A[2K[1A[2K[1A[2K[1A[2K[1A[2K[1A[2K[1A[2K[G
                                                                                                                                           [38;5;103m ? for shortcuts [39m
[38;5;59m────────────────────────────────────────────────────────────────────────────────────────────────────────────────────────────────────────────────────────────[39m
 [38;5;217mYOLO[38;5;103m ctrl+y[39m                                                                                                                               [38;5;103m1 GEMINI.md file[39m
[38;5;217m────────────────────────────────────────────────────────────────────────────────────────────────────────────────────────────────────────────────────────────[39m
 [38;5;217m* [39myour task is to study th[7m [27m
[38;5;217m────────────────────────────────────────────────────────────────────────────────────────────────────────────────────────────────────────────────────────────[39m
 /mnt/.../chojn/projects/kanbanAgents[38;5;103m (main*)[39m                                 [38;5;217mno sandbox[38;5;103m (see /docs)[39m                                 [38;5;103m/model [39mAuto (Gemini 3)
[3A[28G[3B[2K[1A[2K[1A[2K[1A[2K[1A[2K[1A[2K[1A[2K[1A[2K[1A[2K[G
                                                                                                                                           [38;5;103m ? for shortcuts [39m
[38;5;59m────────────────────────────────────────────────────────────────────────────────────────────────────────────────────────────────────────────────────────────[39m
 [38;5;217mYOLO[38;5;103m ctrl+y[39m                                                                                                                               [38;5;103m1 GEMINI.md file[39m
[38;5;217m────────────────────────────────────────────────────────────────────────────────────────────────────────────────────────────────────────────────────────────[39m
 [38;5;217m* [39myour task is to study t[7m [27m
[38;5;217m────────────────────────────────────────────────────────────────────────────────────────────────────────────────────────────────────────────────────────────[39m
 /mnt/.../chojn/projects/kanbanAgents[38;5;103m (main*)[39m                                 [38;5;217mno sandbox[38;5;103m (see /docs)[39m                                 [38;5;103m/model [39mAuto (Gemini 3)
[3A[27G[3B[2K[1A[2K[1A[2K[1A[2K[1A[2K[1A[2K[1A[2K[1A[2K[1A[2K[G
                                                                                                                                           [38;5;103m ? for shortcuts [39m
[38;5;59m────────────────────────────────────────────────────────────────────────────────────────────────────────────────────────────────────────────────────────────[39m
 [38;5;217mYOLO[38;5;103m ctrl+y[39m                                                                                                                               [38;5;103m1 GEMINI.md file[39m
[38;5;217m────────────────────────────────────────────────────────────────────────────────────────────────────────────────────────────────────────────────────────────[39m
 [38;5;217m* [39myour task is to study [7m [27m
[38;5;217m────────────────────────────────────────────────────────────────────────────────────────────────────────────────────────────────────────────────────────────[39m
 /mnt/.../chojn/projects/kanbanAgents[38;5;103m (main*)[39m                                 [38;5;217mno sandbox[38;5;103m (see /docs)[39m                                 [38;5;103m/model [39mAuto (Gemini 3)
[3A[26G[3B[2K[1A[2K[1A[2K[1A[2K[1A[2K[1A[2K[1A[2K[1A[2K[1A[2K[G
                                                                                                                                           [38;5;103m ? for shortcuts [39m
[38;5;59m────────────────────────────────────────────────────────────────────────────────────────────────────────────────────────────────────────────────────────────[39m
 [38;5;217mYOLO[38;5;103m ctrl+y[39m                                                                                                                               [38;5;103m1 GEMINI.md file[39m
[38;5;217m────────────────────────────────────────────────────────────────────────────────────────────────────────────────────────────────────────────────────────────[39m
 [38;5;217m* [39myour task is to study[7m [27m
[38;5;217m────────────────────────────────────────────────────────────────────────────────────────────────────────────────────────────────────────────────────────────[39m
 /mnt/.../chojn/projects/kanbanAgents[38;5;103m (main*)[39m                                 [38;5;217mno sandbox[38;5;103m (see /docs)[39m                                 [38;5;103m/model [39mAuto (Gemini 3)
[3A[25G[3B[2K[1A[2K[1A[2K[1A[2K[1A[2K[1A[2K[1A[2K[1A[2K[1A[2K[G
                                                                                                                                           [38;5;103m ? for shortcuts [39m
[38;5;59m────────────────────────────────────────────────────────────────────────────────────────────────────────────────────────────────────────────────────────────[39m
 [38;5;217mYOLO[38;5;103m ctrl+y[39m                                                                                                                               [38;5;103m1 GEMINI.md file[39m
[38;5;217m────────────────────────────────────────────────────────────────────────────────────────────────────────────────────────────────────────────────────────────[39m
 [38;5;217m* [39myour task is to stud[7m [27m
[38;5;217m────────────────────────────────────────────────────────────────────────────────────────────────────────────────────────────────────────────────────────────[39m
 /mnt/.../chojn/projects/kanbanAgents[38;5;103m (main*)[39m                                 [38;5;217mno sandbox[38;5;103m (see /docs)[39m                                 [38;5;103m/model [39mAuto (Gemini 3)
[3A[24G[3B[2K[1A[2K[1A[2K[1A[2K[1A[2K[1A[2K[1A[2K[1A[2K[1A[2K[G
                                                                                                                                           [38;5;103m ? for shortcuts [39m
[38;5;59m────────────────────────────────────────────────────────────────────────────────────────────────────────────────────────────────────────────────────────────[39m
 [38;5;217mYOLO[38;5;103m ctrl+y[39m                                                                                                                               [38;5;103m1 GEMINI.md file[39m
[38;5;217m────────────────────────────────────────────────────────────────────────────────────────────────────────────────────────────────────────────────────────────[39m
 [38;5;217m* [39myour task is to stu[7m [27m
[38;5;217m────────────────────────────────────────────────────────────────────────────────────────────────────────────────────────────────────────────────────────────[39m
 /mnt/.../chojn/projects/kanbanAgents[38;5;103m (main*)[39m                                 [38;5;217mno sandbox[38;5;103m (see /docs)[39m                                 [38;5;103m/model [39mAuto (Gemini 3)
[3A[23G[3B[2K[1A[2K[1A[2K[1A[2K[1A[2K[1A[2K[1A[2K[1A[2K[1A[2K[G
                                                                                                                                           [38;5;103m ? for shortcuts [39m
[38;5;59m────────────────────────────────────────────────────────────────────────────────────────────────────────────────────────────────────────────────────────────[39m
 [38;5;217mYOLO[38;5;103m ctrl+y[39m                                                                                                                               [38;5;103m1 GEMINI.md file[39m
[38;5;217m────────────────────────────────────────────────────────────────────────────────────────────────────────────────────────────────────────────────────────────[39m
 [38;5;217m* [39myour task is to st[7m [27m
[38;5;217m────────────────────────────────────────────────────────────────────────────────────────────────────────────────────────────────────────────────────────────[39m
 /mnt/.../chojn/projects/kanbanAgents[38;5;103m (main*)[39m                                 [38;5;217mno sandbox[38;5;103m (see /docs)[39m                                 [38;5;103m/model [39mAuto (Gemini 3)
[3A[22G[3B[2K[1A[2K[1A[2K[1A[2K[1A[2K[1A[2K[1A[2K[1A[2K[1A[2K[G
                                                                                                                                           [38;5;103m ? for shortcuts [39m
[38;5;59m────────────────────────────────────────────────────────────────────────────────────────────────────────────────────────────────────────────────────────────[39m
 [38;5;217mYOLO[38;5;103m ctrl+y[39m                                                                                                                               [38;5;103m1 GEMINI.md file[39m
[38;5;217m────────────────────────────────────────────────────────────────────────────────────────────────────────────────────────────────────────────────────────────[39m
 [38;5;217m* [39myour task is to s[7m [27m
[38;5;217m────────────────────────────────────────────────────────────────────────────────────────────────────────────────────────────────────────────────────────────[39m
 /mnt/.../chojn/projects/kanbanAgents[38;5;103m (main*)[39m                                 [38;5;217mno sandbox[38;5;103m (see /docs)[39m                                 [38;5;103m/model [39mAuto (Gemini 3)
[3A[21G[3B[2K[1A[2K[1A[2K[1A[2K[1A[2K[1A[2K[1A[2K[1A[2K[1A[2K[G
                                                                                                                                           [38;5;103m ? for shortcuts [39m
[38;5;59m────────────────────────────────────────────────────────────────────────────────────────────────────────────────────────────────────────────────────────────[39m
 [38;5;217mYOLO[38;5;103m ctrl+y[39m                                                                                                                               [38;5;103m1 GEMINI.md file[39m
[38;5;217m────────────────────────────────────────────────────────────────────────────────────────────────────────────────────────────────────────────────────────────[39m
 [38;5;217m* [39myour task is to [7m [27m
[38;5;217m────────────────────────────────────────────────────────────────────────────────────────────────────────────────────────────────────────────────────────────[39m
 /mnt/.../chojn/projects/kanbanAgents[38;5;103m (main*)[39m                                 [38;5;217mno sandbox[38;5;103m (see /docs)[39m                                 [38;5;103m/model [39mAuto (Gemini 3)
[3A[20G[3B[2K[1A[2K[1A[2K[1A[2K[1A[2K[1A[2K[1A[2K[1A[2K[1A[2K[G
                                                                                                                                           [38;5;103m ? for shortcuts [39m
[38;5;59m────────────────────────────────────────────────────────────────────────────────────────────────────────────────────────────────────────────────────────────[39m
 [38;5;217mYOLO[38;5;103m ctrl+y[39m                                                                                                                               [38;5;103m1 GEMINI.md file[39m
[38;5;217m────────────────────────────────────────────────────────────────────────────────────────────────────────────────────────────────────────────────────────────[39m
 [38;5;217m* [39myour task is to[7m [27m
[38;5;217m────────────────────────────────────────────────────────────────────────────────────────────────────────────────────────────────────────────────────────────[39m
 /mnt/.../chojn/projects/kanbanAgents[38;5;103m (main*)[39m                                 [38;5;217mno sandbox[38;5;103m (see /docs)[39m                                 [38;5;103m/model [39mAuto (Gemini 3)
[3A[19G[3B[2K[1A[2K[1A[2K[1A[2K[1A[2K[1A[2K[1A[2K[1A[2K[1A[2K[G
                                                                                                                                           [38;5;103m ? for shortcuts [39m
[38;5;59m────────────────────────────────────────────────────────────────────────────────────────────────────────────────────────────────────────────────────────────[39m
 [38;5;217mYOLO[38;5;103m ctrl+y[39m                                                                                                                               [38;5;103m1 GEMINI.md file[39m
[38;5;217m────────────────────────────────────────────────────────────────────────────────────────────────────────────────────────────────────────────────────────────[39m
 [38;5;217m* [39myour task is t[7m [27m
[38;5;217m────────────────────────────────────────────────────────────────────────────────────────────────────────────────────────────────────────────────────────────[39m
 /mnt/.../chojn/projects/kanbanAgents[38;5;103m (main*)[39m                                 [38;5;217mno sandbox[38;5;103m (see /docs)[39m                                 [38;5;103m/model [39mAuto (Gemini 3)
[3A[18G[3B[2K[1A[2K[1A[2K[1A[2K[1A[2K[1A[2K[1A[2K[1A[2K[1A[2K[G
                                                                                                                                           [38;5;103m ? for shortcuts [39m
[38;5;59m────────────────────────────────────────────────────────────────────────────────────────────────────────────────────────────────────────────────────────────[39m
 [38;5;217mYOLO[38;5;103m ctrl+y[39m                                                                                                                               [38;5;103m1 GEMINI.md file[39m
[38;5;217m────────────────────────────────────────────────────────────────────────────────────────────────────────────────────────────────────────────────────────────[39m
 [38;5;217m* [39myour task is [7m [27m
[38;5;217m────────────────────────────────────────────────────────────────────────────────────────────────────────────────────────────────────────────────────────────[39m
 /mnt/.../chojn/projects/kanbanAgents[38;5;103m (main*)[39m                                 [38;5;217mno sandbox[38;5;103m (see /docs)[39m                                 [38;5;103m/model [39mAuto (Gemini 3)
[3A[17G[3B[2K[1A[2K[1A[2K[1A[2K[1A[2K[1A[2K[1A[2K[1A[2K[1A[2K[G
                                                                                                                                           [38;5;103m ? for shortcuts [39m
[38;5;59m────────────────────────────────────────────────────────────────────────────────────────────────────────────────────────────────────────────────────────────[39m
 [38;5;217mYOLO[38;5;103m ctrl+y[39m                                                                                                                               [38;5;103m1 GEMINI.md file[39m
[38;5;217m────────────────────────────────────────────────────────────────────────────────────────────────────────────────────────────────────────────────────────────[39m
 [38;5;217m* [39myour task is[7m [27m
[38;5;217m────────────────────────────────────────────────────────────────────────────────────────────────────────────────────────────────────────────────────────────[39m
 /mnt/.../chojn/projects/kanbanAgents[38;5;103m (main*)[39m                                 [38;5;217mno sandbox[38;5;103m (see /docs)[39m                                 [38;5;103m/model [39mAuto (Gemini 3)
[3A[16G[3B[2K[1A[2K[1A[2K[1A[2K[1A[2K[1A[2K[1A[2K[1A[2K[1A[2K[G
                                                                                                                                           [38;5;103m ? for shortcuts [39m
[38;5;59m────────────────────────────────────────────────────────────────────────────────────────────────────────────────────────────────────────────────────────────[39m
 [38;5;217mYOLO[38;5;103m ctrl+y[39m                                                                                                                               [38;5;103m1 GEMINI.md file[39m
[38;5;217m────────────────────────────────────────────────────────────────────────────────────────────────────────────────────────────────────────────────────────────[39m
 [38;5;217m* [39myour task i[7m [27m
[38;5;217m────────────────────────────────────────────────────────────────────────────────────────────────────────────────────────────────────────────────────────────[39m
 /mnt/.../chojn/projects/kanbanAgents[38;5;103m (main*)[39m                                 [38;5;217mno sandbox[38;5;103m (see /docs)[39m                                 [38;5;103m/model [39mAuto (Gemini 3)
[3A[15G[3B[2K[1A[2K[1A[2K[1A[2K[1A[2K[1A[2K[1A[2K[1A[2K[1A[2K[G
                                                                                                                                           [38;5;103m ? for shortcuts [39m
[38;5;59m────────────────────────────────────────────────────────────────────────────────────────────────────────────────────────────────────────────────────────────[39m
 [38;5;217mYOLO[38;5;103m ctrl+y[39m                                                                                                                               [38;5;103m1 GEMINI.md file[39m
[38;5;217m────────────────────────────────────────────────────────────────────────────────────────────────────────────────────────────────────────────────────────────[39m
 [38;5;217m* [39myour task [7m [27m
[38;5;217m────────────────────────────────────────────────────────────────────────────────────────────────────────────────────────────────────────────────────────────[39m
 /mnt/.../chojn/projects/kanbanAgents[38;5;103m (main*)[39m                                 [38;5;217mno sandbox[38;5;103m (see /docs)[39m                                 [38;5;103m/model [39mAuto (Gemini 3)
[3A[14G[3B[2K[1A[2K[1A[2K[1A[2K[1A[2K[1A[2K[1A[2K[1A[2K[1A[2K[G
                                                                                                                                           [38;5;103m ? for shortcuts [39m
[38;5;59m────────────────────────────────────────────────────────────────────────────────────────────────────────────────────────────────────────────────────────────[39m
 [38;5;217mYOLO[38;5;103m ctrl+y[39m                                                                                                                               [38;5;103m1 GEMINI.md file[39m
[38;5;217m────────────────────────────────────────────────────────────────────────────────────────────────────────────────────────────────────────────────────────────[39m
 [38;5;217m* [39myour task[7m [27m
[38;5;217m────────────────────────────────────────────────────────────────────────────────────────────────────────────────────────────────────────────────────────────[39m
 /mnt/.../chojn/projects/kanbanAgents[38;5;103m (main*)[39m                                 [38;5;217mno sandbox[38;5;103m (see /docs)[39m                                 [38;5;103m/model [39mAuto (Gemini 3)
[3A[13G[3B[2K[1A[2K[1A[2K[1A[2K[1A[2K[1A[2K[1A[2K[1A[2K[1A[2K[G
                                                                                                                                           [38;5;103m ? for shortcuts [39m
[38;5;59m────────────────────────────────────────────────────────────────────────────────────────────────────────────────────────────────────────────────────────────[39m
 [38;5;217mYOLO[38;5;103m ctrl+y[39m                                                                                                                               [38;5;103m1 GEMINI.md file[39m
[38;5;217m────────────────────────────────────────────────────────────────────────────────────────────────────────────────────────────────────────────────────────────[39m
 [38;5;217m* [39myour tas[7m [27m
[38;5;217m────────────────────────────────────────────────────────────────────────────────────────────────────────────────────────────────────────────────────────────[39m
 /mnt/.../chojn/projects/kanbanAgents[38;5;103m (main*)[39m                                 [38;5;217mno sandbox[38;5;103m (see /docs)[39m                                 [38;5;103m/model [39mAuto (Gemini 3)
[3A[12G[3B[2K[1A[2K[1A[2K[1A[2K[1A[2K[1A[2K[1A[2K[1A[2K[1A[2K[G
                                                                                                                                           [38;5;103m ? for shortcuts [39m
[38;5;59m────────────────────────────────────────────────────────────────────────────────────────────────────────────────────────────────────────────────────────────[39m
 [38;5;217mYOLO[38;5;103m ctrl+y[39m                                                                                                                               [38;5;103m1 GEMINI.md file[39m
[38;5;217m────────────────────────────────────────────────────────────────────────────────────────────────────────────────────────────────────────────────────────────[39m
 [38;5;217m* [39myour ta[7m [27m
[38;5;217m────────────────────────────────────────────────────────────────────────────────────────────────────────────────────────────────────────────────────────────[39m
 /mnt/.../chojn/projects/kanbanAgents[38;5;103m (main*)[39m                                 [38;5;217mno sandbox[38;5;103m (see /docs)[39m                                 [38;5;103m/model [39mAuto (Gemini 3)
[3A[11G[3B[2K[1A[2K[1A[2K[1A[2K[1A[2K[1A[2K[1A[2K[1A[2K[1A[2K[G
                                                                                                                                           [38;5;103m ? for shortcuts [39m
[38;5;59m────────────────────────────────────────────────────────────────────────────────────────────────────────────────────────────────────────────────────────────[39m
 [38;5;217mYOLO[38;5;103m ctrl+y[39m                                                                                                                               [38;5;103m1 GEMINI.md file[39m
[38;5;217m────────────────────────────────────────────────────────────────────────────────────────────────────────────────────────────────────────────────────────────[39m
 [38;5;217m* [39myour t[7m [27m
[38;5;217m────────────────────────────────────────────────────────────────────────────────────────────────────────────────────────────────────────────────────────────[39m
 /mnt/.../chojn/projects/kanbanAgents[38;5;103m (main*)[39m                                 [38;5;217mno sandbox[38;5;103m (see /docs)[39m                                 [38;5;103m/model [39mAuto (Gemini 3)
[3A[10G[3B[2K[1A[2K[1A[2K[1A[2K[1A[2K[1A[2K[1A[2K[1A[2K[1A[2K[G
                                                                                                                                           [38;5;103m ? for shortcuts [39m
[38;5;59m────────────────────────────────────────────────────────────────────────────────────────────────────────────────────────────────────────────────────────────[39m
 [38;5;217mYOLO[38;5;103m ctrl+y[39m                                                                                                                               [38;5;103m1 GEMINI.md file[39m
[38;5;217m────────────────────────────────────────────────────────────────────────────────────────────────────────────────────────────────────────────────────────────[39m
 [38;5;217m* [39myour [7m [27m
[38;5;217m────────────────────────────────────────────────────────────────────────────────────────────────────────────────────────────────────────────────────────────[39m
 /mnt/.../chojn/projects/kanbanAgents[38;5;103m (main*)[39m                                 [38;5;217mno sandbox[38;5;103m (see /docs)[39m                                 [38;5;103m/model [39mAuto (Gemini 3)
[3A[9G[3B[2K[1A[2K[1A[2K[1A[2K[1A[2K[1A[2K[1A[2K[1A[2K[1A[2K[G
                                                                                                                                           [38;5;103m ? for shortcuts [39m
[38;5;59m────────────────────────────────────────────────────────────────────────────────────────────────────────────────────────────────────────────────────────────[39m
 [38;5;217mYOLO[38;5;103m ctrl+y[39m                                                                                                                               [38;5;103m1 GEMINI.md file[39m
[38;5;217m────────────────────────────────────────────────────────────────────────────────────────────────────────────────────────────────────────────────────────────[39m
 [38;5;217m* [39myour[7m [27m
[38;5;217m────────────────────────────────────────────────────────────────────────────────────────────────────────────────────────────────────────────────────────────[39m
 /mnt/.../chojn/projects/kanbanAgents[38;5;103m (main*)[39m                                 [38;5;217mno sandbox[38;5;103m (see /docs)[39m                                 [38;5;103m/model [39mAuto (Gemini 3)
[3A[8G[3B[2K[1A[2K[1A[2K[1A[2K[1A[2K[1A[2K[1A[2K[1A[2K[1A[2K[G
                                                                                                                                           [38;5;103m ? for shortcuts [39m
[38;5;59m────────────────────────────────────────────────────────────────────────────────────────────────────────────────────────────────────────────────────────────[39m
 [38;5;217mYOLO[38;5;103m ctrl+y[39m                                                                                                                               [38;5;103m1 GEMINI.md file[39m
[38;5;217m────────────────────────────────────────────────────────────────────────────────────────────────────────────────────────────────────────────────────────────[39m
 [38;5;217m* [39myou[7m [27m
[38;5;217m────────────────────────────────────────────────────────────────────────────────────────────────────────────────────────────────────────────────────────────[39m
 /mnt/.../chojn/projects/kanbanAgents[38;5;103m (main*)[39m                                 [38;5;217mno sandbox[38;5;103m (see /docs)[39m                                 [38;5;103m/model [39mAuto (Gemini 3)
[3A[7G[3B[2K[1A[2K[1A[2K[1A[2K[1A[2K[1A[2K[1A[2K[1A[2K[1A[2K[G
                                                                                                                                           [38;5;103m ? for shortcuts [39m
[38;5;59m────────────────────────────────────────────────────────────────────────────────────────────────────────────────────────────────────────────────────────────[39m
 [38;5;217mYOLO[38;5;103m ctrl+y[39m                                                                                                                               [38;5;103m1 GEMINI.md file[39m
[38;5;217m────────────────────────────────────────────────────────────────────────────────────────────────────────────────────────────────────────────────────────────[39m
 [38;5;217m* [39myo[7m [27m
[38;5;217m────────────────────────────────────────────────────────────────────────────────────────────────────────────────────────────────────────────────────────────[39m
 /mnt/.../chojn/projects/kanbanAgents[38;5;103m (main*)[39m                                 [38;5;217mno sandbox[38;5;103m (see /docs)[39m                                 [38;5;103m/model [39mAuto (Gemini 3)
[3A[6G[3B[2K[1A[2K[1A[2K[1A[2K[1A[2K[1A[2K[1A[2K[1A[2K[1A[2K[G
                                                                                                                                           [38;5;103m ? for shortcuts [39m
[38;5;59m────────────────────────────────────────────────────────────────────────────────────────────────────────────────────────────────────────────────────────────[39m
 [38;5;217mYOLO[38;5;103m ctrl+y[39m                                                                                                                               [38;5;103m1 GEMINI.md file[39m
[38;5;217m────────────────────────────────────────────────────────────────────────────────────────────────────────────────────────────────────────────────────────────[39m
 [38;5;217m* [39my[7m [27m
[38;5;217m────────────────────────────────────────────────────────────────────────────────────────────────────────────────────────────────────────────────────────────[39m
 /mnt/.../chojn/projects/kanbanAgents[38;5;103m (main*)[39m                                 [38;5;217mno sandbox[38;5;103m (see /docs)[39m                                 [38;5;103m/model [39mAuto (Gemini 3)
[3A[5G[3B[2K[1A[2K[1A[2K[1A[2K[1A[2K[1A[2K[1A[2K[1A[2K[1A[2K[G
                                                                                                                                           [38;5;103m ? for shortcuts [39m
[38;5;59m────────────────────────────────────────────────────────────────────────────────────────────────────────────────────────────────────────────────────────────[39m
 [38;5;217mYOLO[38;5;103m ctrl+y[39m                                                                                                                               [38;5;103m1 GEMINI.md file[39m
[38;5;217m────────────────────────────────────────────────────────────────────────────────────────────────────────────────────────────────────────────────────────────[39m
 [38;5;217m* [39m[7m [27m[38;5;103m Type your message or @path/to/file[39m
[38;5;217m────────────────────────────────────────────────────────────────────────────────────────────────────────────────────────────────────────────────────────────[39m
 /mnt/.../chojn/projects/kanbanAgents[38;5;103m (main*)[39m                                 [38;5;217mno sandbox[38;5;103m (see /docs)[39m                                 [38;5;103m/model [39mAuto (Gemini 3)
[3A[4G[3B[2K[1A[2K[1A[2K[1A[2K[1A[2K[1A[2K[1A[2K[1A[2K[1A[2K[G
                                                                                                                                           [38;5;103m ? for shortcuts [39m
[38;5;59m────────────────────────────────────────────────────────────────────────────────────────────────────────────────────────────────────────────────────────────[39m
 [38;5;217mYOLO[38;5;103m ctrl+y[39m                                                                                                                               [38;5;103m1 GEMINI.md file[39m
[38;5;217m────────────────────────────────────────────────────────────────────────────────────────────────────────────────────────────────────────────────────────────[39m
 [38;5;217m* [39my[7m [27m
[38;5;217m────────────────────────────────────────────────────────────────────────────────────────────────────────────────────────────────────────────────────────────[39m
 /mnt/.../chojn/projects/kanbanAgents[38;5;103m (main*)[39m                                 [38;5;217mno sandbox[38;5;103m (see /docs)[39m                                 [38;5;103m/model [39mAuto (Gemini 3)
[3A[5G[3B[2K[1A[2K[1A[2K[1A[2K[1A[2K[1A[2K[1A[2K[1A[2K[1A[2K[G
                                                                                                                                           [38;5;103m ? for shortcuts [39m
[38;5;59m────────────────────────────────────────────────────────────────────────────────────────────────────────────────────────────────────────────────────────────[39m
 [38;5;217mYOLO[38;5;103m ctrl+y[39m                                                                                                                               [38;5;103m1 GEMINI.md file[39m
[38;5;217m────────────────────────────────────────────────────────────────────────────────────────────────────────────────────────────────────────────────────────────[39m
 [38;5;217m* [39myo[7m [27m
[38;5;217m────────────────────────────────────────────────────────────────────────────────────────────────────────────────────────────────────────────────────────────[39m
 /mnt/.../chojn/projects/kanbanAgents[38;5;103m (main*)[39m                                 [38;5;217mno sandbox[38;5;103m (see /docs)[39m                                 [38;5;103m/model [39mAuto (Gemini 3)
[3A[6G[3B[2K[1A[2K[1A[2K[1A[2K[1A[2K[1A[2K[1A[2K[1A[2K[1A[2K[G
                                                                                                                                           [38;5;103m ? for shortcuts [39m
[38;5;59m────────────────────────────────────────────────────────────────────────────────────────────────────────────────────────────────────────────────────────────[39m
 [38;5;217mYOLO[38;5;103m ctrl+y[39m                                                                                                                               [38;5;103m1 GEMINI.md file[39m
[38;5;217m────────────────────────────────────────────────────────────────────────────────────────────────────────────────────────────────────────────────────────────[39m
 [38;5;217m* [39myou[7m [27m
[38;5;217m────────────────────────────────────────────────────────────────────────────────────────────────────────────────────────────────────────────────────────────[39m
 /mnt/.../chojn/projects/kanbanAgents[38;5;103m (main*)[39m                                 [38;5;217mno sandbox[38;5;103m (see /docs)[39m                                 [38;5;103m/model [39mAuto (Gemini 3)
[3A[7G[3B[2K[1A[2K[1A[2K[1A[2K[1A[2K[1A[2K[1A[2K[1A[2K[1A[2K[G
                                                                                                                                           [38;5;103m ? for shortcuts [39m
[38;5;59m────────────────────────────────────────────────────────────────────────────────────────────────────────────────────────────────────────────────────────────[39m
 [38;5;217mYOLO[38;5;103m ctrl+y[39m                                                                                                                               [38;5;103m1 GEMINI.md file[39m
[38;5;217m────────────────────────────────────────────────────────────────────────────────────────────────────────────────────────────────────────────────────────────[39m
 [38;5;217m* [39myour[7m [27m
[38;5;217m────────────────────────────────────────────────────────────────────────────────────────────────────────────────────────────────────────────────────────────[39m
 /mnt/.../chojn/projects/kanbanAgents[38;5;103m (main*)[39m                                 [38;5;217mno sandbox[38;5;103m (see /docs)[39m                                 [38;5;103m/model [39mAuto (Gemini 3)
[3A[8G[3B[2K[1A[2K[1A[2K[1A[2K[1A[2K[1A[2K[1A[2K[1A[2K[1A[2K[G
                                                                                                                                           [38;5;103m ? for shortcuts [39m
[38;5;59m────────────────────────────────────────────────────────────────────────────────────────────────────────────────────────────────────────────────────────────[39m
 [38;5;217mYOLO[38;5;103m ctrl+y[39m                                                                                                                               [38;5;103m1 GEMINI.md file[39m
[38;5;217m────────────────────────────────────────────────────────────────────────────────────────────────────────────────────────────────────────────────────────────[39m
 [38;5;217m* [39myour [7m [27m
[38;5;217m────────────────────────────────────────────────────────────────────────────────────────────────────────────────────────────────────────────────────────────[39m
 /mnt/.../chojn/projects/kanbanAgents[38;5;103m (main*)[39m                                 [38;5;217mno sandbox[38;5;103m (see /docs)[39m                                 [38;5;103m/model [39mAuto (Gemini 3)
[3A[9G[3B[2K[1A[2K[1A[2K[1A[2K[1A[2K[1A[2K[1A[2K[1A[2K[1A[2K[G
                                                                                                                                           [38;5;103m ? for shortcuts [39m
[38;5;59m────────────────────────────────────────────────────────────────────────────────────────────────────────────────────────────────────────────────────────────[39m
 [38;5;217mYOLO[38;5;103m ctrl+y[39m                                                                                                                               [38;5;103m1 GEMINI.md file[39m
[38;5;217m────────────────────────────────────────────────────────────────────────────────────────────────────────────────────────────────────────────────────────────[39m
 [38;5;217m* [39myour t[7m [27m
[38;5;217m────────────────────────────────────────────────────────────────────────────────────────────────────────────────────────────────────────────────────────────[39m
 /mnt/.../chojn/projects/kanbanAgents[38;5;103m (main*)[39m                                 [38;5;217mno sandbox[38;5;103m (see /docs)[39m                                 [38;5;103m/model [39mAuto (Gemini 3)
[3A[10G[3B[2K[1A[2K[1A[2K[1A[2K[1A[2K[1A[2K[1A[2K[1A[2K[1A[2K[G
                                                                                                                                           [38;5;103m ? for shortcuts [39m
[38;5;59m────────────────────────────────────────────────────────────────────────────────────────────────────────────────────────────────────────────────────────────[39m
 [38;5;217mYOLO[38;5;103m ctrl+y[39m                                                                                                                               [38;5;103m1 GEMINI.md file[39m
[38;5;217m────────────────────────────────────────────────────────────────────────────────────────────────────────────────────────────────────────────────────────────[39m
 [38;5;217m* [39myour ta[7m [27m
[38;5;217m────────────────────────────────────────────────────────────────────────────────────────────────────────────────────────────────────────────────────────────[39m
 /mnt/.../chojn/projects/kanbanAgents[38;5;103m (main*)[39m                                 [38;5;217mno sandbox[38;5;103m (see /docs)[39m                                 [38;5;103m/model [39mAuto (Gemini 3)
[3A[11G[3B[2K[1A[2K[1A[2K[1A[2K[1A[2K[1A[2K[1A[2K[1A[2K[1A[2K[G
                                                                                                                                           [38;5;103m ? for shortcuts [39m
[38;5;59m────────────────────────────────────────────────────────────────────────────────────────────────────────────────────────────────────────────────────────────[39m
 [38;5;217mYOLO[38;5;103m ctrl+y[39m                                                                                                                               [38;5;103m1 GEMINI.md file[39m
[38;5;217m────────────────────────────────────────────────────────────────────────────────────────────────────────────────────────────────────────────────────────────[39m
 [38;5;217m* [39myour tas[7m [27m
[38;5;217m────────────────────────────────────────────────────────────────────────────────────────────────────────────────────────────────────────────────────────────[39m
 /mnt/.../chojn/projects/kanbanAgents[38;5;103m (main*)[39m                                 [38;5;217mno sandbox[38;5;103m (see /docs)[39m                                 [38;5;103m/model [39mAuto (Gemini 3)
[3A[12G[3B[2K[1A[2K[1A[2K[1A[2K[1A[2K[1A[2K[1A[2K[1A[2K[1A[2K[G
                                                                                                                                           [38;5;103m ? for shortcuts [39m
[38;5;59m────────────────────────────────────────────────────────────────────────────────────────────────────────────────────────────────────────────────────────────[39m
 [38;5;217mYOLO[38;5;103m ctrl+y[39m                                                                                                                               [38;5;103m1 GEMINI.md file[39m
[38;5;217m────────────────────────────────────────────────────────────────────────────────────────────────────────────────────────────────────────────────────────────[39m
 [38;5;217m* [39myour task[7m [27m
[38;5;217m────────────────────────────────────────────────────────────────────────────────────────────────────────────────────────────────────────────────────────────[39m
 /mnt/.../chojn/projects/kanbanAgents[38;5;103m (main*)[39m                                 [38;5;217mno sandbox[38;5;103m (see /docs)[39m                                 [38;5;103m/model [39mAuto (Gemini 3)
[3A[13G[3B[2K[1A[2K[1A[2K[1A[2K[1A[2K[1A[2K[1A[2K[1A[2K[1A[2K[G
                                                                                                                                           [38;5;103m ? for shortcuts [39m
[38;5;59m────────────────────────────────────────────────────────────────────────────────────────────────────────────────────────────────────────────────────────────[39m
 [38;5;217mYOLO[38;5;103m ctrl+y[39m                                                                                                                               [38;5;103m1 GEMINI.md file[39m
[38;5;217m────────────────────────────────────────────────────────────────────────────────────────────────────────────────────────────────────────────────────────────[39m
 [38;5;217m* [39myour task [7m [27m
[38;5;217m────────────────────────────────────────────────────────────────────────────────────────────────────────────────────────────────────────────────────────────[39m
 /mnt/.../chojn/projects/kanbanAgents[38;5;103m (main*)[39m                                 [38;5;217mno sandbox[38;5;103m (see /docs)[39m                                 [38;5;103m/model [39mAuto (Gemini 3)
[3A[14G[3B[2K[1A[2K[1A[2K[1A[2K[1A[2K[1A[2K[1A[2K[1A[2K[1A[2K[G
                                                                                                                                           [38;5;103m ? for shortcuts [39m
[38;5;59m────────────────────────────────────────────────────────────────────────────────────────────────────────────────────────────────────────────────────────────[39m
 [38;5;217mYOLO[38;5;103m ctrl+y[39m                                                                                                                               [38;5;103m1 GEMINI.md file[39m
[38;5;217m────────────────────────────────────────────────────────────────────────────────────────────────────────────────────────────────────────────────────────────[39m
 [38;5;217m* [39myour task i[7m [27m
[38;5;217m────────────────────────────────────────────────────────────────────────────────────────────────────────────────────────────────────────────────────────────[39m
 /mnt/.../chojn/projects/kanbanAgents[38;5;103m (main*)[39m                                 [38;5;217mno sandbox[38;5;103m (see /docs)[39m                                 [38;5;103m/model [39mAuto (Gemini 3)
[3A[15G[3B[2K[1A[2K[1A[2K[1A[2K[1A[2K[1A[2K[1A[2K[1A[2K[1A[2K[G
                                                                                                                                           [38;5;103m ? for shortcuts [39m
[38;5;59m────────────────────────────────────────────────────────────────────────────────────────────────────────────────────────────────────────────────────────────[39m
 [38;5;217mYOLO[38;5;103m ctrl+y[39m                                                                                                                               [38;5;103m1 GEMINI.md file[39m
[38;5;217m────────────────────────────────────────────────────────────────────────────────────────────────────────────────────────────────────────────────────────────[39m
 [38;5;217m* [39myour task is[7m [27m
[38;5;217m────────────────────────────────────────────────────────────────────────────────────────────────────────────────────────────────────────────────────────────[39m
 /mnt/.../chojn/projects/kanbanAgents[38;5;103m (main*)[39m                                 [38;5;217mno sandbox[38;5;103m (see /docs)[39m                                 [38;5;103m/model [39mAuto (Gemini 3)
[3A[16G[3B[2K[1A[2K[1A[2K[1A[2K[1A[2K[1A[2K[1A[2K[1A[2K[1A[2K[G
                                                                                                                                           [38;5;103m ? for shortcuts [39m
[38;5;59m────────────────────────────────────────────────────────────────────────────────────────────────────────────────────────────────────────────────────────────[39m
 [38;5;217mYOLO[38;5;103m ctrl+y[39m                                                                                                                               [38;5;103m1 GEMINI.md file[39m
[38;5;217m────────────────────────────────────────────────────────────────────────────────────────────────────────────────────────────────────────────────────────────[39m
 [38;5;217m* [39myour task is [7m [27m
[38;5;217m────────────────────────────────────────────────────────────────────────────────────────────────────────────────────────────────────────────────────────────[39m
 /mnt/.../chojn/projects/kanbanAgents[38;5;103m (main*)[39m                                 [38;5;217mno sandbox[38;5;103m (see /docs)[39m                                 [38;5;103m/model [39mAuto (Gemini 3)
[3A[17G[3B[2K[1A[2K[1A[2K[1A[2K[1A[2K[1A[2K[1A[2K[1A[2K[1A[2K[G
                                                                                                                                           [38;5;103m ? for shortcuts [39m
[38;5;59m────────────────────────────────────────────────────────────────────────────────────────────────────────────────────────────────────────────────────────────[39m
 [38;5;217mYOLO[38;5;103m ctrl+y[39m                                                                                                                               [38;5;103m1 GEMINI.md file[39m
[38;5;217m────────────────────────────────────────────────────────────────────────────────────────────────────────────────────────────────────────────────────────────[39m
 [38;5;217m* [39myour task is t[7m [27m
[38;5;217m────────────────────────────────────────────────────────────────────────────────────────────────────────────────────────────────────────────────────────────[39m
 /mnt/.../chojn/projects/kanbanAgents[38;5;103m (main*)[39m                                 [38;5;217mno sandbox[38;5;103m (see /docs)[39m                                 [38;5;103m/model [39mAuto (Gemini 3)
[3A[18G[3B[2K[1A[2K[1A[2K[1A[2K[1A[2K[1A[2K[1A[2K[1A[2K[1A[2K[G
                                                                                                                                           [38;5;103m ? for shortcuts [39m
[38;5;59m────────────────────────────────────────────────────────────────────────────────────────────────────────────────────────────────────────────────────────────[39m
 [38;5;217mYOLO[38;5;103m ctrl+y[39m                                                                                                                               [38;5;103m1 GEMINI.md file[39m
[38;5;217m────────────────────────────────────────────────────────────────────────────────────────────────────────────────────────────────────────────────────────────[39m
 [38;5;217m* [39myour task is to[7m [27m
[38;5;217m────────────────────────────────────────────────────────────────────────────────────────────────────────────────────────────────────────────────────────────[39m
 /mnt/.../chojn/projects/kanbanAgents[38;5;103m (main*)[39m                                 [38;5;217mno sandbox[38;5;103m (see /docs)[39m                                 [38;5;103m/model [39mAuto (Gemini 3)
[3A[19G[3B[2K[1A[2K[1A[2K[1A[2K[1A[2K[1A[2K[1A[2K[1A[2K[1A[2K[G
                                                                                                                                           [38;5;103m ? for shortcuts [39m
[38;5;59m────────────────────────────────────────────────────────────────────────────────────────────────────────────────────────────────────────────────────────────[39m
 [38;5;217mYOLO[38;5;103m ctrl+y[39m                                                                                                                               [38;5;103m1 GEMINI.md file[39m
[38;5;217m────────────────────────────────────────────────────────────────────────────────────────────────────────────────────────────────────────────────────────────[39m
 [38;5;217m* [39myour task is to [7m [27m
[38;5;217m────────────────────────────────────────────────────────────────────────────────────────────────────────────────────────────────────────────────────────────[39m
 /mnt/.../chojn/projects/kanbanAgents[38;5;103m (main*)[39m                                 [38;5;217mno sandbox[38;5;103m (see /docs)[39m                                 [38;5;103m/model [39mAuto (Gemini 3)
[3A[20G[3B[2K[1A[2K[1A[2K[1A[2K[1A[2K[1A[2K[1A[2K[1A[2K[1A[2K[G
                                                                                                                                           [38;5;103m ? for shortcuts [39m
[38;5;59m────────────────────────────────────────────────────────────────────────────────────────────────────────────────────────────────────────────────────────────[39m
 [38;5;217mYOLO[38;5;103m ctrl+y[39m                                                                                                                               [38;5;103m1 GEMINI.md file[39m
[38;5;217m────────────────────────────────────────────────────────────────────────────────────────────────────────────────────────────────────────────────────────────[39m
 [38;5;217m* [39myour task is to s[7m [27m
[38;5;217m────────────────────────────────────────────────────────────────────────────────────────────────────────────────────────────────────────────────────────────[39m
 /mnt/.../chojn/projects/kanbanAgents[38;5;103m (main*)[39m                                 [38;5;217mno sandbox[38;5;103m (see /docs)[39m                                 [38;5;103m/model [39mAuto (Gemini 3)
[3A[21G[3B[2K[1A[2K[1A[2K[1A[2K[1A[2K[1A[2K[1A[2K[1A[2K[1A[2K[G
                                                                                                                                           [38;5;103m ? for shortcuts [39m
[38;5;59m────────────────────────────────────────────────────────────────────────────────────────────────────────────────────────────────────────────────────────────[39m
 [38;5;217mYOLO[38;5;103m ctrl+y[39m                                                                                                                               [38;5;103m1 GEMINI.md file[39m
[38;5;217m────────────────────────────────────────────────────────────────────────────────────────────────────────────────────────────────────────────────────────────[39m
 [38;5;217m* [39myour task is to st[7m [27m
[38;5;217m────────────────────────────────────────────────────────────────────────────────────────────────────────────────────────────────────────────────────────────[39m
 /mnt/.../chojn/projects/kanbanAgents[38;5;103m (main*)[39m                                 [38;5;217mno sandbox[38;5;103m (see /docs)[39m                                 [38;5;103m/model [39mAuto (Gemini 3)
[3A[22G[3B[2K[1A[2K[1A[2K[1A[2K[1A[2K[1A[2K[1A[2K[1A[2K[1A[2K[G
                                                                                                                                           [38;5;103m ? for shortcuts [39m
[38;5;59m────────────────────────────────────────────────────────────────────────────────────────────────────────────────────────────────────────────────────────────[39m
 [38;5;217mYOLO[38;5;103m ctrl+y[39m                                                                                                                               [38;5;103m1 GEMINI.md file[39m
[38;5;217m────────────────────────────────────────────────────────────────────────────────────────────────────────────────────────────────────────────────────────────[39m
 [38;5;217m* [39myour task is to stu[7m [27m
[38;5;217m────────────────────────────────────────────────────────────────────────────────────────────────────────────────────────────────────────────────────────────[39m
 /mnt/.../chojn/projects/kanbanAgents[38;5;103m (main*)[39m                                 [38;5;217mno sandbox[38;5;103m (see /docs)[39m                                 [38;5;103m/model [39mAuto (Gemini 3)
[3A[23G[3B[2K[1A[2K[1A[2K[1A[2K[1A[2K[1A[2K[1A[2K[1A[2K[1A[2K[G
                                                                                                                                           [38;5;103m ? for shortcuts [39m
[38;5;59m────────────────────────────────────────────────────────────────────────────────────────────────────────────────────────────────────────────────────────────[39m
 [38;5;217mYOLO[38;5;103m ctrl+y[39m                                                                                                                               [38;5;103m1 GEMINI.md file[39m
[38;5;217m────────────────────────────────────────────────────────────────────────────────────────────────────────────────────────────────────────────────────────────[39m
 [38;5;217m* [39myour task is to stud[7m [27m
[38;5;217m────────────────────────────────────────────────────────────────────────────────────────────────────────────────────────────────────────────────────────────[39m
 /mnt/.../chojn/projects/kanbanAgents[38;5;103m (main*)[39m                                 [38;5;217mno sandbox[38;5;103m (see /docs)[39m                                 [38;5;103m/model [39mAuto (Gemini 3)
[3A[24G[3B[2K[1A[2K[1A[2K[1A[2K[1A[2K[1A[2K[1A[2K[1A[2K[1A[2K[G
                                                                                                                                           [38;5;103m ? for shortcuts [39m
[38;5;59m────────────────────────────────────────────────────────────────────────────────────────────────────────────────────────────────────────────────────────────[39m
 [38;5;217mYOLO[38;5;103m ctrl+y[39m                                                                                                                               [38;5;103m1 GEMINI.md file[39m
[38;5;217m────────────────────────────────────────────────────────────────────────────────────────────────────────────────────────────────────────────────────────────[39m
 [38;5;217m* [39myour task is to study[7m [27m
[38;5;217m────────────────────────────────────────────────────────────────────────────────────────────────────────────────────────────────────────────────────────────[39m
 /mnt/.../chojn/projects/kanbanAgents[38;5;103m (main*)[39m                                 [38;5;217mno sandbox[38;5;103m (see /docs)[39m                                 [38;5;103m/model [39mAuto (Gemini 3)
[3A[25G[3B[2K[1A[2K[1A[2K[1A[2K[1A[2K[1A[2K[1A[2K[1A[2K[1A[2K[G
                                                                                                                                           [38;5;103m ? for shortcuts [39m
[38;5;59m────────────────────────────────────────────────────────────────────────────────────────────────────────────────────────────────────────────────────────────[39m
 [38;5;217mYOLO[38;5;103m ctrl+y[39m                                                                                                                               [38;5;103m1 GEMINI.md file[39m
[38;5;59m────────────────────────────────────────────────────────────────────────────────────────────────────────────────────────────────────────────────────────────[39m
 [38;5;217m* [39myour task is to study
[38;5;59m────────────────────────────────────────────────────────────────────────────────────────────────────────────────────────────────────────────────────────────[39m
 /mnt/.../chojn/projects/kanbanAgents[38;5;103m (main*)[39m                                 [38;5;217mno sandbox[38;5;103m (see /docs)[39m                                 [38;5;103m/model [39mAuto (Gemini 3)
]11;?\